2026-01-08 15:21:19,898 - INFO - Logging to: C:\Users\santi\Menu.ca\Legacy Database\Migration Strategy\Scrapers\Menu Scrapers\V1 Prices Scraper\logs\v1_price_scraper_20260108_152119.log
2026-01-08 15:21:19,898 - INFO - ============================================================
2026-01-08 15:21:19,899 - INFO - V1 PRICE SCRAPER
2026-01-08 15:21:19,899 - INFO - ============================================================
2026-01-08 15:21:19,899 - INFO - Fetching dishes without prices...
2026-01-08 15:21:20,311 - DEBUG - Database connected
2026-01-08 15:21:20,361 - INFO - Found 1 dishes without prices
2026-01-08 15:21:20,363 - INFO - Dishes spread across 1 restaurants
2026-01-08 15:21:20,927 - INFO - Navigating to V1 CRM: https://menuadmin.menu.ca/?p=login
2026-01-08 15:21:24,004 - DEBUG - Filled username using: input[name="username"]
2026-01-08 15:21:24,015 - DEBUG - Filled password
2026-01-08 15:21:24,384 - DEBUG - Clicked submit button
2026-01-08 15:21:26,900 - INFO - V1 CRM login successful
2026-01-08 15:21:26,901 - INFO - --------------------------------------------------
2026-01-08 15:21:26,901 - INFO - Restaurant: Milano (V3: 55, V1: 161)
2026-01-08 15:21:26,902 - INFO - Dishes to scrape: 1
2026-01-08 15:21:26,902 - INFO -   [1/1] Bacon Sub (ID: 158101)
2026-01-08 15:21:26,903 - DEBUG -     URL: https://menuadmin.menu.ca/?p=restaurants&display=editRestaurant&restaurant=161&load=editDish&showLang=en&menuEntry=10227
2026-01-08 15:21:28,521 - DEBUG -     Price: '8.50,11.45', Quantity: '7",12"'
2026-01-08 15:21:28,700 - DEBUG - Inserted dish_price ID 113586: 7" = $8.5
2026-01-08 15:21:28,700 - INFO -     ✓ 7": $8.50 (dsv_id: 16)
2026-01-08 15:21:28,837 - DEBUG - Inserted dish_price ID 113587: 12" = $11.45
2026-01-08 15:21:28,837 - INFO -     ✓ 12": $11.45 (dsv_id: 20)
2026-01-08 15:21:29,547 - INFO - ============================================================
2026-01-08 15:21:29,547 - INFO - SCRAPING COMPLETE
2026-01-08 15:21:29,547 - INFO - ============================================================
2026-01-08 15:21:29,547 - INFO - Dishes found without prices: 1
2026-01-08 15:21:29,547 - INFO - Dishes scraped successfully: 1
2026-01-08 15:21:29,547 - INFO - Dishes failed:               0
2026-01-08 15:21:29,548 - INFO - Prices inserted/updated:     2
2026-01-08 15:21:29,548 - INFO - ============================================================
