2025-12-02 10:35:57,482 - INFO - ============================================================
2025-12-02 10:35:57,482 - INFO - V1 Missing Service Configs Scraper
2025-12-02 10:35:57,483 - INFO - ============================================================
2025-12-02 10:35:57,483 - INFO - Target restaurants: 7
2025-12-02 10:35:57,483 - INFO - Log file: C:\Users\santi\Menu.ca\Legacy Database\Migration Strategy\Scrapers\Delivery and Schedule scraper\V1\logs\missing_service_configs_20251202_103557.log
2025-12-02 10:35:57,483 - INFO - Starting browser...
2025-12-02 10:36:12,986 - INFO - Browser started successfully
2025-12-02 10:36:12,987 - INFO - Logging in to V1 CRM...
2025-12-02 10:36:12,987 - INFO -   URL: https://menuadmin.menu.ca/?p=restaurants
2025-12-02 10:36:16,575 - INFO -   Filling credentials for user: santiago@worklocal.ca
2025-12-02 10:36:19,939 - INFO - ✓ Login successful
2025-12-02 10:36:19,939 - INFO - 
============================================================
2025-12-02 10:36:19,939 - INFO - Scraping: Lemongrass Thai Cuisine (V3: 1010, V1: 219)
2025-12-02 10:36:19,939 - INFO - ============================================================
2025-12-02 10:36:19,939 - INFO - Scraping Lemongrass Thai Cuisine (V1 ID: 219)...
2025-12-02 10:36:22,287 - INFO -   ✓ Scraped successfully: delivery=65min, takeout=35min, delivery_enabled=False, pickup_enabled=True
2025-12-02 10:36:22,287 - INFO -   ✓ takeout_time: 35
2025-12-02 10:36:22,288 - INFO -   ✓ has_delivery_enabled: False
2025-12-02 10:36:22,288 - INFO -   ✓ pickup_enabled: True
2025-12-02 10:36:22,288 - INFO -   ✓ closing_warning_minutes: 30
2025-12-02 10:36:22,288 - INFO - 
============================================================
2025-12-02 10:36:22,289 - INFO - Scraping: Papa Pizza Des Flandres (V3: 1012, V1: 231)
2025-12-02 10:36:22,289 - INFO - ============================================================
2025-12-02 10:36:22,289 - INFO - Scraping Papa Pizza Des Flandres (V1 ID: 231)...
2025-12-02 10:36:24,225 - INFO -   ✓ Scraped successfully: delivery=50min, takeout=25min, delivery_enabled=True, pickup_enabled=True
2025-12-02 10:36:24,226 - INFO -   ✓ takeout_time: 25
2025-12-02 10:36:24,226 - INFO -   ✓ has_delivery_enabled: True
2025-12-02 10:36:24,227 - INFO -   ✓ pickup_enabled: True
2025-12-02 10:36:24,227 - INFO -   ✓ closing_warning_minutes: 30
2025-12-02 10:36:24,227 - INFO - 
============================================================
2025-12-02 10:36:24,227 - INFO - Scraping: Papa Pizza Maloney (V3: 1013, V1: 346)
2025-12-02 10:36:24,227 - INFO - ============================================================
2025-12-02 10:36:24,228 - INFO - Scraping Papa Pizza Maloney (V1 ID: 346)...
2025-12-02 10:36:26,127 - INFO -   ✓ Scraped successfully: delivery=40min, takeout=15min, delivery_enabled=True, pickup_enabled=True
2025-12-02 10:36:26,127 - INFO -   ✓ takeout_time: 15
2025-12-02 10:36:26,128 - INFO -   ✓ has_delivery_enabled: True
2025-12-02 10:36:26,128 - INFO -   ✓ pickup_enabled: True
2025-12-02 10:36:26,128 - INFO -   ✓ closing_warning_minutes: 30
2025-12-02 10:36:26,128 - INFO - 
============================================================
2025-12-02 10:36:26,128 - INFO - Scraping: Papa Pizza Val-Des-Monts (V3: 1014, V1: 703)
2025-12-02 10:36:26,128 - INFO - ============================================================
2025-12-02 10:36:26,129 - INFO - Scraping Papa Pizza Val-Des-Monts (V1 ID: 703)...
2025-12-02 10:36:28,061 - INFO -   ✓ Scraped successfully: delivery=75min, takeout=25min, delivery_enabled=True, pickup_enabled=True
2025-12-02 10:36:28,062 - INFO -   ✓ takeout_time: 25
2025-12-02 10:36:28,062 - INFO -   ✓ has_delivery_enabled: True
2025-12-02 10:36:28,062 - INFO -   ✓ pickup_enabled: True
2025-12-02 10:36:28,062 - INFO -   ✓ closing_warning_minutes: 30
2025-12-02 10:36:28,063 - INFO - 
============================================================
2025-12-02 10:36:28,063 - INFO - Scraping: Poutinerie Québecurds Gatineau (V3: 1015, V1: 1046)
2025-12-02 10:36:28,063 - INFO - ============================================================
2025-12-02 10:36:28,063 - INFO - Scraping Poutinerie Québecurds Gatineau (V1 ID: 1046)...
2025-12-02 10:36:29,999 - INFO -   ✓ Scraped successfully: delivery=50min, takeout=30min, delivery_enabled=True, pickup_enabled=False
2025-12-02 10:36:29,999 - INFO -   ✓ takeout_time: 30
2025-12-02 10:36:30,000 - INFO -   ✓ has_delivery_enabled: True
2025-12-02 10:36:30,000 - INFO -   ✓ pickup_enabled: False
2025-12-02 10:36:30,000 - INFO -   ✓ closing_warning_minutes: 30
2025-12-02 10:36:30,001 - INFO - 
============================================================
2025-12-02 10:36:30,001 - INFO - Scraping: Roulas Grecque et Pizza (V3: 1016, V1: 173)
2025-12-02 10:36:30,001 - INFO - ============================================================
2025-12-02 10:36:30,001 - INFO - Scraping Roulas Grecque et Pizza (V1 ID: 173)...
2025-12-02 10:36:31,922 - INFO -   ✓ Scraped successfully: delivery=50min, takeout=28min, delivery_enabled=True, pickup_enabled=False
2025-12-02 10:36:31,922 - INFO -   ✓ takeout_time: 28
2025-12-02 10:36:31,922 - INFO -   ✓ has_delivery_enabled: True
2025-12-02 10:36:31,922 - INFO -   ✓ pickup_enabled: False
2025-12-02 10:36:31,923 - INFO -   ✓ closing_warning_minutes: 30
2025-12-02 10:36:31,923 - INFO - 
============================================================
2025-12-02 10:36:31,923 - INFO - Scraping: Sushi Express Chambly (V3: 1017, V1: 511)
2025-12-02 10:36:31,923 - INFO - ============================================================
2025-12-02 10:36:31,923 - INFO - Scraping Sushi Express Chambly (V1 ID: 511)...
2025-12-02 10:36:33,843 - INFO -   ✓ Scraped successfully: delivery=40min, takeout=20min, delivery_enabled=True, pickup_enabled=True
2025-12-02 10:36:33,843 - INFO -   ✓ takeout_time: 20
2025-12-02 10:36:33,843 - INFO -   ✓ has_delivery_enabled: True
2025-12-02 10:36:33,844 - INFO -   ✓ pickup_enabled: True
2025-12-02 10:36:33,844 - INFO -   ✓ closing_warning_minutes: 30
2025-12-02 10:36:33,924 - INFO - Browser stopped
2025-12-02 10:36:33,925 - INFO - Results saved to: C:\Users\santi\Menu.ca\Legacy Database\Migration Strategy\Scrapers\Delivery and Schedule scraper\output\missing_service_configs_20251202_103633.json
2025-12-02 10:36:33,925 - INFO - Results saved to: C:\Users\santi\Menu.ca\Legacy Database\Migration Strategy\Scrapers\Delivery and Schedule scraper\output\missing_service_configs_latest.json
2025-12-02 10:36:33,926 - INFO - 
============================================================
2025-12-02 10:36:33,926 - INFO - SCRAPE SUMMARY
2025-12-02 10:36:33,926 - INFO - ============================================================
2025-12-02 10:36:33,926 - INFO - Total: 7
2025-12-02 10:36:33,926 - INFO - Successful: 7
2025-12-02 10:36:33,926 - INFO - Failed: 0
2025-12-02 10:36:33,926 - INFO - 
============================================================
2025-12-02 10:36:33,926 - INFO - Inserting 7 service configs
2025-12-02 10:36:33,926 - INFO - ============================================================
2025-12-02 10:36:33,926 - INFO - DRY RUN - No database changes will be made
2025-12-02 10:36:33,926 - INFO -   Would insert: Lemongrass Thai Cuisine (V3: 1010)
2025-12-02 10:36:33,927 - INFO -     takeout_time_minutes: 35
2025-12-02 10:36:33,927 - INFO -     has_delivery_enabled: False
2025-12-02 10:36:33,927 - INFO -     pickup_enabled: True
2025-12-02 10:36:33,927 - INFO -     closing_warning_minutes: 30
2025-12-02 10:36:33,927 - INFO -   Would insert: Papa Pizza Des Flandres (V3: 1012)
2025-12-02 10:36:33,927 - INFO -     takeout_time_minutes: 25
2025-12-02 10:36:33,927 - INFO -     has_delivery_enabled: True
2025-12-02 10:36:33,927 - INFO -     pickup_enabled: True
2025-12-02 10:36:33,927 - INFO -     closing_warning_minutes: 30
2025-12-02 10:36:33,928 - INFO -   Would insert: Papa Pizza Maloney (V3: 1013)
2025-12-02 10:36:33,928 - INFO -     takeout_time_minutes: 15
2025-12-02 10:36:33,928 - INFO -     has_delivery_enabled: True
2025-12-02 10:36:33,928 - INFO -     pickup_enabled: True
2025-12-02 10:36:33,928 - INFO -     closing_warning_minutes: 30
2025-12-02 10:36:33,928 - INFO -   Would insert: Papa Pizza Val-Des-Monts (V3: 1014)
2025-12-02 10:36:33,928 - INFO -     takeout_time_minutes: 25
2025-12-02 10:36:33,928 - INFO -     has_delivery_enabled: True
2025-12-02 10:36:33,928 - INFO -     pickup_enabled: True
2025-12-02 10:36:33,928 - INFO -     closing_warning_minutes: 30
2025-12-02 10:36:33,928 - INFO -   Would insert: Poutinerie Québecurds Gatineau (V3: 1015)
2025-12-02 10:36:33,928 - INFO -     takeout_time_minutes: 30
2025-12-02 10:36:33,929 - INFO -     has_delivery_enabled: True
2025-12-02 10:36:33,929 - INFO -     pickup_enabled: False
2025-12-02 10:36:33,929 - INFO -     closing_warning_minutes: 30
2025-12-02 10:36:33,929 - INFO -   Would insert: Roulas Grecque et Pizza (V3: 1016)
2025-12-02 10:36:33,929 - INFO -     takeout_time_minutes: 28
2025-12-02 10:36:33,929 - INFO -     has_delivery_enabled: True
2025-12-02 10:36:33,929 - INFO -     pickup_enabled: False
2025-12-02 10:36:33,929 - INFO -     closing_warning_minutes: 30
2025-12-02 10:36:33,929 - INFO -   Would insert: Sushi Express Chambly (V3: 1017)
2025-12-02 10:36:33,929 - INFO -     takeout_time_minutes: 20
2025-12-02 10:36:33,929 - INFO -     has_delivery_enabled: True
2025-12-02 10:36:33,929 - INFO -     pickup_enabled: True
2025-12-02 10:36:33,929 - INFO -     closing_warning_minutes: 30
2025-12-02 10:36:33,929 - INFO - 
Done!
