2025-12-01 16:17:34,946 - INFO - ============================================================
2025-12-01 16:17:34,946 - INFO - V1 Delivery & Schedule Scraper
2025-12-01 16:17:34,946 - INFO - ============================================================
2025-12-01 16:17:35,272 - INFO - Database connection established
2025-12-01 16:17:35,407 - INFO - Excluding 6 MVP restaurants from V1 scraping
2025-12-01 16:17:35,408 - INFO - Database connection closed
2025-12-01 16:17:35,408 - INFO - Found 156 restaurants to scrape
2025-12-01 16:17:35,409 - INFO - Starting browser...
2025-12-01 16:17:35,980 - INFO - Browser started successfully
2025-12-01 16:17:35,980 - INFO - Logging in to V1 CRM...
2025-12-01 16:17:35,980 - INFO -   URL: https://menuadmin.menu.ca/?p=restaurants
2025-12-01 16:17:39,127 - INFO -   Filling credentials for user: santiago@worklocal.ca
2025-12-01 16:17:42,312 - INFO - ✓ Login successful
2025-12-01 16:17:42,314 - INFO - [1/156] Processing Aahar The Taste of India...
2025-12-01 16:17:42,314 - INFO - Scraping Aahar The Taste of India (V1 ID: 781)...
2025-12-01 16:17:44,472 - INFO -   ✓ Scraped successfully: delivery=60min, takeout=60min, delivery_enabled=True, pickup_enabled=True
2025-12-01 16:17:44,473 - INFO - [2/156] Processing All Out Burger...
2025-12-01 16:17:44,473 - INFO - Scraping All Out Burger (V1 ID: 1080)...
2025-12-01 16:17:46,419 - INFO -   ✓ Scraped successfully: delivery=30min, takeout=15min, delivery_enabled=True, pickup_enabled=True
2025-12-01 16:17:46,420 - INFO - [3/156] Processing All Out Burger...
2025-12-01 16:17:46,420 - INFO - Scraping All Out Burger (V1 ID: 1088)...
2025-12-01 16:17:48,341 - INFO -   ✓ Scraped successfully: delivery=0min, takeout=20min, delivery_enabled=False, pickup_enabled=True
2025-12-01 16:17:48,341 - INFO - [4/156] Processing Amicci Pizza...
2025-12-01 16:17:48,341 - INFO - Scraping Amicci Pizza (V1 ID: 973)...
2025-12-01 16:17:50,270 - INFO -   ✓ Scraped successfully: delivery=45min, takeout=20min, delivery_enabled=True, pickup_enabled=True
2025-12-01 16:17:50,270 - INFO - [5/156] Processing Aroy Thai...
2025-12-01 16:17:50,270 - INFO - Scraping Aroy Thai (V1 ID: 830)...
2025-12-01 16:17:52,183 - INFO -   ✓ Scraped successfully: delivery=50min, takeout=30min, delivery_enabled=False, pickup_enabled=True
2025-12-01 16:17:52,184 - INFO - [6/156] Processing Asia Garden Ottawa...
2025-12-01 16:17:52,184 - INFO - Scraping Asia Garden Ottawa (V1 ID: 856)...
2025-12-01 16:17:54,104 - INFO -   ✓ Scraped successfully: delivery=55min, takeout=20min, delivery_enabled=True, pickup_enabled=True
2025-12-01 16:17:54,104 - INFO - [7/156] Processing Aylmer BBQ...
2025-12-01 16:17:54,104 - INFO - Scraping Aylmer BBQ (V1 ID: 183)...
2025-12-01 16:17:56,030 - INFO -   ✓ Scraped successfully: delivery=50min, takeout=30min, delivery_enabled=True, pickup_enabled=True
2025-12-01 16:17:56,031 - INFO - [8/156] Processing Beneci Pizza...
2025-12-01 16:17:56,031 - INFO - Scraping Beneci Pizza (V1 ID: 383)...
2025-12-01 16:17:58,035 - INFO -   ✓ Scraped successfully: delivery=50min, takeout=20min, delivery_enabled=True, pickup_enabled=True
2025-12-01 16:17:58,036 - INFO - [9/156] Processing Bobbie's Pizza & Subs...
2025-12-01 16:17:58,036 - INFO - Scraping Bobbie's Pizza & Subs (V1 ID: 143)...
2025-12-01 16:17:59,979 - INFO -   ✓ Scraped successfully: delivery=40min, takeout=25min, delivery_enabled=True, pickup_enabled=True
2025-12-01 16:17:59,979 - INFO - [10/156] Processing Carlo's Pizza...
2025-12-01 16:17:59,979 - INFO - Scraping Carlo's Pizza (V1 ID: 246)...
2025-12-01 16:18:01,915 - INFO -   ✓ Scraped successfully: delivery=45min, takeout=20min, delivery_enabled=True, pickup_enabled=True
2025-12-01 16:18:01,916 - INFO - [11/156] Processing Cathay Restaurants...
2025-12-01 16:18:01,916 - INFO - Scraping Cathay Restaurants (V1 ID: 187)...
2025-12-01 16:18:03,837 - INFO -   ✓ Scraped successfully: delivery=45min, takeout=20min, delivery_enabled=True, pickup_enabled=True
2025-12-01 16:18:03,837 - INFO - [12/156] Processing Centertown Donair & Pizza...
2025-12-01 16:18:03,837 - INFO - Scraping Centertown Donair & Pizza (V1 ID: 255)...
2025-12-01 16:18:05,780 - INFO -   ✓ Scraped successfully: delivery=59min, takeout=59min, delivery_enabled=True, pickup_enabled=True
2025-12-01 16:18:05,781 - INFO - [13/156] Processing Charm Thai Cuisine...
2025-12-01 16:18:05,781 - INFO - Scraping Charm Thai Cuisine (V1 ID: 323)...
2025-12-01 16:18:07,695 - INFO -   ✓ Scraped successfully: delivery=60min, takeout=30min, delivery_enabled=False, pickup_enabled=True
2025-12-01 16:18:07,695 - INFO - [14/156] Processing China Moon...
2025-12-01 16:18:07,695 - INFO - Scraping China Moon (V1 ID: 869)...
2025-12-01 16:18:09,621 - INFO -   ✓ Scraped successfully: delivery=45min, takeout=20min, delivery_enabled=True, pickup_enabled=True
2025-12-01 16:18:09,622 - INFO - [15/156] Processing Colonnade Pizza...
2025-12-01 16:18:09,622 - INFO - Scraping Colonnade Pizza (V1 ID: 1028)...
2025-12-01 16:18:11,555 - INFO -   ✓ Scraped successfully: delivery=50min, takeout=20min, delivery_enabled=False, pickup_enabled=True
2025-12-01 16:18:11,555 - INFO - [16/156] Processing Colonnade Pizza...
2025-12-01 16:18:11,555 - INFO - Scraping Colonnade Pizza (V1 ID: 1025)...
2025-12-01 16:18:13,469 - INFO -   ✓ Scraped successfully: delivery=50min, takeout=20min, delivery_enabled=False, pickup_enabled=True
2025-12-01 16:18:13,469 - INFO - [17/156] Processing Colonnade Pizza...
2025-12-01 16:18:13,469 - INFO - Scraping Colonnade Pizza (V1 ID: 1027)...
2025-12-01 16:18:15,389 - INFO -   ✓ Scraped successfully: delivery=50min, takeout=20min, delivery_enabled=False, pickup_enabled=True
2025-12-01 16:18:15,389 - INFO - [18/156] Processing Colonnade Pizza...
2025-12-01 16:18:15,389 - INFO - Scraping Colonnade Pizza (V1 ID: 334)...
2025-12-01 16:18:17,298 - INFO -   ✓ Scraped successfully: delivery=60min, takeout=20min, delivery_enabled=False, pickup_enabled=True
2025-12-01 16:18:17,298 - INFO - [19/156] Processing Crispy's...
2025-12-01 16:18:17,298 - INFO - Scraping Crispy's (V1 ID: 805)...
2025-12-01 16:18:19,204 - INFO -   ✓ Scraped successfully: delivery=55min, takeout=25min, delivery_enabled=True, pickup_enabled=True
2025-12-01 16:18:19,205 - INFO - [20/156] Processing Crispy's Bank Street...
2025-12-01 16:18:19,205 - INFO - Scraping Crispy's Bank Street (V1 ID: 1050)...
2025-12-01 16:18:21,114 - INFO -   ✓ Scraped successfully: delivery=55min, takeout=25min, delivery_enabled=False, pickup_enabled=True
2025-12-01 16:18:21,114 - INFO - [21/156] Processing Dï¿½panneur Gï¿½nï¿½reux...
2025-12-01 16:18:21,114 - INFO - Scraping Dï¿½panneur Gï¿½nï¿½reux (V1 ID: 1060)...
2025-12-01 16:18:23,035 - INFO -   ✓ Scraped successfully: delivery=50min, takeout=5min, delivery_enabled=True, pickup_enabled=False
2025-12-01 16:18:23,035 - INFO - [22/156] Processing Digby's Restaurant...
2025-12-01 16:18:23,036 - INFO - Scraping Digby's Restaurant (V1 ID: 865)...
2025-12-01 16:18:24,956 - INFO -   ✓ Scraped successfully: delivery=45min, takeout=20min, delivery_enabled=True, pickup_enabled=True
2025-12-01 16:18:24,957 - INFO - [23/156] Processing Dumpling Bowl...
2025-12-01 16:18:24,957 - INFO - Scraping Dumpling Bowl (V1 ID: 1035)...
2025-12-01 16:18:26,877 - INFO -   ✓ Scraped successfully: delivery=45min, takeout=30min, delivery_enabled=False, pickup_enabled=True
2025-12-01 16:18:26,877 - INFO - [24/156] Processing Eastview Pizza...
2025-12-01 16:18:26,877 - INFO - Scraping Eastview Pizza (V1 ID: 124)...
2025-12-01 16:18:28,801 - INFO -   ✓ Scraped successfully: delivery=45min, takeout=25min, delivery_enabled=True, pickup_enabled=True
2025-12-01 16:18:28,801 - INFO - [25/156] Processing Egg Roll Factory...
2025-12-01 16:18:28,801 - INFO - Scraping Egg Roll Factory (V1 ID: 716)...
2025-12-01 16:18:30,743 - INFO -   ✓ Scraped successfully: delivery=45min, takeout=20min, delivery_enabled=True, pickup_enabled=False
2025-12-01 16:18:30,743 - INFO - [26/156] Processing Erman Pizza...
2025-12-01 16:18:30,744 - INFO - Scraping Erman Pizza (V1 ID: 350)...
2025-12-01 16:18:32,658 - INFO -   ✓ Scraped successfully: delivery=45min, takeout=20min, delivery_enabled=True, pickup_enabled=True
2025-12-01 16:18:32,659 - INFO - [27/156] Processing Friendly Restaurant and Pizzeria...
2025-12-01 16:18:32,659 - INFO - Scraping Friendly Restaurant and Pizzeria (V1 ID: 968)...
2025-12-01 16:18:34,575 - INFO -   ✓ Scraped successfully: delivery=60min, takeout=35min, delivery_enabled=True, pickup_enabled=True
2025-12-01 16:18:34,575 - INFO - [28/156] Processing Golden Center Pizza...
2025-12-01 16:18:34,575 - INFO - Scraping Golden Center Pizza (V1 ID: 1059)...
2025-12-01 16:18:36,532 - INFO -   ✓ Scraped successfully: delivery=40min, takeout=15min, delivery_enabled=True, pickup_enabled=True
2025-12-01 16:18:36,532 - INFO - [29/156] Processing Greber Pizza et Shawarma...
2025-12-01 16:18:36,532 - INFO - Scraping Greber Pizza et Shawarma (V1 ID: 974)...
2025-12-01 16:18:38,456 - INFO -   ✓ Scraped successfully: delivery=45min, takeout=25min, delivery_enabled=True, pickup_enabled=True
2025-12-01 16:18:38,457 - INFO - [30/156] Processing HaNoi Pho...
2025-12-01 16:18:38,457 - INFO - Scraping HaNoi Pho (V1 ID: 727)...
2025-12-01 16:18:40,409 - INFO -   ✓ Scraped successfully: delivery=0min, takeout=20min, delivery_enabled=False, pickup_enabled=True
2025-12-01 16:18:40,409 - INFO - [31/156] Processing Hong Kong Chinese Food Takeout...
2025-12-01 16:18:40,410 - INFO - Scraping Hong Kong Chinese Food Takeout (V1 ID: 294)...
2025-12-01 16:18:42,323 - INFO -   ✓ Scraped successfully: delivery=50min, takeout=25min, delivery_enabled=True, pickup_enabled=True
2025-12-01 16:18:42,324 - INFO - [32/156] Processing House of Lasagna...
2025-12-01 16:18:42,324 - INFO - Scraping House of Lasagna (V1 ID: 117)...
2025-12-01 16:18:44,260 - INFO -   ✓ Scraped successfully: delivery=45min, takeout=20min, delivery_enabled=True, pickup_enabled=True
2025-12-01 16:18:44,261 - INFO - [33/156] Processing iCook Pho You...
2025-12-01 16:18:44,261 - INFO - Scraping iCook Pho You (V1 ID: 669)...
2025-12-01 16:18:46,202 - INFO -   ✓ Scraped successfully: delivery=0min, takeout=30min, delivery_enabled=False, pickup_enabled=True
2025-12-01 16:18:46,202 - INFO - [34/156] Processing Imilio's Pizzeria...
2025-12-01 16:18:46,202 - INFO - Scraping Imilio's Pizzeria (V1 ID: 89)...
2025-12-01 16:18:48,159 - INFO -   ✓ Scraped successfully: delivery=45min, takeout=20min, delivery_enabled=True, pickup_enabled=True
2025-12-01 16:18:48,160 - INFO - [35/156] Processing Indian Punjabi Clay Oven...
2025-12-01 16:18:48,160 - INFO - Scraping Indian Punjabi Clay Oven (V1 ID: 318)...
2025-12-01 16:18:50,098 - INFO -   ✓ Scraped successfully: delivery=60min, takeout=40min, delivery_enabled=False, pickup_enabled=True
2025-12-01 16:18:50,099 - INFO - [36/156] Processing JC Royal Thai Cuisine...
2025-12-01 16:18:50,099 - INFO - Scraping JC Royal Thai Cuisine (V1 ID: 874)...
2025-12-01 16:18:52,058 - INFO -   ✓ Scraped successfully: delivery=45min, takeout=35min, delivery_enabled=False, pickup_enabled=True
2025-12-01 16:18:52,059 - INFO - [37/156] Processing JN Pizza...
2025-12-01 16:18:52,059 - INFO - Scraping JN Pizza (V1 ID: 489)...
2025-12-01 16:18:53,986 - INFO -   ✓ Scraped successfully: delivery=45min, takeout=30min, delivery_enabled=True, pickup_enabled=True
2025-12-01 16:18:53,987 - INFO - [38/156] Processing Joes Family Pizzeria...
2025-12-01 16:18:53,987 - INFO - Scraping Joes Family Pizzeria (V1 ID: 863)...
2025-12-01 16:18:55,924 - INFO -   ✓ Scraped successfully: delivery=60min, takeout=35min, delivery_enabled=True, pickup_enabled=True
2025-12-01 16:18:55,924 - INFO - [39/156] Processing Kabylie Pizza...
2025-12-01 16:18:55,924 - INFO - Scraping Kabylie Pizza (V1 ID: 1042)...
2025-12-01 16:18:57,844 - INFO -   ✓ Scraped successfully: delivery=50min, takeout=25min, delivery_enabled=True, pickup_enabled=True
2025-12-01 16:18:57,845 - INFO - [40/156] Processing Kiki Lebanese Pineview Pizza...
2025-12-01 16:18:57,845 - INFO - Scraping Kiki Lebanese Pineview Pizza (V1 ID: 142)...
2025-12-01 16:18:59,761 - INFO -   ✓ Scraped successfully: delivery=45min, takeout=25min, delivery_enabled=True, pickup_enabled=True
2025-12-01 16:18:59,762 - INFO - [41/156] Processing La Famiglia on the Danforth...
2025-12-01 16:18:59,762 - INFO - Scraping La Famiglia on the Danforth (V1 ID: 364)...
2025-12-01 16:19:01,683 - INFO -   ✓ Scraped successfully: delivery=45min, takeout=25min, delivery_enabled=True, pickup_enabled=True
2025-12-01 16:19:01,683 - INFO - [42/156] Processing La Maison du Burger...
2025-12-01 16:19:01,683 - INFO - Scraping La Maison du Burger (V1 ID: 965)...
2025-12-01 16:19:03,601 - INFO -   ✓ Scraped successfully: delivery=45min, takeout=25min, delivery_enabled=True, pickup_enabled=True
2025-12-01 16:19:03,602 - INFO - [43/156] Processing La Maison Pho...
2025-12-01 16:19:03,602 - INFO - Scraping La Maison Pho (V1 ID: 959)...
2025-12-01 16:19:05,502 - INFO -   ✓ Scraped successfully: delivery=60min, takeout=45min, delivery_enabled=False, pickup_enabled=True
2025-12-01 16:19:05,502 - INFO - [44/156] Processing La Nawab V2...
2025-12-01 16:19:05,502 - INFO - Scraping La Nawab V2 (V1 ID: 1070)...
2025-12-01 16:19:07,418 - INFO -   ✓ Scraped successfully: delivery=0min, takeout=45min, delivery_enabled=False, pickup_enabled=True
2025-12-01 16:19:07,419 - INFO - [45/156] Processing La Poutinerie Ogilvie...
2025-12-01 16:19:07,419 - INFO - Scraping La Poutinerie Ogilvie (V1 ID: 952)...
2025-12-01 16:19:09,387 - INFO -   ✓ Scraped successfully: delivery=40min, takeout=30min, delivery_enabled=True, pickup_enabled=True
2025-12-01 16:19:09,387 - INFO - [46/156] Processing Lemongrass Thai Cuisine...
2025-12-01 16:19:09,387 - INFO - Scraping Lemongrass Thai Cuisine (V1 ID: 219)...
2025-12-01 16:19:11,340 - INFO -   ✓ Scraped successfully: delivery=65min, takeout=35min, delivery_enabled=False, pickup_enabled=True
2025-12-01 16:19:11,341 - INFO - [47/156] Processing Light of India...
2025-12-01 16:19:11,341 - INFO - Scraping Light of India (V1 ID: 695)...
2025-12-01 16:19:13,259 - INFO -   ✓ Scraped successfully: delivery=60min, takeout=60min, delivery_enabled=False, pickup_enabled=True
2025-12-01 16:19:13,259 - INFO - [48/156] Processing Little Gyros Greek Grill...
2025-12-01 16:19:13,260 - INFO - Scraping Little Gyros Greek Grill (V1 ID: 998)...
2025-12-01 16:19:15,163 - INFO -   ✓ Scraped successfully: delivery=0min, takeout=20min, delivery_enabled=False, pickup_enabled=True
2025-12-01 16:19:15,164 - INFO - [49/156] Processing Lorenzo's Pizzeria - Vanier...
2025-12-01 16:19:15,164 - INFO - Scraping Lorenzo's Pizzeria - Vanier (V1 ID: 192)...
2025-12-01 16:19:17,079 - INFO -   ✓ Scraped successfully: delivery=45min, takeout=25min, delivery_enabled=True, pickup_enabled=True
2025-12-01 16:19:17,080 - INFO - [50/156] Processing Lucky Fortune...
2025-12-01 16:19:17,080 - INFO - Scraping Lucky Fortune (V1 ID: 413)...
2025-12-01 16:19:18,986 - INFO -   ✓ Scraped successfully: delivery=45min, takeout=20min, delivery_enabled=True, pickup_enabled=True
2025-12-01 16:19:18,986 - INFO - [51/156] Processing Lucky King Take Out...
2025-12-01 16:19:18,986 - INFO - Scraping Lucky King Take Out (V1 ID: 312)...
2025-12-01 16:19:20,923 - INFO -   ✓ Scraped successfully: delivery=60min, takeout=20min, delivery_enabled=True, pickup_enabled=True
2025-12-01 16:19:20,923 - INFO - [52/156] Processing Mama Rosa...
2025-12-01 16:19:20,923 - INFO - Scraping Mama Rosa (V1 ID: 94)...
2025-12-01 16:19:22,844 - INFO -   ✓ Scraped successfully: delivery=35min, takeout=20min, delivery_enabled=True, pickup_enabled=True
2025-12-01 16:19:22,844 - INFO - [53/156] Processing Mano City Pizza...
2025-12-01 16:19:22,844 - INFO - Scraping Mano City Pizza (V1 ID: 238)...
2025-12-01 16:19:24,769 - INFO -   ✓ Scraped successfully: delivery=45min, takeout=20min, delivery_enabled=True, pickup_enabled=True
2025-12-01 16:19:24,769 - INFO - [54/156] Processing Marina Pizza des Flandres ...
2025-12-01 16:19:24,769 - INFO - Scraping Marina Pizza des Flandres  (V1 ID: 838)...
2025-12-01 16:19:26,683 - INFO -   ✓ Scraped successfully: delivery=45min, takeout=20min, delivery_enabled=True, pickup_enabled=True
2025-12-01 16:19:26,683 - INFO - [55/156] Processing Merivale Pizza & Wings...
2025-12-01 16:19:26,683 - INFO - Scraping Merivale Pizza & Wings (V1 ID: 146)...
2025-12-01 16:19:28,615 - INFO -   ✓ Scraped successfully: delivery=45min, takeout=20min, delivery_enabled=True, pickup_enabled=True
2025-12-01 16:19:28,615 - INFO - [56/156] Processing Milano...
2025-12-01 16:19:28,615 - INFO - Scraping Milano (V1 ID: 815)...
2025-12-01 16:19:30,538 - INFO -   ✓ Scraped successfully: delivery=0min, takeout=60min, delivery_enabled=False, pickup_enabled=True
2025-12-01 16:19:30,538 - INFO - [57/156] Processing Milano...
2025-12-01 16:19:30,539 - INFO - Scraping Milano (V1 ID: 161)...
2025-12-01 16:19:32,465 - INFO -   ✓ Scraped successfully: delivery=45min, takeout=25min, delivery_enabled=True, pickup_enabled=True
2025-12-01 16:19:32,465 - INFO - [58/156] Processing Milano...
2025-12-01 16:19:32,466 - INFO - Scraping Milano (V1 ID: 164)...
2025-12-01 16:19:34,397 - INFO -   ✓ Scraped successfully: delivery=55min, takeout=25min, delivery_enabled=True, pickup_enabled=True
2025-12-01 16:19:34,397 - INFO - [59/156] Processing Milano...
2025-12-01 16:19:34,397 - INFO - Scraping Milano (V1 ID: 1062)...
2025-12-01 16:19:36,671 - INFO -   ✓ Scraped successfully: delivery=50min, takeout=25min, delivery_enabled=True, pickup_enabled=False
2025-12-01 16:19:36,671 - INFO - [60/156] Processing Milano...
2025-12-01 16:19:36,672 - INFO - Scraping Milano (V1 ID: 1063)...
2025-12-01 16:19:38,688 - INFO -   ✓ Scraped successfully: delivery=45min, takeout=25min, delivery_enabled=True, pickup_enabled=False
2025-12-01 16:19:38,688 - INFO - [61/156] Processing Milano...
2025-12-01 16:19:38,688 - INFO - Scraping Milano (V1 ID: 789)...
2025-12-01 16:19:40,659 - INFO -   ✓ Scraped successfully: delivery=55min, takeout=25min, delivery_enabled=True, pickup_enabled=True
2025-12-01 16:19:40,660 - INFO - [62/156] Processing Milano...
2025-12-01 16:19:40,660 - INFO - Scraping Milano (V1 ID: 785)...
2025-12-01 16:19:42,675 - INFO -   ✓ Scraped successfully: delivery=60min, takeout=25min, delivery_enabled=True, pickup_enabled=True
2025-12-01 16:19:42,676 - INFO - [63/156] Processing Milano...
2025-12-01 16:19:42,676 - INFO - Scraping Milano (V1 ID: 127)...
2025-12-01 16:19:44,637 - INFO -   ✓ Scraped successfully: delivery=60min, takeout=30min, delivery_enabled=True, pickup_enabled=True
2025-12-01 16:19:44,637 - INFO - [64/156] Processing Milano...
2025-12-01 16:19:44,638 - INFO - Scraping Milano (V1 ID: 1065)...
2025-12-01 16:19:46,637 - INFO -   ✓ Scraped successfully: delivery=60min, takeout=30min, delivery_enabled=True, pickup_enabled=True
2025-12-01 16:19:46,637 - INFO - [65/156] Processing Milano...
2025-12-01 16:19:46,637 - INFO - Scraping Milano (V1 ID: 850)...
2025-12-01 16:19:48,651 - INFO -   ✓ Scraped successfully: delivery=60min, takeout=30min, delivery_enabled=True, pickup_enabled=True
2025-12-01 16:19:48,652 - INFO - [66/156] Processing Milano...
2025-12-01 16:19:48,652 - INFO - Scraping Milano (V1 ID: 913)...
2025-12-01 16:19:50,651 - INFO -   ✓ Scraped successfully: delivery=50min, takeout=30min, delivery_enabled=True, pickup_enabled=True
2025-12-01 16:19:50,651 - INFO - [67/156] Processing Milano...
2025-12-01 16:19:50,651 - INFO - Scraping Milano (V1 ID: 987)...
2025-12-01 16:19:52,618 - INFO -   ✓ Scraped successfully: delivery=45min, takeout=30min, delivery_enabled=True, pickup_enabled=True
2025-12-01 16:19:52,619 - INFO - [68/156] Processing Milano...
2025-12-01 16:19:52,619 - INFO - Scraping Milano (V1 ID: 989)...
2025-12-01 16:19:55,145 - INFO -   ✓ Scraped successfully: delivery=50min, takeout=30min, delivery_enabled=True, pickup_enabled=True
2025-12-01 16:19:55,146 - INFO - [69/156] Processing Milano...
2025-12-01 16:19:55,146 - INFO - Scraping Milano (V1 ID: 824)...
2025-12-01 16:19:57,149 - INFO -   ✓ Scraped successfully: delivery=50min, takeout=25min, delivery_enabled=True, pickup_enabled=True
2025-12-01 16:19:57,150 - INFO - [70/156] Processing Milano...
2025-12-01 16:19:57,150 - INFO - Scraping Milano (V1 ID: 889)...
2025-12-01 16:19:59,138 - INFO -   ✓ Scraped successfully: delivery=50min, takeout=25min, delivery_enabled=True, pickup_enabled=True
2025-12-01 16:19:59,139 - INFO - [71/156] Processing Milano...
2025-12-01 16:19:59,139 - INFO - Scraping Milano (V1 ID: 879)...
2025-12-01 16:20:01,139 - INFO -   ✓ Scraped successfully: delivery=55min, takeout=25min, delivery_enabled=True, pickup_enabled=True
2025-12-01 16:20:01,139 - INFO - [72/156] Processing Milano...
2025-12-01 16:20:01,140 - INFO - Scraping Milano (V1 ID: 937)...
2025-12-01 16:20:03,128 - INFO -   ✓ Scraped successfully: delivery=50min, takeout=20min, delivery_enabled=True, pickup_enabled=True
2025-12-01 16:20:03,128 - INFO - [73/156] Processing Milano...
2025-12-01 16:20:03,128 - INFO - Scraping Milano (V1 ID: 1082)...
2025-12-01 16:20:05,111 - INFO -   ✓ Scraped successfully: delivery=30min, takeout=15min, delivery_enabled=True, pickup_enabled=False
2025-12-01 16:20:05,111 - INFO - [74/156] Processing Milano...
2025-12-01 16:20:05,111 - INFO - Scraping Milano (V1 ID: 807)...
2025-12-01 16:20:07,159 - INFO -   ✓ Scraped successfully: delivery=60min, takeout=30min, delivery_enabled=True, pickup_enabled=True
2025-12-01 16:20:07,160 - INFO - [75/156] Processing Milano...
2025-12-01 16:20:07,160 - INFO - Scraping Milano (V1 ID: 1087)...
2025-12-01 16:20:09,148 - INFO -   ✓ Scraped successfully: delivery=40min, takeout=25min, delivery_enabled=True, pickup_enabled=True
2025-12-01 16:20:09,148 - INFO - [76/156] Processing Milano...
2025-12-01 16:20:09,149 - INFO - Scraping Milano (V1 ID: 1089)...
2025-12-01 16:20:11,150 - INFO -   ✓ Scraped successfully: delivery=50min, takeout=25min, delivery_enabled=True, pickup_enabled=False
2025-12-01 16:20:11,150 - INFO - [77/156] Processing Milano...
2025-12-01 16:20:11,151 - INFO - Scraping Milano (V1 ID: 1084)...
2025-12-01 16:20:13,134 - INFO -   ✓ Scraped successfully: delivery=45min, takeout=20min, delivery_enabled=True, pickup_enabled=True
2025-12-01 16:20:13,134 - INFO - [78/156] Processing Milano...
2025-12-01 16:20:13,134 - INFO - Scraping Milano (V1 ID: 411)...
2025-12-01 16:20:15,126 - INFO -   ✓ Scraped successfully: delivery=0min, takeout=45min, delivery_enabled=False, pickup_enabled=True
2025-12-01 16:20:15,126 - INFO - [79/156] Processing Milano...
2025-12-01 16:20:15,127 - INFO - Scraping Milano (V1 ID: 190)...
2025-12-01 16:20:17,093 - INFO -   ✓ Scraped successfully: delivery=50min, takeout=25min, delivery_enabled=True, pickup_enabled=True
2025-12-01 16:20:17,094 - INFO - [80/156] Processing Milano...
2025-12-01 16:20:17,094 - INFO - Scraping Milano (V1 ID: 204)...
2025-12-01 16:20:19,070 - INFO -   ✓ Scraped successfully: delivery=45min, takeout=25min, delivery_enabled=True, pickup_enabled=True
2025-12-01 16:20:19,070 - INFO - [81/156] Processing Milano...
2025-12-01 16:20:19,070 - INFO - Scraping Milano (V1 ID: 205)...
2025-12-01 16:20:21,054 - INFO -   ✓ Scraped successfully: delivery=55min, takeout=20min, delivery_enabled=True, pickup_enabled=True
2025-12-01 16:20:21,054 - INFO - [82/156] Processing Milano...
2025-12-01 16:20:21,054 - INFO - Scraping Milano (V1 ID: 206)...
2025-12-01 16:20:23,073 - INFO -   ✓ Scraped successfully: delivery=60min, takeout=40min, delivery_enabled=True, pickup_enabled=True
2025-12-01 16:20:23,073 - INFO - [83/156] Processing Milano...
2025-12-01 16:20:23,074 - INFO - Scraping Milano (V1 ID: 207)...
2025-12-01 16:20:25,092 - INFO -   ✓ Scraped successfully: delivery=50min, takeout=25min, delivery_enabled=True, pickup_enabled=True
2025-12-01 16:20:25,092 - INFO - [84/156] Processing Milano...
2025-12-01 16:20:25,092 - INFO - Scraping Milano (V1 ID: 208)...
2025-12-01 16:20:27,085 - INFO -   ✓ Scraped successfully: delivery=58min, takeout=25min, delivery_enabled=True, pickup_enabled=True
2025-12-01 16:20:27,085 - INFO - [85/156] Processing Milano...
2025-12-01 16:20:27,086 - INFO - Scraping Milano (V1 ID: 209)...
2025-12-01 16:20:29,076 - INFO -   ✓ Scraped successfully: delivery=45min, takeout=20min, delivery_enabled=True, pickup_enabled=True
2025-12-01 16:20:29,077 - INFO - [86/156] Processing Milano...
2025-12-01 16:20:29,077 - INFO - Scraping Milano (V1 ID: 211)...
2025-12-01 16:20:31,044 - INFO -   ✓ Scraped successfully: delivery=55min, takeout=25min, delivery_enabled=True, pickup_enabled=True
2025-12-01 16:20:31,044 - INFO - [87/156] Processing Milano...
2025-12-01 16:20:31,045 - INFO - Scraping Milano (V1 ID: 213)...
2025-12-01 16:20:33,038 - INFO -   ✓ Scraped successfully: delivery=60min, takeout=30min, delivery_enabled=True, pickup_enabled=True
2025-12-01 16:20:33,038 - INFO - [88/156] Processing Milano...
2025-12-01 16:20:33,039 - INFO - Scraping Milano (V1 ID: 328)...
2025-12-01 16:20:35,060 - INFO -   ✓ Scraped successfully: delivery=50min, takeout=25min, delivery_enabled=True, pickup_enabled=True
2025-12-01 16:20:35,060 - INFO - [89/156] Processing Milano...
2025-12-01 16:20:35,060 - INFO - Scraping Milano (V1 ID: 172)...
2025-12-01 16:20:37,119 - INFO -   ✓ Scraped successfully: delivery=50min, takeout=25min, delivery_enabled=True, pickup_enabled=True
2025-12-01 16:20:37,120 - INFO - [90/156] Processing Milano...
2025-12-01 16:20:37,120 - INFO - Scraping Milano (V1 ID: 245)...
2025-12-01 16:20:39,108 - INFO -   ✓ Scraped successfully: delivery=50min, takeout=25min, delivery_enabled=True, pickup_enabled=True
2025-12-01 16:20:39,108 - INFO - [91/156] Processing Milano...
2025-12-01 16:20:39,108 - INFO - Scraping Milano (V1 ID: 248)...
2025-12-01 16:20:41,086 - INFO -   ✓ Scraped successfully: delivery=55min, takeout=30min, delivery_enabled=True, pickup_enabled=True
2025-12-01 16:20:41,087 - INFO - [92/156] Processing Milano...
2025-12-01 16:20:41,087 - INFO - Scraping Milano (V1 ID: 512)...
2025-12-01 16:20:43,064 - INFO -   ✓ Scraped successfully: delivery=50min, takeout=25min, delivery_enabled=True, pickup_enabled=True
2025-12-01 16:20:43,064 - INFO - [93/156] Processing Milano...
2025-12-01 16:20:43,065 - INFO - Scraping Milano (V1 ID: 513)...
2025-12-01 16:20:45,119 - INFO -   ✓ Scraped successfully: delivery=60min, takeout=30min, delivery_enabled=True, pickup_enabled=True
2025-12-01 16:20:45,120 - INFO - [94/156] Processing Mont Liban Bakery & Shawarma...
2025-12-01 16:20:45,120 - INFO - Scraping Mont Liban Bakery & Shawarma (V1 ID: 344)...
2025-12-01 16:20:47,122 - INFO -   ✓ Scraped successfully: delivery=45min, takeout=25min, delivery_enabled=True, pickup_enabled=True
2025-12-01 16:20:47,122 - INFO - [95/156] Processing Mozza Pizza Gatineau...
2025-12-01 16:20:47,122 - INFO - Scraping Mozza Pizza Gatineau (V1 ID: 132)...
2025-12-01 16:20:49,160 - INFO -   ✓ Scraped successfully: delivery=45min, takeout=25min, delivery_enabled=True, pickup_enabled=True
2025-12-01 16:20:49,161 - INFO - [96/156] Processing Mozza Pizza Hull...
2025-12-01 16:20:49,161 - INFO - Scraping Mozza Pizza Hull (V1 ID: 872)...
2025-12-01 16:20:51,145 - INFO -   ✓ Scraped successfully: delivery=45min, takeout=20min, delivery_enabled=True, pickup_enabled=True
2025-12-01 16:20:51,145 - INFO - [97/156] Processing Mr Mozzarella - Nepean...
2025-12-01 16:20:51,145 - INFO - Scraping Mr Mozzarella - Nepean (V1 ID: 145)...
2025-12-01 16:20:53,152 - INFO -   ✓ Scraped successfully: delivery=50min, takeout=25min, delivery_enabled=True, pickup_enabled=True
2025-12-01 16:20:53,153 - INFO - [98/156] Processing Mykonos Greek Grill...
2025-12-01 16:20:53,153 - INFO - Scraping Mykonos Greek Grill (V1 ID: 1093)...
2025-12-01 16:20:55,126 - INFO -   ✓ Scraped successfully: delivery=60min, takeout=25min, delivery_enabled=True, pickup_enabled=True
2025-12-01 16:20:55,126 - INFO - [99/156] Processing Mykonos Greek Grill...
2025-12-01 16:20:55,126 - INFO - Scraping Mykonos Greek Grill (V1 ID: 1092)...
2025-12-01 16:20:57,092 - INFO -   ✓ Scraped successfully: delivery=45min, takeout=25min, delivery_enabled=True, pickup_enabled=True
2025-12-01 16:20:57,092 - INFO - [100/156] Processing Nachos Loco Gatineau...
2025-12-01 16:20:57,093 - INFO - Scraping Nachos Loco Gatineau (V1 ID: 1045)...
2025-12-01 16:20:59,082 - INFO -   ✓ Scraped successfully: delivery=50min, takeout=30min, delivery_enabled=True, pickup_enabled=False
2025-12-01 16:20:59,082 - INFO - [101/156] Processing Nachos Loco Hull...
2025-12-01 16:20:59,083 - INFO - Scraping Nachos Loco Hull (V1 ID: 1033)...
2025-12-01 16:21:01,768 - INFO -   ✓ Scraped successfully: delivery=50min, takeout=30min, delivery_enabled=True, pickup_enabled=False
2025-12-01 16:21:01,769 - INFO - [102/156] Processing Napolis...
2025-12-01 16:21:01,769 - INFO - Scraping Napolis (V1 ID: 721)...
2025-12-01 16:21:03,784 - INFO -   ✓ Scraped successfully: delivery=50min, takeout=35min, delivery_enabled=True, pickup_enabled=False
2025-12-01 16:21:03,785 - INFO - [103/156] Processing New Hong Kong...
2025-12-01 16:21:03,785 - INFO - Scraping New Hong Kong (V1 ID: 707)...
2025-12-01 16:21:05,741 - INFO -   ✓ Scraped successfully: delivery=45min, takeout=20min, delivery_enabled=False, pickup_enabled=True
2025-12-01 16:21:05,742 - INFO - [104/156] Processing New Mee Fung Restaurant...
2025-12-01 16:21:05,742 - INFO - Scraping New Mee Fung Restaurant (V1 ID: 101)...
2025-12-01 16:21:07,712 - INFO -   ✓ Scraped successfully: delivery=65min, takeout=35min, delivery_enabled=False, pickup_enabled=True
2025-12-01 16:21:07,712 - INFO - [105/156] Processing New Mukut Restaurant Indian Cuisine...
2025-12-01 16:21:07,713 - INFO - Scraping New Mukut Restaurant Indian Cuisine (V1 ID: 374)...
2025-12-01 16:21:09,683 - INFO -   ✓ Scraped successfully: delivery=55min, takeout=30min, delivery_enabled=False, pickup_enabled=True
2025-12-01 16:21:09,683 - INFO - [106/156] Processing Number One Chinese Take Out...
2025-12-01 16:21:09,685 - INFO - Scraping Number One Chinese Take Out (V1 ID: 179)...
2025-12-01 16:21:11,709 - INFO -   ✓ Scraped successfully: delivery=60min, takeout=35min, delivery_enabled=True, pickup_enabled=True
2025-12-01 16:21:11,710 - INFO - [107/156] Processing Ogilvie Pizza...
2025-12-01 16:21:11,710 - INFO - Scraping Ogilvie Pizza (V1 ID: 951)...
2025-12-01 16:21:13,688 - INFO -   ✓ Scraped successfully: delivery=50min, takeout=25min, delivery_enabled=True, pickup_enabled=True
2025-12-01 16:21:13,689 - INFO - [108/156] Processing Oh My Grill...
2025-12-01 16:21:13,689 - INFO - Scraping Oh My Grill (V1 ID: 1051)...
2025-12-01 16:21:15,673 - INFO -   ✓ Scraped successfully: delivery=60min, takeout=25min, delivery_enabled=True, pickup_enabled=True
2025-12-01 16:21:15,673 - INFO - [109/156] Processing Oka's Hull...
2025-12-01 16:21:15,674 - INFO - Scraping Oka's Hull (V1 ID: 914)...
2025-12-01 16:21:17,649 - INFO -   ✓ Scraped successfully: delivery=45min, takeout=25min, delivery_enabled=True, pickup_enabled=False
2025-12-01 16:21:17,650 - INFO - [110/156] Processing Palermo Pizzeria...
2025-12-01 16:21:17,650 - INFO - Scraping Palermo Pizzeria (V1 ID: 729)...
2025-12-01 16:21:19,631 - INFO -   ✓ Scraped successfully: delivery=50min, takeout=20min, delivery_enabled=True, pickup_enabled=False
2025-12-01 16:21:19,631 - INFO - [111/156] Processing Papa Burger...
2025-12-01 16:21:19,631 - INFO - Scraping Papa Burger (V1 ID: 1041)...
2025-12-01 16:21:21,648 - INFO -   ✓ Scraped successfully: delivery=50min, takeout=25min, delivery_enabled=True, pickup_enabled=False
2025-12-01 16:21:21,649 - INFO - [112/156] Processing Papa Burger Maloney...
2025-12-01 16:21:21,649 - INFO - Scraping Papa Burger Maloney (V1 ID: 1066)...
2025-12-01 16:21:23,666 - INFO -   ✓ Scraped successfully: delivery=50min, takeout=25min, delivery_enabled=True, pickup_enabled=True
2025-12-01 16:21:23,667 - INFO - [113/156] Processing Papa Grecque Cantley...
2025-12-01 16:21:23,667 - INFO - Scraping Papa Grecque Cantley (V1 ID: 1054)...
2025-12-01 16:21:26,174 - INFO -   ✓ Scraped successfully: delivery=45min, takeout=20min, delivery_enabled=True, pickup_enabled=True
2025-12-01 16:21:26,175 - INFO - [114/156] Processing Papa Grecque des Flandres...
2025-12-01 16:21:26,175 - INFO - Scraping Papa Grecque des Flandres (V1 ID: 758)...
2025-12-01 16:21:28,234 - INFO -   ✓ Scraped successfully: delivery=50min, takeout=25min, delivery_enabled=True, pickup_enabled=True
2025-12-01 16:21:28,234 - INFO - [115/156] Processing Papa Grecque Maloney ...
2025-12-01 16:21:28,234 - INFO - Scraping Papa Grecque Maloney  (V1 ID: 840)...
2025-12-01 16:21:30,208 - INFO -   ✓ Scraped successfully: delivery=50min, takeout=25min, delivery_enabled=True, pickup_enabled=True
2025-12-01 16:21:30,209 - INFO - [116/156] Processing Papa Joe's Fried Chicken - Downtown...
2025-12-01 16:21:30,209 - INFO - Scraping Papa Joe's Fried Chicken - Downtown (V1 ID: 612)...
2025-12-01 16:21:32,173 - INFO -   ✓ Scraped successfully: delivery=45min, takeout=25min, delivery_enabled=True, pickup_enabled=True
2025-12-01 16:21:32,173 - INFO - [117/156] Processing Papa Joe's Pizza - Downtown...
2025-12-01 16:21:32,173 - INFO - Scraping Papa Joe's Pizza - Downtown (V1 ID: 95)...
2025-12-01 16:21:34,192 - INFO -   ✓ Scraped successfully: delivery=50min, takeout=30min, delivery_enabled=True, pickup_enabled=True
2025-12-01 16:21:34,192 - INFO - [118/156] Processing Papa Pizza - Hull...
2025-12-01 16:21:34,192 - INFO - Scraping Papa Pizza - Hull (V1 ID: 184)...
2025-12-01 16:21:36,176 - INFO -   ✓ Scraped successfully: delivery=45min, takeout=25min, delivery_enabled=True, pickup_enabled=True
2025-12-01 16:21:36,177 - INFO - [119/156] Processing Papa Pizza Cantley...
2025-12-01 16:21:36,177 - INFO - Scraping Papa Pizza Cantley (V1 ID: 825)...
2025-12-01 16:21:38,162 - INFO -   ✓ Scraped successfully: delivery=48min, takeout=25min, delivery_enabled=True, pickup_enabled=True
2025-12-01 16:21:38,163 - INFO - [120/156] Processing Papa Pizza Chem. de Masson...
2025-12-01 16:21:38,163 - INFO - Scraping Papa Pizza Chem. de Masson (V1 ID: 1039)...
2025-12-01 16:21:40,171 - INFO -   ✓ Scraped successfully: delivery=50min, takeout=25min, delivery_enabled=True, pickup_enabled=True
2025-12-01 16:21:40,171 - INFO - [121/156] Processing Papa Pizza Des Flandres...
2025-12-01 16:21:40,171 - INFO - Scraping Papa Pizza Des Flandres (V1 ID: 231)...
2025-12-01 16:21:42,174 - INFO -   ✓ Scraped successfully: delivery=50min, takeout=25min, delivery_enabled=True, pickup_enabled=True
2025-12-01 16:21:42,174 - INFO - [122/156] Processing Papa Pizza Maloney...
2025-12-01 16:21:42,174 - INFO - Scraping Papa Pizza Maloney (V1 ID: 346)...
2025-12-01 16:21:44,170 - INFO -   ✓ Scraped successfully: delivery=40min, takeout=15min, delivery_enabled=True, pickup_enabled=True
2025-12-01 16:21:44,170 - INFO - [123/156] Processing Papa Pizza Val-Des-Monts...
2025-12-01 16:21:44,171 - INFO - Scraping Papa Pizza Val-Des-Monts (V1 ID: 703)...
2025-12-01 16:21:46,177 - INFO -   ✓ Scraped successfully: delivery=75min, takeout=25min, delivery_enabled=True, pickup_enabled=True
2025-12-01 16:21:46,177 - INFO - [124/156] Processing Patate Lou Lou...
2025-12-01 16:21:46,177 - INFO - Scraping Patate Lou Lou (V1 ID: 948)...
2025-12-01 16:21:48,177 - INFO -   ✓ Scraped successfully: delivery=90min, takeout=40min, delivery_enabled=True, pickup_enabled=True
2025-12-01 16:21:48,177 - INFO - [125/156] Processing Pho Bo Ga King - Somerset...
2025-12-01 16:21:48,177 - INFO - Scraping Pho Bo Ga King - Somerset (V1 ID: 337)...
2025-12-01 16:21:50,124 - INFO -   ✓ Scraped successfully: delivery=59min, takeout=15min, delivery_enabled=False, pickup_enabled=True
2025-12-01 16:21:50,124 - INFO - [126/156] Processing Pizza Bravo...
2025-12-01 16:21:50,124 - INFO - Scraping Pizza Bravo (V1 ID: 264)...
2025-12-01 16:21:52,088 - INFO -   ✓ Scraped successfully: delivery=70min, takeout=25min, delivery_enabled=True, pickup_enabled=True
2025-12-01 16:21:52,088 - INFO - [127/156] Processing Pizza des Hautes Plaines...
2025-12-01 16:21:52,088 - INFO - Scraping Pizza des Hautes Plaines (V1 ID: 782)...
2025-12-01 16:21:54,090 - INFO -   ✓ Scraped successfully: delivery=45min, takeout=30min, delivery_enabled=True, pickup_enabled=True
2025-12-01 16:21:54,090 - INFO - [128/156] Processing Pizza Joanna...
2025-12-01 16:21:54,090 - INFO - Scraping Pizza Joanna (V1 ID: 964)...
2025-12-01 16:21:56,103 - INFO -   ✓ Scraped successfully: delivery=45min, takeout=25min, delivery_enabled=True, pickup_enabled=True
2025-12-01 16:21:56,103 - INFO - [129/156] Processing Pizza Lovers Hunt Club...
2025-12-01 16:21:56,104 - INFO - Scraping Pizza Lovers Hunt Club (V1 ID: 712)...
2025-12-01 16:21:58,104 - INFO -   ✓ Scraped successfully: delivery=40min, takeout=20min, delivery_enabled=True, pickup_enabled=True
2025-12-01 16:21:58,104 - INFO - [130/156] Processing Pizza Maisonneuve...
2025-12-01 16:21:58,104 - INFO - Scraping Pizza Maisonneuve (V1 ID: 930)...
2025-12-01 16:22:00,075 - INFO -   ✓ Scraped successfully: delivery=45min, takeout=25min, delivery_enabled=True, pickup_enabled=True
2025-12-01 16:22:00,076 - INFO - [131/156] Processing Pizzalicious...
2025-12-01 16:22:00,076 - INFO - Scraping Pizzalicious (V1 ID: 1074)...
2025-12-01 16:22:02,056 - INFO -   ✓ Scraped successfully: delivery=45min, takeout=20min, delivery_enabled=False, pickup_enabled=False
2025-12-01 16:22:02,056 - INFO - [132/156] Processing PizzaRama...
2025-12-01 16:22:02,056 - INFO - Scraping PizzaRama (V1 ID: 953)...
2025-12-01 16:22:04,042 - INFO -   ✓ Scraped successfully: delivery=40min, takeout=15min, delivery_enabled=True, pickup_enabled=True
2025-12-01 16:22:04,043 - INFO - [133/156] Processing Poutinerie Québecurds Gatineau...
2025-12-01 16:22:04,043 - INFO - Scraping Poutinerie Québecurds Gatineau (V1 ID: 1046)...
2025-12-01 16:22:06,045 - INFO -   ✓ Scraped successfully: delivery=50min, takeout=30min, delivery_enabled=True, pickup_enabled=False
2025-12-01 16:22:06,045 - INFO - [134/156] Processing Poutinerie Quï¿½becurds Hull...
2025-12-01 16:22:06,045 - INFO - Scraping Poutinerie Quï¿½becurds Hull (V1 ID: 1032)...
2025-12-01 16:22:08,053 - INFO -   ✓ Scraped successfully: delivery=50min, takeout=30min, delivery_enabled=True, pickup_enabled=False
2025-12-01 16:22:08,053 - INFO - [135/156] Processing Prima Pizza...
2025-12-01 16:22:08,054 - INFO - Scraping Prima Pizza (V1 ID: 1069)...
2025-12-01 16:22:10,067 - INFO -   ✓ Scraped successfully: delivery=45min, takeout=25min, delivery_enabled=True, pickup_enabled=False
2025-12-01 16:22:10,067 - INFO - [136/156] Processing Rangoli...
2025-12-01 16:22:10,067 - INFO - Scraping Rangoli (V1 ID: 701)...
2025-12-01 16:22:12,089 - INFO -   ✓ Scraped successfully: delivery=40min, takeout=30min, delivery_enabled=True, pickup_enabled=True
2025-12-01 16:22:12,089 - INFO - [137/156] Processing Restaurant Chez Gerry...
2025-12-01 16:22:12,089 - INFO - Scraping Restaurant Chez Gerry (V1 ID: 228)...
2025-12-01 16:22:14,115 - INFO -   ✓ Scraped successfully: delivery=40min, takeout=25min, delivery_enabled=True, pickup_enabled=True
2025-12-01 16:22:14,116 - INFO - [138/156] Processing Restaurant Le Choix...
2025-12-01 16:22:14,116 - INFO - Scraping Restaurant Le Choix (V1 ID: 225)...
2025-12-01 16:22:16,101 - INFO -   ✓ Scraped successfully: delivery=45min, takeout=15min, delivery_enabled=True, pickup_enabled=True
2025-12-01 16:22:16,101 - INFO - [139/156] Processing Roulas Grecque et Pizza...
2025-12-01 16:22:16,101 - INFO - Scraping Roulas Grecque et Pizza (V1 ID: 173)...
2025-12-01 16:22:18,088 - INFO -   ✓ Scraped successfully: delivery=50min, takeout=28min, delivery_enabled=True, pickup_enabled=False
2025-12-01 16:22:18,089 - INFO - [140/156] Processing Sachi Sushi...
2025-12-01 16:22:18,089 - INFO - Scraping Sachi Sushi (V1 ID: 542)...
2025-12-01 16:22:20,084 - INFO -   ✓ Scraped successfully: delivery=55min, takeout=30min, delivery_enabled=True, pickup_enabled=True
2025-12-01 16:22:20,084 - INFO - [141/156] Processing Sala Thai...
2025-12-01 16:22:20,084 - INFO - Scraping Sala Thai (V1 ID: 983)...
2025-12-01 16:22:22,069 - INFO -   ✓ Scraped successfully: delivery=0min, takeout=30min, delivery_enabled=False, pickup_enabled=True
2025-12-01 16:22:22,069 - INFO - [142/156] Processing Season's Pizza...
2025-12-01 16:22:22,069 - INFO - Scraping Season's Pizza (V1 ID: 199)...
2025-12-01 16:22:24,155 - INFO -   ✓ Scraped successfully: delivery=45min, takeout=25min, delivery_enabled=True, pickup_enabled=True
2025-12-01 16:22:24,156 - INFO - [143/156] Processing Shaan Tandoori...
2025-12-01 16:22:24,156 - INFO - Scraping Shaan Tandoori (V1 ID: 415)...
2025-12-01 16:22:26,118 - INFO -   ✓ Scraped successfully: delivery=60min, takeout=45min, delivery_enabled=True, pickup_enabled=True
2025-12-01 16:22:26,119 - INFO - [144/156] Processing Souvlaki Souvlaki...
2025-12-01 16:22:26,119 - INFO - Scraping Souvlaki Souvlaki (V1 ID: 1083)...
2025-12-01 16:22:28,113 - INFO -   ✓ Scraped successfully: delivery=45min, takeout=30min, delivery_enabled=True, pickup_enabled=True
2025-12-01 16:22:28,113 - INFO - [145/156] Processing Supreme Pizzeria...
2025-12-01 16:22:28,114 - INFO - Scraping Supreme Pizzeria (V1 ID: 947)...
2025-12-01 16:22:30,085 - INFO -   ✓ Scraped successfully: delivery=45min, takeout=25min, delivery_enabled=True, pickup_enabled=True
2025-12-01 16:22:30,085 - INFO - [146/156] Processing Supreme Pizzeria...
2025-12-01 16:22:30,086 - INFO - Scraping Supreme Pizzeria (V1 ID: 817)...
2025-12-01 16:22:32,089 - INFO -   ✓ Scraped successfully: delivery=50min, takeout=25min, delivery_enabled=True, pickup_enabled=True
2025-12-01 16:22:32,089 - INFO - [147/156] Processing Sushi Express Chambly...
2025-12-01 16:22:32,089 - INFO - Scraping Sushi Express Chambly (V1 ID: 511)...
2025-12-01 16:22:34,107 - INFO -   ✓ Scraped successfully: delivery=40min, takeout=20min, delivery_enabled=True, pickup_enabled=True
2025-12-01 16:22:34,107 - INFO - [148/156] Processing Sushi Fleury...
2025-12-01 16:22:34,108 - INFO - Scraping Sushi Fleury (V1 ID: 818)...
2025-12-01 16:22:36,146 - INFO -   ✓ Scraped successfully: delivery=45min, takeout=30min, delivery_enabled=False, pickup_enabled=True
2025-12-01 16:22:36,146 - INFO - [149/156] Processing Sushiyana...
2025-12-01 16:22:36,146 - INFO - Scraping Sushiyana (V1 ID: 1094)...
2025-12-01 16:22:38,117 - INFO -   ✓ Scraped successfully: delivery=60min, takeout=30min, delivery_enabled=True, pickup_enabled=True
2025-12-01 16:22:38,118 - INFO - [150/156] Processing The Original Georgie's...
2025-12-01 16:22:38,118 - INFO - Scraping The Original Georgie's (V1 ID: 200)...
2025-12-01 16:22:40,106 - INFO -   ✓ Scraped successfully: delivery=60min, takeout=20min, delivery_enabled=True, pickup_enabled=True
2025-12-01 16:22:40,106 - INFO - [151/156] Processing Ting's Kitchen...
2025-12-01 16:22:40,106 - INFO - Scraping Ting's Kitchen (V1 ID: 694)...
2025-12-01 16:22:42,086 - INFO -   ✓ Scraped successfully: delivery=60min, takeout=35min, delivery_enabled=False, pickup_enabled=True
2025-12-01 16:22:42,086 - INFO - [152/156] Processing Tony's Pizza...
2025-12-01 16:22:42,087 - INFO - Scraping Tony's Pizza (V1 ID: 275)...
2025-12-01 16:22:44,057 - INFO -   ✓ Scraped successfully: delivery=45min, takeout=20min, delivery_enabled=True, pickup_enabled=True
2025-12-01 16:22:44,057 - INFO - [153/156] Processing Vanier Pizza & Subs...
2025-12-01 16:22:44,058 - INFO - Scraping Vanier Pizza & Subs (V1 ID: 175)...
2025-12-01 16:22:46,054 - INFO -   ✓ Scraped successfully: delivery=45min, takeout=25min, delivery_enabled=True, pickup_enabled=True
2025-12-01 16:22:46,054 - INFO - [154/156] Processing Vieux Hull Pizza...
2025-12-01 16:22:46,054 - INFO - Scraping Vieux Hull Pizza (V1 ID: 1064)...
2025-12-01 16:22:48,058 - INFO -   ✓ Scraped successfully: delivery=45min, takeout=25min, delivery_enabled=True, pickup_enabled=True
2025-12-01 16:22:48,058 - INFO - [155/156] Processing Xtreme Pizza...
2025-12-01 16:22:48,058 - INFO - Scraping Xtreme Pizza (V1 ID: 532)...
2025-12-01 16:22:50,040 - INFO -   ✓ Scraped successfully: delivery=45min, takeout=25min, delivery_enabled=True, pickup_enabled=True
2025-12-01 16:22:50,040 - INFO - [156/156] Processing Yorgo's - Nepean...
2025-12-01 16:22:50,041 - INFO - Scraping Yorgo's - Nepean (V1 ID: 547)...
2025-12-01 16:22:52,042 - INFO -   ✓ Scraped successfully: delivery=45min, takeout=25min, delivery_enabled=True, pickup_enabled=True
2025-12-01 16:22:52,225 - INFO - Browser stopped
2025-12-01 16:22:52,240 - INFO - Results saved to C:\Users\santi\Menu.ca\Legacy Database\Migration Strategy\Scrapers\Delivery and Schedule scraper\output\v1_scraped_data_20251201_161734.json
2025-12-01 16:22:52,253 - INFO - Results saved to C:\Users\santi\Menu.ca\Legacy Database\Migration Strategy\Scrapers\Delivery and Schedule scraper\output\v1_scraped_data.json
2025-12-01 16:22:52,253 - INFO - ============================================================
2025-12-01 16:22:52,253 - INFO - Scraping Summary:
2025-12-01 16:22:52,253 - INFO -   Total: 156
2025-12-01 16:22:52,253 - INFO -   Successful: 156
2025-12-01 16:22:52,254 - INFO -   Failed: 0
2025-12-01 16:22:52,254 - INFO - ============================================================
2025-12-01 16:22:52,614 - INFO - Database connection established
2025-12-01 16:22:52,774 - INFO -   ✓ Updated service config for Aahar The Taste of India (V3 ID: 561)
2025-12-01 16:22:52,949 - INFO -   ✓ Updated delivery area for Aahar The Taste of India (V3 ID: 561)
2025-12-01 16:22:53,101 - INFO -   ✓ Deleted 12 existing takeout schedules for Aahar The Taste of India
2025-12-01 16:22:55,187 - INFO -   ✓ Updated service config for All Out Burger (V3 ID: 833)
2025-12-01 16:22:55,334 - INFO -   ✓ Updated delivery area for All Out Burger (V3 ID: 833)
2025-12-01 16:22:55,496 - INFO -   ✓ Deleted 7 existing delivery schedules for All Out Burger
2025-12-01 16:22:55,648 - INFO -   ✓ Deleted 7 existing takeout schedules for All Out Burger
2025-12-01 16:22:57,929 - INFO -   ✓ Updated service config for All Out Burger (V3 ID: 841)
2025-12-01 16:22:58,086 - INFO -   ✓ Deleted 7 existing takeout schedules for All Out Burger
2025-12-01 16:22:59,308 - INFO -   ✓ Updated service config for Amicci Pizza (V3 ID: 735)
2025-12-01 16:22:59,460 - INFO -   ✓ Updated delivery area for Amicci Pizza (V3 ID: 735)
2025-12-01 16:22:59,616 - INFO -   ✓ Deleted 7 existing delivery schedules for Amicci Pizza
2025-12-01 16:23:02,086 - INFO -   ✓ Updated service config for Aroy Thai (V3 ID: 607)
2025-12-01 16:23:02,281 - INFO -   ✓ Updated delivery area for Aroy Thai (V3 ID: 607)
2025-12-01 16:23:02,444 - INFO -   ✓ Deleted 12 existing delivery schedules for Aroy Thai
2025-12-01 16:23:06,481 - INFO -   ✓ Updated service config for Asia Garden Ottawa (V3 ID: 630)
2025-12-01 16:23:06,631 - INFO -   ✓ Updated delivery area for Asia Garden Ottawa (V3 ID: 630)
2025-12-01 16:23:06,791 - INFO -   ✓ Deleted 6 existing delivery schedules for Asia Garden Ottawa
2025-12-01 16:23:08,975 - INFO -   ✓ Updated service config for Aylmer BBQ (V3 ID: 69)
2025-12-01 16:23:09,125 - INFO -   ✓ Updated delivery area for Aylmer BBQ (V3 ID: 69)
2025-12-01 16:23:09,286 - INFO -   ✓ Deleted 7 existing delivery schedules for Aylmer BBQ
2025-12-01 16:23:11,817 - INFO -   ✓ Updated service config for Beneci Pizza (V3 ID: 241)
2025-12-01 16:23:11,978 - INFO -   ✓ Updated delivery area for Beneci Pizza (V3 ID: 241)
2025-12-01 16:23:12,135 - INFO -   ✓ Deleted 7 existing delivery schedules for Beneci Pizza
2025-12-01 16:23:14,611 - INFO -   ✓ Updated service config for Bobbie's Pizza & Subs (V3 ID: 45)
2025-12-01 16:23:14,765 - INFO -   ✓ Updated delivery area for Bobbie's Pizza & Subs (V3 ID: 45)
2025-12-01 16:23:14,921 - INFO -   ✓ Deleted 8 existing delivery schedules for Bobbie's Pizza & Subs
2025-12-01 16:23:17,767 - INFO -   ✓ Updated service config for Carlo's Pizza (V3 ID: 124)
2025-12-01 16:23:17,924 - INFO -   ✓ Updated delivery area for Carlo's Pizza (V3 ID: 124)
2025-12-01 16:23:18,108 - INFO -   ✓ Deleted 7 existing delivery schedules for Carlo's Pizza
2025-12-01 16:23:20,664 - INFO -   ✓ Updated service config for Cathay Restaurants (V3 ID: 72)
2025-12-01 16:23:20,853 - INFO -   ✓ Updated delivery area for Cathay Restaurants (V3 ID: 72)
2025-12-01 16:23:21,012 - INFO -   ✓ Deleted 6 existing delivery schedules for Cathay Restaurants
2025-12-01 16:23:23,231 - INFO -   ✓ Updated service config for Centertown Donair & Pizza (V3 ID: 131)
2025-12-01 16:23:23,384 - INFO -   ✓ Updated delivery area for Centertown Donair & Pizza (V3 ID: 131)
2025-12-01 16:23:23,540 - INFO -   ✓ Deleted 6 existing delivery schedules for Centertown Donair & Pizza
2025-12-01 16:23:25,675 - INFO -   ✓ Updated service config for Charm Thai Cuisine (V3 ID: 943)
2025-12-01 16:23:25,825 - INFO -   ✓ Updated delivery area for Charm Thai Cuisine (V3 ID: 943)
2025-12-01 16:23:25,974 - INFO -   ✓ Deleted 7 existing delivery schedules for Charm Thai Cuisine
2025-12-01 16:23:28,473 - INFO -   ✓ Updated service config for China Moon (V3 ID: 641)
2025-12-01 16:23:28,642 - INFO -   ✓ Updated delivery area for China Moon (V3 ID: 641)
2025-12-01 16:23:28,808 - INFO -   ✓ Deleted 7 existing delivery schedules for China Moon
2025-12-01 16:23:31,277 - INFO -   ✓ Updated service config for Colonnade Pizza (V3 ID: 785)
2025-12-01 16:23:31,427 - INFO -   ✓ Updated delivery area for Colonnade Pizza (V3 ID: 785)
2025-12-01 16:23:31,582 - INFO -   ✓ Deleted 7 existing delivery schedules for Colonnade Pizza
2025-12-01 16:23:34,024 - INFO -   ✓ Updated service config for Colonnade Pizza (V3 ID: 783)
2025-12-01 16:23:34,165 - INFO -   ✓ Updated delivery area for Colonnade Pizza (V3 ID: 783)
2025-12-01 16:23:34,315 - INFO -   ✓ Deleted 7 existing delivery schedules for Colonnade Pizza
2025-12-01 16:23:38,025 - INFO -   ✓ Updated service config for Colonnade Pizza (V3 ID: 784)
2025-12-01 16:23:38,299 - INFO -   ✓ Updated delivery area for Colonnade Pizza (V3 ID: 784)
2025-12-01 16:23:38,573 - INFO -   ✓ Deleted 7 existing delivery schedules for Colonnade Pizza
2025-12-01 16:23:41,537 - INFO -   ✓ Updated service config for Colonnade Pizza (V3 ID: 196)
2025-12-01 16:23:41,698 - INFO -   ✓ Updated delivery area for Colonnade Pizza (V3 ID: 196)
2025-12-01 16:23:41,846 - INFO -   ✓ Deleted 7 existing delivery schedules for Colonnade Pizza
2025-12-01 16:23:44,260 - INFO -   ✓ Updated service config for Crispy's (V3 ID: 584)
2025-12-01 16:23:44,417 - INFO -   ✓ Updated delivery area for Crispy's (V3 ID: 584)
2025-12-01 16:23:44,568 - INFO -   ✓ Deleted 7 existing delivery schedules for Crispy's
2025-12-01 16:23:46,979 - INFO -   ✓ Updated service config for Crispy's Bank Street (V3 ID: 806)
2025-12-01 16:23:47,126 - INFO -   ✓ Updated delivery area for Crispy's Bank Street (V3 ID: 806)
2025-12-01 16:23:47,281 - INFO -   ✓ Deleted 7 existing delivery schedules for Crispy's Bank Street
2025-12-01 16:23:49,753 - INFO -   ✓ Updated service config for Dï¿½panneur Gï¿½nï¿½reux (V3 ID: 816)
2025-12-01 16:23:49,909 - INFO -   ✓ Updated delivery area for Dï¿½panneur Gï¿½nï¿½reux (V3 ID: 816)
2025-12-01 16:23:50,055 - INFO -   ✓ Deleted 7 existing delivery schedules for Dï¿½panneur Gï¿½nï¿½reux
2025-12-01 16:23:52,489 - INFO -   ✓ Updated service config for Digby's Restaurant (V3 ID: 638)
2025-12-01 16:23:52,636 - INFO -   ✓ Updated delivery area for Digby's Restaurant (V3 ID: 638)
2025-12-01 16:23:52,783 - INFO -   ✓ Deleted 6 existing delivery schedules for Digby's Restaurant
2025-12-01 16:23:55,170 - INFO -   ✓ Updated service config for Dumpling Bowl (V3 ID: 792)
2025-12-01 16:23:55,359 - INFO -   ✓ Updated delivery area for Dumpling Bowl (V3 ID: 792)
2025-12-01 16:23:55,521 - INFO -   ✓ Deleted 7 existing delivery schedules for Dumpling Bowl
2025-12-01 16:23:58,088 - INFO -   ✓ Updated service config for Eastview Pizza (V3 ID: 28)
2025-12-01 16:23:58,309 - INFO -   ✓ Updated delivery area for Eastview Pizza (V3 ID: 28)
2025-12-01 16:23:58,512 - INFO -   ✓ Deleted 13 existing delivery schedules for Eastview Pizza
2025-12-01 16:24:02,935 - INFO -   ✓ Updated service config for Egg Roll Factory (V3 ID: 511)
2025-12-01 16:24:03,091 - INFO -   ✓ Updated delivery area for Egg Roll Factory (V3 ID: 511)
2025-12-01 16:24:03,259 - INFO -   ✓ Deleted 7 existing delivery schedules for Egg Roll Factory
2025-12-01 16:24:05,800 - INFO -   ✓ Updated service config for Erman Pizza (V3 ID: 211)
2025-12-01 16:24:05,946 - INFO -   ✓ Updated delivery area for Erman Pizza (V3 ID: 211)
2025-12-01 16:24:06,098 - INFO -   ✓ Deleted 10 existing delivery schedules for Erman Pizza
2025-12-01 16:24:09,656 - INFO -   ✓ Updated service config for Friendly Restaurant and Pizzeria (V3 ID: 730)
2025-12-01 16:24:09,824 - INFO -   ✓ Updated delivery area for Friendly Restaurant and Pizzeria (V3 ID: 730)
2025-12-01 16:24:09,978 - INFO -   ✓ Deleted 7 existing delivery schedules for Friendly Restaurant and Pizzeria
2025-12-01 16:24:12,504 - INFO -   ✓ Updated service config for Golden Center Pizza (V3 ID: 815)
2025-12-01 16:24:12,663 - INFO -   ✓ Updated delivery area for Golden Center Pizza (V3 ID: 815)
2025-12-01 16:24:12,827 - INFO -   ✓ Deleted 7 existing delivery schedules for Golden Center Pizza
2025-12-01 16:24:15,824 - INFO -   ✓ Updated service config for Greber Pizza et Shawarma (V3 ID: 736)
2025-12-01 16:24:15,991 - INFO -   ✓ Updated delivery area for Greber Pizza et Shawarma (V3 ID: 736)
2025-12-01 16:24:16,154 - INFO -   ✓ Deleted 7 existing delivery schedules for Greber Pizza et Shawarma
2025-12-01 16:24:18,719 - INFO -   ✓ Updated service config for HaNoi Pho (V3 ID: 519)
2025-12-01 16:24:18,881 - INFO -   ✓ Deleted 7 existing delivery schedules for HaNoi Pho
2025-12-01 16:24:21,427 - INFO -   ✓ Updated service config for Hong Kong Chinese Food Takeout (V3 ID: 160)
2025-12-01 16:24:21,574 - INFO -   ✓ Updated delivery area for Hong Kong Chinese Food Takeout (V3 ID: 160)
2025-12-01 16:24:21,732 - INFO -   ✓ Deleted 6 existing delivery schedules for Hong Kong Chinese Food Takeout
2025-12-01 16:24:24,041 - INFO -   ✓ Updated service config for House of Lasagna (V3 ID: 22)
2025-12-01 16:24:24,252 - INFO -   ✓ Updated delivery area for House of Lasagna (V3 ID: 22)
2025-12-01 16:24:24,453 - INFO -   ✓ Deleted 6 existing delivery schedules for House of Lasagna
2025-12-01 16:24:26,720 - INFO -   ✓ Updated service config for iCook Pho You (V3 ID: 479)
2025-12-01 16:24:26,878 - INFO -   ✓ Deleted 7 existing delivery schedules for iCook Pho You
2025-12-01 16:24:29,384 - INFO -   ✓ Updated service config for Imilio's Pizzeria (V3 ID: 7)
2025-12-01 16:24:29,544 - INFO -   ✓ Updated delivery area for Imilio's Pizzeria (V3 ID: 7)
2025-12-01 16:24:29,690 - INFO -   ✓ Deleted 7 existing delivery schedules for Imilio's Pizzeria
2025-12-01 16:24:32,294 - INFO -   ✓ Updated service config for Indian Punjabi Clay Oven (V3 ID: 180)
2025-12-01 16:24:32,441 - INFO -   ✓ Updated delivery area for Indian Punjabi Clay Oven (V3 ID: 180)
2025-12-01 16:24:32,598 - INFO -   ✓ Deleted 12 existing delivery schedules for Indian Punjabi Clay Oven
2025-12-01 16:24:36,511 - INFO -   ✓ Updated service config for JC Royal Thai Cuisine (V3 ID: 646)
2025-12-01 16:24:36,667 - INFO -   ✓ Updated delivery area for JC Royal Thai Cuisine (V3 ID: 646)
2025-12-01 16:24:36,832 - INFO -   ✓ Deleted 6 existing delivery schedules for JC Royal Thai Cuisine
2025-12-01 16:24:39,032 - INFO -   ✓ Updated service config for JN Pizza (V3 ID: 328)
2025-12-01 16:24:39,230 - INFO -   ✓ Updated delivery area for JN Pizza (V3 ID: 328)
2025-12-01 16:24:39,401 - INFO -   ✓ Deleted 7 existing delivery schedules for JN Pizza
2025-12-01 16:24:41,927 - INFO -   ✓ Updated service config for Joes Family Pizzeria (V3 ID: 636)
2025-12-01 16:24:42,083 - INFO -   ✓ Updated delivery area for Joes Family Pizzeria (V3 ID: 636)
2025-12-01 16:24:42,237 - INFO -   ✓ Deleted 5 existing delivery schedules for Joes Family Pizzeria
2025-12-01 16:24:44,125 - INFO -   ✓ Updated service config for Kabylie Pizza (V3 ID: 798)
2025-12-01 16:24:44,271 - INFO -   ✓ Updated delivery area for Kabylie Pizza (V3 ID: 798)
2025-12-01 16:24:44,415 - INFO -   ✓ Deleted 7 existing delivery schedules for Kabylie Pizza
2025-12-01 16:24:46,961 - INFO -   ✓ Updated service config for Kiki Lebanese Pineview Pizza (V3 ID: 44)
2025-12-01 16:24:47,131 - INFO -   ✓ Updated delivery area for Kiki Lebanese Pineview Pizza (V3 ID: 44)
2025-12-01 16:24:47,288 - INFO -   ✓ Deleted 6 existing delivery schedules for Kiki Lebanese Pineview Pizza
2025-12-01 16:24:49,508 - INFO -   ✓ Updated service config for La Famiglia on the Danforth (V3 ID: 984)
2025-12-01 16:24:49,675 - INFO -   ✓ Updated delivery area for La Famiglia on the Danforth (V3 ID: 984)
2025-12-01 16:24:53,231 - INFO -   ✓ Updated service config for La Maison du Burger (V3 ID: 727)
2025-12-01 16:24:53,395 - INFO -   ✓ Updated delivery area for La Maison du Burger (V3 ID: 727)
2025-12-01 16:24:53,570 - INFO -   ✓ Deleted 10 existing delivery schedules for La Maison du Burger
2025-12-01 16:24:57,404 - INFO -   ✓ Updated service config for La Maison Pho (V3 ID: 721)
2025-12-01 16:24:57,560 - INFO -   ✓ Updated delivery area for La Maison Pho (V3 ID: 721)
2025-12-01 16:24:57,723 - INFO -   ✓ Deleted 7 existing delivery schedules for La Maison Pho
2025-12-01 16:25:00,779 - INFO -   ✓ Updated service config for La Nawab V2 (V3 ID: 825)
2025-12-01 16:25:02,713 - INFO -   ✓ Updated service config for La Poutinerie Ogilvie (V3 ID: 715)
2025-12-01 16:25:03,033 - INFO -   ✓ Deleted 9 existing delivery schedules for La Poutinerie Ogilvie
2025-12-01 16:25:06,638 - INFO -   ✓ Updated delivery area for Lemongrass Thai Cuisine (V3 ID: 1010)
2025-12-01 16:25:06,793 - INFO -   ✓ Deleted 7 existing delivery schedules for Lemongrass Thai Cuisine
2025-12-01 16:25:09,401 - INFO -   ✓ Updated service config for Light of India (V3 ID: 491)
2025-12-01 16:25:09,561 - INFO -   ✓ Updated delivery area for Light of India (V3 ID: 491)
2025-12-01 16:25:09,724 - INFO -   ✓ Deleted 7 existing delivery schedules for Light of India
2025-12-01 16:25:13,451 - INFO -   ✓ Updated service config for Little Gyros Greek Grill (V3 ID: 756)
2025-12-01 16:25:13,619 - INFO -   ✓ Deleted 6 existing delivery schedules for Little Gyros Greek Grill
2025-12-01 16:25:15,778 - INFO -   ✓ Updated service config for Lorenzo's Pizzeria - Vanier (V3 ID: 77)
2025-12-01 16:25:15,930 - INFO -   ✓ Updated delivery area for Lorenzo's Pizzeria - Vanier (V3 ID: 77)
2025-12-01 16:25:16,079 - INFO -   ✓ Deleted 9 existing delivery schedules for Lorenzo's Pizzeria - Vanier
2025-12-01 16:25:19,088 - INFO -   ✓ Updated service config for Lucky Fortune (V3 ID: 267)
2025-12-01 16:25:19,236 - INFO -   ✓ Updated delivery area for Lucky Fortune (V3 ID: 267)
2025-12-01 16:25:19,399 - INFO -   ✓ Deleted 7 existing delivery schedules for Lucky Fortune
2025-12-01 16:25:21,825 - INFO -   ✓ Updated service config for Lucky King Take Out (V3 ID: 174)
2025-12-01 16:25:21,972 - INFO -   ✓ Updated delivery area for Lucky King Take Out (V3 ID: 174)
2025-12-01 16:25:22,132 - INFO -   ✓ Deleted 6 existing delivery schedules for Lucky King Take Out
2025-12-01 16:25:24,250 - INFO -   ✓ Updated service config for Mama Rosa (V3 ID: 12)
2025-12-01 16:25:24,405 - INFO -   ✓ Updated delivery area for Mama Rosa (V3 ID: 12)
2025-12-01 16:25:24,565 - INFO -   ✓ Deleted 7 existing delivery schedules for Mama Rosa
2025-12-01 16:25:27,030 - INFO -   ✓ Updated service config for Mano City Pizza (V3 ID: 118)
2025-12-01 16:25:27,191 - INFO -   ✓ Updated delivery area for Mano City Pizza (V3 ID: 118)
2025-12-01 16:25:27,345 - INFO -   ✓ Deleted 7 existing delivery schedules for Mano City Pizza
2025-12-01 16:25:29,829 - INFO -   ✓ Updated service config for Marina Pizza des Flandres  (V3 ID: 614)
2025-12-01 16:25:29,985 - INFO -   ✓ Updated delivery area for Marina Pizza des Flandres  (V3 ID: 614)
2025-12-01 16:25:30,157 - INFO -   ✓ Deleted 7 existing delivery schedules for Marina Pizza des Flandres 
2025-12-01 16:25:32,633 - INFO -   ✓ Updated service config for Merivale Pizza & Wings (V3 ID: 48)
2025-12-01 16:25:32,780 - INFO -   ✓ Updated delivery area for Merivale Pizza & Wings (V3 ID: 48)
2025-12-01 16:25:32,923 - INFO -   ✓ Deleted 10 existing delivery schedules for Merivale Pizza & Wings
2025-12-01 16:25:36,338 - INFO -   ✓ Updated service config for Milano (V3 ID: 593)
2025-12-01 16:25:36,517 - INFO -   ✓ Deleted 7 existing delivery schedules for Milano
2025-12-01 16:25:38,939 - INFO -   ✓ Updated service config for Milano (V3 ID: 55)
2025-12-01 16:25:39,093 - INFO -   ✓ Updated delivery area for Milano (V3 ID: 55)
2025-12-01 16:25:39,252 - INFO -   ✓ Deleted 14 existing delivery schedules for Milano
2025-12-01 16:25:43,916 - INFO -   ✓ Updated service config for Milano (V3 ID: 57)
2025-12-01 16:25:44,081 - INFO -   ✓ Updated delivery area for Milano (V3 ID: 57)
2025-12-01 16:25:44,241 - INFO -   ✓ Deleted 7 existing delivery schedules for Milano
2025-12-01 16:25:47,773 - INFO -   ✓ Updated service config for Milano (V3 ID: 818)
2025-12-01 16:25:47,927 - INFO -   ✓ Updated delivery area for Milano (V3 ID: 818)
2025-12-01 16:25:48,083 - INFO -   ✓ Deleted 7 existing delivery schedules for Milano
2025-12-01 16:25:50,593 - INFO -   ✓ Updated service config for Milano (V3 ID: 819)
2025-12-01 16:25:50,754 - INFO -   ✓ Updated delivery area for Milano (V3 ID: 819)
2025-12-01 16:25:50,909 - INFO -   ✓ Deleted 7 existing delivery schedules for Milano
2025-12-01 16:25:53,281 - INFO -   ✓ Updated service config for Milano (V3 ID: 569)
2025-12-01 16:25:53,437 - INFO -   ✓ Updated delivery area for Milano (V3 ID: 569)
2025-12-01 16:25:53,591 - INFO -   ✓ Deleted 9 existing delivery schedules for Milano
2025-12-01 16:25:56,697 - INFO -   ✓ Updated service config for Milano (V3 ID: 565)
2025-12-01 16:25:56,853 - INFO -   ✓ Updated delivery area for Milano (V3 ID: 565)
2025-12-01 16:25:57,006 - INFO -   ✓ Deleted 9 existing delivery schedules for Milano
2025-12-01 16:26:00,587 - INFO -   ✓ Updated service config for Milano (V3 ID: 31)
2025-12-01 16:26:00,738 - INFO -   ✓ Updated delivery area for Milano (V3 ID: 31)
2025-12-01 16:26:00,887 - INFO -   ✓ Deleted 9 existing delivery schedules for Milano
2025-12-01 16:26:04,018 - INFO -   ✓ Updated service config for Milano (V3 ID: 821)
2025-12-01 16:26:04,172 - INFO -   ✓ Updated delivery area for Milano (V3 ID: 821)
2025-12-01 16:26:04,323 - INFO -   ✓ Deleted 7 existing delivery schedules for Milano
2025-12-01 16:26:06,808 - INFO -   ✓ Updated service config for Milano (V3 ID: 624)
2025-12-01 16:26:06,954 - INFO -   ✓ Updated delivery area for Milano (V3 ID: 624)
2025-12-01 16:26:07,125 - INFO -   ✓ Deleted 7 existing delivery schedules for Milano
2025-12-01 16:26:09,619 - INFO -   ✓ Updated service config for Milano (V3 ID: 680)
2025-12-01 16:26:09,766 - INFO -   ✓ Updated delivery area for Milano (V3 ID: 680)
2025-12-01 16:26:09,923 - INFO -   ✓ Deleted 7 existing delivery schedules for Milano
2025-12-01 16:26:12,378 - INFO -   ✓ Updated service config for Milano (V3 ID: 749)
2025-12-01 16:26:12,542 - INFO -   ✓ Updated delivery area for Milano (V3 ID: 749)
2025-12-01 16:26:12,703 - INFO -   ✓ Deleted 7 existing delivery schedules for Milano
2025-12-01 16:26:15,471 - INFO -   ✓ Updated service config for Milano (V3 ID: 751)
2025-12-01 16:26:15,631 - INFO -   ✓ Updated delivery area for Milano (V3 ID: 751)
2025-12-01 16:26:15,796 - INFO -   ✓ Deleted 7 existing delivery schedules for Milano
2025-12-01 16:26:18,261 - INFO -   ✓ Updated service config for Milano (V3 ID: 601)
2025-12-01 16:26:18,411 - INFO -   ✓ Updated delivery area for Milano (V3 ID: 601)
2025-12-01 16:26:18,563 - INFO -   ✓ Deleted 9 existing delivery schedules for Milano
2025-12-01 16:26:21,701 - INFO -   ✓ Updated service config for Milano (V3 ID: 660)
2025-12-01 16:26:21,861 - INFO -   ✓ Updated delivery area for Milano (V3 ID: 660)
2025-12-01 16:26:22,019 - INFO -   ✓ Deleted 7 existing delivery schedules for Milano
2025-12-01 16:26:24,487 - INFO -   ✓ Updated service config for Milano (V3 ID: 651)
2025-12-01 16:26:24,652 - INFO -   ✓ Updated delivery area for Milano (V3 ID: 651)
2025-12-01 16:26:24,804 - INFO -   ✓ Deleted 7 existing delivery schedules for Milano
2025-12-01 16:26:28,277 - INFO -   ✓ Updated service config for Milano (V3 ID: 701)
2025-12-01 16:26:28,421 - INFO -   ✓ Updated delivery area for Milano (V3 ID: 701)
2025-12-01 16:26:28,597 - INFO -   ✓ Deleted 7 existing delivery schedules for Milano
2025-12-01 16:26:31,060 - INFO -   ✓ Updated service config for Milano (V3 ID: 835)
2025-12-01 16:26:31,223 - INFO -   ✓ Updated delivery area for Milano (V3 ID: 835)
2025-12-01 16:26:31,373 - INFO -   ✓ Deleted 7 existing delivery schedules for Milano
2025-12-01 16:26:35,048 - INFO -   ✓ Updated service config for Milano (V3 ID: 586)
2025-12-01 16:26:35,194 - INFO -   ✓ Updated delivery area for Milano (V3 ID: 586)
2025-12-01 16:26:35,348 - INFO -   ✓ Deleted 7 existing delivery schedules for Milano
2025-12-01 16:26:37,794 - INFO -   ✓ Updated service config for Milano (V3 ID: 840)
2025-12-01 16:26:37,950 - INFO -   ✓ Updated delivery area for Milano (V3 ID: 840)
2025-12-01 16:26:38,096 - INFO -   ✓ Deleted 7 existing delivery schedules for Milano
2025-12-01 16:26:41,780 - INFO -   ✓ Updated service config for Milano (V3 ID: 842)
2025-12-01 16:26:41,928 - INFO -   ✓ Updated delivery area for Milano (V3 ID: 842)
2025-12-01 16:26:42,094 - INFO -   ✓ Deleted 7 existing delivery schedules for Milano
2025-12-01 16:26:44,507 - INFO -   ✓ Updated service config for Milano (V3 ID: 837)
2025-12-01 16:26:44,662 - INFO -   ✓ Updated delivery area for Milano (V3 ID: 837)
2025-12-01 16:26:44,808 - INFO -   ✓ Deleted 7 existing delivery schedules for Milano
2025-12-01 16:26:47,268 - INFO -   ✓ Updated service config for Milano (V3 ID: 265)
2025-12-01 16:26:47,431 - INFO -   ✓ Deleted 6 existing delivery schedules for Milano
2025-12-01 16:26:49,599 - INFO -   ✓ Updated service config for Milano (V3 ID: 75)
2025-12-01 16:26:49,756 - INFO -   ✓ Updated delivery area for Milano (V3 ID: 75)
2025-12-01 16:26:49,907 - INFO -   ✓ Deleted 7 existing delivery schedules for Milano
2025-12-01 16:26:50,071 - INFO -   ✓ Deleted 7 existing takeout schedules for Milano
2025-12-01 16:26:52,474 - INFO -   ✓ Updated service config for Milano (V3 ID: 88)
2025-12-01 16:26:52,632 - INFO -   ✓ Updated delivery area for Milano (V3 ID: 88)
2025-12-01 16:26:52,797 - INFO -   ✓ Deleted 7 existing delivery schedules for Milano
2025-12-01 16:26:55,296 - INFO -   ✓ Updated service config for Milano (V3 ID: 89)
2025-12-01 16:26:55,462 - INFO -   ✓ Updated delivery area for Milano (V3 ID: 89)
2025-12-01 16:26:55,617 - INFO -   ✓ Deleted 7 existing delivery schedules for Milano
2025-12-01 16:26:58,096 - INFO -   ✓ Updated service config for Milano (V3 ID: 90)
2025-12-01 16:26:58,257 - INFO -   ✓ Updated delivery area for Milano (V3 ID: 90)
2025-12-01 16:26:58,403 - INFO -   ✓ Deleted 7 existing delivery schedules for Milano
2025-12-01 16:27:00,889 - INFO -   ✓ Updated service config for Milano (V3 ID: 91)
2025-12-01 16:27:01,045 - INFO -   ✓ Updated delivery area for Milano (V3 ID: 91)
2025-12-01 16:27:01,195 - INFO -   ✓ Deleted 14 existing delivery schedules for Milano
2025-12-01 16:27:05,865 - INFO -   ✓ Updated service config for Milano (V3 ID: 92)
2025-12-01 16:27:06,006 - INFO -   ✓ Updated delivery area for Milano (V3 ID: 92)
2025-12-01 16:27:06,185 - INFO -   ✓ Deleted 7 existing delivery schedules for Milano
2025-12-01 16:27:08,657 - INFO -   ✓ Updated service config for Milano (V3 ID: 93)
2025-12-01 16:27:08,817 - INFO -   ✓ Updated delivery area for Milano (V3 ID: 93)
2025-12-01 16:27:08,976 - INFO -   ✓ Deleted 7 existing delivery schedules for Milano
2025-12-01 16:27:11,407 - INFO -   ✓ Updated service config for Milano (V3 ID: 95)
2025-12-01 16:27:11,560 - INFO -   ✓ Updated delivery area for Milano (V3 ID: 95)
2025-12-01 16:27:11,706 - INFO -   ✓ Deleted 9 existing delivery schedules for Milano
2025-12-01 16:27:14,835 - INFO -   ✓ Updated service config for Milano (V3 ID: 97)
2025-12-01 16:27:14,999 - INFO -   ✓ Updated delivery area for Milano (V3 ID: 97)
2025-12-01 16:27:15,157 - INFO -   ✓ Deleted 7 existing delivery schedules for Milano
2025-12-01 16:27:17,699 - INFO -   ✓ Updated service config for Milano (V3 ID: 190)
2025-12-01 16:27:17,854 - INFO -   ✓ Updated delivery area for Milano (V3 ID: 190)
2025-12-01 16:27:18,024 - INFO -   ✓ Deleted 7 existing delivery schedules for Milano
2025-12-01 16:27:20,533 - INFO -   ✓ Updated service config for Milano (V3 ID: 59)
2025-12-01 16:27:20,683 - INFO -   ✓ Updated delivery area for Milano (V3 ID: 59)
2025-12-01 16:27:20,838 - INFO -   ✓ Deleted 14 existing delivery schedules for Milano
2025-12-01 16:27:25,565 - INFO -   ✓ Updated service config for Milano (V3 ID: 123)
2025-12-01 16:27:25,723 - INFO -   ✓ Updated delivery area for Milano (V3 ID: 123)
2025-12-01 16:27:25,873 - INFO -   ✓ Deleted 7 existing delivery schedules for Milano
2025-12-01 16:27:28,410 - INFO -   ✓ Updated service config for Milano (V3 ID: 126)
2025-12-01 16:27:28,582 - INFO -   ✓ Updated delivery area for Milano (V3 ID: 126)
2025-12-01 16:27:28,724 - INFO -   ✓ Deleted 13 existing delivery schedules for Milano
2025-12-01 16:27:32,658 - INFO -   ✓ Updated service config for Milano (V3 ID: 349)
2025-12-01 16:27:32,811 - INFO -   ✓ Updated delivery area for Milano (V3 ID: 349)
2025-12-01 16:27:32,958 - INFO -   ✓ Deleted 7 existing delivery schedules for Milano
2025-12-01 16:27:35,432 - INFO -   ✓ Updated service config for Milano (V3 ID: 350)
2025-12-01 16:27:35,577 - INFO -   ✓ Updated delivery area for Milano (V3 ID: 350)
2025-12-01 16:27:35,728 - INFO -   ✓ Deleted 7 existing delivery schedules for Milano
2025-12-01 16:27:38,200 - INFO -   ✓ Updated service config for Mont Liban Bakery & Shawarma (V3 ID: 205)
2025-12-01 16:27:38,347 - INFO -   ✓ Updated delivery area for Mont Liban Bakery & Shawarma (V3 ID: 205)
2025-12-01 16:27:38,498 - INFO -   ✓ Deleted 13 existing delivery schedules for Mont Liban Bakery & Shawarma
2025-12-01 16:27:42,856 - INFO -   ✓ Updated delivery area for Mozza Pizza Gatineau (V3 ID: 1011)
2025-12-01 16:27:43,001 - INFO -   ✓ Deleted 6 existing delivery schedules for Mozza Pizza Gatineau
2025-12-01 16:27:44,140 - ERROR - Error inserting schedule for restaurant 1011: date/time field value out of range: "15:90"
LINE 4:                 VALUES (1011, 'delivery', 7, 7, '15:90'::tim...
                                                        ^

2025-12-01 16:27:45,173 - ERROR - Error inserting schedule for restaurant 1011: date/time field value out of range: "15:90"
LINE 4:                 VALUES (1011, 'takeout', 7, 7, '15:90'::time...
                                                       ^

2025-12-01 16:27:45,360 - INFO -   ✓ Updated service config for Mozza Pizza Hull (V3 ID: 644)
2025-12-01 16:27:45,504 - INFO -   ✓ Updated delivery area for Mozza Pizza Hull (V3 ID: 644)
2025-12-01 16:27:45,650 - INFO -   ✓ Deleted 14 existing delivery schedules for Mozza Pizza Hull
2025-12-01 16:27:50,092 - INFO -   ✓ Updated service config for Mr Mozzarella - Nepean (V3 ID: 47)
2025-12-01 16:27:50,237 - INFO -   ✓ Updated delivery area for Mr Mozzarella - Nepean (V3 ID: 47)
2025-12-01 16:27:50,386 - INFO -   ✓ Deleted 14 existing delivery schedules for Mr Mozzarella - Nepean
2025-12-01 16:27:54,835 - INFO -   ✓ Updated service config for Mykonos Greek Grill (V3 ID: 846)
2025-12-01 16:27:54,978 - INFO -   ✓ Updated delivery area for Mykonos Greek Grill (V3 ID: 846)
2025-12-01 16:27:55,129 - INFO -   ✓ Deleted 7 existing delivery schedules for Mykonos Greek Grill
2025-12-01 16:27:57,470 - INFO -   ✓ Updated service config for Mykonos Greek Grill (V3 ID: 845)
2025-12-01 16:27:57,616 - INFO -   ✓ Updated delivery area for Mykonos Greek Grill (V3 ID: 845)
2025-12-01 16:27:57,763 - INFO -   ✓ Deleted 7 existing delivery schedules for Mykonos Greek Grill
2025-12-01 16:28:00,154 - INFO -   ✓ Updated service config for Nachos Loco Gatineau (V3 ID: 801)
2025-12-01 16:28:00,295 - INFO -   ✓ Updated delivery area for Nachos Loco Gatineau (V3 ID: 801)
2025-12-01 16:28:00,440 - INFO -   ✓ Deleted 7 existing delivery schedules for Nachos Loco Gatineau
2025-12-01 16:28:02,792 - INFO -   ✓ Updated service config for Nachos Loco Hull (V3 ID: 790)
2025-12-01 16:28:02,940 - INFO -   ✓ Updated delivery area for Nachos Loco Hull (V3 ID: 790)
2025-12-01 16:28:03,096 - INFO -   ✓ Deleted 7 existing delivery schedules for Nachos Loco Hull
2025-12-01 16:28:05,471 - INFO -   ✓ Updated service config for Napolis (V3 ID: 515)
2025-12-01 16:28:05,628 - INFO -   ✓ Updated delivery area for Napolis (V3 ID: 515)
2025-12-01 16:28:05,775 - INFO -   ✓ Deleted 11 existing delivery schedules for Napolis
2025-12-01 16:28:08,550 - INFO -   ✓ Updated service config for New Hong Kong (V3 ID: 502)
2025-12-01 16:28:08,698 - INFO -   ✓ Updated delivery area for New Hong Kong (V3 ID: 502)
2025-12-01 16:28:08,846 - INFO -   ✓ Deleted 7 existing delivery schedules for New Hong Kong
2025-12-01 16:28:11,209 - INFO -   ✓ Updated service config for New Mee Fung Restaurant (V3 ID: 15)
2025-12-01 16:28:11,370 - INFO -   ✓ Updated delivery area for New Mee Fung Restaurant (V3 ID: 15)
2025-12-01 16:28:11,519 - INFO -   ✓ Deleted 6 existing delivery schedules for New Mee Fung Restaurant
2025-12-01 16:28:11,670 - INFO -   ✓ Deleted 6 existing takeout schedules for New Mee Fung Restaurant
2025-12-01 16:28:13,582 - INFO -   ✓ Updated service config for New Mukut Restaurant Indian Cuisine (V3 ID: 234)
2025-12-01 16:28:13,731 - INFO -   ✓ Updated delivery area for New Mukut Restaurant Indian Cuisine (V3 ID: 234)
2025-12-01 16:28:13,887 - INFO -   ✓ Deleted 7 existing delivery schedules for New Mukut Restaurant Indian Cuisine
2025-12-01 16:28:16,961 - INFO -   ✓ Updated service config for Number One Chinese Take Out (V3 ID: 65)
2025-12-01 16:28:17,103 - INFO -   ✓ Updated delivery area for Number One Chinese Take Out (V3 ID: 65)
2025-12-01 16:28:17,248 - INFO -   ✓ Deleted 6 existing delivery schedules for Number One Chinese Take Out
2025-12-01 16:28:19,337 - INFO -   ✓ Updated service config for Ogilvie Pizza (V3 ID: 714)
2025-12-01 16:28:19,484 - INFO -   ✓ Updated delivery area for Ogilvie Pizza (V3 ID: 714)
2025-12-01 16:28:19,624 - INFO -   ✓ Deleted 13 existing delivery schedules for Ogilvie Pizza
2025-12-01 16:28:23,777 - INFO -   ✓ Updated service config for Oh My Grill (V3 ID: 807)
2025-12-01 16:28:23,931 - INFO -   ✓ Updated delivery area for Oh My Grill (V3 ID: 807)
2025-12-01 16:28:24,083 - INFO -   ✓ Deleted 7 existing delivery schedules for Oh My Grill
2025-12-01 16:28:26,447 - INFO -   ✓ Updated service config for Oka's Hull (V3 ID: 681)
2025-12-01 16:28:26,589 - INFO -   ✓ Updated delivery area for Oka's Hull (V3 ID: 681)
2025-12-01 16:28:26,746 - INFO -   ✓ Deleted 7 existing delivery schedules for Oka's Hull
2025-12-01 16:28:29,093 - INFO -   ✓ Updated service config for Palermo Pizzeria (V3 ID: 521)
2025-12-01 16:28:29,234 - INFO -   ✓ Updated delivery area for Palermo Pizzeria (V3 ID: 521)
2025-12-01 16:28:29,378 - INFO -   ✓ Deleted 9 existing delivery schedules for Palermo Pizzeria
2025-12-01 16:28:32,390 - INFO -   ✓ Updated service config for Papa Burger (V3 ID: 797)
2025-12-01 16:28:32,544 - INFO -   ✓ Updated delivery area for Papa Burger (V3 ID: 797)
2025-12-01 16:28:32,694 - INFO -   ✓ Deleted 7 existing delivery schedules for Papa Burger
2025-12-01 16:28:35,054 - INFO -   ✓ Updated service config for Papa Burger Maloney (V3 ID: 822)
2025-12-01 16:28:35,198 - INFO -   ✓ Updated delivery area for Papa Burger Maloney (V3 ID: 822)
2025-12-01 16:28:35,343 - INFO -   ✓ Deleted 7 existing delivery schedules for Papa Burger Maloney
2025-12-01 16:28:37,735 - INFO -   ✓ Updated service config for Papa Grecque Cantley (V3 ID: 810)
2025-12-01 16:28:37,876 - INFO -   ✓ Updated delivery area for Papa Grecque Cantley (V3 ID: 810)
2025-12-01 16:28:38,020 - INFO -   ✓ Deleted 7 existing delivery schedules for Papa Grecque Cantley
2025-12-01 16:28:40,393 - INFO -   ✓ Updated service config for Papa Grecque des Flandres (V3 ID: 540)
2025-12-01 16:28:40,538 - INFO -   ✓ Updated delivery area for Papa Grecque des Flandres (V3 ID: 540)
2025-12-01 16:28:40,680 - INFO -   ✓ Deleted 7 existing delivery schedules for Papa Grecque des Flandres
2025-12-01 16:28:43,079 - INFO -   ✓ Updated service config for Papa Grecque Maloney  (V3 ID: 616)
2025-12-01 16:28:43,227 - INFO -   ✓ Updated delivery area for Papa Grecque Maloney  (V3 ID: 616)
2025-12-01 16:28:43,390 - INFO -   ✓ Deleted 7 existing delivery schedules for Papa Grecque Maloney 
2025-12-01 16:28:45,776 - INFO -   ✓ Updated service config for Papa Joe's Fried Chicken - Downtown (V3 ID: 437)
2025-12-01 16:28:45,928 - INFO -   ✓ Updated delivery area for Papa Joe's Fried Chicken - Downtown (V3 ID: 437)
2025-12-01 16:28:46,078 - INFO -   ✓ Deleted 10 existing delivery schedules for Papa Joe's Fried Chicken - Downtown
2025-12-01 16:28:49,372 - INFO -   ✓ Updated service config for Papa Joe's Pizza - Downtown (V3 ID: 13)
2025-12-01 16:28:49,527 - INFO -   ✓ Updated delivery area for Papa Joe's Pizza - Downtown (V3 ID: 13)
2025-12-01 16:28:49,689 - INFO -   ✓ Deleted 10 existing delivery schedules for Papa Joe's Pizza - Downtown
2025-12-01 16:28:53,019 - INFO -   ✓ Updated service config for Papa Pizza - Hull (V3 ID: 70)
2025-12-01 16:28:53,163 - INFO -   ✓ Updated delivery area for Papa Pizza - Hull (V3 ID: 70)
2025-12-01 16:28:53,326 - INFO -   ✓ Deleted 10 existing delivery schedules for Papa Pizza - Hull
2025-12-01 16:28:56,862 - INFO -   ✓ Updated service config for Papa Pizza Cantley (V3 ID: 602)
2025-12-01 16:28:57,050 - INFO -   ✓ Updated delivery area for Papa Pizza Cantley (V3 ID: 602)
2025-12-01 16:28:57,216 - INFO -   ✓ Deleted 7 existing delivery schedules for Papa Pizza Cantley
2025-12-01 16:29:00,091 - INFO -   ✓ Updated service config for Papa Pizza Chem. de Masson (V3 ID: 795)
2025-12-01 16:29:00,244 - INFO -   ✓ Updated delivery area for Papa Pizza Chem. de Masson (V3 ID: 795)
2025-12-01 16:29:00,408 - INFO -   ✓ Deleted 7 existing delivery schedules for Papa Pizza Chem. de Masson
2025-12-01 16:29:03,263 - INFO -   ✓ Updated delivery area for Papa Pizza Des Flandres (V3 ID: 1012)
2025-12-01 16:29:03,413 - INFO -   ✓ Deleted 7 existing delivery schedules for Papa Pizza Des Flandres
2025-12-01 16:29:06,079 - INFO -   ✓ Updated delivery area for Papa Pizza Maloney (V3 ID: 1013)
2025-12-01 16:29:06,246 - INFO -   ✓ Deleted 7 existing delivery schedules for Papa Pizza Maloney
2025-12-01 16:29:08,896 - INFO -   ✓ Updated delivery area for Papa Pizza Val-Des-Monts (V3 ID: 1014)
2025-12-01 16:29:09,058 - INFO -   ✓ Deleted 7 existing delivery schedules for Papa Pizza Val-Des-Monts
2025-12-01 16:29:11,558 - INFO -   ✓ Updated service config for Patate Lou Lou (V3 ID: 712)
2025-12-01 16:29:11,718 - INFO -   ✓ Updated delivery area for Patate Lou Lou (V3 ID: 712)
2025-12-01 16:29:11,872 - INFO -   ✓ Deleted 7 existing delivery schedules for Patate Lou Lou
2025-12-01 16:29:14,316 - INFO -   ✓ Updated service config for Pho Bo Ga King - Somerset (V3 ID: 199)
2025-12-01 16:29:14,475 - INFO -   ✓ Updated delivery area for Pho Bo Ga King - Somerset (V3 ID: 199)
2025-12-01 16:29:14,641 - INFO -   ✓ Deleted 7 existing delivery schedules for Pho Bo Ga King - Somerset
2025-12-01 16:29:17,121 - INFO -   ✓ Updated service config for Pizza Bravo (V3 ID: 139)
2025-12-01 16:29:17,267 - INFO -   ✓ Updated delivery area for Pizza Bravo (V3 ID: 139)
2025-12-01 16:29:17,424 - INFO -   ✓ Deleted 7 existing delivery schedules for Pizza Bravo
2025-12-01 16:29:19,885 - INFO -   ✓ Updated service config for Pizza des Hautes Plaines (V3 ID: 562)
2025-12-01 16:29:20,051 - INFO -   ✓ Updated delivery area for Pizza des Hautes Plaines (V3 ID: 562)
2025-12-01 16:29:20,205 - INFO -   ✓ Deleted 6 existing delivery schedules for Pizza des Hautes Plaines
2025-12-01 16:29:22,476 - INFO -   ✓ Updated service config for Pizza Joanna (V3 ID: 726)
2025-12-01 16:29:22,635 - INFO -   ✓ Updated delivery area for Pizza Joanna (V3 ID: 726)
2025-12-01 16:29:22,797 - INFO -   ✓ Deleted 6 existing delivery schedules for Pizza Joanna
2025-12-01 16:29:25,027 - INFO -   ✓ Updated service config for Pizza Lovers Hunt Club (V3 ID: 507)
2025-12-01 16:29:25,197 - INFO -   ✓ Updated delivery area for Pizza Lovers Hunt Club (V3 ID: 507)
2025-12-01 16:29:25,356 - INFO -   ✓ Deleted 9 existing delivery schedules for Pizza Lovers Hunt Club
2025-12-01 16:29:28,535 - INFO -   ✓ Updated service config for Pizza Maisonneuve (V3 ID: 696)
2025-12-01 16:29:28,693 - INFO -   ✓ Updated delivery area for Pizza Maisonneuve (V3 ID: 696)
2025-12-01 16:29:28,855 - INFO -   ✓ Deleted 10 existing delivery schedules for Pizza Maisonneuve
2025-12-01 16:29:32,770 - INFO -   ✓ Updated service config for Pizzalicious (V3 ID: 829)
2025-12-01 16:29:32,923 - INFO -   ✓ Updated delivery area for Pizzalicious (V3 ID: 829)
2025-12-01 16:29:33,080 - INFO -   ✓ Deleted 7 existing delivery schedules for Pizzalicious
2025-12-01 16:29:35,617 - INFO -   ✓ Updated service config for PizzaRama (V3 ID: 716)
2025-12-01 16:29:35,766 - INFO -   ✓ Updated delivery area for PizzaRama (V3 ID: 716)
2025-12-01 16:29:35,920 - INFO -   ✓ Deleted 7 existing delivery schedules for PizzaRama
2025-12-01 16:29:38,744 - INFO -   ✓ Updated delivery area for Poutinerie Québecurds Gatineau (V3 ID: 1015)
2025-12-01 16:29:38,907 - INFO -   ✓ Deleted 7 existing delivery schedules for Poutinerie Québecurds Gatineau
2025-12-01 16:29:41,418 - INFO -   ✓ Updated service config for Poutinerie Quï¿½becurds Hull (V3 ID: 789)
2025-12-01 16:29:41,566 - INFO -   ✓ Updated delivery area for Poutinerie Quï¿½becurds Hull (V3 ID: 789)
2025-12-01 16:29:41,713 - INFO -   ✓ Deleted 7 existing delivery schedules for Poutinerie Quï¿½becurds Hull
2025-12-01 16:29:44,201 - INFO -   ✓ Updated service config for Prima Pizza (V3 ID: 824)
2025-12-01 16:29:44,384 - INFO -   ✓ Updated delivery area for Prima Pizza (V3 ID: 824)
2025-12-01 16:29:44,547 - INFO -   ✓ Deleted 14 existing delivery schedules for Prima Pizza
2025-12-01 16:29:49,256 - INFO -   ✓ Updated service config for Rangoli (V3 ID: 497)
2025-12-01 16:29:49,405 - INFO -   ✓ Updated delivery area for Rangoli (V3 ID: 497)
2025-12-01 16:29:49,578 - INFO -   ✓ Deleted 7 existing delivery schedules for Rangoli
2025-12-01 16:29:53,075 - INFO -   ✓ Updated service config for Restaurant Chez Gerry (V3 ID: 109)
2025-12-01 16:29:53,225 - INFO -   ✓ Updated delivery area for Restaurant Chez Gerry (V3 ID: 109)
2025-12-01 16:29:53,378 - INFO -   ✓ Deleted 7 existing delivery schedules for Restaurant Chez Gerry
2025-12-01 16:29:55,755 - INFO -   ✓ Updated service config for Restaurant Le Choix (V3 ID: 106)
2025-12-01 16:29:55,904 - INFO -   ✓ Updated delivery area for Restaurant Le Choix (V3 ID: 106)
2025-12-01 16:29:56,053 - INFO -   ✓ Deleted 7 existing delivery schedules for Restaurant Le Choix
2025-12-01 16:29:58,655 - INFO -   ✓ Updated delivery area for Roulas Grecque et Pizza (V3 ID: 1016)
2025-12-01 16:29:58,810 - INFO -   ✓ Deleted 7 existing delivery schedules for Roulas Grecque et Pizza
2025-12-01 16:30:01,225 - INFO -   ✓ Updated service config for Sachi Sushi (V3 ID: 376)
2025-12-01 16:30:01,388 - INFO -   ✓ Updated delivery area for Sachi Sushi (V3 ID: 376)
2025-12-01 16:30:01,544 - INFO -   ✓ Deleted 7 existing delivery schedules for Sachi Sushi
2025-12-01 16:30:04,159 - INFO -   ✓ Updated service config for Sala Thai (V3 ID: 745)
2025-12-01 16:30:04,316 - INFO -   ✓ Deleted 7 existing delivery schedules for Sala Thai
2025-12-01 16:30:06,848 - INFO -   ✓ Updated service config for Season's Pizza (V3 ID: 83)
2025-12-01 16:30:07,001 - INFO -   ✓ Updated delivery area for Season's Pizza (V3 ID: 83)
2025-12-01 16:30:07,164 - INFO -   ✓ Deleted 14 existing delivery schedules for Season's Pizza
2025-12-01 16:30:11,990 - INFO -   ✓ Updated service config for Shaan Tandoori (V3 ID: 269)
2025-12-01 16:30:12,149 - INFO -   ✓ Updated delivery area for Shaan Tandoori (V3 ID: 269)
2025-12-01 16:30:12,318 - INFO -   ✓ Deleted 13 existing delivery schedules for Shaan Tandoori
2025-12-01 16:30:16,852 - INFO -   ✓ Updated service config for Souvlaki Souvlaki (V3 ID: 836)
2025-12-01 16:30:17,023 - INFO -   ✓ Updated delivery area for Souvlaki Souvlaki (V3 ID: 836)
2025-12-01 16:30:17,179 - INFO -   ✓ Deleted 7 existing delivery schedules for Souvlaki Souvlaki
2025-12-01 16:30:20,839 - INFO -   ✓ Updated service config for Supreme Pizzeria (V3 ID: 711)
2025-12-01 16:30:20,996 - INFO -   ✓ Updated delivery area for Supreme Pizzeria (V3 ID: 711)
2025-12-01 16:30:21,155 - INFO -   ✓ Deleted 7 existing delivery schedules for Supreme Pizzeria
2025-12-01 16:30:23,750 - INFO -   ✓ Updated service config for Supreme Pizzeria (V3 ID: 595)
2025-12-01 16:30:23,918 - INFO -   ✓ Updated delivery area for Supreme Pizzeria (V3 ID: 595)
2025-12-01 16:30:24,085 - INFO -   ✓ Deleted 7 existing delivery schedules for Supreme Pizzeria
2025-12-01 16:30:26,788 - INFO -   ✓ Updated delivery area for Sushi Express Chambly (V3 ID: 1017)
2025-12-01 16:30:26,949 - INFO -   ✓ Deleted 7 existing delivery schedules for Sushi Express Chambly
2025-12-01 16:30:29,564 - INFO -   ✓ Updated service config for Sushi Fleury (V3 ID: 596)
2025-12-01 16:30:29,714 - INFO -   ✓ Updated delivery area for Sushi Fleury (V3 ID: 596)
2025-12-01 16:30:29,886 - INFO -   ✓ Deleted 6 existing delivery schedules for Sushi Fleury
2025-12-01 16:30:32,070 - INFO -   ✓ Updated service config for Sushiyana (V3 ID: 847)
2025-12-01 16:30:32,230 - INFO -   ✓ Updated delivery area for Sushiyana (V3 ID: 847)
2025-12-01 16:30:32,385 - INFO -   ✓ Deleted 7 existing delivery schedules for Sushiyana
2025-12-01 16:30:34,924 - INFO -   ✓ Updated service config for The Original Georgie's (V3 ID: 84)
2025-12-01 16:30:35,082 - INFO -   ✓ Updated delivery area for The Original Georgie's (V3 ID: 84)
2025-12-01 16:30:35,242 - INFO -   ✓ Deleted 7 existing delivery schedules for The Original Georgie's
2025-12-01 16:30:37,764 - INFO -   ✓ Updated service config for Ting's Kitchen (V3 ID: 941)
2025-12-01 16:30:37,931 - INFO -   ✓ Updated delivery area for Ting's Kitchen (V3 ID: 941)
2025-12-01 16:30:38,137 - INFO -   ✓ Deleted 6 existing delivery schedules for Ting's Kitchen
2025-12-01 16:30:40,281 - INFO -   ✓ Updated service config for Tony's Pizza (V3 ID: 143)
2025-12-01 16:30:40,437 - INFO -   ✓ Updated delivery area for Tony's Pizza (V3 ID: 143)
2025-12-01 16:30:40,617 - INFO -   ✓ Deleted 14 existing delivery schedules for Tony's Pizza
2025-12-01 16:30:45,418 - INFO -   ✓ Updated service config for Vanier Pizza & Subs (V3 ID: 62)
2025-12-01 16:30:45,590 - INFO -   ✓ Updated delivery area for Vanier Pizza & Subs (V3 ID: 62)
2025-12-01 16:30:45,755 - INFO -   ✓ Deleted 13 existing delivery schedules for Vanier Pizza & Subs
2025-12-01 16:30:50,200 - INFO -   ✓ Updated service config for Vieux Hull Pizza (V3 ID: 820)
2025-12-01 16:30:50,355 - INFO -   ✓ Updated delivery area for Vieux Hull Pizza (V3 ID: 820)
2025-12-01 16:30:50,521 - INFO -   ✓ Deleted 14 existing delivery schedules for Vieux Hull Pizza
2025-12-01 16:30:55,245 - INFO -   ✓ Updated service config for Xtreme Pizza (V3 ID: 367)
2025-12-01 16:30:55,394 - INFO -   ✓ Updated delivery area for Xtreme Pizza (V3 ID: 367)
2025-12-01 16:30:55,551 - INFO -   ✓ Deleted 7 existing delivery schedules for Xtreme Pizza
2025-12-01 16:30:58,072 - INFO -   ✓ Updated service config for Yorgo's - Nepean (V3 ID: 985)
2025-12-01 16:30:58,232 - INFO -   ✓ Updated delivery area for Yorgo's - Nepean (V3 ID: 985)
2025-12-01 16:30:58,382 - INFO -   ✓ Deleted 7 existing delivery schedules for Yorgo's - Nepean
2025-12-01 16:31:00,756 - INFO - Database connection closed
2025-12-01 16:31:00,757 - INFO - Database updates complete:
2025-12-01 16:31:00,757 - INFO -   - Service configs updated: 148
2025-12-01 16:31:00,758 - INFO -   - Delivery areas updated: 147
2025-12-01 16:31:00,758 - INFO -   - Schedules deleted: 1236
2025-12-01 16:31:00,758 - INFO -   - Schedules inserted: 2486
2025-12-01 16:31:00,759 - INFO - Done!
