2025-11-18 14:21:03,109 - INFO - ================================================================================
2025-11-18 14:21:03,109 - INFO - PHASE 1 FRENCH MENU SCRAPER
2025-11-18 14:21:03,109 - INFO - ================================================================================
2025-11-18 14:21:03,109 - INFO - Target Restaurants:
2025-11-18 14:21:03,109 - INFO -   - La Nawab (DB ID: 825, V2 ID: None)
2025-11-18 14:21:03,109 - INFO -   - Cuisine Bombay Indienne (DB ID: 960, V2 ID: None)
2025-11-18 14:21:03,109 - INFO -   - Chicco Shawarma Cantley (DB ID: 961, V2 ID: None)
2025-11-18 14:21:03,111 - INFO -   - Chicco Pizza Maloney (DB ID: 964, V2 ID: None)
2025-11-18 14:21:03,111 - INFO -   - Chicco Shawarma Maloney (DB ID: 965, V2 ID: None)
2025-11-18 14:21:03,111 - INFO -   - Chicco Pizza St-Louis (DB ID: 967, V2 ID: None)
2025-11-18 14:21:03,111 - INFO -   - Pizza Marie (DB ID: 976, V2 ID: None)
2025-11-18 14:21:03,111 - INFO - ================================================================================
2025-11-18 14:21:03,111 - INFO - Output directory: C:\Users\santi\Menu.ca\Legacy Database\Migration Strategy\scraper\V2 Scrapper\phase1_french_output
2025-11-18 14:21:03,111 - INFO - 
Initializing scraper...
2025-11-18 14:21:03,111 - INFO - Starting browser...
2025-11-18 14:21:03,859 - INFO - Browser started successfully
2025-11-18 14:21:03,859 - INFO - Browser started
2025-11-18 14:21:03,859 - INFO - Logging in to V2 admin...
2025-11-18 14:21:08,413 - INFO -   Current URL: https://aggregator-admin.menu.ca/index.php/welcome/index
2025-11-18 14:21:08,413 - INFO - Login successful
2025-11-18 14:21:08,413 - INFO - 
================================================================================
2025-11-18 14:21:08,413 - INFO - DISCOVERING V2 RESTAURANT IDs
2025-11-18 14:21:08,413 - INFO - ================================================================================
2025-11-18 14:21:08,413 - INFO - Navigating to: https://aggregator-admin.menu.ca/index.php/restaurants/show/active
2025-11-18 14:21:09,189 - INFO - Found 31 restaurants in table
2025-11-18 14:21:09,189 - INFO - 
Searching for target restaurants...
2025-11-18 14:21:09,190 - INFO -     V2 ID: 1642
2025-11-18 14:21:09,190 - INFO -     Edit URL: https://aggregator-admin.menu.ca/index.php/restaurants/edit/1642/info
2025-11-18 14:21:09,190 - INFO -     V2 ID: 1657
2025-11-18 14:21:09,190 - INFO -     Edit URL: https://aggregator-admin.menu.ca/index.php/restaurants/edit/1657/info
2025-11-18 14:21:09,191 - INFO -     V2 ID: 1658
2025-11-18 14:21:09,191 - INFO -     Edit URL: https://aggregator-admin.menu.ca/index.php/restaurants/edit/1658/info
2025-11-18 14:21:09,191 - INFO -     V2 ID: 1661
2025-11-18 14:21:09,191 - INFO -     Edit URL: https://aggregator-admin.menu.ca/index.php/restaurants/edit/1661/info
2025-11-18 14:21:09,192 - INFO -     V2 ID: 1662
2025-11-18 14:21:09,192 - INFO -     Edit URL: https://aggregator-admin.menu.ca/index.php/restaurants/edit/1662/info
2025-11-18 14:21:09,192 - INFO -     V2 ID: 1664
2025-11-18 14:21:09,192 - INFO -     Edit URL: https://aggregator-admin.menu.ca/index.php/restaurants/edit/1664/info
2025-11-18 14:21:09,193 - INFO -     V2 ID: 1673
2025-11-18 14:21:09,193 - INFO -     Edit URL: https://aggregator-admin.menu.ca/index.php/restaurants/edit/1673/info
2025-11-18 14:21:09,193 - INFO - 
--------------------------------------------------------------------------------
2025-11-18 14:21:09,193 - INFO - Discovery complete: 7/7 restaurants found
2025-11-18 14:21:09,193 - INFO - ================================================================================

2025-11-18 14:21:09,193 - INFO - 
================================================================================
2025-11-18 14:21:09,193 - INFO - [1/7] SCRAPING: La Nawab
2025-11-18 14:21:09,193 - INFO - ================================================================================
2025-11-18 14:21:09,193 - INFO - DB ID: 825
2025-11-18 14:21:09,193 - INFO - V2 ID: 1642
2025-11-18 14:21:09,193 - INFO - Language: fr
2025-11-18 14:21:09,193 - INFO - Navigating to: https://aggregator-admin.menu.ca/index.php/restaurants/edit/1642/menu/restaurant
2025-11-18 14:21:11,941 - INFO - French menu detected, navigating to French version
2025-11-18 14:21:14,970 - INFO -   Courses: 9
2025-11-18 14:21:14,970 - INFO -   Dishes:  50
2025-11-18 14:21:14,970 - INFO -   Prices:  86
2025-11-18 14:21:14,975 - INFO -   JSON saved: restaurant_1642_menu.json
2025-11-18 14:21:14,975 - INFO - 
Inserting data into database...
2025-11-18 14:21:15,335 - INFO - 
================================================================================
2025-11-18 14:21:15,335 - INFO - INSERTING DATA FOR: La Nawab (ID: 825)
2025-11-18 14:21:15,335 - INFO - ================================================================================
2025-11-18 14:21:21,665 - INFO - 
================================================================================
2025-11-18 14:21:21,665 - INFO - DATABASE INSERT COMPLETE: La Nawab
2025-11-18 14:21:21,666 - INFO - ================================================================================
2025-11-18 14:21:21,666 - INFO -   Courses inserted: 9
2025-11-18 14:21:21,666 - INFO -   Dishes inserted:  50
2025-11-18 14:21:21,666 - INFO -   Prices inserted:  86
2025-11-18 14:21:21,666 - INFO - ================================================================================

2025-11-18 14:21:21,666 - INFO - 
================================================================================
2025-11-18 14:21:21,666 - INFO - [2/7] SCRAPING: Cuisine Bombay Indienne
2025-11-18 14:21:21,667 - INFO - ================================================================================
2025-11-18 14:21:21,667 - INFO - DB ID: 960
2025-11-18 14:21:21,667 - INFO - V2 ID: 1657
2025-11-18 14:21:21,667 - INFO - Language: fr
2025-11-18 14:21:21,667 - INFO - Navigating to: https://aggregator-admin.menu.ca/index.php/restaurants/edit/1657/menu/restaurant
2025-11-18 14:21:24,887 - INFO -   Courses: 11
2025-11-18 14:21:24,888 - INFO -   Dishes:  93
2025-11-18 14:21:24,888 - INFO -   Prices:  141
2025-11-18 14:21:24,890 - INFO -   JSON saved: restaurant_1657_menu.json
2025-11-18 14:21:24,890 - INFO - 
Inserting data into database...
2025-11-18 14:21:25,175 - INFO - 
================================================================================
2025-11-18 14:21:25,175 - INFO - INSERTING DATA FOR: Cuisine Bombay Indienne (ID: 960)
2025-11-18 14:21:25,175 - INFO - ================================================================================
2025-11-18 14:21:35,434 - INFO - 
================================================================================
2025-11-18 14:21:35,434 - INFO - DATABASE INSERT COMPLETE: Cuisine Bombay Indienne
2025-11-18 14:21:35,434 - INFO - ================================================================================
2025-11-18 14:21:35,434 - INFO -   Courses inserted: 11
2025-11-18 14:21:35,434 - INFO -   Dishes inserted:  93
2025-11-18 14:21:35,434 - INFO -   Prices inserted:  141
2025-11-18 14:21:35,434 - INFO - ================================================================================

2025-11-18 14:21:35,435 - INFO - 
================================================================================
2025-11-18 14:21:35,435 - INFO - [3/7] SCRAPING: Chicco Shawarma Cantley
2025-11-18 14:21:35,435 - INFO - ================================================================================
2025-11-18 14:21:35,435 - INFO - DB ID: 961
2025-11-18 14:21:35,435 - INFO - V2 ID: 1658
2025-11-18 14:21:35,435 - INFO - Language: fr
2025-11-18 14:21:35,435 - INFO - Navigating to: https://aggregator-admin.menu.ca/index.php/restaurants/edit/1658/menu/restaurant
2025-11-18 14:21:38,266 - INFO - French menu detected, navigating to French version
2025-11-18 14:21:41,251 - INFO -   Courses: 5
2025-11-18 14:21:41,251 - INFO -   Dishes:  28
2025-11-18 14:21:41,251 - INFO -   Prices:  56
2025-11-18 14:21:41,252 - INFO -   JSON saved: restaurant_1658_menu.json
2025-11-18 14:21:41,252 - INFO - 
Inserting data into database...
2025-11-18 14:21:41,550 - INFO - 
================================================================================
2025-11-18 14:21:41,550 - INFO - INSERTING DATA FOR: Chicco Shawarma Cantley (ID: 961)
2025-11-18 14:21:41,550 - INFO - ================================================================================
2025-11-18 14:21:45,144 - INFO - 
================================================================================
2025-11-18 14:21:45,145 - INFO - DATABASE INSERT COMPLETE: Chicco Shawarma Cantley
2025-11-18 14:21:45,145 - INFO - ================================================================================
2025-11-18 14:21:45,145 - INFO -   Courses inserted: 5
2025-11-18 14:21:45,145 - INFO -   Dishes inserted:  28
2025-11-18 14:21:45,145 - INFO -   Prices inserted:  56
2025-11-18 14:21:45,145 - INFO - ================================================================================

2025-11-18 14:21:45,145 - INFO - 
================================================================================
2025-11-18 14:21:45,145 - INFO - [4/7] SCRAPING: Chicco Pizza Maloney
2025-11-18 14:21:45,145 - INFO - ================================================================================
2025-11-18 14:21:45,145 - INFO - DB ID: 964
2025-11-18 14:21:45,145 - INFO - V2 ID: 1661
2025-11-18 14:21:45,145 - INFO - Language: fr
2025-11-18 14:21:45,145 - INFO - Navigating to: https://aggregator-admin.menu.ca/index.php/restaurants/edit/1661/menu/restaurant
2025-11-18 14:21:47,959 - INFO - French menu detected, navigating to French version
2025-11-18 14:21:51,120 - INFO -   Courses: 11
2025-11-18 14:21:51,120 - INFO -   Dishes:  61
2025-11-18 14:21:51,120 - INFO -   Prices:  124
2025-11-18 14:21:51,121 - INFO -   JSON saved: restaurant_1661_menu.json
2025-11-18 14:21:51,121 - INFO - 
Inserting data into database...
2025-11-18 14:21:51,443 - INFO - 
================================================================================
2025-11-18 14:21:51,443 - INFO - INSERTING DATA FOR: Chicco Pizza Maloney (ID: 964)
2025-11-18 14:21:51,443 - INFO - ================================================================================
2025-11-18 14:21:59,416 - INFO - 
================================================================================
2025-11-18 14:21:59,416 - INFO - DATABASE INSERT COMPLETE: Chicco Pizza Maloney
2025-11-18 14:21:59,416 - INFO - ================================================================================
2025-11-18 14:21:59,416 - INFO -   Courses inserted: 11
2025-11-18 14:21:59,416 - INFO -   Dishes inserted:  61
2025-11-18 14:21:59,416 - INFO -   Prices inserted:  124
2025-11-18 14:21:59,416 - INFO - ================================================================================

2025-11-18 14:21:59,417 - INFO - 
================================================================================
2025-11-18 14:21:59,417 - INFO - [5/7] SCRAPING: Chicco Shawarma Maloney
2025-11-18 14:21:59,417 - INFO - ================================================================================
2025-11-18 14:21:59,417 - INFO - DB ID: 965
2025-11-18 14:21:59,417 - INFO - V2 ID: 1662
2025-11-18 14:21:59,417 - INFO - Language: fr
2025-11-18 14:21:59,417 - INFO - Navigating to: https://aggregator-admin.menu.ca/index.php/restaurants/edit/1662/menu/restaurant
2025-11-18 14:22:02,234 - INFO - French menu detected, navigating to French version
2025-11-18 14:22:05,220 - INFO -   Courses: 6
2025-11-18 14:22:05,220 - INFO -   Dishes:  42
2025-11-18 14:22:05,220 - INFO -   Prices:  83
2025-11-18 14:22:05,221 - INFO -   JSON saved: restaurant_1662_menu.json
2025-11-18 14:22:05,222 - INFO - 
Inserting data into database...
2025-11-18 14:22:05,485 - INFO - 
================================================================================
2025-11-18 14:22:05,485 - INFO - INSERTING DATA FOR: Chicco Shawarma Maloney (ID: 965)
2025-11-18 14:22:05,485 - INFO - ================================================================================
2025-11-18 14:22:10,892 - INFO - 
================================================================================
2025-11-18 14:22:10,892 - INFO - DATABASE INSERT COMPLETE: Chicco Shawarma Maloney
2025-11-18 14:22:10,892 - INFO - ================================================================================
2025-11-18 14:22:10,892 - INFO -   Courses inserted: 6
2025-11-18 14:22:10,892 - INFO -   Dishes inserted:  42
2025-11-18 14:22:10,892 - INFO -   Prices inserted:  83
2025-11-18 14:22:10,892 - INFO - ================================================================================

2025-11-18 14:22:10,893 - INFO - 
================================================================================
2025-11-18 14:22:10,893 - INFO - [6/7] SCRAPING: Chicco Pizza St-Louis
2025-11-18 14:22:10,893 - INFO - ================================================================================
2025-11-18 14:22:10,893 - INFO - DB ID: 967
2025-11-18 14:22:10,893 - INFO - V2 ID: 1664
2025-11-18 14:22:10,893 - INFO - Language: fr
2025-11-18 14:22:10,893 - INFO - Navigating to: https://aggregator-admin.menu.ca/index.php/restaurants/edit/1664/menu/restaurant
2025-11-18 14:22:13,678 - INFO - French menu detected, navigating to French version
2025-11-18 14:22:16,732 - INFO -   Courses: 10
2025-11-18 14:22:16,732 - INFO -   Dishes:  49
2025-11-18 14:22:16,732 - INFO -   Prices:  108
2025-11-18 14:22:16,734 - INFO -   JSON saved: restaurant_1664_menu.json
2025-11-18 14:22:16,734 - INFO - 
Inserting data into database...
2025-11-18 14:22:17,063 - INFO - 
================================================================================
2025-11-18 14:22:17,064 - INFO - INSERTING DATA FOR: Chicco Pizza St-Louis (ID: 967)
2025-11-18 14:22:17,064 - INFO - ================================================================================
2025-11-18 14:22:24,508 - INFO - 
================================================================================
2025-11-18 14:22:24,508 - INFO - DATABASE INSERT COMPLETE: Chicco Pizza St-Louis
2025-11-18 14:22:24,508 - INFO - ================================================================================
2025-11-18 14:22:24,508 - INFO -   Courses inserted: 10
2025-11-18 14:22:24,508 - INFO -   Dishes inserted:  49
2025-11-18 14:22:24,508 - INFO -   Prices inserted:  108
2025-11-18 14:22:24,508 - INFO - ================================================================================

2025-11-18 14:22:24,509 - INFO - 
================================================================================
2025-11-18 14:22:24,509 - INFO - [7/7] SCRAPING: Pizza Marie
2025-11-18 14:22:24,509 - INFO - ================================================================================
2025-11-18 14:22:24,509 - INFO - DB ID: 976
2025-11-18 14:22:24,509 - INFO - V2 ID: 1673
2025-11-18 14:22:24,509 - INFO - Language: fr
2025-11-18 14:22:24,509 - INFO - Navigating to: https://aggregator-admin.menu.ca/index.php/restaurants/edit/1673/menu/restaurant
2025-11-18 14:22:27,481 - INFO -   Courses: 7
2025-11-18 14:22:27,481 - INFO -   Dishes:  50
2025-11-18 14:22:27,481 - INFO -   Prices:  91
2025-11-18 14:22:27,483 - INFO -   JSON saved: restaurant_1673_menu.json
2025-11-18 14:22:27,483 - INFO - 
Inserting data into database...
2025-11-18 14:22:27,764 - INFO - 
================================================================================
2025-11-18 14:22:27,765 - INFO - INSERTING DATA FOR: Pizza Marie (ID: 976)
2025-11-18 14:22:27,765 - INFO - ================================================================================
2025-11-18 14:22:33,784 - INFO - 
================================================================================
2025-11-18 14:22:33,784 - INFO - DATABASE INSERT COMPLETE: Pizza Marie
2025-11-18 14:22:33,784 - INFO - ================================================================================
2025-11-18 14:22:33,784 - INFO -   Courses inserted: 7
2025-11-18 14:22:33,784 - INFO -   Dishes inserted:  50
2025-11-18 14:22:33,784 - INFO -   Prices inserted:  91
2025-11-18 14:22:33,784 - INFO - ================================================================================

2025-11-18 14:22:33,785 - INFO - 
================================================================================
2025-11-18 14:22:33,785 - INFO - PHASE 1 FRENCH SCRAPER - FINAL SUMMARY
2025-11-18 14:22:33,785 - INFO - ================================================================================
2025-11-18 14:22:33,785 - INFO - Duration: 0:01:30.676103
2025-11-18 14:22:33,785 - INFO - Successful: 7/7
2025-11-18 14:22:33,785 - INFO - Failed: 0/7
2025-11-18 14:22:33,785 - INFO - Output directory: C:\Users\santi\Menu.ca\Legacy Database\Migration Strategy\scraper\V2 Scrapper\phase1_french_output
2025-11-18 14:22:33,785 - INFO - Log file: phase1_french_scraper.log
2025-11-18 14:22:33,785 - INFO - ================================================================================
2025-11-18 14:22:33,785 - INFO - 
Next step: Run Phase 2 scrapers for modifiers:
2025-11-18 14:22:33,785 - INFO -   python scraper/V2 Scrapper/v2_scraper_phase2_fr.py
2025-11-18 14:22:34,006 - INFO - Browser stopped
2025-11-18 14:22:34,006 - INFO - 
Browser stopped
