2026-01-22 13:21:24,839 - INFO - Logging to: C:\Users\santi\Menu.ca\Legacy Database\Migration Strategy\Scrapers\Commission rates\V1\logs\v1_commission_scraper_20260122_132124.log
2026-01-22 13:21:24,839 - INFO - ============================================================
2026-01-22 13:21:24,839 - INFO - V1 Commission Rates Scraper
2026-01-22 13:21:24,839 - INFO - ============================================================
2026-01-22 13:21:25,178 - DEBUG - Database connected
2026-01-22 13:21:25,229 - INFO - Found 165 V1 restaurants to scrape
2026-01-22 13:21:25,231 - INFO - Processing 165 restaurants
2026-01-22 13:21:25,231 - INFO - ------------------------------------------------------------
2026-01-22 13:21:25,729 - INFO - Logging in to V1 CRM...
2026-01-22 13:21:25,729 - INFO - Navigating to V1 CRM: https://menuadmin.menu.ca/?p=login
2026-01-22 13:21:26,804 - DEBUG - Filled username field
2026-01-22 13:21:26,813 - DEBUG - Filled password field
2026-01-22 13:21:27,310 - DEBUG - Clicked submit button
2026-01-22 13:21:29,849 - INFO - V1 CRM login successful
2026-01-22 13:21:29,849 - INFO - Login successful. Starting scrape...
2026-01-22 13:21:29,849 - INFO - ------------------------------------------------------------
2026-01-22 13:21:29,849 - INFO - [1/165] Imilio's Pizzeria (V3 ID: 7, V1 ID: 89)
2026-01-22 13:21:29,849 - DEBUG - Navigating to: https://menuadmin.menu.ca/?p=restaurants&display=editRestaurant&restaurant=89&load=cfg&showLang=en
2026-01-22 13:21:32,218 - DEBUG - Commission base: net (V1 ID 89)
2026-01-22 13:21:32,218 - DEBUG - Scraped commission for V1 ID 89: rate=10.0%, base=net
2026-01-22 13:21:32,296 - INFO - Updated commission for restaurant 7: rate=10.0%, base=net, enabled=True
2026-01-22 13:21:32,803 - INFO - [2/165] Lucky Star Chinese Food (V3 ID: 8, V1 ID: 90)
2026-01-22 13:21:32,803 - DEBUG - Navigating to: https://menuadmin.menu.ca/?p=restaurants&display=editRestaurant&restaurant=90&load=cfg&showLang=en
2026-01-22 13:21:34,645 - DEBUG - Commission base: net (V1 ID 90)
2026-01-22 13:21:34,645 - DEBUG - Scraped commission for V1 ID 90: rate=0.0%, base=net
2026-01-22 13:21:34,724 - INFO - Updated commission for restaurant 8: rate=0.0%, base=net, enabled=False
2026-01-22 13:21:35,227 - INFO - [3/165] Mama Rosa (V3 ID: 12, V1 ID: 94)
2026-01-22 13:21:35,227 - DEBUG - Navigating to: https://menuadmin.menu.ca/?p=restaurants&display=editRestaurant&restaurant=94&load=cfg&showLang=en
2026-01-22 13:21:37,072 - DEBUG - Commission base: net (V1 ID 94)
2026-01-22 13:21:37,072 - DEBUG - Scraped commission for V1 ID 94: rate=8.0%, base=net
2026-01-22 13:21:37,150 - INFO - Updated commission for restaurant 12: rate=8.0%, base=net, enabled=True
2026-01-22 13:21:37,652 - INFO - [4/165] Papa Joe's Pizza - Downtown (V3 ID: 13, V1 ID: 95)
2026-01-22 13:21:37,652 - DEBUG - Navigating to: https://menuadmin.menu.ca/?p=restaurants&display=editRestaurant&restaurant=95&load=cfg&showLang=en
2026-01-22 13:21:39,512 - DEBUG - Commission base: net (V1 ID 95)
2026-01-22 13:21:39,512 - DEBUG - Scraped commission for V1 ID 95: rate=8.0%, base=net
2026-01-22 13:21:39,588 - INFO - Updated commission for restaurant 13: rate=8.0%, base=net, enabled=True
2026-01-22 13:21:40,096 - INFO - [5/165] New Mee Fung Restaurant (V3 ID: 15, V1 ID: 101)
2026-01-22 13:21:40,096 - DEBUG - Navigating to: https://menuadmin.menu.ca/?p=restaurants&display=editRestaurant&restaurant=101&load=cfg&showLang=en
2026-01-22 13:21:42,084 - DEBUG - Commission base: gross (V1 ID 101)
2026-01-22 13:21:42,084 - DEBUG - Scraped commission for V1 ID 101: rate=0.0%, base=gross
2026-01-22 13:21:42,126 - DEBUG -   No change needed (rate=0.0%, base=gross)
2026-01-22 13:21:42,631 - INFO - [6/165] House of Lasagna (V3 ID: 22, V1 ID: 117)
2026-01-22 13:21:42,631 - DEBUG - Navigating to: https://menuadmin.menu.ca/?p=restaurants&display=editRestaurant&restaurant=117&load=cfg&showLang=en
2026-01-22 13:21:44,472 - DEBUG - Commission base: net (V1 ID 117)
2026-01-22 13:21:44,472 - DEBUG - Scraped commission for V1 ID 117: rate=8.0%, base=net
2026-01-22 13:21:44,548 - INFO - Updated commission for restaurant 22: rate=8.0%, base=net, enabled=True
2026-01-22 13:21:45,057 - INFO - [7/165] Eastview Pizza (V3 ID: 28, V1 ID: 124)
2026-01-22 13:21:45,057 - DEBUG - Navigating to: https://menuadmin.menu.ca/?p=restaurants&display=editRestaurant&restaurant=124&load=cfg&showLang=en
2026-01-22 13:21:46,922 - DEBUG - Commission base: net (V1 ID 124)
2026-01-22 13:21:46,922 - DEBUG - Scraped commission for V1 ID 124: rate=8.0%, base=net
2026-01-22 13:21:46,996 - INFO - Updated commission for restaurant 28: rate=8.0%, base=net, enabled=True
2026-01-22 13:21:47,499 - INFO - [8/165] Milano (V3 ID: 31, V1 ID: 127)
2026-01-22 13:21:47,499 - DEBUG - Navigating to: https://menuadmin.menu.ca/?p=restaurants&display=editRestaurant&restaurant=127&load=cfg&showLang=en
2026-01-22 13:21:49,349 - DEBUG - Commission base: net (V1 ID 127)
2026-01-22 13:21:49,349 - DEBUG - Scraped commission for V1 ID 127: rate=10.0%, base=net
2026-01-22 13:21:49,423 - INFO - Updated commission for restaurant 31: rate=10.0%, base=net, enabled=True
2026-01-22 13:21:49,928 - INFO - [9/165] Mozza Pizza Gatineau (V3 ID: 1011, V1 ID: 132)
2026-01-22 13:21:49,928 - DEBUG - Navigating to: https://menuadmin.menu.ca/?p=restaurants&display=editRestaurant&restaurant=132&load=cfg&showLang=en
2026-01-22 13:21:51,780 - DEBUG - Commission base: net (V1 ID 132)
2026-01-22 13:21:51,780 - DEBUG - Scraped commission for V1 ID 132: rate=8.0%, base=net
2026-01-22 13:21:51,851 - INFO - Updated commission for restaurant 1011: rate=8.0%, base=net, enabled=True
2026-01-22 13:21:52,352 - INFO - [10/165] Kiki Lebanese Pineview Pizza (V3 ID: 44, V1 ID: 142)
2026-01-22 13:21:52,352 - DEBUG - Navigating to: https://menuadmin.menu.ca/?p=restaurants&display=editRestaurant&restaurant=142&load=cfg&showLang=en
2026-01-22 13:21:54,214 - DEBUG - Commission base: net (V1 ID 142)
2026-01-22 13:21:54,214 - DEBUG - Scraped commission for V1 ID 142: rate=8.0%, base=net
2026-01-22 13:21:54,288 - INFO - Updated commission for restaurant 44: rate=8.0%, base=net, enabled=True
2026-01-22 13:21:54,789 - INFO - [11/165] Bobbie's Pizza & Subs (V3 ID: 45, V1 ID: 143)
2026-01-22 13:21:54,789 - DEBUG - Navigating to: https://menuadmin.menu.ca/?p=restaurants&display=editRestaurant&restaurant=143&load=cfg&showLang=en
2026-01-22 13:21:56,633 - DEBUG - Commission base: net (V1 ID 143)
2026-01-22 13:21:56,633 - DEBUG - Scraped commission for V1 ID 143: rate=8.0%, base=net
2026-01-22 13:21:56,714 - INFO - Updated commission for restaurant 45: rate=8.0%, base=net, enabled=True
2026-01-22 13:21:57,219 - INFO - [12/165] Mr Mozzarella - Nepean (V3 ID: 47, V1 ID: 145)
2026-01-22 13:21:57,219 - DEBUG - Navigating to: https://menuadmin.menu.ca/?p=restaurants&display=editRestaurant&restaurant=145&load=cfg&showLang=en
2026-01-22 13:21:59,060 - DEBUG - Commission base: net (V1 ID 145)
2026-01-22 13:21:59,060 - DEBUG - Scraped commission for V1 ID 145: rate=8.0%, base=net
2026-01-22 13:21:59,141 - INFO - Updated commission for restaurant 47: rate=8.0%, base=net, enabled=True
2026-01-22 13:21:59,642 - INFO - [13/165] Merivale Pizza & Wings (V3 ID: 48, V1 ID: 146)
2026-01-22 13:21:59,642 - DEBUG - Navigating to: https://menuadmin.menu.ca/?p=restaurants&display=editRestaurant&restaurant=146&load=cfg&showLang=en
2026-01-22 13:22:01,489 - DEBUG - Commission base: net (V1 ID 146)
2026-01-22 13:22:01,489 - DEBUG - Scraped commission for V1 ID 146: rate=6.0%, base=net
2026-01-22 13:22:01,565 - INFO - Updated commission for restaurant 48: rate=6.0%, base=net, enabled=True
2026-01-22 13:22:02,067 - INFO - [14/165] Milano (V3 ID: 55, V1 ID: 161)
2026-01-22 13:22:02,067 - DEBUG - Navigating to: https://menuadmin.menu.ca/?p=restaurants&display=editRestaurant&restaurant=161&load=cfg&showLang=en
2026-01-22 13:22:03,911 - DEBUG - Commission base: net (V1 ID 161)
2026-01-22 13:22:03,911 - DEBUG - Scraped commission for V1 ID 161: rate=10.0%, base=net
2026-01-22 13:22:03,986 - INFO - Updated commission for restaurant 55: rate=10.0%, base=net, enabled=True
2026-01-22 13:22:04,489 - INFO - [15/165] Milano (V3 ID: 57, V1 ID: 164)
2026-01-22 13:22:04,489 - DEBUG - Navigating to: https://menuadmin.menu.ca/?p=restaurants&display=editRestaurant&restaurant=164&load=cfg&showLang=en
2026-01-22 13:22:06,350 - DEBUG - Commission base: net (V1 ID 164)
2026-01-22 13:22:06,351 - DEBUG - Scraped commission for V1 ID 164: rate=10.0%, base=net
2026-01-22 13:22:06,425 - INFO - Updated commission for restaurant 57: rate=10.0%, base=net, enabled=True
2026-01-22 13:22:06,927 - INFO - [16/165] Milano (V3 ID: 59, V1 ID: 172)
2026-01-22 13:22:06,927 - DEBUG - Navigating to: https://menuadmin.menu.ca/?p=restaurants&display=editRestaurant&restaurant=172&load=cfg&showLang=en
2026-01-22 13:22:08,766 - DEBUG - Commission base: net (V1 ID 172)
2026-01-22 13:22:08,766 - DEBUG - Scraped commission for V1 ID 172: rate=10.0%, base=net
2026-01-22 13:22:08,846 - INFO - Updated commission for restaurant 59: rate=10.0%, base=net, enabled=True
2026-01-22 13:22:09,351 - INFO - [17/165] Roulas Grecque et Pizza (V3 ID: 1016, V1 ID: 173)
2026-01-22 13:22:09,351 - DEBUG - Navigating to: https://menuadmin.menu.ca/?p=restaurants&display=editRestaurant&restaurant=173&load=cfg&showLang=en
2026-01-22 13:22:11,191 - DEBUG - Commission base: net (V1 ID 173)
2026-01-22 13:22:11,191 - DEBUG - Scraped commission for V1 ID 173: rate=8.0%, base=net
2026-01-22 13:22:11,267 - INFO - Updated commission for restaurant 1016: rate=8.0%, base=net, enabled=True
2026-01-22 13:22:11,780 - INFO - [18/165] Vanier Pizza & Subs (V3 ID: 62, V1 ID: 175)
2026-01-22 13:22:11,780 - DEBUG - Navigating to: https://menuadmin.menu.ca/?p=restaurants&display=editRestaurant&restaurant=175&load=cfg&showLang=en
2026-01-22 13:22:13,634 - DEBUG - Commission base: net (V1 ID 175)
2026-01-22 13:22:13,634 - DEBUG - Scraped commission for V1 ID 175: rate=8.0%, base=net
2026-01-22 13:22:13,709 - INFO - Updated commission for restaurant 62: rate=8.0%, base=net, enabled=True
2026-01-22 13:22:14,217 - INFO - [19/165] Number One Chinese Take Out (V3 ID: 65, V1 ID: 179)
2026-01-22 13:22:14,217 - DEBUG - Navigating to: https://menuadmin.menu.ca/?p=restaurants&display=editRestaurant&restaurant=179&load=cfg&showLang=en
2026-01-22 13:22:16,074 - DEBUG - Commission base: net (V1 ID 179)
2026-01-22 13:22:16,074 - DEBUG - Scraped commission for V1 ID 179: rate=8.0%, base=net
2026-01-22 13:22:16,149 - INFO - Updated commission for restaurant 65: rate=8.0%, base=net, enabled=True
2026-01-22 13:22:16,653 - INFO - [20/165] Aylmer BBQ (V3 ID: 69, V1 ID: 183)
2026-01-22 13:22:16,653 - DEBUG - Navigating to: https://menuadmin.menu.ca/?p=restaurants&display=editRestaurant&restaurant=183&load=cfg&showLang=en
2026-01-22 13:22:18,515 - DEBUG - Commission base: net (V1 ID 183)
2026-01-22 13:22:18,515 - DEBUG - Scraped commission for V1 ID 183: rate=8.0%, base=net
2026-01-22 13:22:18,592 - INFO - Updated commission for restaurant 69: rate=8.0%, base=net, enabled=True
2026-01-22 13:22:19,096 - INFO - [21/165] Papa Pizza - Hull (V3 ID: 70, V1 ID: 184)
2026-01-22 13:22:19,096 - DEBUG - Navigating to: https://menuadmin.menu.ca/?p=restaurants&display=editRestaurant&restaurant=184&load=cfg&showLang=en
2026-01-22 13:22:20,942 - DEBUG - Commission base: net (V1 ID 184)
2026-01-22 13:22:20,942 - DEBUG - Scraped commission for V1 ID 184: rate=8.0%, base=net
2026-01-22 13:22:21,021 - INFO - Updated commission for restaurant 70: rate=8.0%, base=net, enabled=True
2026-01-22 13:22:21,532 - INFO - [22/165] Cathay Restaurants (V3 ID: 72, V1 ID: 187)
2026-01-22 13:22:21,532 - DEBUG - Navigating to: https://menuadmin.menu.ca/?p=restaurants&display=editRestaurant&restaurant=187&load=cfg&showLang=en
2026-01-22 13:22:23,398 - DEBUG - Commission base: net (V1 ID 187)
2026-01-22 13:22:23,398 - DEBUG - Scraped commission for V1 ID 187: rate=8.0%, base=net
2026-01-22 13:22:23,473 - INFO - Updated commission for restaurant 72: rate=8.0%, base=net, enabled=True
2026-01-22 13:22:23,974 - INFO - [23/165] Milano (V3 ID: 75, V1 ID: 190)
2026-01-22 13:22:23,974 - DEBUG - Navigating to: https://menuadmin.menu.ca/?p=restaurants&display=editRestaurant&restaurant=190&load=cfg&showLang=en
2026-01-22 13:22:25,853 - DEBUG - Commission base: net (V1 ID 190)
2026-01-22 13:22:25,853 - DEBUG - Scraped commission for V1 ID 190: rate=10.0%, base=net
2026-01-22 13:22:25,928 - INFO - Updated commission for restaurant 75: rate=10.0%, base=net, enabled=True
2026-01-22 13:22:26,428 - INFO - [24/165] Lorenzo's Pizzeria - Vanier (V3 ID: 77, V1 ID: 192)
2026-01-22 13:22:26,428 - DEBUG - Navigating to: https://menuadmin.menu.ca/?p=restaurants&display=editRestaurant&restaurant=192&load=cfg&showLang=en
2026-01-22 13:22:28,317 - DEBUG - Commission base: net (V1 ID 192)
2026-01-22 13:22:28,317 - DEBUG - Scraped commission for V1 ID 192: rate=8.0%, base=net
2026-01-22 13:22:28,394 - INFO - Updated commission for restaurant 77: rate=8.0%, base=net, enabled=True
2026-01-22 13:22:28,896 - INFO - [25/165] Season's Pizza (V3 ID: 83, V1 ID: 199)
2026-01-22 13:22:28,896 - DEBUG - Navigating to: https://menuadmin.menu.ca/?p=restaurants&display=editRestaurant&restaurant=199&load=cfg&showLang=en
2026-01-22 13:22:30,751 - DEBUG - Commission base: net (V1 ID 199)
2026-01-22 13:22:30,751 - DEBUG - Scraped commission for V1 ID 199: rate=8.0%, base=net
2026-01-22 13:22:30,829 - INFO - Updated commission for restaurant 83: rate=8.0%, base=net, enabled=True
2026-01-22 13:22:31,331 - INFO - [26/165] The Original Georgie's (V3 ID: 84, V1 ID: 200)
2026-01-22 13:22:31,331 - DEBUG - Navigating to: https://menuadmin.menu.ca/?p=restaurants&display=editRestaurant&restaurant=200&load=cfg&showLang=en
2026-01-22 13:22:33,206 - DEBUG - Commission base: net (V1 ID 200)
2026-01-22 13:22:33,206 - DEBUG - Scraped commission for V1 ID 200: rate=8.0%, base=net
2026-01-22 13:22:33,281 - INFO - Updated commission for restaurant 84: rate=8.0%, base=net, enabled=True
2026-01-22 13:22:33,785 - INFO - [27/165] Champa Thai Cuisine (V3 ID: 87, V1 ID: 203)
2026-01-22 13:22:33,785 - DEBUG - Navigating to: https://menuadmin.menu.ca/?p=restaurants&display=editRestaurant&restaurant=203&load=cfg&showLang=en
2026-01-22 13:22:35,625 - DEBUG - Commission base: net (V1 ID 203)
2026-01-22 13:22:35,625 - DEBUG - Scraped commission for V1 ID 203: rate=9.0%, base=net
2026-01-22 13:22:35,706 - INFO - Updated commission for restaurant 87: rate=9.0%, base=net, enabled=True
2026-01-22 13:22:36,216 - INFO - [28/165] Milano (V3 ID: 88, V1 ID: 204)
2026-01-22 13:22:36,217 - DEBUG - Navigating to: https://menuadmin.menu.ca/?p=restaurants&display=editRestaurant&restaurant=204&load=cfg&showLang=en
2026-01-22 13:22:38,062 - DEBUG - Commission base: net (V1 ID 204)
2026-01-22 13:22:38,062 - DEBUG - Scraped commission for V1 ID 204: rate=9.0%, base=net
2026-01-22 13:22:38,134 - INFO - Updated commission for restaurant 88: rate=9.0%, base=net, enabled=True
2026-01-22 13:22:38,640 - INFO - [29/165] Milano (V3 ID: 89, V1 ID: 205)
2026-01-22 13:22:38,640 - DEBUG - Navigating to: https://menuadmin.menu.ca/?p=restaurants&display=editRestaurant&restaurant=205&load=cfg&showLang=en
2026-01-22 13:22:40,491 - DEBUG - Commission base: net (V1 ID 205)
2026-01-22 13:22:40,491 - DEBUG - Scraped commission for V1 ID 205: rate=10.0%, base=net
2026-01-22 13:22:40,577 - INFO - Updated commission for restaurant 89: rate=10.0%, base=net, enabled=True
2026-01-22 13:22:41,082 - INFO - [30/165] Milano (V3 ID: 90, V1 ID: 206)
2026-01-22 13:22:41,082 - DEBUG - Navigating to: https://menuadmin.menu.ca/?p=restaurants&display=editRestaurant&restaurant=206&load=cfg&showLang=en
2026-01-22 13:22:42,921 - DEBUG - Commission base: net (V1 ID 206)
2026-01-22 13:22:42,921 - DEBUG - Scraped commission for V1 ID 206: rate=10.0%, base=net
2026-01-22 13:22:42,999 - INFO - Updated commission for restaurant 90: rate=10.0%, base=net, enabled=True
2026-01-22 13:22:43,501 - INFO - [31/165] Milano (V3 ID: 91, V1 ID: 207)
2026-01-22 13:22:43,501 - DEBUG - Navigating to: https://menuadmin.menu.ca/?p=restaurants&display=editRestaurant&restaurant=207&load=cfg&showLang=en
2026-01-22 13:22:45,354 - DEBUG - Commission base: net (V1 ID 207)
2026-01-22 13:22:45,354 - DEBUG - Scraped commission for V1 ID 207: rate=10.0%, base=net
2026-01-22 13:22:45,432 - INFO - Updated commission for restaurant 91: rate=10.0%, base=net, enabled=True
2026-01-22 13:22:45,936 - INFO - [32/165] Milano (V3 ID: 92, V1 ID: 208)
2026-01-22 13:22:45,936 - DEBUG - Navigating to: https://menuadmin.menu.ca/?p=restaurants&display=editRestaurant&restaurant=208&load=cfg&showLang=en
2026-01-22 13:22:47,776 - DEBUG - Commission base: net (V1 ID 208)
2026-01-22 13:22:47,776 - DEBUG - Scraped commission for V1 ID 208: rate=10.0%, base=net
2026-01-22 13:22:47,851 - INFO - Updated commission for restaurant 92: rate=10.0%, base=net, enabled=True
2026-01-22 13:22:48,355 - INFO - [33/165] Milano (V3 ID: 93, V1 ID: 209)
2026-01-22 13:22:48,355 - DEBUG - Navigating to: https://menuadmin.menu.ca/?p=restaurants&display=editRestaurant&restaurant=209&load=cfg&showLang=en
2026-01-22 13:22:50,205 - DEBUG - Commission base: net (V1 ID 209)
2026-01-22 13:22:50,205 - DEBUG - Scraped commission for V1 ID 209: rate=10.0%, base=net
2026-01-22 13:22:50,283 - INFO - Updated commission for restaurant 93: rate=10.0%, base=net, enabled=True
2026-01-22 13:22:50,783 - INFO - [34/165] Milano (V3 ID: 95, V1 ID: 211)
2026-01-22 13:22:50,784 - DEBUG - Navigating to: https://menuadmin.menu.ca/?p=restaurants&display=editRestaurant&restaurant=211&load=cfg&showLang=en
2026-01-22 13:22:52,678 - DEBUG - Commission base: net (V1 ID 211)
2026-01-22 13:22:52,678 - DEBUG - Scraped commission for V1 ID 211: rate=7.0%, base=net
2026-01-22 13:22:52,754 - INFO - Updated commission for restaurant 95: rate=7.0%, base=net, enabled=True
2026-01-22 13:22:53,257 - INFO - [35/165] Milano (V3 ID: 97, V1 ID: 213)
2026-01-22 13:22:53,257 - DEBUG - Navigating to: https://menuadmin.menu.ca/?p=restaurants&display=editRestaurant&restaurant=213&load=cfg&showLang=en
2026-01-22 13:22:55,096 - DEBUG - Commission base: net (V1 ID 213)
2026-01-22 13:22:55,096 - DEBUG - Scraped commission for V1 ID 213: rate=10.0%, base=net
2026-01-22 13:22:55,167 - INFO - Updated commission for restaurant 97: rate=10.0%, base=net, enabled=True
2026-01-22 13:22:55,668 - INFO - [36/165] Lemongrass Thai Cuisine (V3 ID: 1010, V1 ID: 219)
2026-01-22 13:22:55,668 - DEBUG - Navigating to: https://menuadmin.menu.ca/?p=restaurants&display=editRestaurant&restaurant=219&load=cfg&showLang=en
2026-01-22 13:22:57,534 - DEBUG - Commission base: net (V1 ID 219)
2026-01-22 13:22:57,534 - DEBUG - Scraped commission for V1 ID 219: rate=10.0%, base=net
2026-01-22 13:22:57,610 - INFO - Updated commission for restaurant 1010: rate=10.0%, base=net, enabled=True
2026-01-22 13:22:58,117 - INFO - [37/165] Ginkgo Garden (V3 ID: 105, V1 ID: 224)
2026-01-22 13:22:58,117 - DEBUG - Navigating to: https://menuadmin.menu.ca/?p=restaurants&display=editRestaurant&restaurant=224&load=cfg&showLang=en
2026-01-22 13:22:59,977 - DEBUG - Commission base: net (V1 ID 224)
2026-01-22 13:22:59,977 - DEBUG - Scraped commission for V1 ID 224: rate=8.0%, base=net
2026-01-22 13:23:00,053 - INFO - Updated commission for restaurant 105: rate=8.0%, base=net, enabled=True
2026-01-22 13:23:00,558 - INFO - [38/165] Restaurant Le Choix (V3 ID: 106, V1 ID: 225)
2026-01-22 13:23:00,558 - DEBUG - Navigating to: https://menuadmin.menu.ca/?p=restaurants&display=editRestaurant&restaurant=225&load=cfg&showLang=en
2026-01-22 13:23:02,402 - DEBUG - Commission base: net (V1 ID 225)
2026-01-22 13:23:02,402 - DEBUG - Scraped commission for V1 ID 225: rate=8.0%, base=net
2026-01-22 13:23:02,474 - INFO - Updated commission for restaurant 106: rate=8.0%, base=net, enabled=True
2026-01-22 13:23:02,983 - INFO - [39/165] Restaurant Chez Gerry (V3 ID: 109, V1 ID: 228)
2026-01-22 13:23:02,983 - DEBUG - Navigating to: https://menuadmin.menu.ca/?p=restaurants&display=editRestaurant&restaurant=228&load=cfg&showLang=en
2026-01-22 13:23:04,822 - DEBUG - Commission base: net (V1 ID 228)
2026-01-22 13:23:04,822 - DEBUG - Scraped commission for V1 ID 228: rate=8.0%, base=net
2026-01-22 13:23:04,894 - INFO - Updated commission for restaurant 109: rate=8.0%, base=net, enabled=True
2026-01-22 13:23:05,401 - INFO - [40/165] Papa Pizza Des Flandres (V3 ID: 1012, V1 ID: 231)
2026-01-22 13:23:05,401 - DEBUG - Navigating to: https://menuadmin.menu.ca/?p=restaurants&display=editRestaurant&restaurant=231&load=cfg&showLang=en
2026-01-22 13:23:07,257 - DEBUG - Commission base: net (V1 ID 231)
2026-01-22 13:23:07,257 - DEBUG - Scraped commission for V1 ID 231: rate=8.0%, base=net
2026-01-22 13:23:07,331 - INFO - Updated commission for restaurant 1012: rate=8.0%, base=net, enabled=True
2026-01-22 13:23:07,837 - INFO - [41/165] Mano City Pizza (V3 ID: 118, V1 ID: 238)
2026-01-22 13:23:07,838 - DEBUG - Navigating to: https://menuadmin.menu.ca/?p=restaurants&display=editRestaurant&restaurant=238&load=cfg&showLang=en
2026-01-22 13:23:09,702 - DEBUG - Commission base: net (V1 ID 238)
2026-01-22 13:23:09,702 - DEBUG - Scraped commission for V1 ID 238: rate=8.0%, base=net
2026-01-22 13:23:09,776 - INFO - Updated commission for restaurant 118: rate=8.0%, base=net, enabled=True
2026-01-22 13:23:10,278 - INFO - [42/165] Hung Mein (V3 ID: 119, V1 ID: 239)
2026-01-22 13:23:10,279 - DEBUG - Navigating to: https://menuadmin.menu.ca/?p=restaurants&display=editRestaurant&restaurant=239&load=cfg&showLang=en
2026-01-22 13:23:12,133 - DEBUG - Commission base: net (V1 ID 239)
2026-01-22 13:23:12,133 - DEBUG - Scraped commission for V1 ID 239: rate=8.0%, base=net
2026-01-22 13:23:12,208 - INFO - Updated commission for restaurant 119: rate=8.0%, base=net, enabled=True
2026-01-22 13:23:12,715 - INFO - [43/165] Milano (V3 ID: 123, V1 ID: 245)
2026-01-22 13:23:12,716 - DEBUG - Navigating to: https://menuadmin.menu.ca/?p=restaurants&display=editRestaurant&restaurant=245&load=cfg&showLang=en
2026-01-22 13:23:14,563 - DEBUG - Commission base: net (V1 ID 245)
2026-01-22 13:23:14,563 - DEBUG - Scraped commission for V1 ID 245: rate=10.0%, base=net
2026-01-22 13:23:14,636 - INFO - Updated commission for restaurant 123: rate=10.0%, base=net, enabled=True
2026-01-22 13:23:15,146 - INFO - [44/165] Carlo's Pizza (V3 ID: 124, V1 ID: 246)
2026-01-22 13:23:15,146 - DEBUG - Navigating to: https://menuadmin.menu.ca/?p=restaurants&display=editRestaurant&restaurant=246&load=cfg&showLang=en
2026-01-22 13:23:16,998 - DEBUG - Commission base: net (V1 ID 246)
2026-01-22 13:23:16,998 - DEBUG - Scraped commission for V1 ID 246: rate=8.0%, base=net
2026-01-22 13:23:17,072 - INFO - Updated commission for restaurant 124: rate=8.0%, base=net, enabled=True
2026-01-22 13:23:17,575 - INFO - [45/165] Milano (V3 ID: 126, V1 ID: 248)
2026-01-22 13:23:17,575 - DEBUG - Navigating to: https://menuadmin.menu.ca/?p=restaurants&display=editRestaurant&restaurant=248&load=cfg&showLang=en
2026-01-22 13:23:19,420 - DEBUG - Commission base: net (V1 ID 248)
2026-01-22 13:23:19,420 - DEBUG - Scraped commission for V1 ID 248: rate=10.0%, base=net
2026-01-22 13:23:19,497 - INFO - Updated commission for restaurant 126: rate=10.0%, base=net, enabled=True
2026-01-22 13:23:20,000 - INFO - [46/165] Centertown Donair & Pizza (V3 ID: 131, V1 ID: 255)
2026-01-22 13:23:20,000 - DEBUG - Navigating to: https://menuadmin.menu.ca/?p=restaurants&display=editRestaurant&restaurant=255&load=cfg&showLang=en
2026-01-22 13:23:21,851 - DEBUG - Commission base: net (V1 ID 255)
2026-01-22 13:23:21,851 - DEBUG - Scraped commission for V1 ID 255: rate=7.0%, base=net
2026-01-22 13:23:21,927 - INFO - Updated commission for restaurant 131: rate=7.0%, base=net, enabled=True
2026-01-22 13:23:22,434 - INFO - [47/165] Riverside Pizzeria (V3 ID: 133, V1 ID: 257)
2026-01-22 13:23:22,434 - DEBUG - Navigating to: https://menuadmin.menu.ca/?p=restaurants&display=editRestaurant&restaurant=257&load=cfg&showLang=en
2026-01-22 13:23:24,294 - DEBUG - Commission base: net (V1 ID 257)
2026-01-22 13:23:24,294 - DEBUG - Scraped commission for V1 ID 257: rate=8.0%, base=net
2026-01-22 13:23:24,369 - INFO - Updated commission for restaurant 133: rate=8.0%, base=net, enabled=True
2026-01-22 13:23:24,871 - INFO - [48/165] Pizza Bravo (V3 ID: 139, V1 ID: 264)
2026-01-22 13:23:24,872 - DEBUG - Navigating to: https://menuadmin.menu.ca/?p=restaurants&display=editRestaurant&restaurant=264&load=cfg&showLang=en
2026-01-22 13:23:26,733 - DEBUG - Commission base: net (V1 ID 264)
2026-01-22 13:23:26,733 - DEBUG - Scraped commission for V1 ID 264: rate=8.0%, base=net
2026-01-22 13:23:26,804 - INFO - Updated commission for restaurant 139: rate=8.0%, base=net, enabled=True
2026-01-22 13:23:27,308 - INFO - [49/165] Tony's Pizza (V3 ID: 143, V1 ID: 275)
2026-01-22 13:23:27,309 - DEBUG - Navigating to: https://menuadmin.menu.ca/?p=restaurants&display=editRestaurant&restaurant=275&load=cfg&showLang=en
2026-01-22 13:23:29,156 - DEBUG - Commission base: net (V1 ID 275)
2026-01-22 13:23:29,156 - DEBUG - Scraped commission for V1 ID 275: rate=8.0%, base=net
2026-01-22 13:23:29,230 - INFO - Updated commission for restaurant 143: rate=8.0%, base=net, enabled=True
2026-01-22 13:23:29,732 - INFO - [50/165] Hong Kong Chinese Food Takeout (V3 ID: 160, V1 ID: 294)
2026-01-22 13:23:29,732 - DEBUG - Navigating to: https://menuadmin.menu.ca/?p=restaurants&display=editRestaurant&restaurant=294&load=cfg&showLang=en
2026-01-22 13:23:31,569 - DEBUG - Commission base: net (V1 ID 294)
2026-01-22 13:23:31,570 - DEBUG - Scraped commission for V1 ID 294: rate=10.0%, base=net
2026-01-22 13:23:31,643 - INFO - Updated commission for restaurant 160: rate=10.0%, base=net, enabled=True
2026-01-22 13:23:32,144 - INFO - [51/165] Lucky King Take Out (V3 ID: 174, V1 ID: 312)
2026-01-22 13:23:32,144 - DEBUG - Navigating to: https://menuadmin.menu.ca/?p=restaurants&display=editRestaurant&restaurant=312&load=cfg&showLang=en
2026-01-22 13:23:33,995 - DEBUG - Commission base: net (V1 ID 312)
2026-01-22 13:23:33,995 - DEBUG - Scraped commission for V1 ID 312: rate=10.0%, base=net
2026-01-22 13:23:34,067 - INFO - Updated commission for restaurant 174: rate=10.0%, base=net, enabled=True
2026-01-22 13:23:34,568 - INFO - [52/165] Indian Punjabi Clay Oven (V3 ID: 180, V1 ID: 318)
2026-01-22 13:23:34,568 - DEBUG - Navigating to: https://menuadmin.menu.ca/?p=restaurants&display=editRestaurant&restaurant=318&load=cfg&showLang=en
2026-01-22 13:23:36,399 - DEBUG - Commission base: net (V1 ID 318)
2026-01-22 13:23:36,399 - DEBUG - Scraped commission for V1 ID 318: rate=8.0%, base=net
2026-01-22 13:23:36,472 - INFO - Updated commission for restaurant 180: rate=8.0%, base=net, enabled=True
2026-01-22 13:23:36,981 - INFO - [53/165] Charm Thai Cuisine (V3 ID: 943, V1 ID: 323)
2026-01-22 13:23:36,981 - DEBUG - Navigating to: https://menuadmin.menu.ca/?p=restaurants&display=editRestaurant&restaurant=323&load=cfg&showLang=en
2026-01-22 13:23:38,835 - DEBUG - Commission base: net (V1 ID 323)
2026-01-22 13:23:38,835 - DEBUG - Scraped commission for V1 ID 323: rate=10.0%, base=net
2026-01-22 13:23:38,912 - INFO - Updated commission for restaurant 943: rate=10.0%, base=net, enabled=True
2026-01-22 13:23:39,415 - INFO - [54/165] Milano (V3 ID: 190, V1 ID: 328)
2026-01-22 13:23:39,416 - DEBUG - Navigating to: https://menuadmin.menu.ca/?p=restaurants&display=editRestaurant&restaurant=328&load=cfg&showLang=en
2026-01-22 13:23:41,275 - DEBUG - Commission base: net (V1 ID 328)
2026-01-22 13:23:41,275 - DEBUG - Scraped commission for V1 ID 328: rate=10.0%, base=net
2026-01-22 13:23:41,349 - INFO - Updated commission for restaurant 190: rate=10.0%, base=net, enabled=True
2026-01-22 13:23:41,852 - INFO - [55/165] Colonnade Pizza (V3 ID: 196, V1 ID: 334)
2026-01-22 13:23:41,853 - DEBUG - Navigating to: https://menuadmin.menu.ca/?p=restaurants&display=editRestaurant&restaurant=334&load=cfg&showLang=en
2026-01-22 13:23:43,715 - DEBUG - Commission base: net (V1 ID 334)
2026-01-22 13:23:43,715 - DEBUG - Scraped commission for V1 ID 334: rate=10.0%, base=net
2026-01-22 13:23:43,802 - INFO - Updated commission for restaurant 196: rate=10.0%, base=net, enabled=True
2026-01-22 13:23:44,305 - INFO - [56/165] Pho Bo Ga King - Somerset (V3 ID: 199, V1 ID: 337)
2026-01-22 13:23:44,305 - DEBUG - Navigating to: https://menuadmin.menu.ca/?p=restaurants&display=editRestaurant&restaurant=337&load=cfg&showLang=en
2026-01-22 13:23:46,159 - DEBUG - Commission base: net (V1 ID 337)
2026-01-22 13:23:46,159 - DEBUG - Scraped commission for V1 ID 337: rate=10.0%, base=net
2026-01-22 13:23:46,237 - INFO - Updated commission for restaurant 199: rate=10.0%, base=net, enabled=True
2026-01-22 13:23:46,737 - INFO - [57/165] Mont Liban Bakery & Shawarma (V3 ID: 205, V1 ID: 344)
2026-01-22 13:23:46,737 - DEBUG - Navigating to: https://menuadmin.menu.ca/?p=restaurants&display=editRestaurant&restaurant=344&load=cfg&showLang=en
2026-01-22 13:23:48,877 - DEBUG - Commission base: net (V1 ID 344)
2026-01-22 13:23:48,877 - DEBUG - Scraped commission for V1 ID 344: rate=8.0%, base=net
2026-01-22 13:23:48,958 - INFO - Updated commission for restaurant 205: rate=8.0%, base=net, enabled=True
2026-01-22 13:23:49,463 - INFO - [58/165] Papa Pizza Maloney (V3 ID: 1013, V1 ID: 346)
2026-01-22 13:23:49,463 - DEBUG - Navigating to: https://menuadmin.menu.ca/?p=restaurants&display=editRestaurant&restaurant=346&load=cfg&showLang=en
2026-01-22 13:23:51,305 - DEBUG - Commission base: net (V1 ID 346)
2026-01-22 13:23:51,305 - DEBUG - Scraped commission for V1 ID 346: rate=8.0%, base=net
2026-01-22 13:23:51,385 - INFO - Updated commission for restaurant 1013: rate=8.0%, base=net, enabled=True
2026-01-22 13:23:51,887 - INFO - [59/165] Erman Pizza (V3 ID: 211, V1 ID: 350)
2026-01-22 13:23:51,887 - DEBUG - Navigating to: https://menuadmin.menu.ca/?p=restaurants&display=editRestaurant&restaurant=350&load=cfg&showLang=en
2026-01-22 13:23:53,751 - DEBUG - Commission base: net (V1 ID 350)
2026-01-22 13:23:53,751 - DEBUG - Scraped commission for V1 ID 350: rate=10.0%, base=net
2026-01-22 13:23:53,826 - INFO - Updated commission for restaurant 211: rate=10.0%, base=net, enabled=True
2026-01-22 13:23:54,336 - INFO - [60/165] La Famiglia on the Danforth (V3 ID: 984, V1 ID: 364)
2026-01-22 13:23:54,336 - DEBUG - Navigating to: https://menuadmin.menu.ca/?p=restaurants&display=editRestaurant&restaurant=364&load=cfg&showLang=en
2026-01-22 13:23:56,216 - DEBUG - Commission base: net (V1 ID 364)
2026-01-22 13:23:56,217 - DEBUG - Scraped commission for V1 ID 364: rate=10.0%, base=net
2026-01-22 13:23:56,291 - INFO - Updated commission for restaurant 984: rate=10.0%, base=net, enabled=True
2026-01-22 13:23:56,792 - INFO - [61/165] New Mukut Restaurant Indian Cuisine (V3 ID: 234, V1 ID: 374)
2026-01-22 13:23:56,792 - DEBUG - Navigating to: https://menuadmin.menu.ca/?p=restaurants&display=editRestaurant&restaurant=374&load=cfg&showLang=en
2026-01-22 13:23:58,626 - DEBUG - Commission base: net (V1 ID 374)
2026-01-22 13:23:58,626 - DEBUG - Scraped commission for V1 ID 374: rate=10.0%, base=net
2026-01-22 13:23:58,702 - INFO - Updated commission for restaurant 234: rate=10.0%, base=net, enabled=True
2026-01-22 13:23:59,215 - INFO - [62/165] Beneci Pizza (V3 ID: 241, V1 ID: 383)
2026-01-22 13:23:59,215 - DEBUG - Navigating to: https://menuadmin.menu.ca/?p=restaurants&display=editRestaurant&restaurant=383&load=cfg&showLang=en
2026-01-22 13:24:01,043 - DEBUG - Commission base: net (V1 ID 383)
2026-01-22 13:24:01,043 - DEBUG - Scraped commission for V1 ID 383: rate=10.0%, base=net
2026-01-22 13:24:01,117 - INFO - Updated commission for restaurant 241: rate=10.0%, base=net, enabled=True
2026-01-22 13:24:01,620 - INFO - [63/165] Orchid Sushi (V3 ID: 245, V1 ID: 387)
2026-01-22 13:24:01,621 - DEBUG - Navigating to: https://menuadmin.menu.ca/?p=restaurants&display=editRestaurant&restaurant=387&load=cfg&showLang=en
2026-01-22 13:24:03,472 - DEBUG - Commission base: net (V1 ID 387)
2026-01-22 13:24:03,472 - DEBUG - Scraped commission for V1 ID 387: rate=8.0%, base=net
2026-01-22 13:24:03,543 - INFO - Updated commission for restaurant 245: rate=8.0%, base=net, enabled=True
2026-01-22 13:24:04,045 - INFO - [64/165] Milano (V3 ID: 265, V1 ID: 411)
2026-01-22 13:24:04,045 - DEBUG - Navigating to: https://menuadmin.menu.ca/?p=restaurants&display=editRestaurant&restaurant=411&load=cfg&showLang=en
2026-01-22 13:24:05,895 - DEBUG - Commission base: net (V1 ID 411)
2026-01-22 13:24:05,895 - DEBUG - Scraped commission for V1 ID 411: rate=10.0%, base=net
2026-01-22 13:24:05,966 - INFO - Updated commission for restaurant 265: rate=10.0%, base=net, enabled=True
2026-01-22 13:24:06,469 - INFO - [65/165] Lucky Fortune (V3 ID: 267, V1 ID: 413)
2026-01-22 13:24:06,469 - DEBUG - Navigating to: https://menuadmin.menu.ca/?p=restaurants&display=editRestaurant&restaurant=413&load=cfg&showLang=en
2026-01-22 13:24:08,300 - DEBUG - Commission base: net (V1 ID 413)
2026-01-22 13:24:08,300 - DEBUG - Scraped commission for V1 ID 413: rate=10.0%, base=net
2026-01-22 13:24:08,376 - INFO - Updated commission for restaurant 267: rate=10.0%, base=net, enabled=True
2026-01-22 13:24:08,880 - INFO - [66/165] Shaan Tandoori (V3 ID: 269, V1 ID: 415)
2026-01-22 13:24:08,881 - DEBUG - Navigating to: https://menuadmin.menu.ca/?p=restaurants&display=editRestaurant&restaurant=415&load=cfg&showLang=en
2026-01-22 13:24:10,758 - DEBUG - Commission base: net (V1 ID 415)
2026-01-22 13:24:10,758 - DEBUG - Scraped commission for V1 ID 415: rate=10.0%, base=net
2026-01-22 13:24:10,832 - INFO - Updated commission for restaurant 269: rate=10.0%, base=net, enabled=True
2026-01-22 13:24:11,334 - INFO - [67/165] JN Pizza (V3 ID: 328, V1 ID: 489)
2026-01-22 13:24:11,334 - DEBUG - Navigating to: https://menuadmin.menu.ca/?p=restaurants&display=editRestaurant&restaurant=489&load=cfg&showLang=en
2026-01-22 13:24:13,195 - DEBUG - Commission base: net (V1 ID 489)
2026-01-22 13:24:13,195 - DEBUG - Scraped commission for V1 ID 489: rate=10.0%, base=net
2026-01-22 13:24:13,268 - INFO - Updated commission for restaurant 328: rate=10.0%, base=net, enabled=True
2026-01-22 13:24:13,773 - INFO - [68/165] Sushi Express Chambly (V3 ID: 1017, V1 ID: 511)
2026-01-22 13:24:13,773 - DEBUG - Navigating to: https://menuadmin.menu.ca/?p=restaurants&display=editRestaurant&restaurant=511&load=cfg&showLang=en
2026-01-22 13:24:15,611 - DEBUG - Commission base: net (V1 ID 511)
2026-01-22 13:24:15,611 - DEBUG - Scraped commission for V1 ID 511: rate=10.0%, base=net
2026-01-22 13:24:15,682 - INFO - Updated commission for restaurant 1017: rate=10.0%, base=net, enabled=True
2026-01-22 13:24:16,182 - INFO - [69/165] Milano (V3 ID: 349, V1 ID: 512)
2026-01-22 13:24:16,182 - DEBUG - Navigating to: https://menuadmin.menu.ca/?p=restaurants&display=editRestaurant&restaurant=512&load=cfg&showLang=en
2026-01-22 13:24:18,008 - DEBUG - Commission base: net (V1 ID 512)
2026-01-22 13:24:18,008 - DEBUG - Scraped commission for V1 ID 512: rate=10.0%, base=net
2026-01-22 13:24:18,083 - INFO - Updated commission for restaurant 349: rate=10.0%, base=net, enabled=True
2026-01-22 13:24:18,589 - INFO - [70/165] Milano (V3 ID: 350, V1 ID: 513)
2026-01-22 13:24:18,589 - DEBUG - Navigating to: https://menuadmin.menu.ca/?p=restaurants&display=editRestaurant&restaurant=513&load=cfg&showLang=en
2026-01-22 13:24:20,443 - DEBUG - Commission base: net (V1 ID 513)
2026-01-22 13:24:20,443 - DEBUG - Scraped commission for V1 ID 513: rate=8.0%, base=net
2026-01-22 13:24:20,515 - INFO - Updated commission for restaurant 350: rate=8.0%, base=net, enabled=True
2026-01-22 13:24:21,018 - INFO - [71/165] Xtreme Pizza (V3 ID: 367, V1 ID: 532)
2026-01-22 13:24:21,019 - DEBUG - Navigating to: https://menuadmin.menu.ca/?p=restaurants&display=editRestaurant&restaurant=532&load=cfg&showLang=en
2026-01-22 13:24:22,900 - DEBUG - Commission base: net (V1 ID 532)
2026-01-22 13:24:22,900 - DEBUG - Scraped commission for V1 ID 532: rate=8.0%, base=net
2026-01-22 13:24:22,972 - INFO - Updated commission for restaurant 367: rate=8.0%, base=net, enabled=True
2026-01-22 13:24:23,473 - INFO - [72/165] Sachi Sushi (V3 ID: 376, V1 ID: 542)
2026-01-22 13:24:23,473 - DEBUG - Navigating to: https://menuadmin.menu.ca/?p=restaurants&display=editRestaurant&restaurant=542&load=cfg&showLang=en
2026-01-22 13:24:25,313 - DEBUG - Commission base: net (V1 ID 542)
2026-01-22 13:24:25,313 - DEBUG - Scraped commission for V1 ID 542: rate=10.0%, base=net
2026-01-22 13:24:25,392 - INFO - Updated commission for restaurant 376: rate=10.0%, base=net, enabled=True
2026-01-22 13:24:25,896 - INFO - [73/165] Yorgo's - Nepean (V3 ID: 985, V1 ID: 547)
2026-01-22 13:24:25,897 - DEBUG - Navigating to: https://menuadmin.menu.ca/?p=restaurants&display=editRestaurant&restaurant=547&load=cfg&showLang=en
2026-01-22 13:24:27,750 - DEBUG - Commission base: net (V1 ID 547)
2026-01-22 13:24:27,750 - DEBUG - Scraped commission for V1 ID 547: rate=7.0%, base=net
2026-01-22 13:24:27,823 - INFO - Updated commission for restaurant 985: rate=7.0%, base=net, enabled=True
2026-01-22 13:24:28,327 - INFO - [74/165] Papa Joe's Fried Chicken - Downtown (V3 ID: 437, V1 ID: 612)
2026-01-22 13:24:28,327 - DEBUG - Navigating to: https://menuadmin.menu.ca/?p=restaurants&display=editRestaurant&restaurant=612&load=cfg&showLang=en
2026-01-22 13:24:30,163 - DEBUG - Commission base: net (V1 ID 612)
2026-01-22 13:24:30,164 - DEBUG - Scraped commission for V1 ID 612: rate=10.0%, base=net
2026-01-22 13:24:30,236 - INFO - Updated commission for restaurant 437: rate=10.0%, base=net, enabled=True
2026-01-22 13:24:30,738 - INFO - [75/165] iCook Pho You (V3 ID: 479, V1 ID: 669)
2026-01-22 13:24:30,739 - DEBUG - Navigating to: https://menuadmin.menu.ca/?p=restaurants&display=editRestaurant&restaurant=669&load=cfg&showLang=en
2026-01-22 13:24:32,599 - DEBUG - Commission base: net (V1 ID 669)
2026-01-22 13:24:32,599 - DEBUG - Scraped commission for V1 ID 669: rate=10.0%, base=net
2026-01-22 13:24:32,675 - INFO - Updated commission for restaurant 479: rate=10.0%, base=net, enabled=True
2026-01-22 13:24:33,187 - INFO - [76/165] Ting's Kitchen (V3 ID: 941, V1 ID: 694)
2026-01-22 13:24:33,187 - DEBUG - Navigating to: https://menuadmin.menu.ca/?p=restaurants&display=editRestaurant&restaurant=694&load=cfg&showLang=en
2026-01-22 13:24:35,034 - DEBUG - Commission base: net (V1 ID 694)
2026-01-22 13:24:35,034 - DEBUG - Scraped commission for V1 ID 694: rate=10.0%, base=net
2026-01-22 13:24:35,108 - INFO - Updated commission for restaurant 941: rate=10.0%, base=net, enabled=True
2026-01-22 13:24:35,611 - INFO - [77/165] Light of India (V3 ID: 491, V1 ID: 695)
2026-01-22 13:24:35,612 - DEBUG - Navigating to: https://menuadmin.menu.ca/?p=restaurants&display=editRestaurant&restaurant=695&load=cfg&showLang=en
2026-01-22 13:24:37,455 - DEBUG - Commission base: net (V1 ID 695)
2026-01-22 13:24:37,455 - DEBUG - Scraped commission for V1 ID 695: rate=8.0%, base=net
2026-01-22 13:24:37,529 - INFO - Updated commission for restaurant 491: rate=8.0%, base=net, enabled=True
2026-01-22 13:24:38,033 - INFO - [78/165] Rangoli (V3 ID: 497, V1 ID: 701)
2026-01-22 13:24:38,033 - DEBUG - Navigating to: https://menuadmin.menu.ca/?p=restaurants&display=editRestaurant&restaurant=701&load=cfg&showLang=en
2026-01-22 13:24:39,873 - DEBUG - Commission base: net (V1 ID 701)
2026-01-22 13:24:39,874 - DEBUG - Scraped commission for V1 ID 701: rate=10.0%, base=net
2026-01-22 13:24:39,957 - INFO - Updated commission for restaurant 497: rate=10.0%, base=net, enabled=True
2026-01-22 13:24:40,466 - INFO - [79/165] Papa Pizza Val-Des-Monts (V3 ID: 1014, V1 ID: 703)
2026-01-22 13:24:40,467 - DEBUG - Navigating to: https://menuadmin.menu.ca/?p=restaurants&display=editRestaurant&restaurant=703&load=cfg&showLang=en
2026-01-22 13:24:42,336 - DEBUG - Commission base: net (V1 ID 703)
2026-01-22 13:24:42,336 - DEBUG - Scraped commission for V1 ID 703: rate=8.0%, base=net
2026-01-22 13:24:42,407 - INFO - Updated commission for restaurant 1014: rate=8.0%, base=net, enabled=True
2026-01-22 13:24:42,913 - INFO - [80/165] New Hong Kong (V3 ID: 502, V1 ID: 707)
2026-01-22 13:24:42,913 - DEBUG - Navigating to: https://menuadmin.menu.ca/?p=restaurants&display=editRestaurant&restaurant=707&load=cfg&showLang=en
2026-01-22 13:24:44,759 - DEBUG - Commission base: net (V1 ID 707)
2026-01-22 13:24:44,759 - DEBUG - Scraped commission for V1 ID 707: rate=8.0%, base=net
2026-01-22 13:24:44,839 - INFO - Updated commission for restaurant 502: rate=8.0%, base=net, enabled=True
2026-01-22 13:24:45,343 - INFO - [81/165] Pizza Lovers Hunt Club (V3 ID: 507, V1 ID: 712)
2026-01-22 13:24:45,344 - DEBUG - Navigating to: https://menuadmin.menu.ca/?p=restaurants&display=editRestaurant&restaurant=712&load=cfg&showLang=en
2026-01-22 13:24:47,191 - DEBUG - Commission base: net (V1 ID 712)
2026-01-22 13:24:47,192 - DEBUG - Scraped commission for V1 ID 712: rate=10.0%, base=net
2026-01-22 13:24:47,268 - INFO - Updated commission for restaurant 507: rate=10.0%, base=net, enabled=True
2026-01-22 13:24:47,780 - INFO - [82/165] Egg Roll Factory (V3 ID: 511, V1 ID: 716)
2026-01-22 13:24:47,780 - DEBUG - Navigating to: https://menuadmin.menu.ca/?p=restaurants&display=editRestaurant&restaurant=716&load=cfg&showLang=en
2026-01-22 13:24:49,626 - DEBUG - Commission base: net (V1 ID 716)
2026-01-22 13:24:49,626 - DEBUG - Scraped commission for V1 ID 716: rate=8.0%, base=net
2026-01-22 13:24:49,702 - INFO - Updated commission for restaurant 511: rate=8.0%, base=net, enabled=True
2026-01-22 13:24:50,204 - INFO - [83/165] Napolis (V3 ID: 515, V1 ID: 721)
2026-01-22 13:24:50,204 - DEBUG - Navigating to: https://menuadmin.menu.ca/?p=restaurants&display=editRestaurant&restaurant=721&load=cfg&showLang=en
2026-01-22 13:24:52,072 - DEBUG - Commission base: net (V1 ID 721)
2026-01-22 13:24:52,072 - DEBUG - Scraped commission for V1 ID 721: rate=10.0%, base=net
2026-01-22 13:24:52,162 - INFO - Updated commission for restaurant 515: rate=10.0%, base=net, enabled=True
2026-01-22 13:24:52,664 - INFO - [84/165] HaNoi Pho (V3 ID: 519, V1 ID: 727)
2026-01-22 13:24:52,664 - DEBUG - Navigating to: https://menuadmin.menu.ca/?p=restaurants&display=editRestaurant&restaurant=727&load=cfg&showLang=en
2026-01-22 13:24:54,506 - DEBUG - Commission base: net (V1 ID 727)
2026-01-22 13:24:54,506 - DEBUG - Scraped commission for V1 ID 727: rate=10.0%, base=net
2026-01-22 13:24:54,586 - INFO - Updated commission for restaurant 519: rate=10.0%, base=net, enabled=True
2026-01-22 13:24:55,088 - INFO - [85/165] Palermo Pizzeria (V3 ID: 521, V1 ID: 729)
2026-01-22 13:24:55,088 - DEBUG - Navigating to: https://menuadmin.menu.ca/?p=restaurants&display=editRestaurant&restaurant=729&load=cfg&showLang=en
2026-01-22 13:24:56,926 - DEBUG - Commission base: net (V1 ID 729)
2026-01-22 13:24:56,926 - DEBUG - Scraped commission for V1 ID 729: rate=10.0%, base=net
2026-01-22 13:24:56,998 - INFO - Updated commission for restaurant 521: rate=10.0%, base=net, enabled=True
2026-01-22 13:24:57,500 - INFO - [86/165] Papa Grecque des Flandres (V3 ID: 540, V1 ID: 758)
2026-01-22 13:24:57,500 - DEBUG - Navigating to: https://menuadmin.menu.ca/?p=restaurants&display=editRestaurant&restaurant=758&load=cfg&showLang=en
2026-01-22 13:24:59,350 - DEBUG - Commission base: net (V1 ID 758)
2026-01-22 13:24:59,350 - DEBUG - Scraped commission for V1 ID 758: rate=8.0%, base=net
2026-01-22 13:24:59,427 - INFO - Updated commission for restaurant 540: rate=8.0%, base=net, enabled=True
2026-01-22 13:24:59,936 - INFO - [87/165] Aahar The Taste of India (V3 ID: 561, V1 ID: 781)
2026-01-22 13:24:59,936 - DEBUG - Navigating to: https://menuadmin.menu.ca/?p=restaurants&display=editRestaurant&restaurant=781&load=cfg&showLang=en
2026-01-22 13:25:01,805 - DEBUG - Commission base: net (V1 ID 781)
2026-01-22 13:25:01,805 - DEBUG - Scraped commission for V1 ID 781: rate=7.0%, base=net
2026-01-22 13:25:01,882 - INFO - Updated commission for restaurant 561: rate=7.0%, base=net, enabled=True
2026-01-22 13:25:02,385 - INFO - [88/165] Pizza des Hautes Plaines (V3 ID: 562, V1 ID: 782)
2026-01-22 13:25:02,385 - DEBUG - Navigating to: https://menuadmin.menu.ca/?p=restaurants&display=editRestaurant&restaurant=782&load=cfg&showLang=en
2026-01-22 13:25:04,231 - DEBUG - Commission base: net (V1 ID 782)
2026-01-22 13:25:04,231 - DEBUG - Scraped commission for V1 ID 782: rate=8.0%, base=net
2026-01-22 13:25:04,311 - INFO - Updated commission for restaurant 562: rate=8.0%, base=net, enabled=True
2026-01-22 13:25:04,814 - INFO - [89/165] Milano (V3 ID: 565, V1 ID: 785)
2026-01-22 13:25:04,815 - DEBUG - Navigating to: https://menuadmin.menu.ca/?p=restaurants&display=editRestaurant&restaurant=785&load=cfg&showLang=en
2026-01-22 13:25:06,666 - DEBUG - Commission base: net (V1 ID 785)
2026-01-22 13:25:06,666 - DEBUG - Scraped commission for V1 ID 785: rate=10.0%, base=net
2026-01-22 13:25:06,746 - INFO - Updated commission for restaurant 565: rate=10.0%, base=net, enabled=True
2026-01-22 13:25:07,250 - INFO - [90/165] Milano (V3 ID: 569, V1 ID: 789)
2026-01-22 13:25:07,251 - DEBUG - Navigating to: https://menuadmin.menu.ca/?p=restaurants&display=editRestaurant&restaurant=789&load=cfg&showLang=en
2026-01-22 13:25:09,105 - DEBUG - Commission base: net (V1 ID 789)
2026-01-22 13:25:09,105 - DEBUG - Scraped commission for V1 ID 789: rate=10.0%, base=net
2026-01-22 13:25:09,180 - INFO - Updated commission for restaurant 569: rate=10.0%, base=net, enabled=True
2026-01-22 13:25:09,680 - INFO - [91/165] Crispy's (V3 ID: 584, V1 ID: 805)
2026-01-22 13:25:09,681 - DEBUG - Navigating to: https://menuadmin.menu.ca/?p=restaurants&display=editRestaurant&restaurant=805&load=cfg&showLang=en
2026-01-22 13:25:11,541 - DEBUG - Commission base: net (V1 ID 805)
2026-01-22 13:25:11,541 - DEBUG - Scraped commission for V1 ID 805: rate=10.0%, base=net
2026-01-22 13:25:11,620 - INFO - Updated commission for restaurant 584: rate=10.0%, base=net, enabled=True
2026-01-22 13:25:12,129 - INFO - [92/165] Milano (V3 ID: 586, V1 ID: 807)
2026-01-22 13:25:12,129 - DEBUG - Navigating to: https://menuadmin.menu.ca/?p=restaurants&display=editRestaurant&restaurant=807&load=cfg&showLang=en
2026-01-22 13:25:13,982 - DEBUG - Commission base: net (V1 ID 807)
2026-01-22 13:25:13,982 - DEBUG - Scraped commission for V1 ID 807: rate=10.0%, base=net
2026-01-22 13:25:14,055 - INFO - Updated commission for restaurant 586: rate=10.0%, base=net, enabled=True
2026-01-22 13:25:14,559 - INFO - [93/165] Milano (V3 ID: 593, V1 ID: 815)
2026-01-22 13:25:14,559 - DEBUG - Navigating to: https://menuadmin.menu.ca/?p=restaurants&display=editRestaurant&restaurant=815&load=cfg&showLang=en
2026-01-22 13:25:16,405 - DEBUG - Commission base: net (V1 ID 815)
2026-01-22 13:25:16,405 - DEBUG - Scraped commission for V1 ID 815: rate=10.0%, base=net
2026-01-22 13:25:16,478 - INFO - Updated commission for restaurant 593: rate=10.0%, base=net, enabled=True
2026-01-22 13:25:16,983 - INFO - [94/165] Supreme Pizzeria (V3 ID: 595, V1 ID: 817)
2026-01-22 13:25:16,983 - DEBUG - Navigating to: https://menuadmin.menu.ca/?p=restaurants&display=editRestaurant&restaurant=817&load=cfg&showLang=en
2026-01-22 13:25:18,846 - DEBUG - Commission base: net (V1 ID 817)
2026-01-22 13:25:18,847 - DEBUG - Scraped commission for V1 ID 817: rate=10.0%, base=net
2026-01-22 13:25:18,919 - INFO - Updated commission for restaurant 595: rate=10.0%, base=net, enabled=True
2026-01-22 13:25:19,425 - INFO - [95/165] Sushi Fleury (V3 ID: 596, V1 ID: 818)
2026-01-22 13:25:19,426 - DEBUG - Navigating to: https://menuadmin.menu.ca/?p=restaurants&display=editRestaurant&restaurant=818&load=cfg&showLang=en
2026-01-22 13:25:21,269 - DEBUG - Commission base: net (V1 ID 818)
2026-01-22 13:25:21,270 - DEBUG - Scraped commission for V1 ID 818: rate=10.0%, base=net
2026-01-22 13:25:21,350 - INFO - Updated commission for restaurant 596: rate=10.0%, base=net, enabled=True
2026-01-22 13:25:21,856 - INFO - [96/165] Milano (V3 ID: 601, V1 ID: 824)
2026-01-22 13:25:21,856 - DEBUG - Navigating to: https://menuadmin.menu.ca/?p=restaurants&display=editRestaurant&restaurant=824&load=cfg&showLang=en
2026-01-22 13:25:23,709 - DEBUG - Commission base: net (V1 ID 824)
2026-01-22 13:25:23,709 - DEBUG - Scraped commission for V1 ID 824: rate=10.0%, base=net
2026-01-22 13:25:23,785 - INFO - Updated commission for restaurant 601: rate=10.0%, base=net, enabled=True
2026-01-22 13:25:24,292 - INFO - [97/165] Papa Pizza Cantley (V3 ID: 602, V1 ID: 825)
2026-01-22 13:25:24,292 - DEBUG - Navigating to: https://menuadmin.menu.ca/?p=restaurants&display=editRestaurant&restaurant=825&load=cfg&showLang=en
2026-01-22 13:25:26,130 - DEBUG - Commission base: net (V1 ID 825)
2026-01-22 13:25:26,130 - DEBUG - Scraped commission for V1 ID 825: rate=8.0%, base=net
2026-01-22 13:25:26,222 - INFO - Updated commission for restaurant 602: rate=8.0%, base=net, enabled=True
2026-01-22 13:25:26,729 - INFO - [98/165] Aroy Thai (V3 ID: 607, V1 ID: 830)
2026-01-22 13:25:26,729 - DEBUG - Navigating to: https://menuadmin.menu.ca/?p=restaurants&display=editRestaurant&restaurant=830&load=cfg&showLang=en
2026-01-22 13:25:28,584 - DEBUG - Commission base: net (V1 ID 830)
2026-01-22 13:25:28,584 - DEBUG - Scraped commission for V1 ID 830: rate=10.0%, base=net
2026-01-22 13:25:28,660 - INFO - Updated commission for restaurant 607: rate=10.0%, base=net, enabled=True
2026-01-22 13:25:29,170 - INFO - [99/165] Marina Pizza des Flandres  (V3 ID: 614, V1 ID: 838)
2026-01-22 13:25:29,170 - DEBUG - Navigating to: https://menuadmin.menu.ca/?p=restaurants&display=editRestaurant&restaurant=838&load=cfg&showLang=en
2026-01-22 13:25:31,020 - DEBUG - Commission base: net (V1 ID 838)
2026-01-22 13:25:31,020 - DEBUG - Scraped commission for V1 ID 838: rate=8.0%, base=net
2026-01-22 13:25:31,103 - INFO - Updated commission for restaurant 614: rate=8.0%, base=net, enabled=True
2026-01-22 13:25:31,606 - INFO - [100/165] Papa Grecque Maloney  (V3 ID: 616, V1 ID: 840)
2026-01-22 13:25:31,606 - DEBUG - Navigating to: https://menuadmin.menu.ca/?p=restaurants&display=editRestaurant&restaurant=840&load=cfg&showLang=en
2026-01-22 13:25:33,455 - DEBUG - Commission base: net (V1 ID 840)
2026-01-22 13:25:33,455 - DEBUG - Scraped commission for V1 ID 840: rate=8.0%, base=net
2026-01-22 13:25:33,528 - INFO - Updated commission for restaurant 616: rate=8.0%, base=net, enabled=True
2026-01-22 13:25:34,031 - INFO - [101/165] Milano (V3 ID: 624, V1 ID: 850)
2026-01-22 13:25:34,031 - DEBUG - Navigating to: https://menuadmin.menu.ca/?p=restaurants&display=editRestaurant&restaurant=850&load=cfg&showLang=en
2026-01-22 13:25:35,885 - DEBUG - Commission base: net (V1 ID 850)
2026-01-22 13:25:35,885 - DEBUG - Scraped commission for V1 ID 850: rate=10.0%, base=net
2026-01-22 13:25:35,961 - INFO - Updated commission for restaurant 624: rate=10.0%, base=net, enabled=True
2026-01-22 13:25:36,472 - INFO - [102/165] Asia Garden Ottawa (V3 ID: 630, V1 ID: 856)
2026-01-22 13:25:36,472 - DEBUG - Navigating to: https://menuadmin.menu.ca/?p=restaurants&display=editRestaurant&restaurant=856&load=cfg&showLang=en
2026-01-22 13:25:38,353 - DEBUG - Commission base: net (V1 ID 856)
2026-01-22 13:25:38,353 - DEBUG - Scraped commission for V1 ID 856: rate=8.0%, base=net
2026-01-22 13:25:38,434 - INFO - Updated commission for restaurant 630: rate=8.0%, base=net, enabled=True
2026-01-22 13:25:38,939 - INFO - [103/165] Joes Family Pizzeria (V3 ID: 636, V1 ID: 863)
2026-01-22 13:25:38,939 - DEBUG - Navigating to: https://menuadmin.menu.ca/?p=restaurants&display=editRestaurant&restaurant=863&load=cfg&showLang=en
2026-01-22 13:25:40,780 - DEBUG - Commission base: net (V1 ID 863)
2026-01-22 13:25:40,780 - DEBUG - Scraped commission for V1 ID 863: rate=6.0%, base=net
2026-01-22 13:25:40,857 - INFO - Updated commission for restaurant 636: rate=6.0%, base=net, enabled=True
2026-01-22 13:25:41,363 - INFO - [104/165] Digby's Restaurant (V3 ID: 638, V1 ID: 865)
2026-01-22 13:25:41,363 - DEBUG - Navigating to: https://menuadmin.menu.ca/?p=restaurants&display=editRestaurant&restaurant=865&load=cfg&showLang=en
2026-01-22 13:25:43,218 - DEBUG - Commission base: net (V1 ID 865)
2026-01-22 13:25:43,218 - DEBUG - Scraped commission for V1 ID 865: rate=10.0%, base=net
2026-01-22 13:25:43,290 - INFO - Updated commission for restaurant 638: rate=10.0%, base=net, enabled=True
2026-01-22 13:25:43,793 - INFO - [105/165] China Moon (V3 ID: 641, V1 ID: 869)
2026-01-22 13:25:43,793 - DEBUG - Navigating to: https://menuadmin.menu.ca/?p=restaurants&display=editRestaurant&restaurant=869&load=cfg&showLang=en
2026-01-22 13:25:45,637 - DEBUG - Commission base: net (V1 ID 869)
2026-01-22 13:25:45,637 - DEBUG - Scraped commission for V1 ID 869: rate=10.0%, base=net
2026-01-22 13:25:45,711 - INFO - Updated commission for restaurant 641: rate=10.0%, base=net, enabled=True
2026-01-22 13:25:46,211 - INFO - [106/165] Mozza Pizza Hull (V3 ID: 644, V1 ID: 872)
2026-01-22 13:25:46,212 - DEBUG - Navigating to: https://menuadmin.menu.ca/?p=restaurants&display=editRestaurant&restaurant=872&load=cfg&showLang=en
2026-01-22 13:25:48,072 - DEBUG - Commission base: net (V1 ID 872)
2026-01-22 13:25:48,072 - DEBUG - Scraped commission for V1 ID 872: rate=8.0%, base=net
2026-01-22 13:25:48,146 - INFO - Updated commission for restaurant 644: rate=8.0%, base=net, enabled=True
2026-01-22 13:25:48,653 - INFO - [107/165] JC Royal Thai Cuisine (V3 ID: 646, V1 ID: 874)
2026-01-22 13:25:48,653 - DEBUG - Navigating to: https://menuadmin.menu.ca/?p=restaurants&display=editRestaurant&restaurant=874&load=cfg&showLang=en
2026-01-22 13:25:50,504 - DEBUG - Commission base: net (V1 ID 874)
2026-01-22 13:25:50,504 - DEBUG - Scraped commission for V1 ID 874: rate=8.0%, base=net
2026-01-22 13:25:50,580 - INFO - Updated commission for restaurant 646: rate=8.0%, base=net, enabled=True
2026-01-22 13:25:51,083 - INFO - [108/165] Milano (V3 ID: 651, V1 ID: 879)
2026-01-22 13:25:51,084 - DEBUG - Navigating to: https://menuadmin.menu.ca/?p=restaurants&display=editRestaurant&restaurant=879&load=cfg&showLang=en
2026-01-22 13:25:52,923 - DEBUG - Commission base: net (V1 ID 879)
2026-01-22 13:25:52,923 - DEBUG - Scraped commission for V1 ID 879: rate=10.0%, base=net
2026-01-22 13:25:52,999 - INFO - Updated commission for restaurant 651: rate=10.0%, base=net, enabled=True
2026-01-22 13:25:53,502 - INFO - [109/165] Milano (V3 ID: 660, V1 ID: 889)
2026-01-22 13:25:53,502 - DEBUG - Navigating to: https://menuadmin.menu.ca/?p=restaurants&display=editRestaurant&restaurant=889&load=cfg&showLang=en
2026-01-22 13:25:55,376 - DEBUG - Commission base: net (V1 ID 889)
2026-01-22 13:25:55,376 - DEBUG - Scraped commission for V1 ID 889: rate=10.0%, base=net
2026-01-22 13:25:55,451 - INFO - Updated commission for restaurant 660: rate=10.0%, base=net, enabled=True
2026-01-22 13:25:55,956 - INFO - [110/165] Milano (V3 ID: 680, V1 ID: 913)
2026-01-22 13:25:55,956 - DEBUG - Navigating to: https://menuadmin.menu.ca/?p=restaurants&display=editRestaurant&restaurant=913&load=cfg&showLang=en
2026-01-22 13:25:57,819 - DEBUG - Commission base: net (V1 ID 913)
2026-01-22 13:25:57,819 - DEBUG - Scraped commission for V1 ID 913: rate=10.0%, base=net
2026-01-22 13:25:57,894 - INFO - Updated commission for restaurant 680: rate=10.0%, base=net, enabled=True
2026-01-22 13:25:58,404 - INFO - [111/165] Oka's Hull (V3 ID: 681, V1 ID: 914)
2026-01-22 13:25:58,404 - DEBUG - Navigating to: https://menuadmin.menu.ca/?p=restaurants&display=editRestaurant&restaurant=914&load=cfg&showLang=en
2026-01-22 13:26:00,265 - DEBUG - Commission base: net (V1 ID 914)
2026-01-22 13:26:00,265 - DEBUG - Scraped commission for V1 ID 914: rate=10.0%, base=net
2026-01-22 13:26:00,338 - INFO - Updated commission for restaurant 681: rate=10.0%, base=net, enabled=True
2026-01-22 13:26:00,840 - INFO - [112/165] Pizza Maisonneuve (V3 ID: 696, V1 ID: 930)
2026-01-22 13:26:00,840 - DEBUG - Navigating to: https://menuadmin.menu.ca/?p=restaurants&display=editRestaurant&restaurant=930&load=cfg&showLang=en
2026-01-22 13:26:02,695 - DEBUG - Commission base: net (V1 ID 930)
2026-01-22 13:26:02,695 - DEBUG - Scraped commission for V1 ID 930: rate=10.0%, base=net
2026-01-22 13:26:02,769 - INFO - Updated commission for restaurant 696: rate=10.0%, base=net, enabled=True
2026-01-22 13:26:03,270 - INFO - [113/165] Milano (V3 ID: 701, V1 ID: 937)
2026-01-22 13:26:03,270 - DEBUG - Navigating to: https://menuadmin.menu.ca/?p=restaurants&display=editRestaurant&restaurant=937&load=cfg&showLang=en
2026-01-22 13:26:05,115 - DEBUG - Commission base: net (V1 ID 937)
2026-01-22 13:26:05,115 - DEBUG - Scraped commission for V1 ID 937: rate=10.0%, base=net
2026-01-22 13:26:05,199 - INFO - Updated commission for restaurant 701: rate=10.0%, base=net, enabled=True
2026-01-22 13:26:05,701 - INFO - [114/165] Supreme Pizzeria (V3 ID: 711, V1 ID: 947)
2026-01-22 13:26:05,701 - DEBUG - Navigating to: https://menuadmin.menu.ca/?p=restaurants&display=editRestaurant&restaurant=947&load=cfg&showLang=en
2026-01-22 13:26:07,574 - DEBUG - Commission base: net (V1 ID 947)
2026-01-22 13:26:07,574 - DEBUG - Scraped commission for V1 ID 947: rate=10.0%, base=net
2026-01-22 13:26:07,653 - INFO - Updated commission for restaurant 711: rate=10.0%, base=net, enabled=True
2026-01-22 13:26:08,155 - INFO - [115/165] Patate Lou Lou (V3 ID: 712, V1 ID: 948)
2026-01-22 13:26:08,155 - DEBUG - Navigating to: https://menuadmin.menu.ca/?p=restaurants&display=editRestaurant&restaurant=948&load=cfg&showLang=en
2026-01-22 13:26:10,011 - DEBUG - Commission base: net (V1 ID 948)
2026-01-22 13:26:10,011 - DEBUG - Scraped commission for V1 ID 948: rate=10.0%, base=net
2026-01-22 13:26:10,090 - INFO - Updated commission for restaurant 712: rate=10.0%, base=net, enabled=True
2026-01-22 13:26:10,591 - INFO - [116/165] Ogilvie Pizza (V3 ID: 714, V1 ID: 951)
2026-01-22 13:26:10,591 - DEBUG - Navigating to: https://menuadmin.menu.ca/?p=restaurants&display=editRestaurant&restaurant=951&load=cfg&showLang=en
2026-01-22 13:26:12,452 - DEBUG - Commission base: net (V1 ID 951)
2026-01-22 13:26:12,452 - DEBUG - Scraped commission for V1 ID 951: rate=10.0%, base=net
2026-01-22 13:26:12,529 - INFO - Updated commission for restaurant 714: rate=10.0%, base=net, enabled=True
2026-01-22 13:26:13,033 - INFO - [117/165] La Poutinerie Ogilvie (V3 ID: 715, V1 ID: 952)
2026-01-22 13:26:13,033 - DEBUG - Navigating to: https://menuadmin.menu.ca/?p=restaurants&display=editRestaurant&restaurant=952&load=cfg&showLang=en
2026-01-22 13:26:14,903 - DEBUG - Commission base: net (V1 ID 952)
2026-01-22 13:26:14,903 - DEBUG - Scraped commission for V1 ID 952: rate=10.0%, base=net
2026-01-22 13:26:14,977 - INFO - Updated commission for restaurant 715: rate=10.0%, base=net, enabled=True
2026-01-22 13:26:15,481 - INFO - [118/165] PizzaRama (V3 ID: 716, V1 ID: 953)
2026-01-22 13:26:15,481 - DEBUG - Navigating to: https://menuadmin.menu.ca/?p=restaurants&display=editRestaurant&restaurant=953&load=cfg&showLang=en
2026-01-22 13:26:17,354 - DEBUG - Commission base: net (V1 ID 953)
2026-01-22 13:26:17,355 - DEBUG - Scraped commission for V1 ID 953: rate=10.0%, base=net
2026-01-22 13:26:17,432 - INFO - Updated commission for restaurant 716: rate=10.0%, base=net, enabled=True
2026-01-22 13:26:17,935 - INFO - [119/165] La Maison Pho (V3 ID: 721, V1 ID: 959)
2026-01-22 13:26:17,935 - DEBUG - Navigating to: https://menuadmin.menu.ca/?p=restaurants&display=editRestaurant&restaurant=959&load=cfg&showLang=en
2026-01-22 13:26:19,788 - DEBUG - Commission base: net (V1 ID 959)
2026-01-22 13:26:19,788 - DEBUG - Scraped commission for V1 ID 959: rate=10.0%, base=net
2026-01-22 13:26:19,866 - INFO - Updated commission for restaurant 721: rate=10.0%, base=net, enabled=True
2026-01-22 13:26:20,371 - INFO - [120/165] Pizza Joanna (V3 ID: 726, V1 ID: 964)
2026-01-22 13:26:20,371 - DEBUG - Navigating to: https://menuadmin.menu.ca/?p=restaurants&display=editRestaurant&restaurant=964&load=cfg&showLang=en
2026-01-22 13:26:22,263 - DEBUG - Commission base: net (V1 ID 964)
2026-01-22 13:26:22,263 - DEBUG - Scraped commission for V1 ID 964: rate=10.0%, base=net
2026-01-22 13:26:22,341 - INFO - Updated commission for restaurant 726: rate=10.0%, base=net, enabled=True
2026-01-22 13:26:22,845 - INFO - [121/165] La Maison du Burger (V3 ID: 727, V1 ID: 965)
2026-01-22 13:26:22,845 - DEBUG - Navigating to: https://menuadmin.menu.ca/?p=restaurants&display=editRestaurant&restaurant=965&load=cfg&showLang=en
2026-01-22 13:26:24,710 - DEBUG - Commission base: net (V1 ID 965)
2026-01-22 13:26:24,710 - DEBUG - Scraped commission for V1 ID 965: rate=8.0%, base=net
2026-01-22 13:26:24,786 - INFO - Updated commission for restaurant 727: rate=8.0%, base=net, enabled=True
2026-01-22 13:26:25,298 - INFO - [122/165] Friendly Restaurant and Pizzeria (V3 ID: 730, V1 ID: 968)
2026-01-22 13:26:25,298 - DEBUG - Navigating to: https://menuadmin.menu.ca/?p=restaurants&display=editRestaurant&restaurant=968&load=cfg&showLang=en
2026-01-22 13:26:27,145 - DEBUG - Commission base: net (V1 ID 968)
2026-01-22 13:26:27,145 - DEBUG - Scraped commission for V1 ID 968: rate=10.0%, base=net
2026-01-22 13:26:27,221 - INFO - Updated commission for restaurant 730: rate=10.0%, base=net, enabled=True
2026-01-22 13:26:27,723 - INFO - [123/165] Amicci Pizza (V3 ID: 735, V1 ID: 973)
2026-01-22 13:26:27,723 - DEBUG - Navigating to: https://menuadmin.menu.ca/?p=restaurants&display=editRestaurant&restaurant=973&load=cfg&showLang=en
2026-01-22 13:26:29,587 - DEBUG - Commission base: net (V1 ID 973)
2026-01-22 13:26:29,587 - DEBUG - Scraped commission for V1 ID 973: rate=10.0%, base=net
2026-01-22 13:26:29,663 - INFO - Updated commission for restaurant 735: rate=10.0%, base=net, enabled=True
2026-01-22 13:26:30,170 - INFO - [124/165] Greber Pizza et Shawarma (V3 ID: 736, V1 ID: 974)
2026-01-22 13:26:30,171 - DEBUG - Navigating to: https://menuadmin.menu.ca/?p=restaurants&display=editRestaurant&restaurant=974&load=cfg&showLang=en
2026-01-22 13:26:32,043 - DEBUG - Commission base: net (V1 ID 974)
2026-01-22 13:26:32,043 - DEBUG - Scraped commission for V1 ID 974: rate=10.0%, base=net
2026-01-22 13:26:32,127 - INFO - Updated commission for restaurant 736: rate=10.0%, base=net, enabled=True
2026-01-22 13:26:32,631 - INFO - [125/165] Sala Thai (V3 ID: 745, V1 ID: 983)
2026-01-22 13:26:32,631 - DEBUG - Navigating to: https://menuadmin.menu.ca/?p=restaurants&display=editRestaurant&restaurant=983&load=cfg&showLang=en
2026-01-22 13:26:34,470 - DEBUG - Commission base: net (V1 ID 983)
2026-01-22 13:26:34,470 - DEBUG - Scraped commission for V1 ID 983: rate=8.0%, base=net
2026-01-22 13:26:34,546 - INFO - Updated commission for restaurant 745: rate=8.0%, base=net, enabled=True
2026-01-22 13:26:35,054 - INFO - [126/165] Milano (V3 ID: 749, V1 ID: 987)
2026-01-22 13:26:35,055 - DEBUG - Navigating to: https://menuadmin.menu.ca/?p=restaurants&display=editRestaurant&restaurant=987&load=cfg&showLang=en
2026-01-22 13:26:36,890 - DEBUG - Commission base: net (V1 ID 987)
2026-01-22 13:26:36,891 - DEBUG - Scraped commission for V1 ID 987: rate=10.0%, base=net
2026-01-22 13:26:36,964 - INFO - Updated commission for restaurant 749: rate=10.0%, base=net, enabled=True
2026-01-22 13:26:37,467 - INFO - [127/165] Milano (V3 ID: 751, V1 ID: 989)
2026-01-22 13:26:37,467 - DEBUG - Navigating to: https://menuadmin.menu.ca/?p=restaurants&display=editRestaurant&restaurant=989&load=cfg&showLang=en
2026-01-22 13:26:39,328 - DEBUG - Commission base: net (V1 ID 989)
2026-01-22 13:26:39,328 - DEBUG - Scraped commission for V1 ID 989: rate=10.0%, base=net
2026-01-22 13:26:39,402 - INFO - Updated commission for restaurant 751: rate=10.0%, base=net, enabled=True
2026-01-22 13:26:39,904 - INFO - [128/165] Little Gyros Greek Grill (V3 ID: 756, V1 ID: 998)
2026-01-22 13:26:39,904 - DEBUG - Navigating to: https://menuadmin.menu.ca/?p=restaurants&display=editRestaurant&restaurant=998&load=cfg&showLang=en
2026-01-22 13:26:41,772 - DEBUG - Commission base: net (V1 ID 998)
2026-01-22 13:26:41,772 - DEBUG - Scraped commission for V1 ID 998: rate=0.0%, base=net
2026-01-22 13:26:41,853 - INFO - Updated commission for restaurant 756: rate=0.0%, base=net, enabled=False
2026-01-22 13:26:42,358 - INFO - [129/165] All Out Burger Bank St. (V3 ID: 924, V1 ID: 1013)
2026-01-22 13:26:42,358 - DEBUG - Navigating to: https://menuadmin.menu.ca/?p=restaurants&display=editRestaurant&restaurant=1013&load=cfg&showLang=en
2026-01-22 13:26:44,206 - DEBUG - Commission base: net (V1 ID 1013)
2026-01-22 13:26:44,206 - DEBUG - Scraped commission for V1 ID 1013: rate=10.0%, base=net
2026-01-22 13:26:44,278 - INFO - Updated commission for restaurant 924: rate=10.0%, base=net, enabled=True
2026-01-22 13:26:44,782 - INFO - [130/165] Colonnade Pizza (V3 ID: 783, V1 ID: 1025)
2026-01-22 13:26:44,782 - DEBUG - Navigating to: https://menuadmin.menu.ca/?p=restaurants&display=editRestaurant&restaurant=1025&load=cfg&showLang=en
2026-01-22 13:26:46,603 - DEBUG - Commission base: net (V1 ID 1025)
2026-01-22 13:26:46,603 - DEBUG - Scraped commission for V1 ID 1025: rate=10.0%, base=net
2026-01-22 13:26:46,680 - INFO - Updated commission for restaurant 783: rate=10.0%, base=net, enabled=True
2026-01-22 13:26:47,182 - INFO - [131/165] Colonnade Pizza (V3 ID: 784, V1 ID: 1027)
2026-01-22 13:26:47,182 - DEBUG - Navigating to: https://menuadmin.menu.ca/?p=restaurants&display=editRestaurant&restaurant=1027&load=cfg&showLang=en
2026-01-22 13:26:49,038 - DEBUG - Commission base: net (V1 ID 1027)
2026-01-22 13:26:49,038 - DEBUG - Scraped commission for V1 ID 1027: rate=10.0%, base=net
2026-01-22 13:26:49,129 - INFO - Updated commission for restaurant 784: rate=10.0%, base=net, enabled=True
2026-01-22 13:26:49,642 - INFO - [132/165] Colonnade Pizza (V3 ID: 785, V1 ID: 1028)
2026-01-22 13:26:49,642 - DEBUG - Navigating to: https://menuadmin.menu.ca/?p=restaurants&display=editRestaurant&restaurant=1028&load=cfg&showLang=en
2026-01-22 13:26:51,525 - DEBUG - Commission base: net (V1 ID 1028)
2026-01-22 13:26:51,525 - DEBUG - Scraped commission for V1 ID 1028: rate=10.0%, base=net
2026-01-22 13:26:51,601 - INFO - Updated commission for restaurant 785: rate=10.0%, base=net, enabled=True
2026-01-22 13:26:52,102 - INFO - [133/165] Poutinerie Quï¿½becurds Hull (V3 ID: 789, V1 ID: 1032)
2026-01-22 13:26:52,102 - DEBUG - Navigating to: https://menuadmin.menu.ca/?p=restaurants&display=editRestaurant&restaurant=1032&load=cfg&showLang=en
2026-01-22 13:26:54,003 - DEBUG - Commission base: net (V1 ID 1032)
2026-01-22 13:26:54,003 - DEBUG - Scraped commission for V1 ID 1032: rate=10.0%, base=net
2026-01-22 13:26:54,077 - INFO - Updated commission for restaurant 789: rate=10.0%, base=net, enabled=True
2026-01-22 13:26:54,581 - INFO - [134/165] Nachos Loco Hull (V3 ID: 790, V1 ID: 1033)
2026-01-22 13:26:54,581 - DEBUG - Navigating to: https://menuadmin.menu.ca/?p=restaurants&display=editRestaurant&restaurant=1033&load=cfg&showLang=en
2026-01-22 13:26:56,419 - DEBUG - Commission base: net (V1 ID 1033)
2026-01-22 13:26:56,419 - DEBUG - Scraped commission for V1 ID 1033: rate=10.0%, base=net
2026-01-22 13:26:56,501 - INFO - Updated commission for restaurant 790: rate=10.0%, base=net, enabled=True
2026-01-22 13:26:57,005 - INFO - [135/165] Dumpling Bowl (V3 ID: 792, V1 ID: 1035)
2026-01-22 13:26:57,005 - DEBUG - Navigating to: https://menuadmin.menu.ca/?p=restaurants&display=editRestaurant&restaurant=1035&load=cfg&showLang=en
2026-01-22 13:26:58,862 - DEBUG - Commission base: net (V1 ID 1035)
2026-01-22 13:26:58,862 - DEBUG - Scraped commission for V1 ID 1035: rate=10.0%, base=net
2026-01-22 13:26:58,937 - INFO - Updated commission for restaurant 792: rate=10.0%, base=net, enabled=True
2026-01-22 13:26:59,447 - INFO - [136/165] All Out Burger Gladstone (V3 ID: 948, V1 ID: 1038)
2026-01-22 13:26:59,447 - DEBUG - Navigating to: https://menuadmin.menu.ca/?p=restaurants&display=editRestaurant&restaurant=1038&load=cfg&showLang=en
2026-01-22 13:27:01,306 - DEBUG - Commission base: net (V1 ID 1038)
2026-01-22 13:27:01,306 - DEBUG - Scraped commission for V1 ID 1038: rate=10.0%, base=net
2026-01-22 13:27:01,397 - INFO - Updated commission for restaurant 948: rate=10.0%, base=net, enabled=True
2026-01-22 13:27:01,897 - INFO - [137/165] Papa Pizza Chem. de Masson (V3 ID: 795, V1 ID: 1039)
2026-01-22 13:27:01,897 - DEBUG - Navigating to: https://menuadmin.menu.ca/?p=restaurants&display=editRestaurant&restaurant=1039&load=cfg&showLang=en
2026-01-22 13:27:03,769 - DEBUG - Commission base: net (V1 ID 1039)
2026-01-22 13:27:03,769 - DEBUG - Scraped commission for V1 ID 1039: rate=8.0%, base=net
2026-01-22 13:27:03,843 - INFO - Updated commission for restaurant 795: rate=8.0%, base=net, enabled=True
2026-01-22 13:27:04,349 - INFO - [138/165] Papa Burger (V3 ID: 797, V1 ID: 1041)
2026-01-22 13:27:04,350 - DEBUG - Navigating to: https://menuadmin.menu.ca/?p=restaurants&display=editRestaurant&restaurant=1041&load=cfg&showLang=en
2026-01-22 13:27:06,215 - DEBUG - Commission base: net (V1 ID 1041)
2026-01-22 13:27:06,216 - DEBUG - Scraped commission for V1 ID 1041: rate=8.0%, base=net
2026-01-22 13:27:06,290 - INFO - Updated commission for restaurant 797: rate=8.0%, base=net, enabled=True
2026-01-22 13:27:06,793 - INFO - [139/165] Kabylie Pizza (V3 ID: 798, V1 ID: 1042)
2026-01-22 13:27:06,793 - DEBUG - Navigating to: https://menuadmin.menu.ca/?p=restaurants&display=editRestaurant&restaurant=1042&load=cfg&showLang=en
2026-01-22 13:27:08,631 - DEBUG - Commission base: net (V1 ID 1042)
2026-01-22 13:27:08,631 - DEBUG - Scraped commission for V1 ID 1042: rate=10.0%, base=net
2026-01-22 13:27:08,707 - INFO - Updated commission for restaurant 798: rate=10.0%, base=net, enabled=True
2026-01-22 13:27:09,210 - INFO - [140/165] Nachos Loco Gatineau (V3 ID: 801, V1 ID: 1045)
2026-01-22 13:27:09,210 - DEBUG - Navigating to: https://menuadmin.menu.ca/?p=restaurants&display=editRestaurant&restaurant=1045&load=cfg&showLang=en
2026-01-22 13:27:11,064 - DEBUG - Commission base: net (V1 ID 1045)
2026-01-22 13:27:11,064 - DEBUG - Scraped commission for V1 ID 1045: rate=10.0%, base=net
2026-01-22 13:27:11,141 - INFO - Updated commission for restaurant 801: rate=10.0%, base=net, enabled=True
2026-01-22 13:27:11,646 - INFO - [141/165] Poutinerie Québecurds Gatineau (V3 ID: 1015, V1 ID: 1046)
2026-01-22 13:27:11,646 - DEBUG - Navigating to: https://menuadmin.menu.ca/?p=restaurants&display=editRestaurant&restaurant=1046&load=cfg&showLang=en
2026-01-22 13:27:13,490 - DEBUG - Commission base: net (V1 ID 1046)
2026-01-22 13:27:13,490 - DEBUG - Scraped commission for V1 ID 1046: rate=10.0%, base=net
2026-01-22 13:27:13,572 - INFO - Updated commission for restaurant 1015: rate=10.0%, base=net, enabled=True
2026-01-22 13:27:14,073 - INFO - [142/165] Crispy's Bank Street (V3 ID: 806, V1 ID: 1050)
2026-01-22 13:27:14,073 - DEBUG - Navigating to: https://menuadmin.menu.ca/?p=restaurants&display=editRestaurant&restaurant=1050&load=cfg&showLang=en
2026-01-22 13:27:15,950 - DEBUG - Commission base: net (V1 ID 1050)
2026-01-22 13:27:15,951 - DEBUG - Scraped commission for V1 ID 1050: rate=10.0%, base=net
2026-01-22 13:27:16,284 - INFO - Updated commission for restaurant 806: rate=10.0%, base=net, enabled=True
2026-01-22 13:27:16,785 - INFO - [143/165] Oh My Grill (V3 ID: 807, V1 ID: 1051)
2026-01-22 13:27:16,785 - DEBUG - Navigating to: https://menuadmin.menu.ca/?p=restaurants&display=editRestaurant&restaurant=1051&load=cfg&showLang=en
2026-01-22 13:27:18,648 - DEBUG - Commission base: net (V1 ID 1051)
2026-01-22 13:27:18,648 - DEBUG - Scraped commission for V1 ID 1051: rate=10.0%, base=net
2026-01-22 13:27:18,725 - INFO - Updated commission for restaurant 807: rate=10.0%, base=net, enabled=True
2026-01-22 13:27:19,226 - INFO - [144/165] Papa Grecque Cantley (V3 ID: 810, V1 ID: 1054)
2026-01-22 13:27:19,227 - DEBUG - Navigating to: https://menuadmin.menu.ca/?p=restaurants&display=editRestaurant&restaurant=1054&load=cfg&showLang=en
2026-01-22 13:27:21,096 - DEBUG - Commission base: net (V1 ID 1054)
2026-01-22 13:27:21,096 - DEBUG - Scraped commission for V1 ID 1054: rate=8.0%, base=net
2026-01-22 13:27:21,172 - INFO - Updated commission for restaurant 810: rate=8.0%, base=net, enabled=True
2026-01-22 13:27:21,675 - INFO - [145/165] Golden Center Pizza (V3 ID: 815, V1 ID: 1059)
2026-01-22 13:27:21,675 - DEBUG - Navigating to: https://menuadmin.menu.ca/?p=restaurants&display=editRestaurant&restaurant=1059&load=cfg&showLang=en
2026-01-22 13:27:23,789 - DEBUG - Commission base: net (V1 ID 1059)
2026-01-22 13:27:23,790 - DEBUG - Scraped commission for V1 ID 1059: rate=10.0%, base=net
2026-01-22 13:27:23,864 - INFO - Updated commission for restaurant 815: rate=10.0%, base=net, enabled=True
2026-01-22 13:27:24,369 - INFO - [146/165] Dï¿½panneur Gï¿½nï¿½reux (V3 ID: 816, V1 ID: 1060)
2026-01-22 13:27:24,370 - DEBUG - Navigating to: https://menuadmin.menu.ca/?p=restaurants&display=editRestaurant&restaurant=1060&load=cfg&showLang=en
2026-01-22 13:27:26,314 - DEBUG - Commission base: net (V1 ID 1060)
2026-01-22 13:27:26,314 - DEBUG - Scraped commission for V1 ID 1060: rate=10.0%, base=net
2026-01-22 13:27:26,387 - INFO - Updated commission for restaurant 816: rate=10.0%, base=net, enabled=True
2026-01-22 13:27:26,892 - INFO - [147/165] Milano (V3 ID: 818, V1 ID: 1062)
2026-01-22 13:27:26,893 - DEBUG - Navigating to: https://menuadmin.menu.ca/?p=restaurants&display=editRestaurant&restaurant=1062&load=cfg&showLang=en
2026-01-22 13:27:28,748 - DEBUG - Commission base: net (V1 ID 1062)
2026-01-22 13:27:28,748 - DEBUG - Scraped commission for V1 ID 1062: rate=8.0%, base=net
2026-01-22 13:27:28,821 - INFO - Updated commission for restaurant 818: rate=8.0%, base=net, enabled=True
2026-01-22 13:27:29,323 - INFO - [148/165] Milano (V3 ID: 819, V1 ID: 1063)
2026-01-22 13:27:29,323 - DEBUG - Navigating to: https://menuadmin.menu.ca/?p=restaurants&display=editRestaurant&restaurant=1063&load=cfg&showLang=en
2026-01-22 13:27:31,172 - DEBUG - Commission base: net (V1 ID 1063)
2026-01-22 13:27:31,172 - DEBUG - Scraped commission for V1 ID 1063: rate=10.0%, base=net
2026-01-22 13:27:31,253 - INFO - Updated commission for restaurant 819: rate=10.0%, base=net, enabled=True
2026-01-22 13:27:31,759 - INFO - [149/165] Vieux Hull Pizza (V3 ID: 820, V1 ID: 1064)
2026-01-22 13:27:31,759 - DEBUG - Navigating to: https://menuadmin.menu.ca/?p=restaurants&display=editRestaurant&restaurant=1064&load=cfg&showLang=en
2026-01-22 13:27:33,609 - DEBUG - Commission base: net (V1 ID 1064)
2026-01-22 13:27:33,610 - DEBUG - Scraped commission for V1 ID 1064: rate=10.0%, base=net
2026-01-22 13:27:33,687 - INFO - Updated commission for restaurant 820: rate=10.0%, base=net, enabled=True
2026-01-22 13:27:34,196 - INFO - [150/165] Milano (V3 ID: 821, V1 ID: 1065)
2026-01-22 13:27:34,196 - DEBUG - Navigating to: https://menuadmin.menu.ca/?p=restaurants&display=editRestaurant&restaurant=1065&load=cfg&showLang=en
2026-01-22 13:27:36,070 - DEBUG - Commission base: net (V1 ID 1065)
2026-01-22 13:27:36,070 - DEBUG - Scraped commission for V1 ID 1065: rate=8.0%, base=net
2026-01-22 13:27:36,144 - INFO - Updated commission for restaurant 821: rate=8.0%, base=net, enabled=True
2026-01-22 13:27:36,647 - INFO - [151/165] Papa Burger Maloney (V3 ID: 822, V1 ID: 1066)
2026-01-22 13:27:36,647 - DEBUG - Navigating to: https://menuadmin.menu.ca/?p=restaurants&display=editRestaurant&restaurant=1066&load=cfg&showLang=en
2026-01-22 13:27:38,504 - DEBUG - Commission base: net (V1 ID 1066)
2026-01-22 13:27:38,504 - DEBUG - Scraped commission for V1 ID 1066: rate=8.0%, base=net
2026-01-22 13:27:38,576 - INFO - Updated commission for restaurant 822: rate=8.0%, base=net, enabled=True
2026-01-22 13:27:39,086 - INFO - [152/165] Prima Pizza (V3 ID: 824, V1 ID: 1069)
2026-01-22 13:27:39,086 - DEBUG - Navigating to: https://menuadmin.menu.ca/?p=restaurants&display=editRestaurant&restaurant=1069&load=cfg&showLang=en
2026-01-22 13:27:40,940 - DEBUG - Commission base: net (V1 ID 1069)
2026-01-22 13:27:40,940 - DEBUG - Scraped commission for V1 ID 1069: rate=10.0%, base=net
2026-01-22 13:27:41,018 - INFO - Updated commission for restaurant 824: rate=10.0%, base=net, enabled=True
2026-01-22 13:27:41,522 - INFO - [153/165] All Out Burger Montreal Rd (V3 ID: 949, V1 ID: 1071)
2026-01-22 13:27:41,522 - DEBUG - Navigating to: https://menuadmin.menu.ca/?p=restaurants&display=editRestaurant&restaurant=1071&load=cfg&showLang=en
2026-01-22 13:27:43,385 - DEBUG - Commission base: net (V1 ID 1071)
2026-01-22 13:27:43,386 - DEBUG - Scraped commission for V1 ID 1071: rate=10.0%, base=net
2026-01-22 13:27:43,466 - INFO - Updated commission for restaurant 949: rate=10.0%, base=net, enabled=True
2026-01-22 13:27:43,970 - INFO - [154/165] Pizzalicious (V3 ID: 829, V1 ID: 1074)
2026-01-22 13:27:43,970 - DEBUG - Navigating to: https://menuadmin.menu.ca/?p=restaurants&display=editRestaurant&restaurant=1074&load=cfg&showLang=en
2026-01-22 13:27:45,819 - DEBUG - Commission base: net (V1 ID 1074)
2026-01-22 13:27:45,819 - DEBUG - Scraped commission for V1 ID 1074: rate=8.0%, base=net
2026-01-22 13:27:45,903 - INFO - Updated commission for restaurant 829: rate=8.0%, base=net, enabled=True
2026-01-22 13:27:46,406 - INFO - [155/165] All Out Burger (V3 ID: 833, V1 ID: 1080)
2026-01-22 13:27:46,406 - DEBUG - Navigating to: https://menuadmin.menu.ca/?p=restaurants&display=editRestaurant&restaurant=1080&load=cfg&showLang=en
2026-01-22 13:27:48,271 - DEBUG - Commission base: net (V1 ID 1080)
2026-01-22 13:27:48,271 - DEBUG - Scraped commission for V1 ID 1080: rate=10.0%, base=net
2026-01-22 13:27:48,346 - INFO - Updated commission for restaurant 833: rate=10.0%, base=net, enabled=True
2026-01-22 13:27:48,849 - INFO - [156/165] Milano (V3 ID: 835, V1 ID: 1082)
2026-01-22 13:27:48,849 - DEBUG - Navigating to: https://menuadmin.menu.ca/?p=restaurants&display=editRestaurant&restaurant=1082&load=cfg&showLang=en
2026-01-22 13:27:50,697 - DEBUG - Commission base: net (V1 ID 1082)
2026-01-22 13:27:50,697 - DEBUG - Scraped commission for V1 ID 1082: rate=10.0%, base=net
2026-01-22 13:27:50,773 - INFO - Updated commission for restaurant 835: rate=10.0%, base=net, enabled=True
2026-01-22 13:27:51,279 - INFO - [157/165] Souvlaki Souvlaki (V3 ID: 836, V1 ID: 1083)
2026-01-22 13:27:51,279 - DEBUG - Navigating to: https://menuadmin.menu.ca/?p=restaurants&display=editRestaurant&restaurant=1083&load=cfg&showLang=en
2026-01-22 13:27:53,123 - DEBUG - Commission base: net (V1 ID 1083)
2026-01-22 13:27:53,123 - DEBUG - Scraped commission for V1 ID 1083: rate=10.0%, base=net
2026-01-22 13:27:53,200 - INFO - Updated commission for restaurant 836: rate=10.0%, base=net, enabled=True
2026-01-22 13:27:53,703 - INFO - [158/165] Milano (V3 ID: 837, V1 ID: 1084)
2026-01-22 13:27:53,703 - DEBUG - Navigating to: https://menuadmin.menu.ca/?p=restaurants&display=editRestaurant&restaurant=1084&load=cfg&showLang=en
2026-01-22 13:27:55,548 - DEBUG - Commission base: net (V1 ID 1084)
2026-01-22 13:27:55,548 - DEBUG - Scraped commission for V1 ID 1084: rate=10.0%, base=net
2026-01-22 13:27:55,625 - INFO - Updated commission for restaurant 837: rate=10.0%, base=net, enabled=True
2026-01-22 13:27:56,126 - INFO - [159/165] Milano (V3 ID: 840, V1 ID: 1087)
2026-01-22 13:27:56,127 - DEBUG - Navigating to: https://menuadmin.menu.ca/?p=restaurants&display=editRestaurant&restaurant=1087&load=cfg&showLang=en
2026-01-22 13:27:58,033 - DEBUG - Commission base: net (V1 ID 1087)
2026-01-22 13:27:58,033 - DEBUG - Scraped commission for V1 ID 1087: rate=10.0%, base=net
2026-01-22 13:27:58,107 - INFO - Updated commission for restaurant 840: rate=10.0%, base=net, enabled=True
2026-01-22 13:27:58,612 - INFO - [160/165] All Out Burger (V3 ID: 841, V1 ID: 1088)
2026-01-22 13:27:58,612 - DEBUG - Navigating to: https://menuadmin.menu.ca/?p=restaurants&display=editRestaurant&restaurant=1088&load=cfg&showLang=en
2026-01-22 13:28:00,467 - DEBUG - Commission base: net (V1 ID 1088)
2026-01-22 13:28:00,467 - DEBUG - Scraped commission for V1 ID 1088: rate=10.0%, base=net
2026-01-22 13:28:00,545 - INFO - Updated commission for restaurant 841: rate=10.0%, base=net, enabled=True
2026-01-22 13:28:01,047 - INFO - [161/165] Milano (V3 ID: 842, V1 ID: 1089)
2026-01-22 13:28:01,047 - DEBUG - Navigating to: https://menuadmin.menu.ca/?p=restaurants&display=editRestaurant&restaurant=1089&load=cfg&showLang=en
2026-01-22 13:28:02,897 - DEBUG - Commission base: net (V1 ID 1089)
2026-01-22 13:28:02,897 - DEBUG - Scraped commission for V1 ID 1089: rate=10.0%, base=net
2026-01-22 13:28:02,972 - INFO - Updated commission for restaurant 842: rate=10.0%, base=net, enabled=True
2026-01-22 13:28:03,484 - INFO - [162/165] Mykonos Greek Grill (V3 ID: 845, V1 ID: 1092)
2026-01-22 13:28:03,484 - DEBUG - Navigating to: https://menuadmin.menu.ca/?p=restaurants&display=editRestaurant&restaurant=1092&load=cfg&showLang=en
2026-01-22 13:28:05,327 - DEBUG - Commission base: net (V1 ID 1092)
2026-01-22 13:28:05,327 - DEBUG - Scraped commission for V1 ID 1092: rate=10.0%, base=net
2026-01-22 13:28:05,405 - INFO - Updated commission for restaurant 845: rate=10.0%, base=net, enabled=True
2026-01-22 13:28:05,908 - INFO - [163/165] Mykonos Greek Grill (V3 ID: 846, V1 ID: 1093)
2026-01-22 13:28:05,908 - DEBUG - Navigating to: https://menuadmin.menu.ca/?p=restaurants&display=editRestaurant&restaurant=1093&load=cfg&showLang=en
2026-01-22 13:28:07,747 - DEBUG - Commission base: net (V1 ID 1093)
2026-01-22 13:28:07,747 - DEBUG - Scraped commission for V1 ID 1093: rate=10.0%, base=net
2026-01-22 13:28:07,822 - INFO - Updated commission for restaurant 846: rate=10.0%, base=net, enabled=True
2026-01-22 13:28:08,326 - INFO - [164/165] Sushiyana (V3 ID: 847, V1 ID: 1094)
2026-01-22 13:28:08,326 - DEBUG - Navigating to: https://menuadmin.menu.ca/?p=restaurants&display=editRestaurant&restaurant=1094&load=cfg&showLang=en
2026-01-22 13:28:10,221 - DEBUG - Commission base: net (V1 ID 1094)
2026-01-22 13:28:10,221 - DEBUG - Scraped commission for V1 ID 1094: rate=10.0%, base=net
2026-01-22 13:28:10,295 - INFO - Updated commission for restaurant 847: rate=10.0%, base=net, enabled=True
2026-01-22 13:28:10,805 - INFO - [165/165] Econo Pizza (V3 ID: 1009, V1 ID: 1095)
2026-01-22 13:28:10,805 - DEBUG - Navigating to: https://menuadmin.menu.ca/?p=restaurants&display=editRestaurant&restaurant=1095&load=cfg&showLang=en
2026-01-22 13:28:12,656 - DEBUG - Commission base: net (V1 ID 1095)
2026-01-22 13:28:12,656 - DEBUG - Scraped commission for V1 ID 1095: rate=8.0%, base=net
2026-01-22 13:28:12,736 - INFO - Updated commission for restaurant 1009: rate=8.0%, base=net, enabled=True
2026-01-22 13:28:13,318 - INFO - ============================================================
2026-01-22 13:28:13,319 - INFO - SCRAPE COMPLETE
2026-01-22 13:28:13,319 - INFO - ============================================================
2026-01-22 13:28:13,319 - INFO - Total V1 restaurants: 165
2026-01-22 13:28:13,319 - INFO - Processed: 165
2026-01-22 13:28:13,319 - INFO - Successfully scraped: 165
2026-01-22 13:28:13,319 - INFO - Updated: 164
2026-01-22 13:28:13,319 - INFO - Skipped (no change): 1
2026-01-22 13:28:13,319 - INFO - Errors: 0
2026-01-22 13:28:13,319 - DEBUG - Database connection closed
