[2025-12-16 10:07:32] [INFO] Logging to: C:\Users\santi\Menu.ca\Legacy Database\Migration Strategy\Scrapers\Menu Scrapers\logs\combo_drinks_upsert_20251216_100732.log
[2025-12-16 10:07:32] [INFO] === UPSERT MODE: Processing 60 restaurants with combo dishes ===
[2025-12-16 10:07:32] [INFO] (Filtering from 132 total, 60 have combo dishes)
[2025-12-16 10:07:32] [INFO] Starting Combo Drinks Upsert Scraper...
[2025-12-16 10:07:47] [INFO] Database connection established
[2025-12-16 10:07:47] [INFO] Browser and database connections established
[2025-12-16 10:07:47] [INFO] Logging in to https://menuadmin.menu.ca/...
[2025-12-16 10:07:55] [INFO] Current URL after login: https://menuadmin.menu.ca/?p=restaurants
[2025-12-16 10:07:55] [INFO] Login successful - found restaurant list
[2025-12-16 10:07:55] [INFO] ============================================================
[2025-12-16 10:07:55] [INFO] [1/60] Centertown Donair & Pizza (V3: 131, V1: 255)
[2025-12-16 10:07:55] [INFO] ============================================================
[2025-12-16 10:07:55] [INFO] Scraping: Centertown Donair & Pizza (V3: 131, V1: 255)
[2025-12-16 10:07:59] [INFO] Found 13 combo dishes for V1 restaurant 255
[2025-12-16 10:08:18] [INFO]   Results: 0 updated, 5 no change, 0 no MG
[2025-12-16 10:08:18] [INFO] ============================================================
[2025-12-16 10:08:18] [INFO] [2/60] Milano (V3: 88, V1: 204)
[2025-12-16 10:08:18] [INFO] ============================================================
[2025-12-16 10:08:18] [INFO] Scraping: Milano (V3: 88, V1: 204)
[2025-12-16 10:08:23] [INFO] Found 20 combo dishes for V1 restaurant 204
[2025-12-16 10:08:27] [INFO]   Updated: Combo No.1 HIDED -> modifier_group 27448: name='Three 591ml pop', min=3, max=3, free=0, order=None
[2025-12-16 10:08:29] [INFO]   Updated: Combo No.2 HIDED -> modifier_group 27449: name='Three 591ml pop', min=3, max=3, free=0, order=None
[2025-12-16 10:08:55] [INFO]   Results: 2 updated, 14 no change, 0 no MG
[2025-12-16 10:08:55] [INFO] ============================================================
[2025-12-16 10:08:55] [INFO] [3/60] Milano (V3: 89, V1: 205)
[2025-12-16 10:08:55] [INFO] ============================================================
[2025-12-16 10:08:55] [INFO] Scraping: Milano (V3: 89, V1: 205)
[2025-12-16 10:09:00] [INFO] Found 16 combo dishes for V1 restaurant 205
[2025-12-16 10:09:02] [INFO]   Updated: Combo No.1 HIDED -> modifier_group 8443: name='Three 591ml pop', min=3, max=3, free=0, order=None
[2025-12-16 10:09:04] [INFO]   Updated: Combo No.2 HIDED -> modifier_group 8444: name='Three 591ml pop', min=3, max=3, free=0, order=None
[2025-12-16 10:09:26] [INFO]   Results: 2 updated, 14 no change, 0 no MG
[2025-12-16 10:09:26] [INFO] ============================================================
[2025-12-16 10:09:26] [INFO] [4/60] Milano (V3: 91, V1: 207)
[2025-12-16 10:09:26] [INFO] ============================================================
[2025-12-16 10:09:26] [INFO] Scraping: Milano (V3: 91, V1: 207)
[2025-12-16 10:09:31] [INFO] Found 22 combo dishes for V1 restaurant 207
[2025-12-16 10:10:05] [INFO]   Results: 0 updated, 20 no change, 2 no MG
[2025-12-16 10:10:05] [INFO] ============================================================
[2025-12-16 10:10:05] [INFO] [5/60] Milano (V3: 93, V1: 209)
[2025-12-16 10:10:05] [INFO] ============================================================
[2025-12-16 10:10:05] [INFO] Scraping: Milano (V3: 93, V1: 209)
[2025-12-16 10:10:09] [INFO] Found 16 combo dishes for V1 restaurant 209
[2025-12-16 10:10:11] [INFO]   Updated: Combo No.1 HIDED -> modifier_group 9443: name='Three 591ml pop', min=3, max=3, free=0, order=None
[2025-12-16 10:10:13] [INFO]   Updated: Combo No.2 HIDED -> modifier_group 9444: name='Three 591ml pop', min=3, max=3, free=0, order=None
[2025-12-16 10:10:34] [INFO]   Results: 2 updated, 10 no change, 0 no MG
[2025-12-16 10:10:34] [INFO] ============================================================
[2025-12-16 10:10:34] [INFO] [6/60] Milano (V3: 95, V1: 211)
[2025-12-16 10:10:34] [INFO] ============================================================
[2025-12-16 10:10:34] [INFO] Scraping: Milano (V3: 95, V1: 211)
[2025-12-16 10:10:38] [INFO] Found 18 combo dishes for V1 restaurant 211
[2025-12-16 10:10:40] [INFO]   Updated: Combo No.1 HIDED -> modifier_group 9856: name='Three 591ml pop', min=3, max=3, free=0, order=None
[2025-12-16 10:10:42] [INFO]   Updated: Combo No.2 HIDED -> modifier_group 9857: name='Three 591ml pop', min=3, max=3, free=0, order=None
[2025-12-16 10:11:06] [INFO]   Results: 2 updated, 13 no change, 0 no MG
[2025-12-16 10:11:06] [INFO] ============================================================
[2025-12-16 10:11:06] [INFO] [7/60] Milano (V3: 97, V1: 213)
[2025-12-16 10:11:06] [INFO] ============================================================
[2025-12-16 10:11:06] [INFO] Scraping: Milano (V3: 97, V1: 213)
[2025-12-16 10:11:10] [INFO] Found 21 combo dishes for V1 restaurant 213
[2025-12-16 10:11:12] [INFO]   Updated: Combo No.1 HIDED -> modifier_group 28269: name='Three 591ml pop', min=3, max=3, free=0, order=None
[2025-12-16 10:11:14] [INFO]   Updated: Combo No.2 HIDED -> modifier_group 28270: name='Three 591ml pop', min=3, max=3, free=0, order=None
[2025-12-16 10:11:42] [INFO]   Results: 2 updated, 13 no change, 0 no MG
[2025-12-16 10:11:42] [INFO] ============================================================
[2025-12-16 10:11:42] [INFO] [8/60] Restaurant Le Choix (V3: 106, V1: 225)
[2025-12-16 10:11:42] [INFO] ============================================================
[2025-12-16 10:11:42] [INFO] Scraping: Restaurant Le Choix (V3: 106, V1: 225)
[2025-12-16 10:11:47] [INFO] Found 10 combo dishes for V1 restaurant 225
[2025-12-16 10:12:01] [INFO]   Results: 0 updated, 1 no change, 0 no MG
[2025-12-16 10:12:01] [INFO] ============================================================
[2025-12-16 10:12:01] [INFO] [9/60] Restaurant Chez Gerry (V3: 109, V1: 228)
[2025-12-16 10:12:01] [INFO] ============================================================
[2025-12-16 10:12:01] [INFO] Scraping: Restaurant Chez Gerry (V3: 109, V1: 228)
[2025-12-16 10:12:05] [INFO] Found 3 combo dishes for V1 restaurant 228
[2025-12-16 10:12:10] [INFO]   Results: 0 updated, 0 no change, 0 no MG
[2025-12-16 10:12:10] [INFO] ============================================================
[2025-12-16 10:12:10] [INFO] [10/60] Mano City Pizza (V3: 118, V1: 238)
[2025-12-16 10:12:10] [INFO] ============================================================
[2025-12-16 10:12:10] [INFO] Scraping: Mano City Pizza (V3: 118, V1: 238)
[2025-12-16 10:12:14] [INFO] Found 18 combo dishes for V1 restaurant 238
[2025-12-16 10:12:41] [INFO]   Results: 0 updated, 11 no change, 0 no MG
[2025-12-16 10:12:41] [INFO] ============================================================
[2025-12-16 10:12:41] [INFO] [11/60] Milano (V3: 123, V1: 245)
[2025-12-16 10:12:41] [INFO] ============================================================
[2025-12-16 10:12:41] [INFO] Scraping: Milano (V3: 123, V1: 245)
[2025-12-16 10:12:45] [INFO] Found 13 combo dishes for V1 restaurant 245
[2025-12-16 10:12:47] [INFO]   Updated: Combo No.1 HIDED -> modifier_group 28744: name='Three 591ml pop', min=3, max=3, free=0, order=None
[2025-12-16 10:12:49] [INFO]   Updated: Combo No.2 HIDED -> modifier_group 28745: name='Three 591ml pop', min=3, max=3, free=0, order=None
[2025-12-16 10:13:06] [INFO]   Results: 2 updated, 11 no change, 0 no MG
[2025-12-16 10:13:06] [INFO] ============================================================
[2025-12-16 10:13:06] [INFO] [12/60] Carlo's Pizza (V3: 124, V1: 246)
[2025-12-16 10:13:06] [INFO] ============================================================
[2025-12-16 10:13:06] [INFO] Scraping: Carlo's Pizza (V3: 124, V1: 246)
[2025-12-16 10:13:10] [INFO] Found 1 combo dishes for V1 restaurant 246
[2025-12-16 10:13:12] [INFO]   Results: 0 updated, 0 no change, 0 no MG
[2025-12-16 10:13:12] [INFO] ============================================================
[2025-12-16 10:13:12] [INFO] [13/60] Milano (V3: 126, V1: 248)
[2025-12-16 10:13:12] [INFO] ============================================================
[2025-12-16 10:13:12] [INFO] Scraping: Milano (V3: 126, V1: 248)
[2025-12-16 10:13:16] [INFO] Found 10 combo dishes for V1 restaurant 248
[2025-12-16 10:13:32] [INFO]   Results: 0 updated, 10 no change, 0 no MG
[2025-12-16 10:13:32] [INFO] ============================================================
[2025-12-16 10:13:32] [INFO] [14/60] Tony's Pizza (V3: 143, V1: 275)
[2025-12-16 10:13:32] [INFO] ============================================================
[2025-12-16 10:13:32] [INFO] Scraping: Tony's Pizza (V3: 143, V1: 275)
[2025-12-16 10:13:37] [INFO] Found 20 combo dishes for V1 restaurant 275
[2025-12-16 10:14:06] [INFO]   Results: 0 updated, 8 no change, 0 no MG
[2025-12-16 10:14:06] [INFO] ============================================================
[2025-12-16 10:14:06] [INFO] [15/60] Milano (V3: 190, V1: 328)
[2025-12-16 10:14:06] [INFO] ============================================================
[2025-12-16 10:14:06] [INFO] Scraping: Milano (V3: 190, V1: 328)
[2025-12-16 10:14:11] [INFO] Found 12 combo dishes for V1 restaurant 328
[2025-12-16 10:14:12] [INFO]   Updated: Combo No.1 HIDED -> modifier_group 11208: name='Three 591ml pop', min=3, max=3, free=0, order=None
[2025-12-16 10:14:14] [INFO]   Updated: Combo No.2 HIDED -> modifier_group 11209: name='Three 591ml pop', min=3, max=3, free=0, order=None
[2025-12-16 10:14:32] [INFO]   Results: 2 updated, 9 no change, 0 no MG
[2025-12-16 10:14:32] [INFO] ============================================================
[2025-12-16 10:14:32] [INFO] [16/60] Colonnade Pizza (V3: 196, V1: 334)
[2025-12-16 10:14:32] [INFO] ============================================================
[2025-12-16 10:14:32] [INFO] Scraping: Colonnade Pizza (V3: 196, V1: 334)
[2025-12-16 10:14:37] [INFO] Found 1 combo dishes for V1 restaurant 334
[2025-12-16 10:14:38] [INFO]   Results: 0 updated, 0 no change, 0 no MG
[2025-12-16 10:14:38] [INFO] ============================================================
[2025-12-16 10:14:38] [INFO] [17/60] Beneci Pizza (V3: 241, V1: 383)
[2025-12-16 10:14:38] [INFO] ============================================================
[2025-12-16 10:14:38] [INFO] Scraping: Beneci Pizza (V3: 241, V1: 383)
[2025-12-16 10:14:42] [INFO] Found 6 combo dishes for V1 restaurant 383
[2025-12-16 10:14:51] [INFO]   Results: 0 updated, 0 no change, 0 no MG
[2025-12-16 10:14:51] [INFO] ============================================================
[2025-12-16 10:14:51] [INFO] [18/60] Orchid Sushi (V3: 245, V1: 387)
[2025-12-16 10:14:51] [INFO] ============================================================
[2025-12-16 10:14:51] [INFO] Scraping: Orchid Sushi (V3: 245, V1: 387)
[2025-12-16 10:14:55] [INFO] Found 4 combo dishes for V1 restaurant 387
[2025-12-16 10:15:00] [INFO]   Results: 0 updated, 0 no change, 0 no MG
[2025-12-16 10:15:00] [INFO] ============================================================
[2025-12-16 10:15:00] [INFO] [19/60] Milano (V3: 265, V1: 411)
[2025-12-16 10:15:00] [INFO] ============================================================
[2025-12-16 10:15:00] [INFO] Scraping: Milano (V3: 265, V1: 411)
[2025-12-16 10:15:05] [INFO] Found 14 combo dishes for V1 restaurant 411
[2025-12-16 10:15:26] [INFO]   Results: 0 updated, 0 no change, 6 no MG
[2025-12-16 10:15:26] [INFO] ============================================================
[2025-12-16 10:15:26] [INFO] [20/60] JN Pizza (V3: 328, V1: 489)
[2025-12-16 10:15:26] [INFO] ============================================================
[2025-12-16 10:15:26] [INFO] Scraping: JN Pizza (V3: 328, V1: 489)
[2025-12-16 10:15:30] [INFO] Found 5 combo dishes for V1 restaurant 489
[2025-12-16 10:15:37] [INFO]   Results: 0 updated, 2 no change, 0 no MG
[2025-12-16 10:15:37] [INFO] ============================================================
[2025-12-16 10:15:37] [INFO] [21/60] Milano (V3: 349, V1: 512)
[2025-12-16 10:15:37] [INFO] ============================================================
[2025-12-16 10:15:37] [INFO] Scraping: Milano (V3: 349, V1: 512)
[2025-12-16 10:15:41] [INFO] Found 16 combo dishes for V1 restaurant 512
[2025-12-16 10:15:43] [INFO]   Updated: Combo No.1 HIDED -> modifier_group 11672: name='Three 591ml pop', min=3, max=3, free=0, order=None
[2025-12-16 10:15:45] [INFO]   Updated: Combo No.2 HIDED -> modifier_group 11673: name='Three 591ml pop', min=3, max=3, free=0, order=None
[2025-12-16 10:16:06] [INFO]   Results: 2 updated, 10 no change, 0 no MG
[2025-12-16 10:16:06] [INFO] ============================================================
[2025-12-16 10:16:06] [INFO] [22/60] Milano (V3: 350, V1: 513)
[2025-12-16 10:16:06] [INFO] ============================================================
[2025-12-16 10:16:06] [INFO] Scraping: Milano (V3: 350, V1: 513)
[2025-12-16 10:16:10] [INFO] Found 19 combo dishes for V1 restaurant 513
[2025-12-16 10:16:12] [INFO]   Updated: Combo No.1 HIDED -> modifier_group 11995: name='Three cans of pop', min=3, max=3, free=0, order=None
[2025-12-16 10:16:13] [INFO]   Updated: Combo No.2 HIDED -> modifier_group 11996: name='Three cans of pop', min=3, max=3, free=0, order=None
[2025-12-16 10:16:30] [INFO]   Updated: Pizza Special -> modifier_group 12253: name='Choose 2 Drinks', min=2, max=2, free=2, order=None
[2025-12-16 10:16:38] [INFO]   Results: 3 updated, 6 no change, 0 no MG
[2025-12-16 10:16:38] [INFO] ============================================================
[2025-12-16 10:16:38] [INFO] [23/60] Xtreme Pizza (V3: 367, V1: 532)
[2025-12-16 10:16:38] [INFO] ============================================================
[2025-12-16 10:16:38] [INFO] Scraping: Xtreme Pizza (V3: 367, V1: 532)
[2025-12-16 10:16:43] [INFO] Found 14 combo dishes for V1 restaurant 532
[2025-12-16 10:17:03] [INFO]   Results: 0 updated, 6 no change, 0 no MG
[2025-12-16 10:17:03] [INFO] ============================================================
[2025-12-16 10:17:03] [INFO] [24/60] Rangoli (V3: 497, V1: 701)
[2025-12-16 10:17:03] [INFO] ============================================================
[2025-12-16 10:17:03] [INFO] Scraping: Rangoli (V3: 497, V1: 701)
[2025-12-16 10:17:07] [INFO] Found 6 combo dishes for V1 restaurant 701
[2025-12-16 10:17:16] [INFO]   Results: 0 updated, 0 no change, 0 no MG
[2025-12-16 10:17:16] [INFO] ============================================================
[2025-12-16 10:17:16] [INFO] [25/60] Pizza Lovers Hunt Club (V3: 507, V1: 712)
[2025-12-16 10:17:16] [INFO] ============================================================
[2025-12-16 10:17:16] [INFO] Scraping: Pizza Lovers Hunt Club (V3: 507, V1: 712)
[2025-12-16 10:17:20] [INFO] Found 2 combo dishes for V1 restaurant 712
[2025-12-16 10:17:23] [INFO]   Results: 0 updated, 0 no change, 0 no MG
[2025-12-16 10:17:23] [INFO] ============================================================
[2025-12-16 10:17:23] [INFO] [26/60] Napolis (V3: 515, V1: 721)
[2025-12-16 10:17:23] [INFO] ============================================================
[2025-12-16 10:17:23] [INFO] Scraping: Napolis (V3: 515, V1: 721)
[2025-12-16 10:17:28] [INFO] Found 9 combo dishes for V1 restaurant 721
[2025-12-16 10:17:41] [INFO]   Results: 0 updated, 1 no change, 0 no MG
[2025-12-16 10:17:41] [INFO] ============================================================
[2025-12-16 10:17:41] [INFO] [27/60] Palermo Pizzeria (V3: 521, V1: 729)
[2025-12-16 10:17:41] [INFO] ============================================================
[2025-12-16 10:17:41] [INFO] Scraping: Palermo Pizzeria (V3: 521, V1: 729)
[2025-12-16 10:17:45] [INFO] Found 11 combo dishes for V1 restaurant 729
[2025-12-16 10:18:01] [INFO]   Results: 0 updated, 5 no change, 0 no MG
[2025-12-16 10:18:01] [INFO] ============================================================
[2025-12-16 10:18:01] [INFO] [28/60] Milano (V3: 565, V1: 785)
[2025-12-16 10:18:01] [INFO] ============================================================
[2025-12-16 10:18:01] [INFO] Scraping: Milano (V3: 565, V1: 785)
[2025-12-16 10:18:05] [INFO] Found 18 combo dishes for V1 restaurant 785
[2025-12-16 10:18:33] [INFO]   Results: 0 updated, 16 no change, 0 no MG
[2025-12-16 10:18:33] [INFO] ============================================================
[2025-12-16 10:18:33] [INFO] [29/60] Milano (V3: 569, V1: 789)
[2025-12-16 10:18:33] [INFO] ============================================================
[2025-12-16 10:18:33] [INFO] Scraping: Milano (V3: 569, V1: 789)
[2025-12-16 10:18:38] [INFO] Found 15 combo dishes for V1 restaurant 789
[2025-12-16 10:18:47] [INFO]   Updated: The Perfect Combo Deal with PopCurds -> modifier_group 13097: name='First Two 591ml Drinks Free', min=2, max=0, free=2, order=None
[2025-12-16 10:19:01] [INFO]   Results: 1 updated, 12 no change, 0 no MG
[2025-12-16 10:19:01] [INFO] ============================================================
[2025-12-16 10:19:01] [INFO] [30/60] Milano (V3: 586, V1: 807)
[2025-12-16 10:19:01] [INFO] ============================================================
[2025-12-16 10:19:01] [INFO] Scraping: Milano (V3: 586, V1: 807)
[2025-12-16 10:19:05] [INFO] Found 16 combo dishes for V1 restaurant 807
[2025-12-16 10:19:30] [INFO]   Results: 0 updated, 16 no change, 0 no MG
[2025-12-16 10:19:30] [INFO] ============================================================
[2025-12-16 10:19:30] [INFO] [31/60] Milano (V3: 593, V1: 815)
[2025-12-16 10:19:30] [INFO] ============================================================
[2025-12-16 10:19:30] [INFO] Scraping: Milano (V3: 593, V1: 815)
[2025-12-16 10:19:34] [INFO] Found 5 combo dishes for V1 restaurant 815
[2025-12-16 10:19:41] [INFO]   Results: 0 updated, 0 no change, 0 no MG
[2025-12-16 10:19:41] [INFO] ============================================================
[2025-12-16 10:19:41] [INFO] [32/60] Supreme Pizzeria (V3: 595, V1: 817)
[2025-12-16 10:19:41] [INFO] ============================================================
[2025-12-16 10:19:41] [INFO] Scraping: Supreme Pizzeria (V3: 595, V1: 817)
[2025-12-16 10:19:46] [INFO] Found 12 combo dishes for V1 restaurant 817
[2025-12-16 10:20:03] [INFO]   Results: 0 updated, 5 no change, 0 no MG
[2025-12-16 10:20:03] [INFO] ============================================================
[2025-12-16 10:20:03] [INFO] [33/60] Milano (V3: 601, V1: 824)
[2025-12-16 10:20:03] [INFO] ============================================================
[2025-12-16 10:20:03] [INFO] Scraping: Milano (V3: 601, V1: 824)
[2025-12-16 10:20:08] [INFO] Found 13 combo dishes for V1 restaurant 824
[2025-12-16 10:20:28] [INFO]   Results: 0 updated, 12 no change, 0 no MG
[2025-12-16 10:20:28] [INFO] ============================================================
[2025-12-16 10:20:28] [INFO] [34/60] Milano (V3: 624, V1: 850)
[2025-12-16 10:20:28] [INFO] ============================================================
[2025-12-16 10:20:28] [INFO] Scraping: Milano (V3: 624, V1: 850)
[2025-12-16 10:20:32] [INFO] Found 12 combo dishes for V1 restaurant 850
[2025-12-16 10:20:50] [INFO]   Results: 0 updated, 7 no change, 0 no MG
[2025-12-16 10:20:50] [INFO] ============================================================
[2025-12-16 10:20:50] [INFO] [35/60] Milano (V3: 651, V1: 879)
[2025-12-16 10:20:50] [INFO] ============================================================
[2025-12-16 10:20:50] [INFO] Scraping: Milano (V3: 651, V1: 879)
[2025-12-16 10:20:54] [INFO] Found 22 combo dishes for V1 restaurant 879
[2025-12-16 10:20:56] [INFO]   Updated: Combo No.1 HIDED -> modifier_group 16296: name='Three 591ml pop', min=3, max=3, free=0, order=None
[2025-12-16 10:20:57] [INFO]   Updated: Combo No.2 HIDED -> modifier_group 16297: name='Three 591ml pop', min=3, max=3, free=0, order=None
[2025-12-16 10:21:27] [INFO]   Results: 2 updated, 11 no change, 0 no MG
[2025-12-16 10:21:27] [INFO] ============================================================
[2025-12-16 10:21:27] [INFO] [36/60] Milano (V3: 660, V1: 889)
[2025-12-16 10:21:27] [INFO] ============================================================
[2025-12-16 10:21:27] [INFO] Scraping: Milano (V3: 660, V1: 889)
[2025-12-16 10:21:32] [INFO] Found 12 combo dishes for V1 restaurant 889
[2025-12-16 10:21:50] [INFO]   Results: 0 updated, 10 no change, 0 no MG
[2025-12-16 10:21:50] [INFO] ============================================================
[2025-12-16 10:21:50] [INFO] [37/60] Milano (V3: 680, V1: 913)
[2025-12-16 10:21:50] [INFO] ============================================================
[2025-12-16 10:21:50] [INFO] Scraping: Milano (V3: 680, V1: 913)
[2025-12-16 10:21:54] [INFO] Found 44 combo dishes for V1 restaurant 913
[2025-12-16 10:23:00] [INFO]   Results: 0 updated, 19 no change, 0 no MG
[2025-12-16 10:23:00] [INFO] ============================================================
[2025-12-16 10:23:00] [INFO] [38/60] Milano (V3: 701, V1: 937)
[2025-12-16 10:23:00] [INFO] ============================================================
[2025-12-16 10:23:00] [INFO] Scraping: Milano (V3: 701, V1: 937)
[2025-12-16 10:23:04] [INFO] Found 10 combo dishes for V1 restaurant 937
[2025-12-16 10:23:21] [INFO]   Results: 0 updated, 10 no change, 0 no MG
[2025-12-16 10:23:21] [INFO] ============================================================
[2025-12-16 10:23:21] [INFO] [39/60] Supreme Pizzeria (V3: 711, V1: 947)
[2025-12-16 10:23:21] [INFO] ============================================================
[2025-12-16 10:23:21] [INFO] Scraping: Supreme Pizzeria (V3: 711, V1: 947)
[2025-12-16 10:23:25] [INFO] Found 7 combo dishes for V1 restaurant 947
[2025-12-16 10:23:35] [INFO]   Results: 0 updated, 0 no change, 0 no MG
[2025-12-16 10:23:35] [INFO] ============================================================
[2025-12-16 10:23:35] [INFO] [40/60] Ogilvie Pizza (V3: 714, V1: 951)
[2025-12-16 10:23:35] [INFO] ============================================================
[2025-12-16 10:23:35] [INFO] Scraping: Ogilvie Pizza (V3: 714, V1: 951)
[2025-12-16 10:23:40] [INFO] Found 6 combo dishes for V1 restaurant 951
[2025-12-16 10:23:49] [INFO]   Results: 0 updated, 5 no change, 0 no MG
[2025-12-16 10:23:49] [INFO] ============================================================
[2025-12-16 10:23:49] [INFO] [41/60] La Poutinerie Ogilvie (V3: 715, V1: 952)
[2025-12-16 10:23:49] [INFO] ============================================================
[2025-12-16 10:23:49] [INFO] Scraping: La Poutinerie Ogilvie (V3: 715, V1: 952)
[2025-12-16 10:23:53] [INFO] Found 1 combo dishes for V1 restaurant 952
[2025-12-16 10:23:55] [INFO]   Results: 0 updated, 0 no change, 0 no MG
[2025-12-16 10:23:55] [INFO] ============================================================
[2025-12-16 10:23:55] [INFO] [42/60] Amicci Pizza (V3: 735, V1: 973)
[2025-12-16 10:23:55] [INFO] ============================================================
[2025-12-16 10:23:55] [INFO] Scraping: Amicci Pizza (V3: 735, V1: 973)
[2025-12-16 10:23:59] [INFO] Found 6 combo dishes for V1 restaurant 973
[2025-12-16 10:24:07] [INFO]   Results: 0 updated, 0 no change, 0 no MG
[2025-12-16 10:24:07] [INFO] ============================================================
[2025-12-16 10:24:07] [INFO] [43/60] Milano (V3: 749, V1: 987)
[2025-12-16 10:24:07] [INFO] ============================================================
[2025-12-16 10:24:07] [INFO] Scraping: Milano (V3: 749, V1: 987)
[2025-12-16 10:24:12] [INFO] Found 10 combo dishes for V1 restaurant 987
[2025-12-16 10:24:27] [INFO]   Results: 0 updated, 10 no change, 0 no MG
[2025-12-16 10:24:27] [INFO] ============================================================
[2025-12-16 10:24:27] [INFO] [44/60] Milano (V3: 751, V1: 989)
[2025-12-16 10:24:27] [INFO] ============================================================
[2025-12-16 10:24:27] [INFO] Scraping: Milano (V3: 751, V1: 989)
[2025-12-16 10:24:32] [INFO] Found 17 combo dishes for V1 restaurant 989
[2025-12-16 10:24:58] [INFO]   Results: 0 updated, 17 no change, 0 no MG
[2025-12-16 10:24:58] [INFO] ============================================================
[2025-12-16 10:24:58] [INFO] [45/60] Little Gyros Greek Grill (V3: 756, V1: 998)
[2025-12-16 10:24:58] [INFO] ============================================================
[2025-12-16 10:24:58] [INFO] Scraping: Little Gyros Greek Grill (V3: 756, V1: 998)
[2025-12-16 10:25:02] [INFO] Found 2 combo dishes for V1 restaurant 998
[2025-12-16 10:25:05] [INFO]   Results: 0 updated, 2 no change, 0 no MG
[2025-12-16 10:25:05] [INFO] ============================================================
[2025-12-16 10:25:05] [INFO] [46/60] Colonnade Pizza (V3: 783, V1: 1025)
[2025-12-16 10:25:05] [INFO] ============================================================
[2025-12-16 10:25:05] [INFO] Scraping: Colonnade Pizza (V3: 783, V1: 1025)
[2025-12-16 10:25:09] [INFO] Found 1 combo dishes for V1 restaurant 1025
[2025-12-16 10:25:11] [INFO]   Results: 0 updated, 0 no change, 0 no MG
[2025-12-16 10:25:11] [INFO] ============================================================
[2025-12-16 10:25:11] [INFO] [47/60] Colonnade Pizza (V3: 784, V1: 1027)
[2025-12-16 10:25:11] [INFO] ============================================================
[2025-12-16 10:25:11] [INFO] Scraping: Colonnade Pizza (V3: 784, V1: 1027)
[2025-12-16 10:25:15] [INFO] Found 1 combo dishes for V1 restaurant 1027
[2025-12-16 10:25:16] [INFO]   Results: 0 updated, 0 no change, 0 no MG
[2025-12-16 10:25:16] [INFO] ============================================================
[2025-12-16 10:25:16] [INFO] [48/60] Colonnade Pizza (V3: 785, V1: 1028)
[2025-12-16 10:25:16] [INFO] ============================================================
[2025-12-16 10:25:16] [INFO] Scraping: Colonnade Pizza (V3: 785, V1: 1028)
[2025-12-16 10:25:21] [INFO] Found 1 combo dishes for V1 restaurant 1028
[2025-12-16 10:25:22] [INFO]   Results: 0 updated, 0 no change, 0 no MG
[2025-12-16 10:25:22] [INFO] ============================================================
[2025-12-16 10:25:22] [INFO] [49/60] Poutinerie Quebecurds Hull (V3: 789, V1: 1032)
[2025-12-16 10:25:22] [INFO] ============================================================
[2025-12-16 10:25:22] [INFO] Scraping: Poutinerie Quebecurds Hull (V3: 789, V1: 1032)
[2025-12-16 10:25:26] [INFO] Found 18 combo dishes for V1 restaurant 1032
[2025-12-16 10:25:52] [INFO]   Results: 0 updated, 3 no change, 0 no MG
[2025-12-16 10:25:52] [INFO] ============================================================
[2025-12-16 10:25:52] [INFO] [50/60] Nachos Loco Hull (V3: 790, V1: 1033)
[2025-12-16 10:25:52] [INFO] ============================================================
[2025-12-16 10:25:52] [INFO] Scraping: Nachos Loco Hull (V3: 790, V1: 1033)
[2025-12-16 10:25:56] [INFO] Found 3 combo dishes for V1 restaurant 1033
[2025-12-16 10:26:01] [INFO]   Results: 0 updated, 3 no change, 0 no MG
[2025-12-16 10:26:01] [INFO] ============================================================
[2025-12-16 10:26:01] [INFO] [51/60] Nachos Loco Gatineau (V3: 801, V1: 1045)
[2025-12-16 10:26:01] [INFO] ============================================================
[2025-12-16 10:26:01] [INFO] Scraping: Nachos Loco Gatineau (V3: 801, V1: 1045)
[2025-12-16 10:26:05] [INFO] Found 3 combo dishes for V1 restaurant 1045
[2025-12-16 10:26:10] [INFO]   Results: 0 updated, 3 no change, 0 no MG
[2025-12-16 10:26:10] [INFO] ============================================================
[2025-12-16 10:26:10] [INFO] [52/60] Golden Center Pizza (V3: 815, V1: 1059)
[2025-12-16 10:26:10] [INFO] ============================================================
[2025-12-16 10:26:10] [INFO] Scraping: Golden Center Pizza (V3: 815, V1: 1059)
[2025-12-16 10:26:15] [INFO] Found 4 combo dishes for V1 restaurant 1059
[2025-12-16 10:26:21] [INFO]   Results: 0 updated, 2 no change, 0 no MG
[2025-12-16 10:26:21] [INFO] ============================================================
[2025-12-16 10:26:21] [INFO] [53/60] Milano (V3: 818, V1: 1062)
[2025-12-16 10:26:21] [INFO] ============================================================
[2025-12-16 10:26:21] [INFO] Scraping: Milano (V3: 818, V1: 1062)
[2025-12-16 10:26:25] [INFO] Found 6 combo dishes for V1 restaurant 1062
[2025-12-16 10:26:34] [INFO]   Results: 0 updated, 3 no change, 0 no MG
[2025-12-16 10:26:34] [INFO] ============================================================
[2025-12-16 10:26:34] [INFO] [54/60] Milano (V3: 819, V1: 1063)
[2025-12-16 10:26:34] [INFO] ============================================================
[2025-12-16 10:26:34] [INFO] Scraping: Milano (V3: 819, V1: 1063)
[2025-12-16 10:26:41] [INFO] Found 11 combo dishes for V1 restaurant 1063
[2025-12-16 10:26:57] [INFO]   Results: 0 updated, 6 no change, 0 no MG
[2025-12-16 10:26:57] [INFO] ============================================================
[2025-12-16 10:26:57] [INFO] [55/60] Milano (V3: 821, V1: 1065)
[2025-12-16 10:26:57] [INFO] ============================================================
[2025-12-16 10:26:57] [INFO] Scraping: Milano (V3: 821, V1: 1065)
[2025-12-16 10:27:02] [INFO] Found 5 combo dishes for V1 restaurant 1065
[2025-12-16 10:27:11] [INFO]   Results: 0 updated, 4 no change, 0 no MG
[2025-12-16 10:27:11] [INFO] ============================================================
[2025-12-16 10:27:11] [INFO] [56/60] Prima Pizza (V3: 824, V1: 1069)
[2025-12-16 10:27:11] [INFO] ============================================================
[2025-12-16 10:27:11] [INFO] Scraping: Prima Pizza (V3: 824, V1: 1069)
[2025-12-16 10:27:15] [INFO] Found 7 combo dishes for V1 restaurant 1069
[2025-12-16 10:27:25] [INFO]   Results: 0 updated, 2 no change, 0 no MG
[2025-12-16 10:27:25] [INFO] ============================================================
[2025-12-16 10:27:25] [INFO] [57/60] All Out Burger (V3: 833, V1: 1080)
[2025-12-16 10:27:25] [INFO] ============================================================
[2025-12-16 10:27:25] [INFO] Scraping: All Out Burger (V3: 833, V1: 1080)
[2025-12-16 10:27:30] [INFO] Found 1 combo dishes for V1 restaurant 1080
[2025-12-16 10:27:31] [INFO]   Results: 0 updated, 0 no change, 0 no MG
[2025-12-16 10:27:31] [INFO] ============================================================
[2025-12-16 10:27:31] [INFO] [58/60] Milano (V3: 835, V1: 1082)
[2025-12-16 10:27:31] [INFO] ============================================================
[2025-12-16 10:27:31] [INFO] Scraping: Milano (V3: 835, V1: 1082)
[2025-12-16 10:27:36] [INFO] Found 14 combo dishes for V1 restaurant 1082
[2025-12-16 10:27:55] [INFO]   Results: 0 updated, 3 no change, 0 no MG
[2025-12-16 10:27:55] [INFO] ============================================================
[2025-12-16 10:27:55] [INFO] [59/60] Milano (V3: 840, V1: 1087)
[2025-12-16 10:27:55] [INFO] ============================================================
[2025-12-16 10:27:55] [INFO] Scraping: Milano (V3: 840, V1: 1087)
[2025-12-16 10:28:00] [INFO] Found 6 combo dishes for V1 restaurant 1087
[2025-12-16 10:28:08] [INFO]   Results: 0 updated, 0 no change, 0 no MG
[2025-12-16 10:28:08] [INFO] ============================================================
[2025-12-16 10:28:08] [INFO] [60/60] Econo Pizza (V3: 1009, V1: 1095)
[2025-12-16 10:28:08] [INFO] ============================================================
[2025-12-16 10:28:08] [INFO] Scraping: Econo Pizza (V3: 1009, V1: 1095)
[2025-12-16 10:28:13] [INFO] Found 5 combo dishes for V1 restaurant 1095
[2025-12-16 10:28:20] [INFO]   Results: 0 updated, 0 no change, 0 no MG
[2025-12-16 10:28:20] [INFO] Stopping Combo Drinks Upsert Scraper...
[2025-12-16 10:28:20] [INFO] Database connection closed
[2025-12-16 10:28:20] [INFO] All connections closed
[2025-12-16 10:28:20] [INFO] Summary CSV written to: C:\Users\santi\Menu.ca\Legacy Database\Migration Strategy\Scrapers\Menu Scrapers\logs\combo_drinks_upsert_summary_20251216_102820.csv
[2025-12-16 10:28:20] [INFO] ============================================================
[2025-12-16 10:28:20] [INFO] UPSERT SCRAPING COMPLETE
[2025-12-16 10:28:20] [INFO] ============================================================
[2025-12-16 10:28:20] [INFO] Restaurants processed: 60
[2025-12-16 10:28:20] [INFO]   - Success (with updates): 11
[2025-12-16 10:28:20] [INFO]   - All current (no updates needed): 31
[2025-12-16 10:28:20] [INFO]   - Partial (with errors): 0
[2025-12-16 10:28:20] [INFO]   - No updates: 18
[2025-12-16 10:28:20] [INFO]   - Errors: 0
[2025-12-16 10:28:20] [INFO] 
[2025-12-16 10:28:20] [INFO] Combo Dishes Breakdown:
[2025-12-16 10:28:20] [INFO]   Total combo dishes found: 634
[2025-12-16 10:28:20] [INFO]   Updated: 22
[2025-12-16 10:28:20] [INFO]   Skipped (no change): 350
[2025-12-16 10:28:20] [INFO]   Skipped (no drinks section): 254
[2025-12-16 10:28:20] [INFO]   Skipped (dish not in V3): 0
[2025-12-16 10:28:20] [INFO]   Skipped (no modifier group): 8
[2025-12-16 10:28:20] [INFO]   Errors: 0
