[2025-12-12 16:49:58] [INFO] Logging to: C:\Users\santi\Menu.ca\Legacy Database\Migration Strategy\Scrapers\Menu Scrapers\logs\special_combo_scraper_20251212_164958.log
[2025-12-12 16:49:58] [INFO] Starting Special Combo Scraper...
[2025-12-12 16:50:10] [INFO] Database connection established
[2025-12-12 16:50:10] [INFO] Browser and database connections established
[2025-12-12 16:50:10] [INFO] Logging in to https://menuadmin.menu.ca/...
[2025-12-12 16:50:14] [INFO] Found login form with name='username'
[2025-12-12 16:50:18] [INFO] Current URL after login: https://menuadmin.menu.ca/?p=restaurants
[2025-12-12 16:50:18] [INFO] Login successful
[2025-12-12 16:50:18] [INFO] ============================================================
[2025-12-12 16:50:18] [INFO] Processing: Amicci Pizza (V3: 735, V1: 973)
[2025-12-12 16:50:18] [INFO] ============================================================
[2025-12-12 16:50:18] [INFO] Navigating to combo groups: https://menuadmin.menu.ca/?p=restaurants&display=editRestaurant&restaurant=973&load=comboGroups&showLang=en
[2025-12-12 16:50:19] [INFO] Combo group elements detected
[2025-12-12 16:50:19] [INFO] Found 9 combo groups
[2025-12-12 16:50:19] [INFO] Processing combo group: 1 Topping Pizza (source_id=8139)
[2025-12-12 16:50:20] [INFO] Processing combo group: Premium Toppings (source_id=8140)
[2025-12-12 16:50:20] [INFO] Processing combo group: Dips (source_id=8161)
[2025-12-12 16:50:20] [INFO] Processing combo group: 2 Large Pizza From Menu (source_id=8162)
[2025-12-12 16:50:20] [INFO] Found special section in: 2 Large Pizza From Menu
[2025-12-12 16:50:21] [INFO] Found 12 checked dishes in 2 Large Pizza From Menu
[2025-12-12 16:50:24] [INFO] Processing combo group: 2 Medium Pizza From Menu (source_id=8163)
[2025-12-12 16:50:24] [INFO] Found special section in: 2 Medium Pizza From Menu
[2025-12-12 16:50:24] [INFO] Found 12 checked dishes in 2 Medium Pizza From Menu
[2025-12-12 16:50:28] [INFO] Processing combo group: 1 Large Pizza from Menu (source_id=8164)
[2025-12-12 16:50:28] [INFO] Found special section in: 1 Large Pizza from Menu
[2025-12-12 16:50:28] [INFO] Found 12 checked dishes in 1 Large Pizza from Menu
[2025-12-12 16:50:31] [INFO] Processing combo group: 1 Medium Pizza from Menu (source_id=8165)
[2025-12-12 16:50:31] [INFO] Found special section in: 1 Medium Pizza from Menu
[2025-12-12 16:50:32] [INFO] Found 12 checked dishes in 1 Medium Pizza from Menu
[2025-12-12 16:50:35] [INFO] Processing combo group: 1 Small Pizza from Menu (source_id=8166)
[2025-12-12 16:50:35] [INFO] Found special section in: 1 Small Pizza from Menu
[2025-12-12 16:50:35] [INFO] Found 12 checked dishes in 1 Small Pizza from Menu
[2025-12-12 16:50:39] [INFO] Processing combo group: Wings Sauces (source_id=8167)
[2025-12-12 16:50:39] [INFO] Results for Amicci Pizza:
[2025-12-12 16:50:39] [INFO]   - Combo groups processed: 9
[2025-12-12 16:50:39] [INFO]   - Special combos found: 5
[2025-12-12 16:50:39] [INFO]   - Dish selections inserted: 60
[2025-12-12 16:50:39] [INFO]   - Dish lookups failed: 0
[2025-12-12 16:50:39] [INFO] Stopping Special Combo Scraper...
[2025-12-12 16:50:39] [INFO] Database connection closed
[2025-12-12 16:50:39] [INFO] All connections closed
[2025-12-12 16:50:39] [INFO] ============================================================
[2025-12-12 16:50:39] [INFO] SPECIAL COMBO SCRAPER COMPLETE
[2025-12-12 16:50:39] [INFO] ============================================================
[2025-12-12 16:50:39] [INFO] Restaurants processed: 1
[2025-12-12 16:50:39] [INFO] Total special combos found: 5
[2025-12-12 16:50:39] [INFO] Total dish selections inserted: 60
[2025-12-12 16:50:39] [INFO] Total dish lookups failed: 0
[2025-12-12 16:50:39] [INFO] 
[2025-12-12 16:50:39] [INFO] === TEST VERIFICATION ===
[2025-12-12 16:50:39] [INFO] Database connection established
[2025-12-12 16:50:39] [INFO] Database connection closed
[2025-12-12 16:50:39] [INFO] Database verification for Amicci Pizza (V3: 735):
[2025-12-12 16:50:39] [INFO]   - Special combo groups: 5
[2025-12-12 16:50:39] [INFO]   - Dish selections in DB: 60
[2025-12-12 16:50:39] [INFO]   - Expected: ~5 special combos, ~60 dish selections
