[2025-12-12 17:26:25] [INFO] Logging to: C:\Users\santi\Menu.ca\Legacy Database\Migration Strategy\Scrapers\Menu Scrapers\logs\special_combo_scraper_20251212_172625.log
[2025-12-12 17:26:25] [INFO] Starting Special Combo Scraper...
[2025-12-12 17:26:26] [INFO] Database connection established
[2025-12-12 17:26:26] [INFO] Browser and database connections established
[2025-12-12 17:26:26] [INFO] Logging in to https://menuadmin.menu.ca/...
[2025-12-12 17:26:30] [INFO] Found login form with name='username'
[2025-12-12 17:26:34] [INFO] Current URL after login: https://menuadmin.menu.ca/?p=restaurants
[2025-12-12 17:26:34] [INFO] Login successful
[2025-12-12 17:26:34] [INFO] ============================================================
[2025-12-12 17:26:34] [INFO] Processing: All Out Burger (V3: 833, V1: 1080)
[2025-12-12 17:26:34] [INFO] ============================================================
[2025-12-12 17:26:34] [INFO] Navigating to combo groups: https://menuadmin.menu.ca/?p=restaurants&display=editRestaurant&restaurant=1080&load=comboGroups&showLang=en
[2025-12-12 17:26:35] [INFO] Combo group elements detected
[2025-12-12 17:26:35] [INFO] Found 1 combo groups
[2025-12-12 17:26:35] [INFO] Processing combo group: Any 3 Burgers Special (source_id=9239)
[2025-12-12 17:26:36] [INFO] Found special section in: Any 3 Burgers Special
[2025-12-12 17:26:36] [INFO] Found 12 checked dishes in Any 3 Burgers Special
[2025-12-12 17:26:39] [INFO] Results for All Out Burger:
[2025-12-12 17:26:39] [INFO]   - Combo groups processed: 1
[2025-12-12 17:26:39] [INFO]   - Special combos found: 1
[2025-12-12 17:26:39] [INFO]   - Dish selections inserted: 12
[2025-12-12 17:26:39] [INFO]   - Dish lookups failed: 0
[2025-12-12 17:26:39] [INFO] Stopping Special Combo Scraper...
[2025-12-12 17:26:39] [INFO] Database connection closed
[2025-12-12 17:26:39] [INFO] All connections closed
[2025-12-12 17:26:39] [INFO] ============================================================
[2025-12-12 17:26:39] [INFO] SPECIAL COMBO SCRAPER COMPLETE
[2025-12-12 17:26:39] [INFO] ============================================================
[2025-12-12 17:26:39] [INFO] Restaurants processed: 1
[2025-12-12 17:26:39] [INFO] Total special combos found: 1
[2025-12-12 17:26:39] [INFO] Total dish selections inserted: 12
[2025-12-12 17:26:39] [INFO] Total dish lookups failed: 0
