6-01-15 09:27:41,869 - INFO - Logging to: C:\Users\santi\Menu.ca\Legacy Database\Migration Strategy\Scrapers\Restaurant Admin Scrapers\V2\logs\v2_admin_contacts_20260115_092741.log
2026-01-15 09:27:41,869 - INFO - ============================================================
2026-01-15 09:27:41,869 - INFO - V2 ADMIN CONTACTS SCRAPER
2026-01-15 09:27:41,869 - INFO - ============================================================
2026-01-15 09:27:41,869 - INFO - Started at: 2026-01-15 09:27:41
2026-01-15 09:27:42,192 - DEBUG - Database connected
2026-01-15 09:27:42,194 - INFO - TEST MODE: Processing single restaurant V2 ID 1637
2026-01-15 09:27:42,194 - INFO - Total restaurants to process: 1
2026-01-15 09:27:42,691 - INFO - Navigating to V2 CRM: https://aggregator-admin.menu.ca/index.php/auth/index
2026-01-15 09:27:43,487 - DEBUG - Filled email field
2026-01-15 09:27:43,497 - DEBUG - Filled password field
2026-01-15 09:27:43,946 - DEBUG - Clicked submit button
2026-01-15 09:27:46,896 - INFO - V2 CRM login successful
2026-01-15 09:27:46,896 - INFO - ----------------------------------------
2026-01-15 09:27:46,896 - INFO - [1/1] Kirkwood Pizza (V3: 950, V2: 1637)
2026-01-15 09:27:46,897 - DEBUG - Navigating to: https://aggregator-admin.menu.ca/index.php/restaurants/edit/1637/info
2026-01-15 09:27:48,985 - DEBUG - Skipping test contact: test alex / alexandra9nicolae@gmail.com
2026-01-15 09:27:48,986 - DEBUG - Skipping test contact: TEST ALEX / alexandra9nicolae@gmail.com
2026-01-15 09:27:48,986 - DEBUG - Found 1 valid contacts for V2 ID 1637
2026-01-15 09:27:48,986 - INFO -   Found 1 unique contacts with email
2026-01-15 09:27:49,471 - DEBUG - Auth user may already exist: {'code': 422, 'error_code': 'email_exists', 'msg': 'A user with this email address has already been registered'}
2026-01-15 09:27:53,793 - DEBUG - Found existing auth user for kirkwoodottawapizza@gmail.com
2026-01-15 09:27:53,926 - INFO - Created admin_user: kirkwoodottawapizza@gmail.com (ID: 1080)
2026-01-15 09:27:54,030 - INFO - Linked admin 1080 to restaurant 950
2026-01-15 09:27:54,030 - INFO -   Result: 1 created, 0 updated, 1 links
2026-01-15 09:27:54,074 - DEBUG - Database connection closed
2026-01-15 09:27:54,084 - INFO - ============================================================
2026-01-15 09:27:54,084 - INFO - SCRAPER SUMMARY
2026-01-15 09:27:54,084 - INFO - ============================================================
2026-01-15 09:27:54,084 - INFO - Completed at: 2026-01-15 09:27:54
2026-01-15 09:27:54,084 - INFO - Restaurants processed: 1
2026-01-15 09:27:54,084 - INFO - Contacts found: 1
2026-01-15 09:27:54,084 - INFO - Contacts with email: 1
2026-01-15 09:27:54,084 - INFO - Admins created: 1
2026-01-15 09:27:54,084 - INFO - Admins updated: 0
2026-01-15 09:27:54,084 - INFO - Restaurant links created: 1
2026-01-15 09:27:54,084 - INFO - Restaurants skipped (no contacts): 0
2026-01-15 09:27:54,084 - INFO - Errors: 0
2026-01-15 09:27:54,084 - INFO - ============================================================
2026-01-15 09:27:54,084 - INFO - SCRAPER COMPLETED SUCCESSFULLY
2026-01-15 09:27:54,084 - INFO - ============================================================
