2026-01-05 11:21:25,823 - INFO - Logging to: C:\Users\santi\Menu.ca\Legacy Database\Migration Strategy\Scrapers\Menu Scrapers\V1 Scrapper\logs\dish_modifier_group_scraper_20260105_112125.log
2026-01-05 11:21:25,824 - INFO - ============================================================
2026-01-05 11:21:25,824 - INFO - DISH TO MODIFIER GROUP LINKER SCRAPER
2026-01-05 11:21:25,824 - INFO - ============================================================
2026-01-05 11:21:26,185 - DEBUG - Database connected
2026-01-05 11:21:26,247 - INFO - Processing 1 specified restaurants
2026-01-05 11:21:26,723 - INFO - Navigating to V1 CRM: https://menuadmin.menu.ca/?p=login
2026-01-05 11:21:27,882 - DEBUG - Filled username using: input[name="username"]
2026-01-05 11:21:27,889 - DEBUG - Filled password using: input[name="password"]
2026-01-05 11:21:28,301 - DEBUG - Clicked submit using: input[type="submit"]
2026-01-05 11:21:30,830 - INFO - V1 CRM login successful
2026-01-05 11:21:30,830 - INFO - ----------------------------------------
2026-01-05 11:21:30,830 - INFO - [1/1] Processing: Riverside Pizzeria (V3: 133, V1: 257)
2026-01-05 11:21:30,830 - INFO -   119 dishes to process
2026-01-05 11:21:33,091 - DEBUG -   No active modifier groups for dish 1 Topping Twin Special
2026-01-05 11:21:34,986 - DEBUG -   No active modifier groups for dish 2 Toppings Twin Special
2026-01-05 11:21:36,845 - DEBUG -   No active modifier groups for dish 3 Toppings Twin Special
2026-01-05 11:21:38,722 - DEBUG -   Found active group: Wings Sauces (V1 ID: 2407, Category: sa)
2026-01-05 11:21:38,734 - INFO -   30 Wings Special: 1 active modifier groups
2026-01-05 11:21:39,001 - DEBUG -     Linked: 30 Wings Special -> Wings Sauces
2026-01-05 11:21:39,182 - DEBUG -     Details: Sauces (min:1, max:1, free:0, order:4)
2026-01-05 11:21:41,017 - DEBUG -   No active modifier groups for dish A&W Root Beer
2026-01-05 11:21:42,899 - DEBUG -   No active modifier groups for dish Aloha
2026-01-05 11:21:44,761 - DEBUG -   No active modifier groups for dish Bacon Cheeseburger
2026-01-05 11:21:46,606 - DEBUG -   Found active group: Daniel's Famous Poutine 4.50 (V1 ID: 3907, Category: sd)
2026-01-05 11:21:46,614 - INFO -   Bacon Cheeseburger with Fries: 1 active modifier groups
2026-01-05 11:21:46,846 - DEBUG -     Linked: Bacon Cheeseburger with Fries -> Daniel's Famous Poutine 4.50
2026-01-05 11:21:47,080 - DEBUG -     Details: Side Dish (min:0, max:1, free:0, order:5)
2026-01-05 11:21:49,349 - DEBUG -   No active modifier groups for dish BBQ Chicken
2026-01-05 11:21:49,349 - INFO -   Progress: 10/119 dishes
2026-01-05 11:21:51,440 - DEBUG -   No active modifier groups for dish Beef Donair
2026-01-05 11:21:53,339 - DEBUG -   No active modifier groups for dish Beef Donair Sandwich
2026-01-05 11:21:55,190 - DEBUG -   No active modifier groups for dish Beef Nachos
2026-01-05 11:21:57,045 - DEBUG -   No active modifier groups for dish Big D’S Favourites
2026-01-05 11:21:58,949 - DEBUG -   Found active group: Wings Sauces (V1 ID: 2407, Category: sa)
2026-01-05 11:21:58,959 - INFO -   Boneless Wings: 1 active modifier groups
2026-01-05 11:21:59,068 - DEBUG -     Linked: Boneless Wings -> Wings Sauces
2026-01-05 11:21:59,173 - DEBUG -     Details: Sauces (min:1, max:1, free:0, order:4)
2026-01-05 11:22:01,049 - DEBUG -   Found active group: Wings Sauces (V1 ID: 2407, Category: sa)
2026-01-05 11:22:01,059 - INFO -   Breaded Wings: 1 active modifier groups
2026-01-05 11:22:01,178 - DEBUG -     Linked: Breaded Wings -> Wings Sauces
2026-01-05 11:22:01,282 - DEBUG -     Details: Sauces (min:1, max:1, free:0, order:4)
2026-01-05 11:22:03,164 - DEBUG -   No active modifier groups for dish Butter Chicken Pizza
2026-01-05 11:22:05,028 - DEBUG -   Found active group: Extra Grilled Chicken 1.95 ,2.95 (V1 ID: 2406, Category: e)
2026-01-05 11:22:05,035 - INFO -   Caesar Salad: 1 active modifier groups
2026-01-05 11:22:05,149 - DEBUG -     Linked: Caesar Salad -> Extra Grilled Chicken 1.95 ,2.95
2026-01-05 11:22:05,244 - DEBUG -     Details: Extras (min:0, max:1, free:0, order:7)
2026-01-05 11:22:07,150 - DEBUG -   No active modifier groups for dish Canadian
2026-01-05 11:22:08,990 - DEBUG -   No active modifier groups for dish Caramel Apple Cheesecake
2026-01-05 11:22:08,990 - INFO -   Progress: 20/119 dishes
2026-01-05 11:22:10,885 - DEBUG -   No active modifier groups for dish Cheddar & Mushroom Jalapeno Burger Melt
2026-01-05 11:22:12,706 - DEBUG -   Found active group: Daniel's Famous Poutine 4.50 (V1 ID: 3907, Category: sd)
2026-01-05 11:22:12,718 - INFO -   Cheddar & Mushroom Jalapeno Burger Melt with Fries: 1 active modifier groups
2026-01-05 11:22:12,833 - DEBUG -     Linked: Cheddar & Mushroom Jalapeno Burger Melt with Fries -> Daniel's Famous Poutine 4.50
2026-01-05 11:22:12,955 - DEBUG -     Details: Side Dish (min:0, max:1, free:0, order:5)
2026-01-05 11:22:14,798 - DEBUG -   No active modifier groups for dish Cheese Steak
2026-01-05 11:22:16,653 - DEBUG -   No active modifier groups for dish Cheeseburger
2026-01-05 11:22:18,495 - DEBUG -   Found active group: Daniel's Famous Poutine 4.50 (V1 ID: 3907, Category: sd)
2026-01-05 11:22:18,509 - INFO -   Cheeseburger with Fries: 1 active modifier groups
2026-01-05 11:22:18,623 - DEBUG -     Linked: Cheeseburger with Fries -> Daniel's Famous Poutine 4.50
2026-01-05 11:22:18,736 - DEBUG -     Details: Side Dish (min:0, max:1, free:0, order:5)
2026-01-05 11:22:20,591 - DEBUG -   No active modifier groups for dish Cheesecake
2026-01-05 11:22:22,459 - DEBUG -   Found active group: Extra Grilled Chicken 1.95 ,2.95 (V1 ID: 2406, Category: e)
2026-01-05 11:22:22,464 - INFO -   Chef's Salad: 1 active modifier groups
2026-01-05 11:22:22,576 - DEBUG -     Linked: Chef's Salad -> Extra Grilled Chicken 1.95 ,2.95
2026-01-05 11:22:22,678 - DEBUG -     Details: Extras (min:0, max:1, free:0, order:7)
2026-01-05 11:22:24,506 - DEBUG -   No active modifier groups for dish Chicken Bites
2026-01-05 11:22:26,653 - DEBUG -   Found active group: Daniel's Famous Poutine 4.50 (V1 ID: 3907, Category: sd)
2026-01-05 11:22:26,678 - INFO -   Chicken Burger with Fries: 1 active modifier groups
2026-01-05 11:22:26,782 - DEBUG -     Linked: Chicken Burger with Fries -> Daniel's Famous Poutine 4.50
2026-01-05 11:22:26,908 - DEBUG -     Details: Side Dish (min:0, max:1, free:0, order:5)
2026-01-05 11:22:29,104 - DEBUG -   Found active group: Dips (V1 ID: 2404, Category: sa)
2026-01-05 11:22:29,118 - INFO -   Chicken Fingers (5pcs): 1 active modifier groups
2026-01-05 11:22:29,230 - DEBUG -     Linked: Chicken Fingers (5pcs) -> Dips
2026-01-05 11:22:29,330 - DEBUG -     Details: First Sauce Free (min:1, max:0, free:1, order:4)
2026-01-05 11:22:29,330 - INFO -   Progress: 30/119 dishes
2026-01-05 11:22:31,164 - DEBUG -   Found active group: NEW DIPS (V1 ID: 7358, Category: sa)
2026-01-05 11:22:31,176 - DEBUG -   Found active group: Daniel's Famous Poutine 4.50 (V1 ID: 3907, Category: sd)
2026-01-05 11:22:31,187 - INFO -   Chicken Fingers and Fries: 2 active modifier groups
2026-01-05 11:22:31,301 - DEBUG -     Linked: Chicken Fingers and Fries -> NEW DIPS
2026-01-05 11:22:31,404 - DEBUG -     Details: First Dip Free (min:1, max:0, free:1, order:4)
2026-01-05 11:22:31,508 - DEBUG -     Linked: Chicken Fingers and Fries -> Daniel's Famous Poutine 4.50
2026-01-05 11:22:31,611 - DEBUG -     Details: Side Dish (min:0, max:1, free:0, order:5)
2026-01-05 11:22:33,437 - DEBUG -   No active modifier groups for dish Chicken Nachos
2026-01-05 11:22:35,269 - DEBUG -   No active modifier groups for dish Chicken Parmesan Sub
2026-01-05 11:22:37,107 - DEBUG -   Found active group: Extras for Pastas (V1 ID: 8439, Category: e)
2026-01-05 11:22:37,114 - INFO -   Chicken Parmesan with Spaghetti: 1 active modifier groups
2026-01-05 11:22:37,223 - DEBUG -     Linked: Chicken Parmesan with Spaghetti -> Extras for Pastas
2026-01-05 11:22:37,334 - DEBUG -     Details: Extras (min:0, max:0, free:0, order:7)
2026-01-05 11:22:39,206 - DEBUG -   No active modifier groups for dish Chicken Shawarma
2026-01-05 11:22:41,030 - DEBUG -   No active modifier groups for dish Chicken Shawarma Sandwich
2026-01-05 11:22:42,853 - DEBUG -   No active modifier groups for dish Chocolate Cake
2026-01-05 11:22:44,683 - DEBUG -   No active modifier groups for dish Cinnamon Balls
2026-01-05 11:22:46,570 - DEBUG -   Found active group: Wings Sauces (V1 ID: 2407, Category: sa)
2026-01-05 11:22:46,579 - INFO -   Classic Wings: 1 active modifier groups
2026-01-05 11:22:46,698 - DEBUG -     Linked: Classic Wings -> Wings Sauces
2026-01-05 11:22:46,798 - DEBUG -     Details: Sauces (min:1, max:1, free:0, order:4)
2026-01-05 11:22:48,617 - DEBUG -   Found active group: Daniel's Famous Poutine 4.50 (V1 ID: 3907, Category: sd)
2026-01-05 11:22:48,626 - INFO -   Club Sandwich: 1 active modifier groups
2026-01-05 11:22:48,737 - DEBUG -     Linked: Club Sandwich -> Daniel's Famous Poutine 4.50
2026-01-05 11:22:48,840 - DEBUG -     Details: Side Dish (min:0, max:1, free:0, order:5)
2026-01-05 11:22:48,840 - INFO -   Progress: 40/119 dishes
2026-01-05 11:22:50,681 - DEBUG -   No active modifier groups for dish Club Sub
2026-01-05 11:22:52,530 - DEBUG -   No active modifier groups for dish Coke
2026-01-05 11:22:54,370 - DEBUG -   No active modifier groups for dish Combination with Olives
2026-01-05 11:22:56,194 - DEBUG -   No active modifier groups for dish Crispy Chicken Sub
2026-01-05 11:22:58,072 - DEBUG -   No active modifier groups for dish Dani Boy Special
2026-01-05 11:22:59,905 - DEBUG -   Found active group: Pizza Toppings without Premium (V1 ID: 2401, Category: ci)
2026-01-05 11:22:59,919 - DEBUG -   Found active group: Extra Gravy and Cheese for Daniel's Poutine (V1 ID: 2412, Category: e)
2026-01-05 11:22:59,924 - INFO -   Daniel's Famous Poutine: 2 active modifier groups
2026-01-05 11:23:00,039 - DEBUG -     Linked: Daniel's Famous Poutine -> Pizza Toppings without Premium
2026-01-05 11:23:00,141 - DEBUG -     Details: Toppings (min:0, max:0, free:0, order:2)
2026-01-05 11:23:00,252 - DEBUG -     Linked: Daniel's Famous Poutine -> Extra Gravy and Cheese for Daniel's Poutine
2026-01-05 11:23:00,353 - DEBUG -     Details: Extras (min:0, max:2, free:0, order:7)
2026-01-05 11:23:02,194 - DEBUG -   No active modifier groups for dish Deep Fried Pickles (8 pcs)
2026-01-05 11:23:04,049 - DEBUG -   No active modifier groups for dish Deluxe
2026-01-05 11:23:05,873 - DEBUG -   No active modifier groups for dish Diet Coke
2026-01-05 11:23:07,730 - DEBUG -   No active modifier groups for dish Dipping Sauce
2026-01-05 11:23:07,730 - INFO -   Progress: 50/119 dishes
2026-01-05 11:23:09,612 - DEBUG -   Found active group: Drinks 500ml (V1 ID: 2460, Category: d)
2026-01-05 11:23:09,618 - INFO -   Donair Special: 1 active modifier groups
2026-01-05 11:23:09,738 - DEBUG -     Linked: Donair Special -> Drinks 500ml
2026-01-05 11:23:09,841 - DEBUG -     Details: Drinks (min:2, max:2, free:0, order:6)
2026-01-05 11:23:11,690 - DEBUG -   No active modifier groups for dish Double Trouble
2026-01-05 11:23:13,800 - DEBUG -   Found active group: Shrimp & CHicken (V1 ID: 8596, Category: e)
2026-01-05 11:23:13,805 - INFO -   Fettuccine Alfredo: 1 active modifier groups
2026-01-05 11:23:13,915 - DEBUG -     Linked: Fettuccine Alfredo -> Shrimp & CHicken
2026-01-05 11:23:14,016 - DEBUG -     Details: Extras (min:0, max:0, free:0, order:7)
2026-01-05 11:23:15,863 - DEBUG -   Found active group: Fries Cooking method (V1 ID: 2769, Category: cm)
2026-01-05 11:23:15,863 - INFO -   French Fries: 1 active modifier groups
2026-01-05 11:23:15,975 - DEBUG -     Linked: French Fries -> Fries Cooking method
2026-01-05 11:23:16,060 - DEBUG -     Details: Cooking Method (min:0, max:0, free:0, order:8)
2026-01-05 11:23:18,009 - DEBUG -   No active modifier groups for dish Garlic Bread
2026-01-05 11:23:19,972 - DEBUG -   No active modifier groups for dish Garlic Lovers Pizza
2026-01-05 11:23:21,952 - DEBUG -   No active modifier groups for dish Garlic Sticks
2026-01-05 11:23:23,917 - DEBUG -   No active modifier groups for dish Ginger Ale
2026-01-05 11:23:25,905 - DEBUG -   Found active group: Homemade Pastas Sauces (V1 ID: 3906, Category: sa)
2026-01-05 11:23:25,959 - INFO -   Gnocchi: 1 active modifier groups
2026-01-05 11:23:26,075 - DEBUG -     Linked: Gnocchi -> Homemade Pastas Sauces
2026-01-05 11:23:26,256 - DEBUG -     Details: Sauces (min:1, max:1, free:0, order:4)
2026-01-05 11:23:28,227 - DEBUG -   No active modifier groups for dish Godfather
2026-01-05 11:23:28,228 - INFO -   Progress: 60/119 dishes
2026-01-05 11:23:30,323 - DEBUG -   No active modifier groups for dish Greek
2026-01-05 11:23:32,549 - DEBUG -   Found active group: Extra Grilled Chicken 1.95 ,2.95 (V1 ID: 2406, Category: e)
2026-01-05 11:23:32,573 - INFO -   Greek Salad: 1 active modifier groups
2026-01-05 11:23:32,686 - DEBUG -     Linked: Greek Salad -> Extra Grilled Chicken 1.95 ,2.95
2026-01-05 11:23:32,858 - DEBUG -     Details: Extras (min:0, max:1, free:0, order:7)
2026-01-05 11:23:34,818 - DEBUG -   No active modifier groups for dish Greek Sub
2026-01-05 11:23:36,796 - DEBUG -   No active modifier groups for dish Hamburger
2026-01-05 11:23:38,829 - DEBUG -   Found active group: Daniel's Famous Poutine 4.50 (V1 ID: 3907, Category: sd)
2026-01-05 11:23:38,873 - INFO -   Hamburger with Fries: 1 active modifier groups
2026-01-05 11:23:38,985 - DEBUG -     Linked: Hamburger with Fries -> Daniel's Famous Poutine 4.50
2026-01-05 11:23:39,175 - DEBUG -     Details: Side Dish (min:0, max:1, free:0, order:5)
2026-01-05 11:23:41,154 - DEBUG -   No active modifier groups for dish Hawaiian Island
2026-01-05 11:23:43,165 - DEBUG -   No active modifier groups for dish Heart Attack Supreme
2026-01-05 11:23:45,376 - DEBUG -   Found active group: Burger Platter Extra (V1 ID: 2408, Category: e)
2026-01-05 11:23:45,401 - INFO -   Homemade Hamburger: 1 active modifier groups
2026-01-05 11:23:45,520 - DEBUG -     Linked: Homemade Hamburger -> Burger Platter Extra
2026-01-05 11:23:45,691 - DEBUG -     Details: Extras (min:0, max:4, free:0, order:1)
2026-01-05 11:23:47,699 - DEBUG -   Found active group: Daniel's Famous Poutine 4.50 (V1 ID: 3907, Category: sd)
2026-01-05 11:23:47,751 - INFO -   Hot Chicken Sandwich: 1 active modifier groups
2026-01-05 11:23:47,868 - DEBUG -     Linked: Hot Chicken Sandwich -> Daniel's Famous Poutine 4.50
2026-01-05 11:23:48,051 - DEBUG -     Details: Side Dish (min:0, max:1, free:0, order:5)
2026-01-05 11:23:50,611 - DEBUG -   No active modifier groups for dish Jalapeno Poppers (8 pcs)
2026-01-05 11:23:50,611 - INFO -   Progress: 70/119 dishes
2026-01-05 11:23:52,805 - DEBUG -   No active modifier groups for dish La Margherita
2026-01-05 11:23:54,750 - DEBUG -   Found active group: Drinks 500ml (V1 ID: 2460, Category: d)
2026-01-05 11:23:54,783 - INFO -   Large Pizza Special: 1 active modifier groups
2026-01-05 11:23:54,897 - DEBUG -     Linked: Large Pizza Special -> Drinks 500ml
2026-01-05 11:23:55,077 - DEBUG -     Details: Drinks (min:3, max:3, free:0, order:6)
2026-01-05 11:23:57,073 - DEBUG -   No active modifier groups for dish Lasagna
2026-01-05 11:23:59,083 - DEBUG -   No active modifier groups for dish Mac N Cheese Bites (8)
2026-01-05 11:24:01,065 - DEBUG -   No active modifier groups for dish Meat Lovers
2026-01-05 11:24:03,062 - DEBUG -   No active modifier groups for dish Meatball Sub
2026-01-05 11:24:05,070 - DEBUG -   Found active group: Drinks 500ml (V1 ID: 2460, Category: d)
2026-01-05 11:24:05,103 - INFO -   Medium Pizza and Poutine: 1 active modifier groups
2026-01-05 11:24:05,226 - DEBUG -     Linked: Medium Pizza and Poutine -> Drinks 500ml
2026-01-05 11:24:05,416 - DEBUG -     Details: Drinks (min:2, max:2, free:0, order:6)
2026-01-05 11:24:07,425 - DEBUG -   Found active group: Drinks 500ml (V1 ID: 2460, Category: d)
2026-01-05 11:24:07,461 - INFO -   Medium Pizza and Wings Special: 1 active modifier groups
2026-01-05 11:24:07,574 - DEBUG -     Linked: Medium Pizza and Wings Special -> Drinks 500ml
2026-01-05 11:24:07,758 - DEBUG -     Details: Drinks (min:2, max:2, free:0, order:6)
2026-01-05 11:24:09,707 - DEBUG -   Found active group: Toppings without premium for Specials (V1 ID: 6439, Category: ci)
2026-01-05 11:24:09,751 - DEBUG -   Found active group: NEW DIPS (V1 ID: 7358, Category: sa)
2026-01-05 11:24:09,800 - INFO -   Melina’s Famous Calzones: 2 active modifier groups
2026-01-05 11:24:09,914 - DEBUG -     Linked: Melina’s Famous Calzones -> Toppings without premium for Specials
2026-01-05 11:24:10,099 - DEBUG -     Details: Custom Ingredients (min:4, max:4, free:4, order:2)
2026-01-05 11:24:10,211 - DEBUG -     Linked: Melina’s Famous Calzones -> NEW DIPS
2026-01-05 11:24:10,396 - DEBUG -     Details: Dips (min:0, max:0, free:0, order:4)
2026-01-05 11:24:12,380 - DEBUG -   Found active group: NEW DIPS (V1 ID: 7358, Category: sa)
2026-01-05 11:24:12,416 - INFO -   Mozzarella Sticks: 1 active modifier groups
2026-01-05 11:24:12,529 - DEBUG -     Linked: Mozzarella Sticks -> NEW DIPS
2026-01-05 11:24:12,724 - DEBUG -     Details: First Dip Free (min:1, max:0, free:1, order:4)
2026-01-05 11:24:12,724 - INFO -   Progress: 80/119 dishes
2026-01-05 11:24:14,741 - DEBUG -   No active modifier groups for dish Nacho Pizza
2026-01-05 11:24:16,674 - DEBUG -   No active modifier groups for dish Nachos
2026-01-05 11:24:18,681 - DEBUG -   No active modifier groups for dish New Yorker Pizza
2026-01-05 11:24:20,705 - DEBUG -   No active modifier groups for dish Nutella Calzone
2026-01-05 11:24:22,687 - DEBUG -   No active modifier groups for dish One Topping
2026-01-05 11:24:24,675 - DEBUG -   No active modifier groups for dish Onion Rings
2026-01-05 11:24:26,883 - DEBUG -   No active modifier groups for dish Parmesan Chicken Pizza
2026-01-05 11:24:28,857 - DEBUG -   No active modifier groups for dish Pennie Primavera
2026-01-05 11:24:31,139 - DEBUG -   No active modifier groups for dish Pennie with Sausage
2026-01-05 11:24:33,425 - DEBUG -   No active modifier groups for dish Pennie with Shrimp
2026-01-05 11:24:33,425 - INFO -   Progress: 90/119 dishes
2026-01-05 11:24:35,486 - DEBUG -   No active modifier groups for dish Pepperoni Lovers
2026-01-05 11:24:37,473 - DEBUG -   No active modifier groups for dish Pizza Sub
2026-01-05 11:24:39,470 - DEBUG -   No active modifier groups for dish Plain
2026-01-05 11:24:41,462 - DEBUG -   Found active group: Pizza Toppings without Premium (V1 ID: 2401, Category: ci)
2026-01-05 11:24:41,560 - DEBUG -   Found active group: Extra Gravy and Cheese for Daniel's Poutine (V1 ID: 2412, Category: e)
2026-01-05 11:24:41,585 - INFO -   Pom Pom Poutine: 2 active modifier groups
2026-01-05 11:24:41,712 - DEBUG -     Linked: Pom Pom Poutine -> Pizza Toppings without Premium
2026-01-05 11:24:41,888 - DEBUG -     Details: Toppings (min:0, max:0, free:0, order:2)
2026-01-05 11:24:41,998 - DEBUG -     Linked: Pom Pom Poutine -> Extra Gravy and Cheese for Daniel's Poutine
2026-01-05 11:24:42,173 - DEBUG -     Details: Extras (min:0, max:0, free:0, order:7)
2026-01-05 11:24:44,180 - DEBUG -   No active modifier groups for dish Pop Curds
2026-01-05 11:24:46,354 - DEBUG -   No active modifier groups for dish Poutine Burger
2026-01-05 11:24:48,369 - DEBUG -   No active modifier groups for dish Poutine Pizza
2026-01-05 11:24:50,356 - DEBUG -   No active modifier groups for dish Prosciutto White Pizza
2026-01-05 11:24:52,347 - DEBUG -   Found active group: Homemade Pastas Sauces (V1 ID: 3906, Category: sa)
2026-01-05 11:24:52,401 - INFO -   Ravioli: 1 active modifier groups
2026-01-05 11:24:52,513 - DEBUG -     Linked: Ravioli -> Homemade Pastas Sauces
2026-01-05 11:24:52,699 - DEBUG -     Details: Sauces (min:1, max:1, free:0, order:4)
2026-01-05 11:24:54,692 - DEBUG -   No active modifier groups for dish Reese's Peanut Butter Blondie
2026-01-05 11:24:54,692 - INFO -   Progress: 100/119 dishes
2026-01-05 11:24:56,704 - DEBUG -   No active modifier groups for dish Riverside Lasagna
2026-01-05 11:24:58,671 - DEBUG -   No active modifier groups for dish Riverside Special
2026-01-05 11:25:00,688 - DEBUG -   Found active group: Extra Grilled Chicken 1.95 ,2.95 (V1 ID: 2406, Category: e)
2026-01-05 11:25:00,711 - INFO -   Riverside Super Salad: 1 active modifier groups
2026-01-05 11:25:00,832 - DEBUG -     Linked: Riverside Super Salad -> Extra Grilled Chicken 1.95 ,2.95
2026-01-05 11:25:01,005 - DEBUG -     Details: Extras (min:0, max:1, free:0, order:7)
2026-01-05 11:25:03,002 - DEBUG -   No active modifier groups for dish Santina
2026-01-05 11:25:05,016 - DEBUG -   No active modifier groups for dish Seafood Deluxe
2026-01-05 11:25:07,011 - DEBUG -   Found active group: Drinks 500ml (V1 ID: 2460, Category: d)
2026-01-05 11:25:07,057 - INFO -   Small Pizza and Poutine: 1 active modifier groups
2026-01-05 11:25:07,172 - DEBUG -     Linked: Small Pizza and Poutine -> Drinks 500ml
2026-01-05 11:25:07,344 - DEBUG -     Details: Drinks (min:1, max:1, free:0, order:6)
2026-01-05 11:25:09,296 - DEBUG -   Found active group: Drinks 500ml (V1 ID: 2460, Category: d)
2026-01-05 11:25:09,302 - INFO -   Small Pizza and Wings: 1 active modifier groups
2026-01-05 11:25:09,412 - DEBUG -     Linked: Small Pizza and Wings -> Drinks 500ml
2026-01-05 11:25:09,511 - DEBUG -     Details: Drinks (min:1, max:1, free:0, order:6)
2026-01-05 11:25:11,388 - DEBUG -   No active modifier groups for dish Soprano Pizza
2026-01-05 11:25:13,263 - DEBUG -   Found active group: Extras for Pastas (V1 ID: 8439, Category: e)
2026-01-05 11:25:13,269 - INFO -   Spaghetti with Meat Sauce: 1 active modifier groups
2026-01-05 11:25:13,379 - DEBUG -     Linked: Spaghetti with Meat Sauce -> Extras for Pastas
2026-01-05 11:25:13,748 - DEBUG -     Details: Extras (min:0, max:1, free:0, order:7)
2026-01-05 11:25:15,591 - DEBUG -   No active modifier groups for dish Steak and Veggie
2026-01-05 11:25:15,591 - INFO -   Progress: 110/119 dishes
2026-01-05 11:25:17,519 - DEBUG -   No active modifier groups for dish Strawberry Cheesecake
2026-01-05 11:25:19,376 - DEBUG -   No active modifier groups for dish Tango Special
2026-01-05 11:25:21,205 - DEBUG -   No active modifier groups for dish Tater Tots (100g)
2026-01-05 11:25:23,072 - DEBUG -   No active modifier groups for dish Three Toppings
2026-01-05 11:25:24,910 - DEBUG -   No active modifier groups for dish Tortellini Three Cheese
2026-01-05 11:25:26,735 - DEBUG -   No active modifier groups for dish Two Toppings
2026-01-05 11:25:28,597 - DEBUG -   No active modifier groups for dish Vegetarian
2026-01-05 11:25:30,466 - DEBUG -   No active modifier groups for dish White Chocolate Brownie (gluten free)
2026-01-05 11:25:32,319 - DEBUG -   No active modifier groups for dish Woww Pizza
2026-01-05 11:25:34,165 - DEBUG -   Found active group: NEW DIPS (V1 ID: 7358, Category: sa)
2026-01-05 11:25:34,174 - INFO -   Zucchini Sticks: 1 active modifier groups
2026-01-05 11:25:34,283 - DEBUG -     Linked: Zucchini Sticks -> NEW DIPS
2026-01-05 11:25:34,386 - DEBUG -     Details: First Dip Free (min:1, max:0, free:1, order:4)
2026-01-05 11:25:34,387 - INFO -   Result: 35 processed, 84 skipped, 39 links, 39 details
2026-01-05 11:25:34,467 - INFO - ============================================================
2026-01-05 11:25:34,467 - INFO - SCRAPER COMPLETED
2026-01-05 11:25:34,467 - INFO - ============================================================
2026-01-05 11:25:34,469 - INFO - Restaurants processed: 1
2026-01-05 11:25:34,469 - INFO - Dishes processed: 35
2026-01-05 11:25:34,469 - INFO - Dishes skipped (no active modifiers): 84
2026-01-05 11:25:34,469 - INFO - Links created: 39
2026-01-05 11:25:34,470 - INFO - Details created: 39
