2026-01-05 11:15:10,189 - INFO - Logging to: C:\Users\santi\Menu.ca\Legacy Database\Migration Strategy\Scrapers\Menu Scrapers\V1 Scrapper\logs\english_modifier_scraper_20260105_111510.log
2026-01-05 11:15:10,190 - INFO - ============================================================
2026-01-05 11:15:10,190 - INFO - ENGLISH MODIFIER GROUP SCRAPER
2026-01-05 11:15:10,190 - INFO - ============================================================
2026-01-05 11:15:10,190 - INFO - Started at: 2026-01-05 11:15:10
2026-01-05 11:15:10,190 - INFO - Total restaurants in list: 1
2026-01-05 11:15:10,192 - INFO - Restaurants to process: 1
2026-01-05 11:15:10,674 - INFO - Navigating to V1 CRM: https://menuadmin.menu.ca/?p=login
2026-01-05 11:15:11,650 - DEBUG - Filled username using: input[name="username"]
2026-01-05 11:15:11,661 - DEBUG - Filled password using: input[name="password"]
2026-01-05 11:15:12,082 - DEBUG - Clicked submit using: input[type="submit"]
2026-01-05 11:15:14,616 - INFO - V1 CRM login successful
2026-01-05 11:15:14,616 - INFO - ----------------------------------------
2026-01-05 11:15:14,617 - INFO - [1/1] Processing: Riverside Pizzeria (V3: 133, V1: 257)
2026-01-05 11:15:14,617 - DEBUG - Navigating to: https://menuadmin.menu.ca/?p=restaurants&display=editRestaurant&restaurant=257&load=ingredientGroups&showLang=en
2026-01-05 11:15:16,803 - DEBUG - Found 23 modifier group links
2026-01-05 11:15:16,809 - DEBUG -   [1] Processing group: Crust Type
2026-01-05 11:15:17,347 - DEBUG -     Extracted: 7 modifiers
2026-01-05 11:15:17,351 - DEBUG -   [2] Processing group: Crust Type without Gluten Free
2026-01-05 11:15:17,888 - DEBUG -     Extracted: 7 modifiers
2026-01-05 11:15:17,891 - DEBUG -   [3] Processing group: Pizza Toppings
2026-01-05 11:15:18,426 - DEBUG -     Extracted: 30 modifiers
2026-01-05 11:15:18,430 - DEBUG -   [4] Processing group: Pizza Toppings without Premium
2026-01-05 11:15:18,970 - DEBUG -     Extracted: 30 modifiers
2026-01-05 11:15:18,975 - DEBUG -   [5] Processing group: Premium Toppings
2026-01-05 11:15:19,504 - DEBUG -     Extracted: 30 modifiers
2026-01-05 11:15:19,507 - DEBUG -   [6] Processing group: Pizza Sauces
2026-01-05 11:15:20,036 - DEBUG -     Extracted: 37 modifiers
2026-01-05 11:15:20,040 - DEBUG -   [7] Processing group: Dips
2026-01-05 11:15:20,571 - DEBUG -     Extracted: 37 modifiers
2026-01-05 11:15:20,575 - DEBUG -   [8] Processing group: Extra Meatballs 1.50
2026-01-05 11:15:21,103 - DEBUG -     Extracted: 20 modifiers
2026-01-05 11:15:21,108 - DEBUG -   [9] Processing group: Extra Grilled Chicken 1.95 ,2.95
2026-01-05 11:15:21,633 - DEBUG -     Extracted: 20 modifiers
2026-01-05 11:15:21,637 - DEBUG -   [10] Processing group: Wings Sauces
2026-01-05 11:15:22,166 - DEBUG -     Extracted: 37 modifiers
2026-01-05 11:15:22,170 - DEBUG -   [11] Processing group: Burger Platter Extra
2026-01-05 11:15:22,719 - DEBUG -     Extracted: 20 modifiers
2026-01-05 11:15:22,724 - DEBUG -   [12] Processing group: Poutine or Onion Rings for 2.50
2026-01-05 11:15:23,260 - DEBUG -     Extracted: 6 modifiers
2026-01-05 11:15:23,265 - DEBUG -   [13] Processing group: Extra Gravy and Cheese for Daniel's Poutine
2026-01-05 11:15:23,808 - DEBUG -     Extracted: 20 modifiers
2026-01-05 11:15:23,811 - DEBUG -   [14] Processing group: Drinks 500ml
2026-01-05 11:15:24,342 - DEBUG -     Extracted: 13 modifiers
2026-01-05 11:15:24,346 - DEBUG -   [15] Processing group: 2 Lasagna or 2 Spaghetti
2026-01-05 11:15:24,874 - DEBUG -     Extracted: 30 modifiers
2026-01-05 11:15:24,878 - DEBUG -   [16] Processing group: Salad or Poutine
2026-01-05 11:15:25,400 - DEBUG -     Extracted: 30 modifiers
2026-01-05 11:15:25,405 - DEBUG -   [17] Processing group: Fries Cooking method
2026-01-05 11:15:25,929 - DEBUG -     Extracted: 2 modifiers
2026-01-05 11:15:25,933 - DEBUG -   [18] Processing group: Homemade Pastas Sauces
2026-01-05 11:15:26,475 - DEBUG -     Extracted: 37 modifiers
2026-01-05 11:15:26,479 - DEBUG -   [19] Processing group: Daniel's Famous Poutine 4.50
2026-01-05 11:15:27,022 - DEBUG -     Extracted: 6 modifiers
2026-01-05 11:15:27,027 - DEBUG -   [20] Processing group: Toppings without premium for Specials
2026-01-05 11:15:27,555 - DEBUG -     Extracted: 30 modifiers
2026-01-05 11:15:27,558 - DEBUG -   [21] Processing group: NEW DIPS
2026-01-05 11:15:28,095 - DEBUG -     Extracted: 37 modifiers
2026-01-05 11:15:28,100 - DEBUG -   [22] Processing group: Extras for Pastas
2026-01-05 11:15:28,640 - DEBUG -     Extracted: 20 modifiers
2026-01-05 11:15:28,645 - DEBUG -   [23] Processing group: Shrimp & CHicken
2026-01-05 11:15:29,173 - DEBUG -     Extracted: 20 modifiers
2026-01-05 11:15:29,173 - INFO - Extracted 23 modifier groups
2026-01-05 11:15:29,493 - DEBUG - Database connected
2026-01-05 11:15:29,590 - DEBUG - Inserted modifier group: Crust Type (ID: 3145)
2026-01-05 11:15:29,672 - DEBUG - Inserted modifier: Original (ID: 139614)
2026-01-05 11:15:29,833 - DEBUG - Inserted modifier: Thick Crust (ID: 139615)
2026-01-05 11:15:29,981 - DEBUG - Inserted modifier: Thin Crust (ID: 139616)
2026-01-05 11:15:30,402 - DEBUG - Inserted modifier: Whole Wheat (ID: 139617)
2026-01-05 11:15:30,546 - DEBUG - Inserted modifier: Gluten Free Crust (ID: 139618)
2026-01-05 11:15:30,938 - DEBUG - Inserted modifier: Gluten Free (ID: 139619)
2026-01-05 11:15:31,325 - DEBUG - Updated modifier: Gluten Free (ID: 139619)
2026-01-05 11:15:31,721 - DEBUG - Inserted modifier group: Crust Type without Gluten Free (ID: 3146)
2026-01-05 11:15:31,802 - DEBUG - Inserted modifier: Original (ID: 139620)
2026-01-05 11:15:31,954 - DEBUG - Inserted modifier: Thick Crust (ID: 139621)
2026-01-05 11:15:32,107 - DEBUG - Inserted modifier: Thin Crust (ID: 139622)
2026-01-05 11:15:32,270 - DEBUG - Inserted modifier: Whole Wheat (ID: 139623)
2026-01-05 11:15:32,449 - DEBUG - Inserted modifier: Gluten Free Crust (ID: 139624)
2026-01-05 11:15:32,870 - DEBUG - Inserted modifier: Gluten Free (ID: 139625)
2026-01-05 11:15:33,267 - DEBUG - Updated modifier: Gluten Free (ID: 139625)
2026-01-05 11:15:33,643 - DEBUG - Inserted modifier group: Pizza Toppings (ID: 3147)
2026-01-05 11:15:33,715 - DEBUG - Inserted modifier: Pepperoni (ID: 139626)
2026-01-05 11:15:34,100 - DEBUG - Inserted modifier: Chicken (ID: 139627)
2026-01-05 11:15:34,485 - DEBUG - Inserted modifier: Beef Donair (ID: 139628)
2026-01-05 11:15:34,880 - DEBUG - Inserted modifier: Sausage (ID: 139629)
2026-01-05 11:15:35,259 - DEBUG - Inserted modifier: Bacon (ID: 139630)
2026-01-05 11:15:35,641 - DEBUG - Inserted modifier: Anchovies (ID: 139631)
2026-01-05 11:15:36,034 - DEBUG - Inserted modifier: Meatballs (ID: 139632)
2026-01-05 11:15:36,425 - DEBUG - Inserted modifier: Ham (ID: 139633)
2026-01-05 11:15:36,806 - DEBUG - Inserted modifier: Steak (ID: 139634)
2026-01-05 11:15:37,199 - DEBUG - Inserted modifier: Onions (ID: 139635)
2026-01-05 11:15:37,571 - DEBUG - Inserted modifier: Green Peppers (ID: 139636)
2026-01-05 11:15:37,953 - DEBUG - Inserted modifier: Red Peppers (ID: 139637)
2026-01-05 11:15:38,326 - DEBUG - Inserted modifier: Hot Peppers (ID: 139638)
2026-01-05 11:15:38,718 - DEBUG - Inserted modifier: Tomatoes (ID: 139639)
2026-01-05 11:15:39,363 - DEBUG - Inserted modifier: Broccoli (ID: 139640)
2026-01-05 11:15:39,762 - DEBUG - Inserted modifier: Spinach (ID: 139641)
2026-01-05 11:15:40,150 - DEBUG - Inserted modifier: Mushrooms (ID: 139642)
2026-01-05 11:15:40,523 - DEBUG - Inserted modifier: Black Olives (ID: 139643)
2026-01-05 11:15:40,932 - DEBUG - Inserted modifier: Green Olives (ID: 139644)
2026-01-05 11:15:41,325 - DEBUG - Inserted modifier: Pineapple (ID: 139645)
2026-01-05 11:15:41,732 - DEBUG - Inserted modifier: Artichoke (ID: 139646)
2026-01-05 11:15:42,120 - DEBUG - Inserted modifier: Zucchini (ID: 139647)
2026-01-05 11:15:42,511 - DEBUG - Inserted modifier: Corn (ID: 139648)
2026-01-05 11:15:42,903 - DEBUG - Inserted modifier: Cheese (ID: 139649)
2026-01-05 11:15:43,568 - DEBUG - Inserted modifier: 2 Lasagna (ID: 139650)
2026-01-05 11:15:43,726 - DEBUG - Inserted modifier: 2 Spaghetti (ID: 139651)
2026-01-05 11:15:43,879 - DEBUG - Inserted modifier: Large Salad (ID: 139652)
2026-01-05 11:15:44,031 - DEBUG - Inserted modifier: Small Poutine (ID: 139653)
2026-01-05 11:15:44,185 - DEBUG - Inserted modifier: Spaghetti (ID: 139654)
2026-01-05 11:15:44,333 - DEBUG - Inserted modifier: Spaghetti with Meat Sauce (ID: 139655)
2026-01-05 11:15:44,491 - DEBUG - Inserted modifier group: Pizza Toppings without Premium (ID: 3148)
2026-01-05 11:15:44,567 - DEBUG - Inserted modifier: Pepperoni (ID: 139656)
2026-01-05 11:15:44,954 - DEBUG - Inserted modifier: Chicken (ID: 139657)
2026-01-05 11:15:45,375 - DEBUG - Inserted modifier: Beef Donair (ID: 139658)
2026-01-05 11:15:45,773 - DEBUG - Inserted modifier: Sausage (ID: 139659)
2026-01-05 11:15:46,158 - DEBUG - Inserted modifier: Bacon (ID: 139660)
2026-01-05 11:15:46,535 - DEBUG - Inserted modifier: Anchovies (ID: 139661)
2026-01-05 11:15:46,906 - DEBUG - Inserted modifier: Meatballs (ID: 139662)
2026-01-05 11:15:47,282 - DEBUG - Inserted modifier: Ham (ID: 139663)
2026-01-05 11:15:47,659 - DEBUG - Inserted modifier: Steak (ID: 139664)
2026-01-05 11:15:48,042 - DEBUG - Inserted modifier: Onions (ID: 139665)
2026-01-05 11:15:48,408 - DEBUG - Inserted modifier: Green Peppers (ID: 139666)
2026-01-05 11:15:49,054 - DEBUG - Inserted modifier: Red Peppers (ID: 139667)
2026-01-05 11:15:49,443 - DEBUG - Inserted modifier: Hot Peppers (ID: 139668)
2026-01-05 11:15:49,831 - DEBUG - Inserted modifier: Tomatoes (ID: 139669)
2026-01-05 11:15:50,219 - DEBUG - Inserted modifier: Broccoli (ID: 139670)
2026-01-05 11:15:50,627 - DEBUG - Inserted modifier: Spinach (ID: 139671)
2026-01-05 11:15:51,041 - DEBUG - Inserted modifier: Mushrooms (ID: 139672)
2026-01-05 11:15:51,413 - DEBUG - Inserted modifier: Black Olives (ID: 139673)
2026-01-05 11:15:51,796 - DEBUG - Inserted modifier: Green Olives (ID: 139674)
2026-01-05 11:15:52,177 - DEBUG - Inserted modifier: Pineapple (ID: 139675)
2026-01-05 11:15:52,551 - DEBUG - Inserted modifier: Artichoke (ID: 139676)
2026-01-05 11:15:52,923 - DEBUG - Inserted modifier: Zucchini (ID: 139677)
2026-01-05 11:15:53,297 - DEBUG - Inserted modifier: Corn (ID: 139678)
2026-01-05 11:15:53,661 - DEBUG - Inserted modifier: Cheese (ID: 139679)
2026-01-05 11:15:54,041 - DEBUG - Inserted modifier: 2 Lasagna (ID: 139680)
2026-01-05 11:15:54,189 - DEBUG - Inserted modifier: 2 Spaghetti (ID: 139681)
2026-01-05 11:15:54,336 - DEBUG - Inserted modifier: Large Salad (ID: 139682)
2026-01-05 11:15:54,484 - DEBUG - Inserted modifier: Small Poutine (ID: 139683)
2026-01-05 11:15:54,640 - DEBUG - Inserted modifier: Spaghetti (ID: 139684)
2026-01-05 11:15:54,792 - DEBUG - Inserted modifier: Spaghetti with Meat Sauce (ID: 139685)
2026-01-05 11:15:54,946 - DEBUG - Inserted modifier group: Premium Toppings (ID: 3149)
2026-01-05 11:15:55,025 - DEBUG - Inserted modifier: Pepperoni (ID: 139686)
2026-01-05 11:15:55,414 - DEBUG - Inserted modifier: Chicken (ID: 139687)
2026-01-05 11:15:55,779 - DEBUG - Inserted modifier: Beef Donair (ID: 139688)
2026-01-05 11:15:56,181 - DEBUG - Inserted modifier: Sausage (ID: 139689)
2026-01-05 11:15:56,577 - DEBUG - Inserted modifier: Bacon (ID: 139690)
2026-01-05 11:15:56,953 - DEBUG - Inserted modifier: Anchovies (ID: 139691)
2026-01-05 11:15:57,321 - DEBUG - Inserted modifier: Meatballs (ID: 139692)
2026-01-05 11:15:57,703 - DEBUG - Inserted modifier: Ham (ID: 139693)
2026-01-05 11:15:58,076 - DEBUG - Inserted modifier: Steak (ID: 139694)
2026-01-05 11:15:58,444 - DEBUG - Inserted modifier: Onions (ID: 139695)
2026-01-05 11:15:58,805 - DEBUG - Inserted modifier: Green Peppers (ID: 139696)
2026-01-05 11:15:59,206 - DEBUG - Inserted modifier: Red Peppers (ID: 139697)
2026-01-05 11:15:59,577 - DEBUG - Inserted modifier: Hot Peppers (ID: 139698)
2026-01-05 11:15:59,957 - DEBUG - Inserted modifier: Tomatoes (ID: 139699)
2026-01-05 11:16:00,333 - DEBUG - Inserted modifier: Broccoli (ID: 139700)
2026-01-05 11:16:00,725 - DEBUG - Inserted modifier: Spinach (ID: 139701)
2026-01-05 11:16:01,120 - DEBUG - Inserted modifier: Mushrooms (ID: 139702)
2026-01-05 11:16:01,492 - DEBUG - Inserted modifier: Black Olives (ID: 139703)
2026-01-05 11:16:01,865 - DEBUG - Inserted modifier: Green Olives (ID: 139704)
2026-01-05 11:16:02,251 - DEBUG - Inserted modifier: Pineapple (ID: 139705)
2026-01-05 11:16:02,638 - DEBUG - Inserted modifier: Artichoke (ID: 139706)
2026-01-05 11:16:03,021 - DEBUG - Inserted modifier: Zucchini (ID: 139707)
2026-01-05 11:16:03,403 - DEBUG - Inserted modifier: Corn (ID: 139708)
2026-01-05 11:16:03,779 - DEBUG - Inserted modifier: Cheese (ID: 139709)
2026-01-05 11:16:04,152 - DEBUG - Inserted modifier: 2 Lasagna (ID: 139710)
2026-01-05 11:16:04,309 - DEBUG - Inserted modifier: 2 Spaghetti (ID: 139711)
2026-01-05 11:16:04,461 - DEBUG - Inserted modifier: Large Salad (ID: 139712)
2026-01-05 11:16:04,609 - DEBUG - Inserted modifier: Small Poutine (ID: 139713)
2026-01-05 11:16:04,754 - DEBUG - Inserted modifier: Spaghetti (ID: 139714)
2026-01-05 11:16:04,903 - DEBUG - Inserted modifier: Spaghetti with Meat Sauce (ID: 139715)
2026-01-05 11:16:05,061 - DEBUG - Inserted modifier group: Pizza Sauces (ID: 3150)
2026-01-05 11:16:05,138 - DEBUG - Inserted modifier: Cheddar Jalapeno (ID: 139716)
2026-01-05 11:16:05,295 - DEBUG - Inserted modifier: Creamy Garlic (ID: 139717)
2026-01-05 11:16:05,444 - DEBUG - Inserted modifier: Ranch (ID: 139718)
2026-01-05 11:16:05,608 - DEBUG - Inserted modifier: Sweet & Spicy (ID: 139719)
2026-01-05 11:16:05,752 - DEBUG - Inserted modifier: Marinara (ID: 139720)
2026-01-05 11:16:05,899 - DEBUG - Inserted modifier: Caesar (ID: 139721)
2026-01-05 11:16:06,043 - DEBUG - Inserted modifier: Hot (ID: 139722)
2026-01-05 11:16:06,200 - DEBUG - Inserted modifier: Southwest (ID: 139723)
2026-01-05 11:16:06,350 - DEBUG - Inserted modifier: Traditional Italian meat sauce (ID: 139724)
2026-01-05 11:16:06,501 - DEBUG - Inserted modifier: Pesto Sauce (ID: 139725)
2026-01-05 11:16:06,648 - DEBUG - Inserted modifier: Olive Oil (ID: 139726)
2026-01-05 11:16:06,797 - DEBUG - Inserted modifier: Garlic Sauce (ID: 139727)
2026-01-05 11:16:06,950 - DEBUG - Inserted modifier: Homemade Pizza Sauce (ID: 139728)
2026-01-05 11:16:07,103 - DEBUG - Updated modifier: Creamy Garlic (ID: 139717)
2026-01-05 11:16:07,259 - DEBUG - Updated modifier: Ranch (ID: 139718)
2026-01-05 11:16:07,413 - DEBUG - Updated modifier: Caesar (ID: 139721)
2026-01-05 11:16:07,561 - DEBUG - Inserted modifier: Sweet' n Spicy (ID: 139729)
2026-01-05 11:16:07,713 - DEBUG - Updated modifier: Marinara (ID: 139720)
2026-01-05 11:16:07,863 - DEBUG - Inserted modifier: Medium Sauce (ID: 139730)
2026-01-05 11:16:08,011 - DEBUG - Inserted modifier: Sour Cream (ID: 139731)
2026-01-05 11:16:08,162 - DEBUG - Inserted modifier: Hot Sauce (ID: 139732)
2026-01-05 11:16:08,316 - DEBUG - Inserted modifier: B.B.Q Sauce (ID: 139733)
2026-01-05 11:16:08,481 - DEBUG - Inserted modifier: Suicide Hot Sauce (ID: 139734)
2026-01-05 11:16:08,635 - DEBUG - Inserted modifier: Creamy Southwest (ID: 139735)
2026-01-05 11:16:08,779 - DEBUG - Inserted modifier: Homemade Garlic (ID: 139736)
2026-01-05 11:16:08,933 - DEBUG - Updated modifier: Hot (ID: 139722)
2026-01-05 11:16:09,084 - DEBUG - Inserted modifier: Medium (ID: 139737)
2026-01-05 11:16:09,230 - DEBUG - Inserted modifier: Mild (ID: 139738)
2026-01-05 11:16:09,378 - DEBUG - Inserted modifier: Honey Garlic (ID: 139739)
2026-01-05 11:16:09,531 - DEBUG - Inserted modifier: Suicide (ID: 139740)
2026-01-05 11:16:09,683 - DEBUG - Inserted modifier: Meat Sauce (ID: 139741)
2026-01-05 11:16:09,827 - DEBUG - Updated modifier: Sweet' n Spicy (ID: 139729)
2026-01-05 11:16:09,975 - DEBUG - Inserted modifier: Tomato Sauce (ID: 139742)
2026-01-05 11:16:10,129 - DEBUG - Inserted modifier: Honey Mustard (ID: 139743)
2026-01-05 11:16:10,284 - DEBUG - Updated modifier: Pesto Sauce (ID: 139725)
2026-01-05 11:16:10,433 - DEBUG - Updated modifier: Southwest (ID: 139723)
2026-01-05 11:16:10,605 - DEBUG - Inserted modifier: Alfredo Sauce (ID: 139744)
2026-01-05 11:16:10,757 - DEBUG - Inserted modifier group: Dips (ID: 3151)
2026-01-05 11:16:10,832 - DEBUG - Inserted modifier: Cheddar Jalapeno (ID: 139745)
2026-01-05 11:16:10,979 - DEBUG - Inserted modifier: Creamy Garlic (ID: 139746)
2026-01-05 11:16:11,126 - DEBUG - Inserted modifier: Ranch (ID: 139747)
2026-01-05 11:16:11,269 - DEBUG - Inserted modifier: Sweet & Spicy (ID: 139748)
2026-01-05 11:16:11,422 - DEBUG - Inserted modifier: Marinara (ID: 139749)
2026-01-05 11:16:11,573 - DEBUG - Inserted modifier: Caesar (ID: 139750)
2026-01-05 11:16:11,729 - DEBUG - Inserted modifier: Hot (ID: 139751)
2026-01-05 11:16:11,889 - DEBUG - Inserted modifier: Southwest (ID: 139752)
2026-01-05 11:16:12,043 - DEBUG - Inserted modifier: Traditional Italian meat sauce (ID: 139753)
2026-01-05 11:16:12,201 - DEBUG - Inserted modifier: Pesto Sauce (ID: 139754)
2026-01-05 11:16:12,361 - DEBUG - Inserted modifier: Olive Oil (ID: 139755)
2026-01-05 11:16:12,521 - DEBUG - Inserted modifier: Garlic Sauce (ID: 139756)
2026-01-05 11:16:12,680 - DEBUG - Inserted modifier: Homemade Pizza Sauce (ID: 139757)
2026-01-05 11:16:12,826 - DEBUG - Updated modifier: Creamy Garlic (ID: 139746)
2026-01-05 11:16:12,978 - DEBUG - Updated modifier: Ranch (ID: 139747)
2026-01-05 11:16:13,136 - DEBUG - Updated modifier: Caesar (ID: 139750)
2026-01-05 11:16:13,287 - DEBUG - Inserted modifier: Sweet' n Spicy (ID: 139758)
2026-01-05 11:16:13,437 - DEBUG - Updated modifier: Marinara (ID: 139749)
2026-01-05 11:16:13,589 - DEBUG - Inserted modifier: Medium Sauce (ID: 139759)
2026-01-05 11:16:13,738 - DEBUG - Inserted modifier: Sour Cream (ID: 139760)
2026-01-05 11:16:14,142 - DEBUG - Inserted modifier: Hot Sauce (ID: 139761)
2026-01-05 11:16:14,302 - DEBUG - Inserted modifier: B.B.Q Sauce (ID: 139762)
2026-01-05 11:16:14,453 - DEBUG - Inserted modifier: Suicide Hot Sauce (ID: 139763)
2026-01-05 11:16:14,599 - DEBUG - Inserted modifier: Creamy Southwest (ID: 139764)
2026-01-05 11:16:14,746 - DEBUG - Inserted modifier: Homemade Garlic (ID: 139765)
2026-01-05 11:16:14,889 - DEBUG - Updated modifier: Hot (ID: 139751)
2026-01-05 11:16:15,041 - DEBUG - Inserted modifier: Medium (ID: 139766)
2026-01-05 11:16:15,191 - DEBUG - Inserted modifier: Mild (ID: 139767)
2026-01-05 11:16:15,347 - DEBUG - Inserted modifier: Honey Garlic (ID: 139768)
2026-01-05 11:16:15,496 - DEBUG - Inserted modifier: Suicide (ID: 139769)
2026-01-05 11:16:15,654 - DEBUG - Inserted modifier: Meat Sauce (ID: 139770)
2026-01-05 11:16:15,807 - DEBUG - Updated modifier: Sweet' n Spicy (ID: 139758)
2026-01-05 11:16:15,957 - DEBUG - Inserted modifier: Tomato Sauce (ID: 139771)
2026-01-05 11:16:16,109 - DEBUG - Inserted modifier: Honey Mustard (ID: 139772)
2026-01-05 11:16:16,258 - DEBUG - Updated modifier: Pesto Sauce (ID: 139754)
2026-01-05 11:16:16,414 - DEBUG - Updated modifier: Southwest (ID: 139752)
2026-01-05 11:16:16,566 - DEBUG - Inserted modifier: Alfredo Sauce (ID: 139773)
2026-01-05 11:16:16,715 - DEBUG - Inserted modifier group: Extra Meatballs 1.50 (ID: 3152)
2026-01-05 11:16:16,792 - DEBUG - Inserted modifier: Spaghetti (ID: 139774)
2026-01-05 11:16:17,211 - DEBUG - Inserted modifier: Greek Salad (ID: 139775)
2026-01-05 11:16:17,363 - DEBUG - Inserted modifier: Italian Poutine (ID: 139776)
2026-01-05 11:16:17,518 - DEBUG - Inserted modifier: Meatballs (ID: 139777)
2026-01-05 11:16:17,664 - DEBUG - Inserted modifier: Veggies (ID: 139778)
2026-01-05 11:16:17,811 - DEBUG - Updated modifier: Meatballs (ID: 139777)
2026-01-05 11:16:17,961 - DEBUG - Inserted modifier: Grilled Chicken (ID: 139779)
2026-01-05 11:16:18,197 - DEBUG - Inserted modifier: Shrimp (ID: 139780)
2026-01-05 11:16:18,348 - DEBUG - Inserted modifier: Chicken (ID: 139781)
2026-01-05 11:16:18,505 - DEBUG - Inserted modifier: Spaghetti with Meat Sauce (ID: 139782)
2026-01-05 11:16:18,652 - DEBUG - Updated modifier: Meatballs (ID: 139777)
2026-01-05 11:16:18,805 - DEBUG - Inserted modifier: Mixed Vegetables (ID: 139783)
2026-01-05 11:16:18,957 - DEBUG - Inserted modifier: Bacon (ID: 139784)
2026-01-05 11:16:19,107 - DEBUG - Inserted modifier: Cheese (ID: 139785)
2026-01-05 11:16:19,267 - DEBUG - Inserted modifier: Club Sub (ID: 139786)
2026-01-05 11:16:19,418 - DEBUG - Inserted modifier: Fried Mushrooms (ID: 139787)
2026-01-05 11:16:19,567 - DEBUG - Inserted modifier: Gravy (ID: 139788)
2026-01-05 11:16:19,793 - DEBUG - Updated modifier: Cheese (ID: 139785)
2026-01-05 11:16:20,018 - DEBUG - Inserted modifier: Onion (ID: 139789)
2026-01-05 11:16:20,170 - DEBUG - Inserted modifier: French Fries (ID: 139790)
2026-01-05 11:16:20,329 - DEBUG - Inserted modifier group: Extra Grilled Chicken 1.95 ,2.95 (ID: 3153)
2026-01-05 11:16:20,417 - DEBUG - Inserted modifier: Spaghetti (ID: 139791)
2026-01-05 11:16:20,597 - DEBUG - Inserted modifier: Greek Salad (ID: 139792)
2026-01-05 11:16:20,743 - DEBUG - Inserted modifier: Italian Poutine (ID: 139793)
2026-01-05 11:16:20,892 - DEBUG - Inserted modifier: Meatballs (ID: 139794)
2026-01-05 11:16:21,041 - DEBUG - Inserted modifier: Veggies (ID: 139795)
2026-01-05 11:16:21,197 - DEBUG - Updated modifier: Meatballs (ID: 139794)
2026-01-05 11:16:21,344 - DEBUG - Inserted modifier: Grilled Chicken (ID: 139796)
2026-01-05 11:16:21,575 - DEBUG - Inserted modifier: Shrimp (ID: 139797)
2026-01-05 11:16:21,725 - DEBUG - Inserted modifier: Chicken (ID: 139798)
2026-01-05 11:16:21,891 - DEBUG - Inserted modifier: Spaghetti with Meat Sauce (ID: 139799)
2026-01-05 11:16:22,039 - DEBUG - Updated modifier: Meatballs (ID: 139794)
2026-01-05 11:16:22,198 - DEBUG - Inserted modifier: Mixed Vegetables (ID: 139800)
2026-01-05 11:16:22,370 - DEBUG - Inserted modifier: Bacon (ID: 139801)
2026-01-05 11:16:22,526 - DEBUG - Inserted modifier: Cheese (ID: 139802)
2026-01-05 11:16:22,692 - DEBUG - Inserted modifier: Club Sub (ID: 139803)
2026-01-05 11:16:22,848 - DEBUG - Inserted modifier: Fried Mushrooms (ID: 139804)
2026-01-05 11:16:23,011 - DEBUG - Inserted modifier: Gravy (ID: 139805)
2026-01-05 11:16:23,241 - DEBUG - Updated modifier: Cheese (ID: 139802)
2026-01-05 11:16:23,469 - DEBUG - Inserted modifier: Onion (ID: 139806)
2026-01-05 11:16:23,626 - DEBUG - Inserted modifier: French Fries (ID: 139807)
2026-01-05 11:16:23,780 - DEBUG - Inserted modifier group: Wings Sauces (ID: 3154)
2026-01-05 11:16:23,855 - DEBUG - Inserted modifier: Cheddar Jalapeno (ID: 139808)
2026-01-05 11:16:24,263 - DEBUG - Inserted modifier: Creamy Garlic (ID: 139809)
2026-01-05 11:16:24,416 - DEBUG - Inserted modifier: Ranch (ID: 139810)
2026-01-05 11:16:24,574 - DEBUG - Inserted modifier: Sweet & Spicy (ID: 139811)
2026-01-05 11:16:24,726 - DEBUG - Inserted modifier: Marinara (ID: 139812)
2026-01-05 11:16:24,877 - DEBUG - Inserted modifier: Caesar (ID: 139813)
2026-01-05 11:16:25,030 - DEBUG - Inserted modifier: Hot (ID: 139814)
2026-01-05 11:16:25,183 - DEBUG - Inserted modifier: Southwest (ID: 139815)
2026-01-05 11:16:25,344 - DEBUG - Inserted modifier: Traditional Italian meat sauce (ID: 139816)
2026-01-05 11:16:25,495 - DEBUG - Inserted modifier: Pesto Sauce (ID: 139817)
2026-01-05 11:16:25,655 - DEBUG - Inserted modifier: Olive Oil (ID: 139818)
2026-01-05 11:16:25,816 - DEBUG - Inserted modifier: Garlic Sauce (ID: 139819)
2026-01-05 11:16:25,979 - DEBUG - Inserted modifier: Homemade Pizza Sauce (ID: 139820)
2026-01-05 11:16:26,129 - DEBUG - Updated modifier: Creamy Garlic (ID: 139809)
2026-01-05 11:16:26,283 - DEBUG - Updated modifier: Ranch (ID: 139810)
2026-01-05 11:16:26,454 - DEBUG - Updated modifier: Caesar (ID: 139813)
2026-01-05 11:16:26,603 - DEBUG - Inserted modifier: Sweet' n Spicy (ID: 139821)
2026-01-05 11:16:26,756 - DEBUG - Updated modifier: Marinara (ID: 139812)
2026-01-05 11:16:26,905 - DEBUG - Inserted modifier: Medium Sauce (ID: 139822)
2026-01-05 11:16:27,061 - DEBUG - Inserted modifier: Sour Cream (ID: 139823)
2026-01-05 11:16:27,236 - DEBUG - Inserted modifier: Hot Sauce (ID: 139824)
2026-01-05 11:16:27,395 - DEBUG - Inserted modifier: B.B.Q Sauce (ID: 139825)
2026-01-05 11:16:27,549 - DEBUG - Inserted modifier: Suicide Hot Sauce (ID: 139826)
2026-01-05 11:16:27,702 - DEBUG - Inserted modifier: Creamy Southwest (ID: 139827)
2026-01-05 11:16:27,863 - DEBUG - Inserted modifier: Homemade Garlic (ID: 139828)
2026-01-05 11:16:28,015 - DEBUG - Updated modifier: Hot (ID: 139814)
2026-01-05 11:16:28,173 - DEBUG - Inserted modifier: Medium (ID: 139829)
2026-01-05 11:16:28,349 - DEBUG - Inserted modifier: Mild (ID: 139830)
2026-01-05 11:16:28,511 - DEBUG - Inserted modifier: Honey Garlic (ID: 139831)
2026-01-05 11:16:28,679 - DEBUG - Inserted modifier: Suicide (ID: 139832)
2026-01-05 11:16:28,844 - DEBUG - Inserted modifier: Meat Sauce (ID: 139833)
2026-01-05 11:16:29,004 - DEBUG - Updated modifier: Sweet' n Spicy (ID: 139821)
2026-01-05 11:16:29,161 - DEBUG - Inserted modifier: Tomato Sauce (ID: 139834)
2026-01-05 11:16:29,320 - DEBUG - Inserted modifier: Honey Mustard (ID: 139835)
2026-01-05 11:16:29,480 - DEBUG - Updated modifier: Pesto Sauce (ID: 139817)
2026-01-05 11:16:29,633 - DEBUG - Updated modifier: Southwest (ID: 139815)
2026-01-05 11:16:29,786 - DEBUG - Inserted modifier: Alfredo Sauce (ID: 139836)
2026-01-05 11:16:29,936 - DEBUG - Inserted modifier group: Burger Platter Extra (ID: 3155)
2026-01-05 11:16:30,012 - DEBUG - Inserted modifier: Spaghetti (ID: 139837)
2026-01-05 11:16:30,173 - DEBUG - Inserted modifier: Greek Salad (ID: 139838)
2026-01-05 11:16:30,333 - DEBUG - Inserted modifier: Italian Poutine (ID: 139839)
2026-01-05 11:16:30,486 - DEBUG - Inserted modifier: Meatballs (ID: 139840)
2026-01-05 11:16:30,653 - DEBUG - Inserted modifier: Veggies (ID: 139841)
2026-01-05 11:16:30,808 - DEBUG - Updated modifier: Meatballs (ID: 139840)
2026-01-05 11:16:30,955 - DEBUG - Inserted modifier: Grilled Chicken (ID: 139842)
2026-01-05 11:16:31,179 - DEBUG - Inserted modifier: Shrimp (ID: 139843)
2026-01-05 11:16:31,331 - DEBUG - Inserted modifier: Chicken (ID: 139844)
2026-01-05 11:16:31,496 - DEBUG - Inserted modifier: Spaghetti with Meat Sauce (ID: 139845)
2026-01-05 11:16:31,661 - DEBUG - Updated modifier: Meatballs (ID: 139840)
2026-01-05 11:16:31,815 - DEBUG - Inserted modifier: Mixed Vegetables (ID: 139846)
2026-01-05 11:16:31,972 - DEBUG - Inserted modifier: Bacon (ID: 139847)
2026-01-05 11:16:32,396 - DEBUG - Inserted modifier: Cheese (ID: 139848)
2026-01-05 11:16:32,556 - DEBUG - Inserted modifier: Club Sub (ID: 139849)
2026-01-05 11:16:32,710 - DEBUG - Inserted modifier: Fried Mushrooms (ID: 139850)
2026-01-05 11:16:32,869 - DEBUG - Inserted modifier: Gravy (ID: 139851)
2026-01-05 11:16:33,095 - DEBUG - Updated modifier: Cheese (ID: 139848)
2026-01-05 11:16:33,316 - DEBUG - Inserted modifier: Onion (ID: 139852)
2026-01-05 11:16:33,469 - DEBUG - Inserted modifier: French Fries (ID: 139853)
2026-01-05 11:16:33,624 - DEBUG - Inserted modifier group: Poutine or Onion Rings for 2.50 (ID: 3156)
2026-01-05 11:16:33,705 - DEBUG - Inserted modifier: Greek Salad (ID: 139854)
2026-01-05 11:16:33,863 - DEBUG - Inserted modifier: Daniel's Famous Poutine (ID: 139855)
2026-01-05 11:16:34,019 - DEBUG - Inserted modifier: Poutine (ID: 139856)
2026-01-05 11:16:34,174 - DEBUG - Inserted modifier: Onion Rings (ID: 139857)
2026-01-05 11:16:34,335 - DEBUG - Updated modifier: Poutine (ID: 139856)
2026-01-05 11:16:34,479 - DEBUG - Inserted modifier: French Fries (ID: 139858)
2026-01-05 11:16:34,628 - DEBUG - Inserted modifier group: Extra Gravy and Cheese for Daniel's Poutine (ID: 3157)
2026-01-05 11:16:34,705 - DEBUG - Inserted modifier: Spaghetti (ID: 139859)
2026-01-05 11:16:34,858 - DEBUG - Inserted modifier: Greek Salad (ID: 139860)
2026-01-05 11:16:35,013 - DEBUG - Inserted modifier: Italian Poutine (ID: 139861)
2026-01-05 11:16:35,171 - DEBUG - Inserted modifier: Meatballs (ID: 139862)
2026-01-05 11:16:35,334 - DEBUG - Inserted modifier: Veggies (ID: 139863)
2026-01-05 11:16:35,488 - DEBUG - Updated modifier: Meatballs (ID: 139862)
2026-01-05 11:16:35,643 - DEBUG - Inserted modifier: Grilled Chicken (ID: 139864)
2026-01-05 11:16:35,874 - DEBUG - Inserted modifier: Shrimp (ID: 139865)
2026-01-05 11:16:36,019 - DEBUG - Inserted modifier: Chicken (ID: 139866)
2026-01-05 11:16:36,171 - DEBUG - Inserted modifier: Spaghetti with Meat Sauce (ID: 139867)
2026-01-05 11:16:36,336 - DEBUG - Updated modifier: Meatballs (ID: 139862)
2026-01-05 11:16:36,494 - DEBUG - Inserted modifier: Mixed Vegetables (ID: 139868)
2026-01-05 11:16:36,644 - DEBUG - Inserted modifier: Bacon (ID: 139869)
2026-01-05 11:16:36,816 - DEBUG - Inserted modifier: Cheese (ID: 139870)
2026-01-05 11:16:36,974 - DEBUG - Inserted modifier: Club Sub (ID: 139871)
2026-01-05 11:16:37,130 - DEBUG - Inserted modifier: Fried Mushrooms (ID: 139872)
2026-01-05 11:16:37,286 - DEBUG - Inserted modifier: Gravy (ID: 139873)
2026-01-05 11:16:37,509 - DEBUG - Updated modifier: Cheese (ID: 139870)
2026-01-05 11:16:37,740 - DEBUG - Inserted modifier: Onion (ID: 139874)
2026-01-05 11:16:37,898 - DEBUG - Inserted modifier: French Fries (ID: 139875)
2026-01-05 11:16:38,048 - DEBUG - Inserted modifier group: Drinks 500ml (ID: 3158)
2026-01-05 11:16:38,123 - DEBUG - Inserted modifier: Coke (ID: 139876)
2026-01-05 11:16:38,281 - DEBUG - Inserted modifier: Diet Coke (ID: 139877)
2026-01-05 11:16:38,433 - DEBUG - Inserted modifier: Pepsi (ID: 139878)
2026-01-05 11:16:38,578 - DEBUG - Inserted modifier: Diet Pepsi (ID: 139879)
2026-01-05 11:16:38,738 - DEBUG - Inserted modifier: Mugs Root Beer (ID: 139880)
2026-01-05 11:16:38,892 - DEBUG - Inserted modifier: A&W Root Beer (ID: 139881)
2026-01-05 11:16:39,042 - DEBUG - Inserted modifier: Dr. Pepper (ID: 139882)
2026-01-05 11:16:39,193 - DEBUG - Inserted modifier: Iced Tea (ID: 139883)
2026-01-05 11:16:39,348 - DEBUG - Inserted modifier: Mountain Dew (ID: 139884)
2026-01-05 11:16:39,500 - DEBUG - Inserted modifier: Orange Crush (ID: 139885)
2026-01-05 11:16:39,658 - DEBUG - Inserted modifier: 7 Up (ID: 139886)
2026-01-05 11:16:39,818 - DEBUG - Inserted modifier: C-Plus (ID: 139887)
2026-01-05 11:16:39,967 - DEBUG - Inserted modifier: Ginger Ale (ID: 139888)
2026-01-05 11:16:40,126 - DEBUG - Inserted modifier group: 2 Lasagna or 2 Spaghetti (ID: 3159)
2026-01-05 11:16:40,204 - DEBUG - Inserted modifier: Pepperoni (ID: 139889)
2026-01-05 11:16:40,592 - DEBUG - Inserted modifier: Chicken (ID: 139890)
2026-01-05 11:16:40,986 - DEBUG - Inserted modifier: Beef Donair (ID: 139891)
2026-01-05 11:16:41,364 - DEBUG - Inserted modifier: Sausage (ID: 139892)
2026-01-05 11:16:41,724 - DEBUG - Inserted modifier: Bacon (ID: 139893)
2026-01-05 11:16:42,104 - DEBUG - Inserted modifier: Anchovies (ID: 139894)
2026-01-05 11:16:42,478 - DEBUG - Inserted modifier: Meatballs (ID: 139895)
2026-01-05 11:16:42,866 - DEBUG - Inserted modifier: Ham (ID: 139896)
2026-01-05 11:16:43,239 - DEBUG - Inserted modifier: Steak (ID: 139897)
2026-01-05 11:16:43,615 - DEBUG - Inserted modifier: Onions (ID: 139898)
2026-01-05 11:16:44,000 - DEBUG - Inserted modifier: Green Peppers (ID: 139899)
2026-01-05 11:16:44,380 - DEBUG - Inserted modifier: Red Peppers (ID: 139900)
2026-01-05 11:16:44,767 - DEBUG - Inserted modifier: Hot Peppers (ID: 139901)
2026-01-05 11:16:45,153 - DEBUG - Inserted modifier: Tomatoes (ID: 139902)
2026-01-05 11:16:45,543 - DEBUG - Inserted modifier: Broccoli (ID: 139903)
2026-01-05 11:16:45,935 - DEBUG - Inserted modifier: Spinach (ID: 139904)
2026-01-05 11:16:46,307 - DEBUG - Inserted modifier: Mushrooms (ID: 139905)
2026-01-05 11:16:46,694 - DEBUG - Inserted modifier: Black Olives (ID: 139906)
2026-01-05 11:16:47,064 - DEBUG - Inserted modifier: Green Olives (ID: 139907)
2026-01-05 11:16:47,438 - DEBUG - Inserted modifier: Pineapple (ID: 139908)
2026-01-05 11:16:47,826 - DEBUG - Inserted modifier: Artichoke (ID: 139909)
2026-01-05 11:16:48,206 - DEBUG - Inserted modifier: Zucchini (ID: 139910)
2026-01-05 11:16:48,602 - DEBUG - Inserted modifier: Corn (ID: 139911)
2026-01-05 11:16:48,977 - DEBUG - Inserted modifier: Cheese (ID: 139912)
2026-01-05 11:16:49,344 - DEBUG - Inserted modifier: 2 Lasagna (ID: 139913)
2026-01-05 11:16:49,492 - DEBUG - Inserted modifier: 2 Spaghetti (ID: 139914)
2026-01-05 11:16:49,643 - DEBUG - Inserted modifier: Large Salad (ID: 139915)
2026-01-05 11:16:49,790 - DEBUG - Inserted modifier: Small Poutine (ID: 139916)
2026-01-05 11:16:49,943 - DEBUG - Inserted modifier: Spaghetti (ID: 139917)
2026-01-05 11:16:50,097 - DEBUG - Inserted modifier: Spaghetti with Meat Sauce (ID: 139918)
2026-01-05 11:16:50,248 - DEBUG - Inserted modifier group: Salad or Poutine (ID: 3160)
2026-01-05 11:16:50,322 - DEBUG - Inserted modifier: Pepperoni (ID: 139919)
2026-01-05 11:16:50,713 - DEBUG - Inserted modifier: Chicken (ID: 139920)
2026-01-05 11:16:51,088 - DEBUG - Inserted modifier: Beef Donair (ID: 139921)
2026-01-05 11:16:51,470 - DEBUG - Inserted modifier: Sausage (ID: 139922)
2026-01-05 11:16:51,855 - DEBUG - Inserted modifier: Bacon (ID: 139923)
2026-01-05 11:16:52,233 - DEBUG - Inserted modifier: Anchovies (ID: 139924)
2026-01-05 11:16:52,621 - DEBUG - Inserted modifier: Meatballs (ID: 139925)
2026-01-05 11:16:53,003 - DEBUG - Inserted modifier: Ham (ID: 139926)
2026-01-05 11:16:53,376 - DEBUG - Inserted modifier: Steak (ID: 139927)
2026-01-05 11:16:53,752 - DEBUG - Inserted modifier: Onions (ID: 139928)
2026-01-05 11:16:54,402 - DEBUG - Inserted modifier: Green Peppers (ID: 139929)
2026-01-05 11:16:54,781 - DEBUG - Inserted modifier: Red Peppers (ID: 139930)
2026-01-05 11:16:55,162 - DEBUG - Inserted modifier: Hot Peppers (ID: 139931)
2026-01-05 11:16:55,534 - DEBUG - Inserted modifier: Tomatoes (ID: 139932)
2026-01-05 11:16:55,914 - DEBUG - Inserted modifier: Broccoli (ID: 139933)
2026-01-05 11:16:56,291 - DEBUG - Inserted modifier: Spinach (ID: 139934)
2026-01-05 11:16:56,661 - DEBUG - Inserted modifier: Mushrooms (ID: 139935)
2026-01-05 11:16:57,046 - DEBUG - Inserted modifier: Black Olives (ID: 139936)
2026-01-05 11:16:57,445 - DEBUG - Inserted modifier: Green Olives (ID: 139937)
2026-01-05 11:16:57,821 - DEBUG - Inserted modifier: Pineapple (ID: 139938)
2026-01-05 11:16:58,193 - DEBUG - Inserted modifier: Artichoke (ID: 139939)
2026-01-05 11:16:58,564 - DEBUG - Inserted modifier: Zucchini (ID: 139940)
2026-01-05 11:16:58,953 - DEBUG - Inserted modifier: Corn (ID: 139941)
2026-01-05 11:16:59,340 - DEBUG - Inserted modifier: Cheese (ID: 139942)
2026-01-05 11:16:59,718 - DEBUG - Inserted modifier: 2 Lasagna (ID: 139943)
2026-01-05 11:16:59,881 - DEBUG - Inserted modifier: 2 Spaghetti (ID: 139944)
2026-01-05 11:17:00,036 - DEBUG - Inserted modifier: Large Salad (ID: 139945)
2026-01-05 11:17:00,192 - DEBUG - Inserted modifier: Small Poutine (ID: 139946)
2026-01-05 11:17:00,354 - DEBUG - Inserted modifier: Spaghetti (ID: 139947)
2026-01-05 11:17:00,512 - DEBUG - Inserted modifier: Spaghetti with Meat Sauce (ID: 139948)
2026-01-05 11:17:00,664 - DEBUG - Inserted modifier group: Fries Cooking method (ID: 3161)
2026-01-05 11:17:00,738 - DEBUG - Inserted modifier: Regular Fries (ID: 139949)
2026-01-05 11:17:00,894 - DEBUG - Inserted modifier: Cajun Fries (ID: 139950)
2026-01-05 11:17:01,058 - DEBUG - Inserted modifier group: Homemade Pastas Sauces (ID: 3162)
2026-01-05 11:17:01,135 - DEBUG - Inserted modifier: Cheddar Jalapeno (ID: 139951)
2026-01-05 11:17:01,291 - DEBUG - Inserted modifier: Creamy Garlic (ID: 139952)
2026-01-05 11:17:01,442 - DEBUG - Inserted modifier: Ranch (ID: 139953)
2026-01-05 11:17:01,599 - DEBUG - Inserted modifier: Sweet & Spicy (ID: 139954)
2026-01-05 11:17:01,761 - DEBUG - Inserted modifier: Marinara (ID: 139955)
2026-01-05 11:17:01,907 - DEBUG - Inserted modifier: Caesar (ID: 139956)
2026-01-05 11:17:02,058 - DEBUG - Inserted modifier: Hot (ID: 139957)
2026-01-05 11:17:02,208 - DEBUG - Inserted modifier: Southwest (ID: 139958)
2026-01-05 11:17:02,363 - DEBUG - Inserted modifier: Traditional Italian meat sauce (ID: 139959)
2026-01-05 11:17:02,519 - DEBUG - Inserted modifier: Pesto Sauce (ID: 139960)
2026-01-05 11:17:02,673 - DEBUG - Inserted modifier: Olive Oil (ID: 139961)
2026-01-05 11:17:02,843 - DEBUG - Inserted modifier: Garlic Sauce (ID: 139962)
2026-01-05 11:17:03,001 - DEBUG - Inserted modifier: Homemade Pizza Sauce (ID: 139963)
2026-01-05 11:17:03,156 - DEBUG - Updated modifier: Creamy Garlic (ID: 139952)
2026-01-05 11:17:03,312 - DEBUG - Updated modifier: Ranch (ID: 139953)
2026-01-05 11:17:03,469 - DEBUG - Updated modifier: Caesar (ID: 139956)
2026-01-05 11:17:03,619 - DEBUG - Inserted modifier: Sweet' n Spicy (ID: 139964)
2026-01-05 11:17:03,764 - DEBUG - Updated modifier: Marinara (ID: 139955)
2026-01-05 11:17:03,912 - DEBUG - Inserted modifier: Medium Sauce (ID: 139965)
2026-01-05 11:17:04,069 - DEBUG - Inserted modifier: Sour Cream (ID: 139966)
2026-01-05 11:17:04,223 - DEBUG - Inserted modifier: Hot Sauce (ID: 139967)
2026-01-05 11:17:04,375 - DEBUG - Inserted modifier: B.B.Q Sauce (ID: 139968)
2026-01-05 11:17:04,528 - DEBUG - Inserted modifier: Suicide Hot Sauce (ID: 139969)
2026-01-05 11:17:04,678 - DEBUG - Inserted modifier: Creamy Southwest (ID: 139970)
2026-01-05 11:17:04,826 - DEBUG - Inserted modifier: Homemade Garlic (ID: 139971)
2026-01-05 11:17:04,973 - DEBUG - Updated modifier: Hot (ID: 139957)
2026-01-05 11:17:05,121 - DEBUG - Inserted modifier: Medium (ID: 139972)
2026-01-05 11:17:05,263 - DEBUG - Inserted modifier: Mild (ID: 139973)
2026-01-05 11:17:05,408 - DEBUG - Inserted modifier: Honey Garlic (ID: 139974)
2026-01-05 11:17:05,566 - DEBUG - Inserted modifier: Suicide (ID: 139975)
2026-01-05 11:17:05,712 - DEBUG - Inserted modifier: Meat Sauce (ID: 139976)
2026-01-05 11:17:05,861 - DEBUG - Updated modifier: Sweet' n Spicy (ID: 139964)
2026-01-05 11:17:06,013 - DEBUG - Inserted modifier: Tomato Sauce (ID: 139977)
2026-01-05 11:17:06,164 - DEBUG - Inserted modifier: Honey Mustard (ID: 139978)
2026-01-05 11:17:06,319 - DEBUG - Updated modifier: Pesto Sauce (ID: 139960)
2026-01-05 11:17:06,473 - DEBUG - Updated modifier: Southwest (ID: 139958)
2026-01-05 11:17:06,629 - DEBUG - Inserted modifier: Alfredo Sauce (ID: 139979)
2026-01-05 11:17:06,781 - DEBUG - Inserted modifier group: Daniel's Famous Poutine 4.50 (ID: 3163)
2026-01-05 11:17:06,854 - DEBUG - Inserted modifier: Greek Salad (ID: 139980)
2026-01-05 11:17:06,999 - DEBUG - Inserted modifier: Daniel's Famous Poutine (ID: 139981)
2026-01-05 11:17:07,154 - DEBUG - Inserted modifier: Poutine (ID: 139982)
2026-01-05 11:17:07,300 - DEBUG - Inserted modifier: Onion Rings (ID: 139983)
2026-01-05 11:17:07,702 - DEBUG - Updated modifier: Poutine (ID: 139982)
2026-01-05 11:17:07,849 - DEBUG - Inserted modifier: French Fries (ID: 139984)
2026-01-05 11:17:08,001 - DEBUG - Inserted modifier group: Toppings without premium for Specials (ID: 3164)
2026-01-05 11:17:08,075 - DEBUG - Inserted modifier: Pepperoni (ID: 139985)
2026-01-05 11:17:08,450 - DEBUG - Inserted modifier: Chicken (ID: 139986)
2026-01-05 11:17:08,842 - DEBUG - Inserted modifier: Beef Donair (ID: 139987)
2026-01-05 11:17:09,218 - DEBUG - Inserted modifier: Sausage (ID: 139988)
2026-01-05 11:17:09,609 - DEBUG - Inserted modifier: Bacon (ID: 139989)
2026-01-05 11:17:09,982 - DEBUG - Inserted modifier: Anchovies (ID: 139990)
2026-01-05 11:17:10,354 - DEBUG - Inserted modifier: Meatballs (ID: 139991)
2026-01-05 11:17:10,743 - DEBUG - Inserted modifier: Ham (ID: 139992)
2026-01-05 11:17:11,119 - DEBUG - Inserted modifier: Steak (ID: 139993)
2026-01-05 11:17:11,503 - DEBUG - Inserted modifier: Onions (ID: 139994)
2026-01-05 11:17:11,883 - DEBUG - Inserted modifier: Green Peppers (ID: 139995)
2026-01-05 11:17:12,254 - DEBUG - Inserted modifier: Red Peppers (ID: 139996)
2026-01-05 11:17:12,910 - DEBUG - Inserted modifier: Hot Peppers (ID: 139997)
2026-01-05 11:17:13,290 - DEBUG - Inserted modifier: Tomatoes (ID: 139998)
2026-01-05 11:17:13,653 - DEBUG - Inserted modifier: Broccoli (ID: 139999)
2026-01-05 11:17:14,041 - DEBUG - Inserted modifier: Spinach (ID: 140000)
2026-01-05 11:17:14,443 - DEBUG - Inserted modifier: Mushrooms (ID: 140001)
2026-01-05 11:17:14,830 - DEBUG - Inserted modifier: Black Olives (ID: 140002)
2026-01-05 11:17:15,205 - DEBUG - Inserted modifier: Green Olives (ID: 140003)
2026-01-05 11:17:15,573 - DEBUG - Inserted modifier: Pineapple (ID: 140004)
2026-01-05 11:17:16,214 - DEBUG - Inserted modifier: Artichoke (ID: 140005)
2026-01-05 11:17:17,113 - DEBUG - Inserted modifier: Zucchini (ID: 140006)
2026-01-05 11:17:17,511 - DEBUG - Inserted modifier: Corn (ID: 140007)
2026-01-05 11:17:17,902 - DEBUG - Inserted modifier: Cheese (ID: 140008)
2026-01-05 11:17:18,309 - DEBUG - Inserted modifier: 2 Lasagna (ID: 140009)
2026-01-05 11:17:18,467 - DEBUG - Inserted modifier: 2 Spaghetti (ID: 140010)
2026-01-05 11:17:18,625 - DEBUG - Inserted modifier: Large Salad (ID: 140011)
2026-01-05 11:17:18,790 - DEBUG - Inserted modifier: Small Poutine (ID: 140012)
2026-01-05 11:17:18,955 - DEBUG - Inserted modifier: Spaghetti (ID: 140013)
2026-01-05 11:17:19,107 - DEBUG - Inserted modifier: Spaghetti with Meat Sauce (ID: 140014)
2026-01-05 11:17:19,269 - DEBUG - Inserted modifier group: NEW DIPS (ID: 3165)
2026-01-05 11:17:19,345 - DEBUG - Inserted modifier: Cheddar Jalapeno (ID: 140015)
2026-01-05 11:17:19,504 - DEBUG - Inserted modifier: Creamy Garlic (ID: 140016)
2026-01-05 11:17:19,659 - DEBUG - Inserted modifier: Ranch (ID: 140017)
2026-01-05 11:17:19,809 - DEBUG - Inserted modifier: Sweet & Spicy (ID: 140018)
2026-01-05 11:17:19,963 - DEBUG - Inserted modifier: Marinara (ID: 140019)
2026-01-05 11:17:20,114 - DEBUG - Inserted modifier: Caesar (ID: 140020)
2026-01-05 11:17:20,263 - DEBUG - Inserted modifier: Hot (ID: 140021)
2026-01-05 11:17:20,421 - DEBUG - Inserted modifier: Southwest (ID: 140022)
2026-01-05 11:17:20,578 - DEBUG - Inserted modifier: Traditional Italian meat sauce (ID: 140023)
2026-01-05 11:17:20,743 - DEBUG - Inserted modifier: Pesto Sauce (ID: 140024)
2026-01-05 11:17:20,900 - DEBUG - Inserted modifier: Olive Oil (ID: 140025)
2026-01-05 11:17:21,068 - DEBUG - Inserted modifier: Garlic Sauce (ID: 140026)
2026-01-05 11:17:21,225 - DEBUG - Inserted modifier: Homemade Pizza Sauce (ID: 140027)
2026-01-05 11:17:21,383 - DEBUG - Updated modifier: Creamy Garlic (ID: 140016)
2026-01-05 11:17:21,805 - DEBUG - Updated modifier: Ranch (ID: 140017)
2026-01-05 11:17:21,961 - DEBUG - Updated modifier: Caesar (ID: 140020)
2026-01-05 11:17:22,125 - DEBUG - Inserted modifier: Sweet' n Spicy (ID: 140028)
2026-01-05 11:17:22,284 - DEBUG - Updated modifier: Marinara (ID: 140019)
2026-01-05 11:17:22,441 - DEBUG - Inserted modifier: Medium Sauce (ID: 140029)
2026-01-05 11:17:22,594 - DEBUG - Inserted modifier: Sour Cream (ID: 140030)
2026-01-05 11:17:22,741 - DEBUG - Inserted modifier: Hot Sauce (ID: 140031)
2026-01-05 11:17:22,887 - DEBUG - Inserted modifier: B.B.Q Sauce (ID: 140032)
2026-01-05 11:17:23,045 - DEBUG - Inserted modifier: Suicide Hot Sauce (ID: 140033)
2026-01-05 11:17:23,202 - DEBUG - Inserted modifier: Creamy Southwest (ID: 140034)
2026-01-05 11:17:23,350 - DEBUG - Inserted modifier: Homemade Garlic (ID: 140035)
2026-01-05 11:17:23,758 - DEBUG - Updated modifier: Hot (ID: 140021)
2026-01-05 11:17:23,917 - DEBUG - Inserted modifier: Medium (ID: 140036)
2026-01-05 11:17:24,089 - DEBUG - Inserted modifier: Mild (ID: 140037)
2026-01-05 11:17:24,243 - DEBUG - Inserted modifier: Honey Garlic (ID: 140038)
2026-01-05 11:17:24,401 - DEBUG - Inserted modifier: Suicide (ID: 140039)
2026-01-05 11:17:24,551 - DEBUG - Inserted modifier: Meat Sauce (ID: 140040)
2026-01-05 11:17:24,710 - DEBUG - Updated modifier: Sweet' n Spicy (ID: 140028)
2026-01-05 11:17:24,870 - DEBUG - Inserted modifier: Tomato Sauce (ID: 140041)
2026-01-05 11:17:25,016 - DEBUG - Inserted modifier: Honey Mustard (ID: 140042)
2026-01-05 11:17:25,184 - DEBUG - Updated modifier: Pesto Sauce (ID: 140024)
2026-01-05 11:17:25,342 - DEBUG - Updated modifier: Southwest (ID: 140022)
2026-01-05 11:17:25,488 - DEBUG - Inserted modifier: Alfredo Sauce (ID: 140043)
2026-01-05 11:17:25,640 - DEBUG - Inserted modifier group: Extras for Pastas (ID: 3166)
2026-01-05 11:17:25,719 - DEBUG - Inserted modifier: Spaghetti (ID: 140044)
2026-01-05 11:17:25,874 - DEBUG - Inserted modifier: Greek Salad (ID: 140045)
2026-01-05 11:17:26,046 - DEBUG - Inserted modifier: Italian Poutine (ID: 140046)
2026-01-05 11:17:26,204 - DEBUG - Inserted modifier: Meatballs (ID: 140047)
2026-01-05 11:17:26,366 - DEBUG - Inserted modifier: Veggies (ID: 140048)
2026-01-05 11:17:26,518 - DEBUG - Updated modifier: Meatballs (ID: 140047)
2026-01-05 11:17:26,680 - DEBUG - Inserted modifier: Grilled Chicken (ID: 140049)
2026-01-05 11:17:27,007 - DEBUG - Inserted modifier: Shrimp (ID: 140050)
2026-01-05 11:17:27,167 - DEBUG - Inserted modifier: Chicken (ID: 140051)
2026-01-05 11:17:27,315 - DEBUG - Inserted modifier: Spaghetti with Meat Sauce (ID: 140052)
2026-01-05 11:17:27,463 - DEBUG - Updated modifier: Meatballs (ID: 140047)
2026-01-05 11:17:27,620 - DEBUG - Inserted modifier: Mixed Vegetables (ID: 140053)
2026-01-05 11:17:27,775 - DEBUG - Inserted modifier: Bacon (ID: 140054)
2026-01-05 11:17:27,923 - DEBUG - Inserted modifier: Cheese (ID: 140055)
2026-01-05 11:17:28,076 - DEBUG - Inserted modifier: Club Sub (ID: 140056)
2026-01-05 11:17:28,226 - DEBUG - Inserted modifier: Fried Mushrooms (ID: 140057)
2026-01-05 11:17:28,380 - DEBUG - Inserted modifier: Gravy (ID: 140058)
2026-01-05 11:17:28,611 - DEBUG - Updated modifier: Cheese (ID: 140055)
2026-01-05 11:17:28,876 - DEBUG - Inserted modifier: Onion (ID: 140059)
2026-01-05 11:17:29,027 - DEBUG - Inserted modifier: French Fries (ID: 140060)
2026-01-05 11:17:29,192 - DEBUG - Inserted modifier group: Shrimp & CHicken (ID: 3167)
2026-01-05 11:17:29,268 - DEBUG - Inserted modifier: Spaghetti (ID: 140061)
2026-01-05 11:17:29,426 - DEBUG - Inserted modifier: Greek Salad (ID: 140062)
2026-01-05 11:17:29,590 - DEBUG - Inserted modifier: Italian Poutine (ID: 140063)
2026-01-05 11:17:29,742 - DEBUG - Inserted modifier: Meatballs (ID: 140064)
2026-01-05 11:17:29,891 - DEBUG - Inserted modifier: Veggies (ID: 140065)
2026-01-05 11:17:30,041 - DEBUG - Updated modifier: Meatballs (ID: 140064)
2026-01-05 11:17:30,197 - DEBUG - Inserted modifier: Grilled Chicken (ID: 140066)
2026-01-05 11:17:30,424 - DEBUG - Inserted modifier: Shrimp (ID: 140067)
2026-01-05 11:17:30,570 - DEBUG - Inserted modifier: Chicken (ID: 140068)
2026-01-05 11:17:30,723 - DEBUG - Inserted modifier: Spaghetti with Meat Sauce (ID: 140069)
2026-01-05 11:17:30,876 - DEBUG - Updated modifier: Meatballs (ID: 140064)
2026-01-05 11:17:31,080 - DEBUG - Inserted modifier: Mixed Vegetables (ID: 140070)
2026-01-05 11:17:31,233 - DEBUG - Inserted modifier: Bacon (ID: 140071)
2026-01-05 11:17:31,389 - DEBUG - Inserted modifier: Cheese (ID: 140072)
2026-01-05 11:17:31,545 - DEBUG - Inserted modifier: Club Sub (ID: 140073)
2026-01-05 11:17:31,700 - DEBUG - Inserted modifier: Fried Mushrooms (ID: 140074)
2026-01-05 11:17:31,861 - DEBUG - Inserted modifier: Gravy (ID: 140075)
2026-01-05 11:17:32,096 - DEBUG - Updated modifier: Cheese (ID: 140072)
2026-01-05 11:17:32,330 - DEBUG - Inserted modifier: Onion (ID: 140076)
2026-01-05 11:17:32,485 - DEBUG - Inserted modifier: French Fries (ID: 140077)
2026-01-05 11:17:32,560 - INFO -   Done: 23 groups, 526 modifiers, 994 prices
2026-01-05 11:17:32,627 - DEBUG - Database connection closed
2026-01-05 11:17:32,639 - INFO - ============================================================
2026-01-05 11:17:32,639 - INFO - SCRAPER SUMMARY
2026-01-05 11:17:32,639 - INFO - ============================================================
2026-01-05 11:17:32,641 - INFO - Completed at: 2026-01-05 11:17:32
2026-01-05 11:17:32,641 - INFO - Restaurants processed: 1
2026-01-05 11:17:32,641 - INFO - Restaurants skipped (already done): 0
2026-01-05 11:17:32,641 - INFO - Modifier groups inserted: 23
2026-01-05 11:17:32,642 - INFO - Modifiers inserted: 526
2026-01-05 11:17:32,642 - INFO - Prices inserted: 994
2026-01-05 11:17:32,642 - INFO - Errors: 0
2026-01-05 11:17:32,643 - INFO - ============================================================
2026-01-05 11:17:32,643 - INFO - SCRAPER COMPLETED SUCCESSFULLY
2026-01-05 11:17:32,644 - INFO - ============================================================
