2025-12-26 19:22:00,547 - INFO - Logging to: C:\Users\santi\Menu.ca\Legacy Database\Migration Strategy\Scrapers\Menu Scrapers\V1 Scrapper\logs\french_modifier_scraper_20251226_192200.log
2025-12-26 19:22:00,548 - INFO - ============================================================
2025-12-26 19:22:00,548 - INFO - FRENCH MODIFIER GROUP SCRAPER
2025-12-26 19:22:00,548 - INFO - ============================================================
2025-12-26 19:22:00,548 - INFO - Started at: 2025-12-26 19:22:00
2025-12-26 19:22:00,548 - INFO - Total restaurants in list: 9
2025-12-26 19:22:00,880 - INFO - Database connected (attempt 1)
2025-12-26 19:22:00,988 - INFO - Found 15 restaurants already processed
2025-12-26 19:22:00,988 - INFO - Will skip 15 already-processed restaurants
2025-12-26 19:22:00,988 - INFO - Restaurants to process: 4
2025-12-26 19:22:01,450 - INFO - Navigating to CRM login page (attempt 1)...
2025-12-26 19:22:02,460 - INFO - Filling login credentials...
2025-12-26 19:22:03,454 - INFO - Login successful
2025-12-26 19:22:03,454 - INFO - ----------------------------------------
2025-12-26 19:22:03,454 - INFO - [1/4] Processing: Papa Pizza Val-Des-Monts (V3: 1014, V1: 703)
2025-12-26 19:22:03,455 - INFO - Navigating to modifier groups page: https://menuadmin.menu.ca/?p=restaurants&display=editRestaurant&restaurant=703&load=ingredientGroups&showLang=fr
2025-12-26 19:22:04,518 - DEBUG - Expanding all modifier group divs...
2025-12-26 19:22:05,034 - DEBUG - Group 6281: 18 active modifiers
2025-12-26 19:22:05,034 - DEBUG - Group 6282: 2 active modifiers
2025-12-26 19:22:05,034 - DEBUG - Group 6283: 4 active modifiers
2025-12-26 19:22:05,034 - DEBUG - Group 6284: 1 active modifiers
2025-12-26 19:22:05,034 - DEBUG - Group 6285: 4 active modifiers
2025-12-26 19:22:05,034 - DEBUG - Group 6286: 2 active modifiers
2025-12-26 19:22:05,034 - DEBUG - Group 6287: 1 active modifiers
2025-12-26 19:22:05,034 - DEBUG - Group 6288: 2 active modifiers
2025-12-26 19:22:05,034 - DEBUG - Group 6289: 4 active modifiers
2025-12-26 19:22:05,034 - DEBUG - Group 6290: 2 active modifiers
2025-12-26 19:22:05,034 - DEBUG - Group 10512: 4 active modifiers
2025-12-26 19:22:05,034 - DEBUG - Group 11235: 3 active modifiers
2025-12-26 19:22:05,060 - INFO - Processing modifier group: Pizza Toppings NEW (ID: 6281)
2025-12-26 19:22:05,219 - INFO -   Found 21 modifiers (18 active, 3 inactive)
2025-12-26 19:22:05,223 - INFO - Processing modifier group: Burgers Extra NEW (ID: 6282)
2025-12-26 19:22:05,289 - INFO -   Found 6 modifiers (2 active, 4 inactive)
2025-12-26 19:22:05,293 - INFO - Processing modifier group: Wings Sauces NEW (ID: 6283)
2025-12-26 19:22:05,446 - INFO -   Found 15 modifiers (4 active, 11 inactive)
2025-12-26 19:22:05,450 - INFO - Processing modifier group: Nachos Extra NEW (ID: 6284)
2025-12-26 19:22:05,517 - INFO -   Found 6 modifiers (1 active, 5 inactive)
2025-12-26 19:22:05,521 - INFO - Processing modifier group: Burgers Ingredients NEW (ID: 6285)
2025-12-26 19:22:05,726 - INFO -   Found 21 modifiers (4 active, 17 inactive)
2025-12-26 19:22:05,729 - INFO - Processing modifier group: Poutine Extra Fromage and Sauce NEW (ID: 6286)
2025-12-26 19:22:05,787 - INFO -   Found 6 modifiers (2 active, 4 inactive)
2025-12-26 19:22:05,791 - INFO - Processing modifier group: Upgrade to Poutine NEW (ID: 6287)
2025-12-26 19:22:05,855 - INFO -   Found 6 modifiers (1 active, 5 inactive)
2025-12-26 19:22:05,859 - INFO - Processing modifier group: Subs Sauces NEW (ID: 6288)
2025-12-26 19:22:06,012 - INFO -   Found 15 modifiers (2 active, 13 inactive)
2025-12-26 19:22:06,016 - INFO - Processing modifier group: Pizza Dips NEW (ID: 6289)
2025-12-26 19:22:06,174 - INFO -   Found 15 modifiers (4 active, 11 inactive)
2025-12-26 19:22:06,179 - INFO - Processing modifier group: Sauces Viande Fumee Sub (ID: 6290)
2025-12-26 19:22:06,399 - INFO -   Found 15 modifiers (2 active, 13 inactive)
2025-12-26 19:22:06,403 - INFO - Processing modifier group: Mini Beignets Dips (ID: 10512)
2025-12-26 19:22:06,567 - INFO -   Found 15 modifiers (4 active, 11 inactive)
2025-12-26 19:22:06,570 - INFO - Processing modifier group: Side Dishes for GYROS (ID: 11235)
2025-12-26 19:22:06,608 - INFO -   Found 4 modifiers (3 active, 1 inactive)
2025-12-26 19:22:06,608 - INFO - Total modifier groups extracted: 12
2025-12-26 19:22:06,787 - DEBUG - Modifier group already exists: Pizza Toppings NEW (ID: 175)
2025-12-26 19:22:07,194 - DEBUG - Upserted modifier: Pepperoni (V1 ID: 28534, DB ID: 68070)
2025-12-26 19:22:08,062 - DEBUG - Upserted modifier: Une Garniture (V1 ID: 28571, DB ID: 68073)
2025-12-26 19:22:08,592 - DEBUG - Upserted modifier: Bacon (V1 ID: 28535, DB ID: 68075)
2025-12-26 19:22:09,491 - DEBUG - Upserted modifier: Jambon (V1 ID: 28540, DB ID: 68078)
2025-12-26 19:22:10,348 - DEBUG - Upserted modifier: Poulet (V1 ID: 28546, DB ID: 68081)
2025-12-26 19:22:11,168 - DEBUG - Upserted modifier: Saucisse Italienne (V1 ID: 28548, DB ID: 68083)
2025-12-26 19:22:11,981 - DEBUG - Upserted modifier: Viande Fumée (V1 ID: 28551, DB ID: 68085)
2025-12-26 19:22:12,825 - DEBUG - Upserted modifier: Fromage Feta (V1 ID: 28550, DB ID: 68087)
2025-12-26 19:22:13,700 - DEBUG - Upserted modifier: Champignons (V1 ID: 28536, DB ID: 68089)
2025-12-26 19:22:14,541 - DEBUG - Upserted modifier: Poivrons Verts (V1 ID: 28537, DB ID: 68091)
2025-12-26 19:22:15,391 - DEBUG - Upserted modifier: Origan (V1 ID: 28538, DB ID: 68094)
2025-12-26 19:22:16,271 - DEBUG - Upserted modifier: Basilic (V1 ID: 28539, DB ID: 68096)
2025-12-26 19:22:17,099 - DEBUG - Upserted modifier: Ananas (V1 ID: 28541, DB ID: 68098)
2025-12-26 19:22:17,976 - DEBUG - Upserted modifier: Olives (V1 ID: 28542, DB ID: 68100)
2025-12-26 19:22:18,794 - DEBUG - Upserted modifier: Tomates (V1 ID: 28543, DB ID: 68102)
2025-12-26 19:22:19,658 - DEBUG - Upserted modifier: Oignons (V1 ID: 28544, DB ID: 68105)
2025-12-26 19:22:20,482 - DEBUG - Upserted modifier: Piments Forts (V1 ID: 28545, DB ID: 68107)
2025-12-26 19:22:21,336 - DEBUG - Upserted modifier: Oignons Rouges (V1 ID: 28547, DB ID: 68109)
2025-12-26 19:22:22,168 - DEBUG - Upserted modifier: Olives Noires (V1 ID: 28549, DB ID: 68112)
2025-12-26 19:22:23,005 - DEBUG - Upserted modifier: Moutarde (V1 ID: 28552, DB ID: 68115)
2025-12-26 19:22:23,412 - DEBUG - Upserted modifier: Relish (V1 ID: 28553, DB ID: 68117)
2025-12-26 19:22:23,818 - DEBUG - Modifier group already exists: Burgers Extra NEW (ID: 178)
2025-12-26 19:22:24,090 - DEBUG - Upserted modifier: Fromage (V1 ID: 28554, DB ID: 68119)
2025-12-26 19:22:24,512 - DEBUG - Upserted modifier: Bacon (V1 ID: 28555, DB ID: 68122)
2025-12-26 19:22:24,913 - DEBUG - Upserted modifier: Poulet (V1 ID: 28556, DB ID: 68123)
2025-12-26 19:22:25,324 - DEBUG - Upserted modifier: Sauce (V1 ID: 28557, DB ID: 68125)
2025-12-26 19:22:25,742 - DEBUG - Upserted modifier: Poutine (V1 ID: 28558, DB ID: 68127)
2025-12-26 19:22:26,150 - DEBUG - Upserted modifier: Frites (V1 ID: 28559, DB ID: 68129)
2025-12-26 19:22:26,553 - DEBUG - Modifier group already exists: Wings Sauces NEW (ID: 179)
2025-12-26 19:22:26,829 - DEBUG - Upserted modifier: Trempette Anniversaire (V1 ID: 48187, DB ID: 68131)
2025-12-26 19:22:27,242 - DEBUG - Upserted modifier: Trempettes au Caramel Salé (V1 ID: 48188, DB ID: 68133)
2025-12-26 19:22:27,658 - DEBUG - Upserted modifier: Trempettes Biscuit et Crème (V1 ID: 48189, DB ID: 68135)
2025-12-26 19:22:28,082 - DEBUG - Upserted modifier: Trempettes Chocolat Fudge (V1 ID: 48190, DB ID: 68136)
2025-12-26 19:22:28,524 - DEBUG - Upserted modifier: Ail (V1 ID: 28560, DB ID: 68138)
2025-12-26 19:22:28,937 - DEBUG - Upserted modifier: Cheddar (V1 ID: 28561, DB ID: 68139)
2025-12-26 19:22:29,349 - DEBUG - Upserted modifier: Ranch (V1 ID: 28562, DB ID: 68141)
2025-12-26 19:22:29,761 - DEBUG - Upserted modifier: Marinara (V1 ID: 28563, DB ID: 68143)
2025-12-26 19:22:30,179 - DEBUG - Upserted modifier: Douce (V1 ID: 28564, DB ID: 68144)
2025-12-26 19:22:30,611 - DEBUG - Upserted modifier: Moyenne (V1 ID: 28565, DB ID: 68146)
2025-12-26 19:22:31,022 - DEBUG - Upserted modifier: Fort (V1 ID: 28566, DB ID: 68147)
2025-12-26 19:22:31,468 - DEBUG - Upserted modifier: Miel et Ail (V1 ID: 28567, DB ID: 68149)
2025-12-26 19:22:31,880 - DEBUG - Upserted modifier: Mayonnaise (V1 ID: 28568, DB ID: 68151)
2025-12-26 19:22:32,315 - DEBUG - Upserted modifier: Sauce à l’ail (V1 ID: 28569, DB ID: 68152)
2025-12-26 19:22:32,725 - DEBUG - Upserted modifier: Moutarde (V1 ID: 28572, DB ID: 68154)
2025-12-26 19:22:33,134 - DEBUG - Modifier group already exists: Nachos Extra NEW (ID: 180)
2025-12-26 19:22:33,416 - DEBUG - Upserted modifier: Fromage (V1 ID: 28554, DB ID: 68156)
2025-12-26 19:22:33,844 - DEBUG - Upserted modifier: Bacon (V1 ID: 28555, DB ID: 68157)
2025-12-26 19:22:34,267 - DEBUG - Upserted modifier: Poulet (V1 ID: 28556, DB ID: 68159)
2025-12-26 19:22:34,684 - DEBUG - Upserted modifier: Sauce (V1 ID: 28557, DB ID: 68161)
2025-12-26 19:22:35,110 - DEBUG - Upserted modifier: Poutine (V1 ID: 28558, DB ID: 68162)
2025-12-26 19:22:35,515 - DEBUG - Upserted modifier: Frites (V1 ID: 28559, DB ID: 68164)
2025-12-26 19:22:35,925 - DEBUG - Modifier group already exists: Burgers Ingredients NEW (ID: 182)
2025-12-26 19:22:36,203 - DEBUG - Upserted modifier: Pepperoni (V1 ID: 28534, DB ID: 68166)
2025-12-26 19:22:37,011 - DEBUG - Upserted modifier: Une Garniture (V1 ID: 28571, DB ID: 68168)
2025-12-26 19:22:37,420 - DEBUG - Upserted modifier: Bacon (V1 ID: 28535, DB ID: 68169)
2025-12-26 19:22:38,252 - DEBUG - Upserted modifier: Jambon (V1 ID: 28540, DB ID: 68172)
2025-12-26 19:22:39,099 - DEBUG - Upserted modifier: Poulet (V1 ID: 28546, DB ID: 68175)
2025-12-26 19:22:39,933 - DEBUG - Upserted modifier: Saucisse Italienne (V1 ID: 28548, DB ID: 68178)
2025-12-26 19:22:40,779 - DEBUG - Upserted modifier: Viande Fumée (V1 ID: 28551, DB ID: 68181)
2025-12-26 19:22:41,610 - DEBUG - Upserted modifier: Fromage Feta (V1 ID: 28550, DB ID: 68184)
2025-12-26 19:22:42,442 - DEBUG - Upserted modifier: Champignons (V1 ID: 28536, DB ID: 68187)
2025-12-26 19:22:43,275 - DEBUG - Upserted modifier: Poivrons Verts (V1 ID: 28537, DB ID: 68190)
2025-12-26 19:22:44,101 - DEBUG - Upserted modifier: Origan (V1 ID: 28538, DB ID: 68192)
2025-12-26 19:22:44,932 - DEBUG - Upserted modifier: Basilic (V1 ID: 28539, DB ID: 68194)
2025-12-26 19:22:45,782 - DEBUG - Upserted modifier: Ananas (V1 ID: 28541, DB ID: 68196)
2025-12-26 19:22:46,616 - DEBUG - Upserted modifier: Olives (V1 ID: 28542, DB ID: 68198)
2025-12-26 19:22:47,444 - DEBUG - Upserted modifier: Tomates (V1 ID: 28543, DB ID: 68201)
2025-12-26 19:22:48,296 - DEBUG - Upserted modifier: Oignons (V1 ID: 28544, DB ID: 68203)
2025-12-26 19:22:48,731 - DEBUG - Upserted modifier: Piments Forts (V1 ID: 28545, DB ID: 68204)
2025-12-26 19:22:49,148 - DEBUG - Upserted modifier: Oignons Rouges (V1 ID: 28547, DB ID: 68206)
2025-12-26 19:22:50,003 - DEBUG - Upserted modifier: Olives Noires (V1 ID: 28549, DB ID: 68208)
2025-12-26 19:22:50,825 - DEBUG - Upserted modifier: Moutarde (V1 ID: 28552, DB ID: 68210)
2025-12-26 19:22:51,263 - DEBUG - Upserted modifier: Relish (V1 ID: 28553, DB ID: 68212)
2025-12-26 19:22:51,666 - DEBUG - Modifier group already exists: Poutine Extra Fromage and Sauce NEW (ID: 183)
2025-12-26 19:22:51,941 - DEBUG - Upserted modifier: Fromage (V1 ID: 28554, DB ID: 68214)
2025-12-26 19:22:52,355 - DEBUG - Upserted modifier: Bacon (V1 ID: 28555, DB ID: 68216)
2025-12-26 19:22:52,776 - DEBUG - Upserted modifier: Poulet (V1 ID: 28556, DB ID: 68217)
2025-12-26 19:22:53,518 - DEBUG - Upserted modifier: Sauce (V1 ID: 28557, DB ID: 68219)
2025-12-26 19:22:54,217 - DEBUG - Upserted modifier: Poutine (V1 ID: 28558, DB ID: 68220)
2025-12-26 19:22:55,063 - DEBUG - Upserted modifier: Frites (V1 ID: 28559, DB ID: 68222)
2025-12-26 19:22:55,865 - DEBUG - Modifier group already exists: Upgrade to Poutine NEW (ID: 184)
2025-12-26 19:22:56,459 - DEBUG - Upserted modifier: Fromage (V1 ID: 28554, DB ID: 68224)
2025-12-26 19:22:57,441 - DEBUG - Upserted modifier: Bacon (V1 ID: 28555, DB ID: 68226)
2025-12-26 19:22:58,017 - DEBUG - Upserted modifier: Poulet (V1 ID: 28556, DB ID: 68229)
2025-12-26 19:22:58,577 - DEBUG - Upserted modifier: Sauce (V1 ID: 28557, DB ID: 68231)
2025-12-26 19:22:59,076 - DEBUG - Upserted modifier: Poutine (V1 ID: 28558, DB ID: 68232)
2025-12-26 19:22:59,524 - DEBUG - Upserted modifier: Frites (V1 ID: 28559, DB ID: 68234)
2025-12-26 19:22:59,953 - DEBUG - Modifier group already exists: Subs Sauces NEW (ID: 185)
2025-12-26 19:23:00,248 - DEBUG - Upserted modifier: Trempette Anniversaire (V1 ID: 48187, DB ID: 68237)
2025-12-26 19:23:00,661 - DEBUG - Upserted modifier: Trempettes au Caramel Salé (V1 ID: 48188, DB ID: 68239)
2025-12-26 19:23:01,072 - DEBUG - Upserted modifier: Trempettes Biscuit et Crème (V1 ID: 48189, DB ID: 68241)
2025-12-26 19:23:01,531 - DEBUG - Upserted modifier: Trempettes Chocolat Fudge (V1 ID: 48190, DB ID: 68243)
2025-12-26 19:23:01,961 - DEBUG - Upserted modifier: Ail (V1 ID: 28560, DB ID: 68245)
2025-12-26 19:23:02,390 - DEBUG - Upserted modifier: Cheddar (V1 ID: 28561, DB ID: 68247)
2025-12-26 19:23:02,794 - DEBUG - Upserted modifier: Ranch (V1 ID: 28562, DB ID: 68249)
2025-12-26 19:23:03,203 - DEBUG - Upserted modifier: Marinara (V1 ID: 28563, DB ID: 68251)
2025-12-26 19:23:03,614 - DEBUG - Upserted modifier: Douce (V1 ID: 28564, DB ID: 68252)
2025-12-26 19:23:04,028 - DEBUG - Upserted modifier: Moyenne (V1 ID: 28565, DB ID: 68254)
2025-12-26 19:23:04,448 - DEBUG - Upserted modifier: Fort (V1 ID: 28566, DB ID: 68256)
2025-12-26 19:23:04,859 - DEBUG - Upserted modifier: Miel et Ail (V1 ID: 28567, DB ID: 68258)
2025-12-26 19:23:05,257 - DEBUG - Upserted modifier: Mayonnaise (V1 ID: 28568, DB ID: 68260)
2025-12-26 19:23:05,699 - DEBUG - Upserted modifier: Sauce à l’ail (V1 ID: 28569, DB ID: 68262)
2025-12-26 19:23:06,145 - DEBUG - Upserted modifier: Moutarde (V1 ID: 28572, DB ID: 68264)
2025-12-26 19:23:06,552 - DEBUG - Modifier group already exists: Pizza Dips NEW (ID: 187)
2025-12-26 19:23:06,821 - DEBUG - Upserted modifier: Trempette Anniversaire (V1 ID: 48187, DB ID: 68267)
2025-12-26 19:23:07,231 - DEBUG - Upserted modifier: Trempettes au Caramel Salé (V1 ID: 48188, DB ID: 68269)
2025-12-26 19:23:07,648 - DEBUG - Upserted modifier: Trempettes Biscuit et Crème (V1 ID: 48189, DB ID: 68271)
2025-12-26 19:23:08,072 - DEBUG - Upserted modifier: Trempettes Chocolat Fudge (V1 ID: 48190, DB ID: 68273)
2025-12-26 19:23:08,502 - DEBUG - Upserted modifier: Ail (V1 ID: 28560, DB ID: 68275)
2025-12-26 19:23:08,958 - DEBUG - Upserted modifier: Cheddar (V1 ID: 28561, DB ID: 68277)
2025-12-26 19:23:09,383 - DEBUG - Upserted modifier: Ranch (V1 ID: 28562, DB ID: 68279)
2025-12-26 19:23:09,801 - DEBUG - Upserted modifier: Marinara (V1 ID: 28563, DB ID: 68280)
2025-12-26 19:23:10,224 - DEBUG - Upserted modifier: Douce (V1 ID: 28564, DB ID: 68282)
2025-12-26 19:23:10,664 - DEBUG - Upserted modifier: Moyenne (V1 ID: 28565, DB ID: 68284)
2025-12-26 19:23:11,076 - DEBUG - Upserted modifier: Fort (V1 ID: 28566, DB ID: 68286)
2025-12-26 19:23:11,482 - DEBUG - Upserted modifier: Miel et Ail (V1 ID: 28567, DB ID: 68288)
2025-12-26 19:23:11,902 - DEBUG - Upserted modifier: Mayonnaise (V1 ID: 28568, DB ID: 68290)
2025-12-26 19:23:12,317 - DEBUG - Upserted modifier: Sauce à l’ail (V1 ID: 28569, DB ID: 68292)
2025-12-26 19:23:12,737 - DEBUG - Upserted modifier: Moutarde (V1 ID: 28572, DB ID: 68294)
2025-12-26 19:23:13,161 - DEBUG - Modifier group already exists: Sauces Viande Fumee Sub (ID: 188)
2025-12-26 19:23:13,432 - DEBUG - Upserted modifier: Trempette Anniversaire (V1 ID: 48187, DB ID: 68297)
2025-12-26 19:23:13,849 - DEBUG - Upserted modifier: Trempettes au Caramel Salé (V1 ID: 48188, DB ID: 68299)
2025-12-26 19:23:14,283 - DEBUG - Upserted modifier: Trempettes Biscuit et Crème (V1 ID: 48189, DB ID: 68301)
2025-12-26 19:23:14,709 - DEBUG - Upserted modifier: Trempettes Chocolat Fudge (V1 ID: 48190, DB ID: 68303)
2025-12-26 19:23:15,136 - DEBUG - Upserted modifier: Ail (V1 ID: 28560, DB ID: 68305)
2025-12-26 19:23:15,549 - DEBUG - Upserted modifier: Cheddar (V1 ID: 28561, DB ID: 68307)
2025-12-26 19:23:15,984 - DEBUG - Upserted modifier: Ranch (V1 ID: 28562, DB ID: 68309)
2025-12-26 19:23:16,413 - DEBUG - Upserted modifier: Marinara (V1 ID: 28563, DB ID: 68311)
2025-12-26 19:23:16,813 - DEBUG - Upserted modifier: Douce (V1 ID: 28564, DB ID: 68313)
2025-12-26 19:23:17,227 - DEBUG - Upserted modifier: Moyenne (V1 ID: 28565, DB ID: 68315)
2025-12-26 19:23:17,650 - DEBUG - Upserted modifier: Fort (V1 ID: 28566, DB ID: 68316)
2025-12-26 19:23:18,073 - DEBUG - Upserted modifier: Miel et Ail (V1 ID: 28567, DB ID: 68318)
2025-12-26 19:23:18,503 - DEBUG - Upserted modifier: Mayonnaise (V1 ID: 28568, DB ID: 68320)
2025-12-26 19:23:18,940 - DEBUG - Upserted modifier: Sauce à l’ail (V1 ID: 28569, DB ID: 68322)
2025-12-26 19:23:19,361 - DEBUG - Upserted modifier: Moutarde (V1 ID: 28572, DB ID: 68324)
2025-12-26 19:23:19,780 - DEBUG - Modifier group already exists: Mini Beignets Dips (ID: 189)
2025-12-26 19:23:20,055 - DEBUG - Upserted modifier: Trempette Anniversaire (V1 ID: 48187, DB ID: 68327)
2025-12-26 19:23:20,470 - DEBUG - Upserted modifier: Trempettes au Caramel Salé (V1 ID: 48188, DB ID: 68329)
2025-12-26 19:23:20,891 - DEBUG - Upserted modifier: Trempettes Biscuit et Crème (V1 ID: 48189, DB ID: 68331)
2025-12-26 19:23:21,316 - DEBUG - Upserted modifier: Trempettes Chocolat Fudge (V1 ID: 48190, DB ID: 68333)
2025-12-26 19:23:21,747 - DEBUG - Upserted modifier: Ail (V1 ID: 28560, DB ID: 68335)
2025-12-26 19:23:22,156 - DEBUG - Upserted modifier: Cheddar (V1 ID: 28561, DB ID: 68337)
2025-12-26 19:23:22,578 - DEBUG - Upserted modifier: Ranch (V1 ID: 28562, DB ID: 68339)
2025-12-26 19:23:22,976 - DEBUG - Upserted modifier: Marinara (V1 ID: 28563, DB ID: 68340)
2025-12-26 19:23:23,386 - DEBUG - Upserted modifier: Douce (V1 ID: 28564, DB ID: 68342)
2025-12-26 19:23:23,792 - DEBUG - Upserted modifier: Moyenne (V1 ID: 28565, DB ID: 68343)
2025-12-26 19:23:24,203 - DEBUG - Upserted modifier: Fort (V1 ID: 28566, DB ID: 68345)
2025-12-26 19:23:24,615 - DEBUG - Upserted modifier: Miel et Ail (V1 ID: 28567, DB ID: 68347)
2025-12-26 19:23:25,020 - DEBUG - Upserted modifier: Mayonnaise (V1 ID: 28568, DB ID: 68349)
2025-12-26 19:23:25,434 - DEBUG - Upserted modifier: Sauce à l’ail (V1 ID: 28569, DB ID: 68351)
2025-12-26 19:23:25,846 - DEBUG - Upserted modifier: Moutarde (V1 ID: 28572, DB ID: 68353)
2025-12-26 19:23:26,262 - DEBUG - Modifier group already exists: Side Dishes for GYROS (ID: 191)
2025-12-26 19:23:26,549 - DEBUG - Upserted modifier: Riz (V1 ID: 52110, DB ID: 68355)
2025-12-26 19:23:26,961 - DEBUG - Upserted modifier: Salade (V1 ID: 52111, DB ID: 68357)
2025-12-26 19:23:27,368 - DEBUG - Upserted modifier: Pommes de terre rôties (V1 ID: 52112, DB ID: 68359)
2025-12-26 19:23:27,804 - DEBUG - Upserted modifier: Frites (V1 ID: 28570, DB ID: 68361)
2025-12-26 19:23:28,095 - INFO -   Done: 12 groups, 145 modifiers, 247 prices
2025-12-26 19:23:28,095 - INFO - ----------------------------------------
2025-12-26 19:23:28,095 - INFO - [2/4] Processing: Poutinerie Québecurds Gatineau (V3: 1015, V1: 1046)
2025-12-26 19:23:28,095 - INFO - Navigating to modifier groups page: https://menuadmin.menu.ca/?p=restaurants&display=editRestaurant&restaurant=1046&load=ingredientGroups&showLang=fr
2025-12-26 19:23:29,075 - DEBUG - Expanding all modifier group divs...
2025-12-26 19:23:29,588 - DEBUG - Group 10922: 3 active modifiers
2025-12-26 19:23:29,589 - DEBUG - Group 10923: 10 active modifiers
2025-12-26 19:23:29,589 - DEBUG - Group 10924: 14 active modifiers
2025-12-26 19:23:29,589 - DEBUG - Group 10925: 3 active modifiers
2025-12-26 19:23:29,589 - DEBUG - Group 10926: 1 active modifiers
2025-12-26 19:23:29,589 - DEBUG - Group 10927: 4 active modifiers
2025-12-26 19:23:29,589 - DEBUG - Group 10928: 1 active modifiers
2025-12-26 19:23:29,589 - DEBUG - Group 10929: 24 active modifiers
2025-12-26 19:23:29,589 - DEBUG - Group 10930: 6 active modifiers
2025-12-26 19:23:29,589 - DEBUG - Group 10931: 6 active modifiers
2025-12-26 19:23:29,589 - DEBUG - Group 10932: 4 active modifiers
2025-12-26 19:23:29,589 - DEBUG - Group 10933: 2 active modifiers
2025-12-26 19:23:29,589 - DEBUG - Group 11256: 12 active modifiers
2025-12-26 19:23:29,589 - DEBUG - Group 11265: 14 active modifiers
2025-12-26 19:23:29,611 - INFO - Processing modifier group: Poutine- potato selection (ID: 10922)
2025-12-26 19:23:29,644 - INFO -   Found 3 modifiers (3 active, 0 inactive)
2025-12-26 19:23:29,649 - INFO - Processing modifier group: Poutine- choose vegetables (ID: 10923)
2025-12-26 19:23:29,997 - INFO -   Found 35 modifiers (10 active, 25 inactive)
2025-12-26 19:23:30,001 - INFO - Processing modifier group: Poutine- choose protein (meat) (ID: 10924)
2025-12-26 19:23:30,358 - INFO -   Found 35 modifiers (14 active, 21 inactive)
2025-12-26 19:23:30,362 - INFO - Processing modifier group: Poutine- choose cheese (ID: 10925)
2025-12-26 19:23:30,870 - INFO -   Found 35 modifiers (3 active, 32 inactive)
2025-12-26 19:23:30,879 - INFO - Processing modifier group: Poutine-extra cheese (ID: 10926)
2025-12-26 19:23:30,935 - INFO -   Found 2 modifiers (1 active, 1 inactive)
2025-12-26 19:23:30,944 - INFO - Processing modifier group: Poutine- sauce selection (ID: 10927)
2025-12-26 19:23:31,127 - INFO -   Found 10 modifiers (4 active, 6 inactive)
2025-12-26 19:23:31,134 - INFO - Processing modifier group: Poutine- extra sauce (ID: 10928)
2025-12-26 19:23:31,167 - INFO -   Found 2 modifiers (1 active, 1 inactive)
2025-12-26 19:23:31,171 - INFO - Processing modifier group: Poutine- All toppings (ID: 10929)
2025-12-26 19:23:31,482 - INFO -   Found 35 modifiers (24 active, 11 inactive)
2025-12-26 19:23:31,486 - INFO - Processing modifier group: Mini Donuts Flavours (ID: 10930)
2025-12-26 19:23:31,858 - INFO -   Found 35 modifiers (6 active, 29 inactive)
2025-12-26 19:23:31,862 - INFO - Processing modifier group: Mini Donuts Dips (ID: 10931)
2025-12-26 19:23:31,944 - INFO -   Found 10 modifiers (6 active, 4 inactive)
2025-12-26 19:23:31,948 - INFO - Processing modifier group: Mini Churros Flavours (ID: 10932)
2025-12-26 19:23:32,369 - INFO -   Found 35 modifiers (4 active, 31 inactive)
2025-12-26 19:23:32,373 - INFO - Processing modifier group: Mini Churros Dips (ID: 10933)
2025-12-26 19:23:32,486 - INFO -   Found 10 modifiers (2 active, 8 inactive)
2025-12-26 19:23:32,489 - INFO - Processing modifier group: Drinks (ID: 11256)
2025-12-26 19:23:32,578 - INFO -   Found 12 modifiers (12 active, 0 inactive)
2025-12-26 19:23:32,582 - INFO - Processing modifier group: Small Poutine Selection (ID: 11265)
2025-12-26 19:23:32,684 - INFO -   Found 14 modifiers (14 active, 0 inactive)
2025-12-26 19:23:32,684 - INFO - Total modifier groups extracted: 14
2025-12-26 19:23:32,824 - DEBUG - Modifier group already exists: Poutine- potato selection (ID: 192)
2025-12-26 19:23:33,095 - DEBUG - Upserted modifier: Frites (V1 ID: 50438, DB ID: 68374)
2025-12-26 19:23:33,551 - DEBUG - Upserted modifier: Patate Douce (V1 ID: 50439, DB ID: 68376)
2025-12-26 19:23:33,972 - DEBUG - Upserted modifier: Bouchée de Pomme de Terre (V1 ID: 50440, DB ID: 68378)
2025-12-26 19:23:34,394 - DEBUG - Modifier group already exists: Poutine- choose vegetables (ID: 193)
2025-12-26 19:23:34,698 - DEBUG - Upserted modifier: Oignon Rouge (V1 ID: 50441, DB ID: 68380)
2025-12-26 19:23:35,117 - DEBUG - Upserted modifier: Champignons (V1 ID: 50442, DB ID: 68382)
2025-12-26 19:23:35,529 - DEBUG - Upserted modifier: Piment Vert (V1 ID: 50443, DB ID: 68384)
2025-12-26 19:23:35,966 - DEBUG - Upserted modifier: Échalote (V1 ID: 50444, DB ID: 68386)
2025-12-26 19:23:36,421 - DEBUG - Upserted modifier: Olive Verte (V1 ID: 50445, DB ID: 68388)
2025-12-26 19:23:36,828 - DEBUG - Upserted modifier: Olive Noire (V1 ID: 50446, DB ID: 68390)
2025-12-26 19:23:37,254 - DEBUG - Upserted modifier: Cornichon (V1 ID: 50447, DB ID: 68392)
2025-12-26 19:23:37,674 - DEBUG - Upserted modifier: Piment Fort (V1 ID: 50448, DB ID: 68394)
2025-12-26 19:23:38,084 - DEBUG - Upserted modifier: Jalapenos (V1 ID: 50449, DB ID: 68396)
2025-12-26 19:23:38,541 - DEBUG - Upserted modifier: Tomates (V1 ID: 50450, DB ID: 68398)
2025-12-26 19:23:38,968 - DEBUG - Upserted modifier: Poulet Mariné (V1 ID: 50451, DB ID: 68400)
2025-12-26 19:23:39,420 - DEBUG - Upserted modifier: Poulet Croustillant (V1 ID: 50452, DB ID: 68402)
2025-12-26 19:23:39,871 - DEBUG - Upserted modifier: Poulet Croustillant Buffalo (V1 ID: 50453, DB ID: 68404)
2025-12-26 19:23:40,305 - DEBUG - Upserted modifier: Bacon (V1 ID: 50454, DB ID: 68406)
2025-12-26 19:23:40,759 - DEBUG - Upserted modifier: Steak (V1 ID: 50455, DB ID: 68408)
2025-12-26 19:23:41,194 - DEBUG - Upserted modifier: Bœuf Hachée (V1 ID: 50456, DB ID: 68410)
2025-12-26 19:23:41,609 - DEBUG - Upserted modifier: Saucisse Italienne (V1 ID: 50457, DB ID: 68412)
2025-12-26 19:23:42,062 - DEBUG - Upserted modifier: Pancetta (V1 ID: 50458, DB ID: 68414)
2025-12-26 19:23:42,493 - DEBUG - Upserted modifier: Jambon (V1 ID: 50459, DB ID: 68416)
2025-12-26 19:23:42,914 - DEBUG - Upserted modifier: Viande Fumée (V1 ID: 50460, DB ID: 68418)
2025-12-26 19:23:43,354 - DEBUG - Upserted modifier: Donaire (V1 ID: 50461, DB ID: 68420)
2025-12-26 19:23:43,814 - DEBUG - Upserted modifier: Salami (V1 ID: 50462, DB ID: 68422)
2025-12-26 19:23:44,278 - DEBUG - Upserted modifier: Pepperoni (V1 ID: 50463, DB ID: 68424)
2025-12-26 19:23:44,738 - DEBUG - Upserted modifier: Curds Panée (V1 ID: 50464, DB ID: 68426)
2025-12-26 19:23:45,166 - DEBUG - Upserted modifier: Fromage Curd (V1 ID: 50465, DB ID: 68428)
2025-12-26 19:23:45,589 - DEBUG - Upserted modifier: Mozzarella (V1 ID: 50466, DB ID: 68430)
2025-12-26 19:23:46,020 - DEBUG - Upserted modifier: Fromage Végétalien (V1 ID: 50467, DB ID: 68432)
2025-12-26 19:23:46,457 - DEBUG - Upserted modifier: Sucre à la cannelle (V1 ID: 50474, DB ID: 68434)
2025-12-26 19:23:46,887 - DEBUG - Upserted modifier: Sucre Glaçage (V1 ID: 50475, DB ID: 68436)
2025-12-26 19:23:47,301 - DEBUG - Upserted modifier: Sucre Oreo (V1 ID: 50476, DB ID: 68438)
2025-12-26 19:23:47,771 - DEBUG - Upserted modifier: Sucre Reese (V1 ID: 50477, DB ID: 68440)
2025-12-26 19:23:48,198 - DEBUG - Upserted modifier: Sucre Froot Loops (V1 ID: 50478, DB ID: 68442)
2025-12-26 19:23:48,635 - DEBUG - Upserted modifier: Sucre noix de Coco (V1 ID: 50479, DB ID: 68444)
2025-12-26 19:23:49,050 - DEBUG - Upserted modifier: Sucre Épicée (V1 ID: 50486, DB ID: 68445)
2025-12-26 19:23:49,451 - DEBUG - Upserted modifier: Sucre Cacao (V1 ID: 50487, DB ID: 68447)
2025-12-26 19:23:49,911 - DEBUG - Modifier group already exists: Poutine- choose protein (meat) (ID: 195)
2025-12-26 19:23:50,192 - DEBUG - Upserted modifier: Oignon Rouge (V1 ID: 50441, DB ID: 68450)
2025-12-26 19:23:50,621 - DEBUG - Upserted modifier: Champignons (V1 ID: 50442, DB ID: 68452)
2025-12-26 19:23:51,065 - DEBUG - Upserted modifier: Piment Vert (V1 ID: 50443, DB ID: 68454)
2025-12-26 19:23:51,507 - DEBUG - Upserted modifier: Échalote (V1 ID: 50444, DB ID: 68456)
2025-12-26 19:23:51,935 - DEBUG - Upserted modifier: Olive Verte (V1 ID: 50445, DB ID: 68458)
2025-12-26 19:23:52,362 - DEBUG - Upserted modifier: Olive Noire (V1 ID: 50446, DB ID: 68460)
2025-12-26 19:23:52,794 - DEBUG - Upserted modifier: Cornichon (V1 ID: 50447, DB ID: 68462)
2025-12-26 19:23:53,224 - DEBUG - Upserted modifier: Piment Fort (V1 ID: 50448, DB ID: 68464)
2025-12-26 19:23:53,637 - DEBUG - Upserted modifier: Jalapenos (V1 ID: 50449, DB ID: 68466)
2025-12-26 19:23:54,078 - DEBUG - Upserted modifier: Tomates (V1 ID: 50450, DB ID: 68468)
2025-12-26 19:23:54,508 - DEBUG - Upserted modifier: Poulet Mariné (V1 ID: 50451, DB ID: 68470)
2025-12-26 19:23:54,924 - DEBUG - Upserted modifier: Poulet Croustillant (V1 ID: 50452, DB ID: 68471)
2025-12-26 19:23:55,347 - DEBUG - Upserted modifier: Poulet Croustillant Buffalo (V1 ID: 50453, DB ID: 68473)
2025-12-26 19:23:55,774 - DEBUG - Upserted modifier: Bacon (V1 ID: 50454, DB ID: 68474)
2025-12-26 19:23:56,212 - DEBUG - Upserted modifier: Steak (V1 ID: 50455, DB ID: 68476)
2025-12-26 19:23:56,648 - DEBUG - Upserted modifier: Bœuf Hachée (V1 ID: 50456, DB ID: 68478)
2025-12-26 19:23:57,097 - DEBUG - Upserted modifier: Saucisse Italienne (V1 ID: 50457, DB ID: 68479)
2025-12-26 19:23:57,488 - DEBUG - Upserted modifier: Pancetta (V1 ID: 50458, DB ID: 68481)
2025-12-26 19:23:57,898 - DEBUG - Upserted modifier: Jambon (V1 ID: 50459, DB ID: 68483)
2025-12-26 19:23:58,322 - DEBUG - Upserted modifier: Viande Fumée (V1 ID: 50460, DB ID: 68484)
2025-12-26 19:23:58,730 - DEBUG - Upserted modifier: Donaire (V1 ID: 50461, DB ID: 68486)
2025-12-26 19:23:59,147 - DEBUG - Upserted modifier: Salami (V1 ID: 50462, DB ID: 68487)
2025-12-26 19:23:59,579 - DEBUG - Upserted modifier: Pepperoni (V1 ID: 50463, DB ID: 68489)
2025-12-26 19:23:59,992 - DEBUG - Upserted modifier: Curds Panée (V1 ID: 50464, DB ID: 68491)
2025-12-26 19:24:00,405 - DEBUG - Upserted modifier: Fromage Curd (V1 ID: 50465, DB ID: 68492)
2025-12-26 19:24:00,815 - DEBUG - Upserted modifier: Mozzarella (V1 ID: 50466, DB ID: 68494)
2025-12-26 19:24:01,242 - DEBUG - Upserted modifier: Fromage Végétalien (V1 ID: 50467, DB ID: 68495)
2025-12-26 19:24:01,666 - DEBUG - Upserted modifier: Sucre à la cannelle (V1 ID: 50474, DB ID: 68497)
2025-12-26 19:24:02,071 - DEBUG - Upserted modifier: Sucre Glaçage (V1 ID: 50475, DB ID: 68498)
2025-12-26 19:24:02,486 - DEBUG - Upserted modifier: Sucre Oreo (V1 ID: 50476, DB ID: 68500)
2025-12-26 19:24:02,903 - DEBUG - Upserted modifier: Sucre Reese (V1 ID: 50477, DB ID: 68502)
2025-12-26 19:24:03,321 - DEBUG - Upserted modifier: Sucre Froot Loops (V1 ID: 50478, DB ID: 68503)
2025-12-26 19:24:03,735 - DEBUG - Upserted modifier: Sucre noix de Coco (V1 ID: 50479, DB ID: 68505)
2025-12-26 19:24:04,150 - DEBUG - Upserted modifier: Sucre Épicée (V1 ID: 50486, DB ID: 68506)
2025-12-26 19:24:04,572 - DEBUG - Upserted modifier: Sucre Cacao (V1 ID: 50487, DB ID: 68508)
2025-12-26 19:24:04,987 - DEBUG - Modifier group already exists: Poutine- choose cheese (ID: 196)
2025-12-26 19:24:05,255 - DEBUG - Upserted modifier: Oignon Rouge (V1 ID: 50441, DB ID: 68510)
2025-12-26 19:24:05,677 - DEBUG - Upserted modifier: Champignons (V1 ID: 50442, DB ID: 68511)
2025-12-26 19:24:06,106 - DEBUG - Upserted modifier: Piment Vert (V1 ID: 50443, DB ID: 68513)
2025-12-26 19:24:06,522 - DEBUG - Upserted modifier: Échalote (V1 ID: 50444, DB ID: 68515)
2025-12-26 19:24:06,918 - DEBUG - Upserted modifier: Olive Verte (V1 ID: 50445, DB ID: 68517)
2025-12-26 19:24:07,327 - DEBUG - Upserted modifier: Olive Noire (V1 ID: 50446, DB ID: 68519)
2025-12-26 19:24:07,746 - DEBUG - Upserted modifier: Cornichon (V1 ID: 50447, DB ID: 68521)
2025-12-26 19:24:08,180 - DEBUG - Upserted modifier: Piment Fort (V1 ID: 50448, DB ID: 68523)
2025-12-26 19:24:08,599 - DEBUG - Upserted modifier: Jalapenos (V1 ID: 50449, DB ID: 68525)
2025-12-26 19:24:09,003 - DEBUG - Upserted modifier: Tomates (V1 ID: 50450, DB ID: 68526)
2025-12-26 19:24:09,439 - DEBUG - Upserted modifier: Poulet Mariné (V1 ID: 50451, DB ID: 68528)
2025-12-26 19:24:09,897 - DEBUG - Upserted modifier: Poulet Croustillant (V1 ID: 50452, DB ID: 68530)
2025-12-26 19:24:10,310 - DEBUG - Upserted modifier: Poulet Croustillant Buffalo (V1 ID: 50453, DB ID: 68532)
2025-12-26 19:24:10,719 - DEBUG - Upserted modifier: Bacon (V1 ID: 50454, DB ID: 68534)
2025-12-26 19:24:11,126 - DEBUG - Upserted modifier: Steak (V1 ID: 50455, DB ID: 68536)
2025-12-26 19:24:11,553 - DEBUG - Upserted modifier: Bœuf Hachée (V1 ID: 50456, DB ID: 68538)
2025-12-26 19:24:11,960 - DEBUG - Upserted modifier: Saucisse Italienne (V1 ID: 50457, DB ID: 68540)
2025-12-26 19:24:12,364 - DEBUG - Upserted modifier: Pancetta (V1 ID: 50458, DB ID: 68542)
2025-12-26 19:24:12,792 - DEBUG - Upserted modifier: Jambon (V1 ID: 50459, DB ID: 68544)
2025-12-26 19:24:13,206 - DEBUG - Upserted modifier: Viande Fumée (V1 ID: 50460, DB ID: 68546)
2025-12-26 19:24:13,615 - DEBUG - Upserted modifier: Donaire (V1 ID: 50461, DB ID: 68548)
2025-12-26 19:24:14,046 - DEBUG - Upserted modifier: Salami (V1 ID: 50462, DB ID: 68550)
2025-12-26 19:24:14,446 - DEBUG - Upserted modifier: Pepperoni (V1 ID: 50463, DB ID: 68552)
2025-12-26 19:24:14,859 - DEBUG - Upserted modifier: Curds Panée (V1 ID: 50464, DB ID: 68554)
2025-12-26 19:24:15,298 - DEBUG - Upserted modifier: Fromage Curd (V1 ID: 50465, DB ID: 68556)
2025-12-26 19:24:15,713 - DEBUG - Upserted modifier: Mozzarella (V1 ID: 50466, DB ID: 68558)
2025-12-26 19:24:16,135 - DEBUG - Upserted modifier: Fromage Végétalien (V1 ID: 50467, DB ID: 68560)
2025-12-26 19:24:16,545 - DEBUG - Upserted modifier: Sucre à la cannelle (V1 ID: 50474, DB ID: 68562)
2025-12-26 19:24:16,945 - DEBUG - Upserted modifier: Sucre Glaçage (V1 ID: 50475, DB ID: 68564)
2025-12-26 19:24:17,353 - DEBUG - Upserted modifier: Sucre Oreo (V1 ID: 50476, DB ID: 68565)
2025-12-26 19:24:17,753 - DEBUG - Upserted modifier: Sucre Reese (V1 ID: 50477, DB ID: 68567)
2025-12-26 19:24:18,190 - DEBUG - Upserted modifier: Sucre Froot Loops (V1 ID: 50478, DB ID: 68569)
2025-12-26 19:24:18,609 - DEBUG - Upserted modifier: Sucre noix de Coco (V1 ID: 50479, DB ID: 68571)
2025-12-26 19:24:19,021 - DEBUG - Upserted modifier: Sucre Épicée (V1 ID: 50486, DB ID: 68572)
2025-12-26 19:24:19,438 - DEBUG - Upserted modifier: Sucre Cacao (V1 ID: 50487, DB ID: 68573)
2025-12-26 19:24:19,859 - DEBUG - Modifier group already exists: Poutine-extra cheese (ID: 198)
2025-12-26 19:24:20,129 - DEBUG - Upserted modifier: Fromage Extra (V1 ID: 50468, DB ID: 68574)
2025-12-26 19:24:20,684 - DEBUG - Upserted modifier: Sauce Extra (V1 ID: 50473, DB ID: 68575)
2025-12-26 19:24:21,223 - DEBUG - Modifier group already exists: Poutine- sauce selection (ID: 199)
2025-12-26 19:24:21,505 - DEBUG - Upserted modifier: Brune (V1 ID: 50469, DB ID: 68578)
2025-12-26 19:24:21,944 - DEBUG - Upserted modifier: BBQ (V1 ID: 50470, DB ID: 68580)
2025-12-26 19:24:22,371 - DEBUG - Upserted modifier: Sauce Blanche (V1 ID: 50471, DB ID: 68582)
2025-12-26 19:24:22,801 - DEBUG - Upserted modifier: Sauce Italienne à la Viande (V1 ID: 50472, DB ID: 68584)
2025-12-26 19:24:23,356 - DEBUG - Upserted modifier: Trempette Anniversaire (V1 ID: 50480, DB ID: 68587)
2025-12-26 19:24:23,780 - DEBUG - Upserted modifier: Trempettes au Caramel Salé (V1 ID: 50481, DB ID: 68589)
2025-12-26 19:24:24,200 - DEBUG - Upserted modifier: Trempettes Biscuit et Crème (V1 ID: 50482, DB ID: 68591)
2025-12-26 19:24:24,655 - DEBUG - Upserted modifier: Trempettes Chocolat Fudge (V1 ID: 50483, DB ID: 68593)
2025-12-26 19:24:25,108 - DEBUG - Upserted modifier: Trempette Glaçage Miel (V1 ID: 50484, DB ID: 68595)
2025-12-26 19:24:25,597 - DEBUG - Upserted modifier: Trempette au Fraise (V1 ID: 50485, DB ID: 68596)
2025-12-26 19:24:26,017 - DEBUG - Modifier group already exists: Poutine- extra sauce (ID: 201)
2025-12-26 19:24:26,549 - DEBUG - Upserted modifier: Fromage Extra (V1 ID: 50468, DB ID: 68597)
2025-12-26 19:24:27,552 - DEBUG - Upserted modifier: Sauce Extra (V1 ID: 50473, DB ID: 68598)
2025-12-26 19:24:28,614 - DEBUG - Modifier group already exists: Poutine- All toppings (ID: 202)
2025-12-26 19:24:29,193 - DEBUG - Upserted modifier: Oignon Rouge (V1 ID: 50441, DB ID: 68599)
2025-12-26 19:24:29,991 - DEBUG - Upserted modifier: Champignons (V1 ID: 50442, DB ID: 68601)
2025-12-26 19:24:49,445 - WARNING - Query failed (attempt 1): server closed the connection unexpectedly
	This probably means the server terminated abnormally
	before or while processing the request.
server closed the connection unexpectedly
	This probably means the server terminated abnormally
	before or while processing the request.

2025-12-26 19:24:49,445 - INFO - Retrying in 5 seconds...
2025-12-26 19:24:54,789 - INFO - Database connected (attempt 1)
2025-12-26 19:24:55,174 - DEBUG - Upserted modifier: Piment Vert (V1 ID: 50443, DB ID: 68610)
2025-12-26 19:24:55,599 - DEBUG - Upserted modifier: Échalote (V1 ID: 50444, DB ID: 68611)
2025-12-26 19:24:56,015 - DEBUG - Upserted modifier: Olive Verte (V1 ID: 50445, DB ID: 68613)
2025-12-26 19:24:56,422 - DEBUG - Upserted modifier: Olive Noire (V1 ID: 50446, DB ID: 68614)
2025-12-26 19:24:56,817 - DEBUG - Upserted modifier: Cornichon (V1 ID: 50447, DB ID: 68616)
2025-12-26 19:24:57,248 - DEBUG - Upserted modifier: Piment Fort (V1 ID: 50448, DB ID: 68618)
2025-12-26 19:24:57,671 - DEBUG - Upserted modifier: Jalapenos (V1 ID: 50449, DB ID: 68619)
2025-12-26 19:24:58,079 - DEBUG - Upserted modifier: Tomates (V1 ID: 50450, DB ID: 68621)
2025-12-26 19:24:58,487 - DEBUG - Upserted modifier: Poulet Mariné (V1 ID: 50451, DB ID: 68622)
2025-12-26 19:24:58,896 - DEBUG - Upserted modifier: Poulet Croustillant (V1 ID: 50452, DB ID: 68624)
2025-12-26 19:24:59,327 - DEBUG - Upserted modifier: Poulet Croustillant Buffalo (V1 ID: 50453, DB ID: 68626)
2025-12-26 19:24:59,746 - DEBUG - Upserted modifier: Bacon (V1 ID: 50454, DB ID: 68627)
2025-12-26 19:25:00,155 - DEBUG - Upserted modifier: Steak (V1 ID: 50455, DB ID: 68629)
2025-12-26 19:25:00,569 - DEBUG - Upserted modifier: Bœuf Hachée (V1 ID: 50456, DB ID: 68630)
2025-12-26 19:25:00,996 - DEBUG - Upserted modifier: Saucisse Italienne (V1 ID: 50457, DB ID: 68632)
2025-12-26 19:25:01,438 - DEBUG - Upserted modifier: Pancetta (V1 ID: 50458, DB ID: 68634)
2025-12-26 19:25:01,882 - DEBUG - Upserted modifier: Jambon (V1 ID: 50459, DB ID: 68636)
2025-12-26 19:25:02,448 - DEBUG - Upserted modifier: Viande Fumée (V1 ID: 50460, DB ID: 68637)
2025-12-26 19:25:02,892 - DEBUG - Upserted modifier: Donaire (V1 ID: 50461, DB ID: 68639)
2025-12-26 19:25:03,348 - DEBUG - Upserted modifier: Salami (V1 ID: 50462, DB ID: 68640)
2025-12-26 19:25:03,804 - DEBUG - Upserted modifier: Pepperoni (V1 ID: 50463, DB ID: 68642)
2025-12-26 19:25:04,291 - DEBUG - Upserted modifier: Curds Panée (V1 ID: 50464, DB ID: 68644)
2025-12-26 19:25:04,692 - DEBUG - Upserted modifier: Fromage Curd (V1 ID: 50465, DB ID: 68645)
2025-12-26 19:25:05,105 - DEBUG - Upserted modifier: Mozzarella (V1 ID: 50466, DB ID: 68647)
2025-12-26 19:25:05,565 - DEBUG - Upserted modifier: Fromage Végétalien (V1 ID: 50467, DB ID: 68648)
2025-12-26 19:25:05,980 - DEBUG - Upserted modifier: Sucre à la cannelle (V1 ID: 50474, DB ID: 68650)
2025-12-26 19:25:06,400 - DEBUG - Upserted modifier: Sucre Glaçage (V1 ID: 50475, DB ID: 68652)
2025-12-26 19:25:06,826 - DEBUG - Upserted modifier: Sucre Oreo (V1 ID: 50476, DB ID: 68653)
2025-12-26 19:25:07,261 - DEBUG - Upserted modifier: Sucre Reese (V1 ID: 50477, DB ID: 68655)
2025-12-26 19:25:07,674 - DEBUG - Upserted modifier: Sucre Froot Loops (V1 ID: 50478, DB ID: 68656)
2025-12-26 19:25:08,103 - DEBUG - Upserted modifier: Sucre noix de Coco (V1 ID: 50479, DB ID: 68658)
2025-12-26 19:25:08,540 - DEBUG - Upserted modifier: Sucre Épicée (V1 ID: 50486, DB ID: 68660)
2025-12-26 19:25:08,959 - DEBUG - Upserted modifier: Sucre Cacao (V1 ID: 50487, DB ID: 68661)
2025-12-26 19:25:09,369 - DEBUG - Modifier group already exists: Mini Donuts Flavours (ID: 204)
2025-12-26 19:25:09,662 - DEBUG - Upserted modifier: Oignon Rouge (V1 ID: 50441, DB ID: 68663)
2025-12-26 19:25:10,078 - DEBUG - Upserted modifier: Champignons (V1 ID: 50442, DB ID: 68665)
2025-12-26 19:25:10,518 - DEBUG - Upserted modifier: Piment Vert (V1 ID: 50443, DB ID: 68666)
2025-12-26 19:25:10,940 - DEBUG - Upserted modifier: Échalote (V1 ID: 50444, DB ID: 68668)
2025-12-26 19:25:11,362 - DEBUG - Upserted modifier: Olive Verte (V1 ID: 50445, DB ID: 68670)
2025-12-26 19:25:11,782 - DEBUG - Upserted modifier: Olive Noire (V1 ID: 50446, DB ID: 68671)
2025-12-26 19:25:12,188 - DEBUG - Upserted modifier: Cornichon (V1 ID: 50447, DB ID: 68673)
2025-12-26 19:25:12,624 - DEBUG - Upserted modifier: Piment Fort (V1 ID: 50448, DB ID: 68674)
2025-12-26 19:25:13,056 - DEBUG - Upserted modifier: Jalapenos (V1 ID: 50449, DB ID: 68676)
2025-12-26 19:25:13,456 - DEBUG - Upserted modifier: Tomates (V1 ID: 50450, DB ID: 68678)
2025-12-26 19:25:13,898 - DEBUG - Upserted modifier: Poulet Mariné (V1 ID: 50451, DB ID: 68679)
2025-12-26 19:25:14,310 - DEBUG - Upserted modifier: Poulet Croustillant (V1 ID: 50452, DB ID: 68681)
2025-12-26 19:25:14,722 - DEBUG - Upserted modifier: Poulet Croustillant Buffalo (V1 ID: 50453, DB ID: 68682)
2025-12-26 19:25:15,157 - DEBUG - Upserted modifier: Bacon (V1 ID: 50454, DB ID: 68685)
2025-12-26 19:25:15,558 - DEBUG - Upserted modifier: Steak (V1 ID: 50455, DB ID: 68686)
2025-12-26 19:25:15,989 - DEBUG - Upserted modifier: Bœuf Hachée (V1 ID: 50456, DB ID: 68688)
2025-12-26 19:25:16,400 - DEBUG - Upserted modifier: Saucisse Italienne (V1 ID: 50457, DB ID: 68689)
2025-12-26 19:25:16,816 - DEBUG - Upserted modifier: Pancetta (V1 ID: 50458, DB ID: 68691)
2025-12-26 19:25:17,227 - DEBUG - Upserted modifier: Jambon (V1 ID: 50459, DB ID: 68693)
2025-12-26 19:25:17,633 - DEBUG - Upserted modifier: Viande Fumée (V1 ID: 50460, DB ID: 68694)
2025-12-26 19:25:18,047 - DEBUG - Upserted modifier: Donaire (V1 ID: 50461, DB ID: 68696)
2025-12-26 19:25:18,486 - DEBUG - Upserted modifier: Salami (V1 ID: 50462, DB ID: 68697)
2025-12-26 19:25:18,916 - DEBUG - Upserted modifier: Pepperoni (V1 ID: 50463, DB ID: 68699)
2025-12-26 19:25:19,346 - DEBUG - Upserted modifier: Curds Panée (V1 ID: 50464, DB ID: 68701)
2025-12-26 19:25:19,781 - DEBUG - Upserted modifier: Fromage Curd (V1 ID: 50465, DB ID: 68702)
2025-12-26 19:25:20,195 - DEBUG - Upserted modifier: Mozzarella (V1 ID: 50466, DB ID: 68704)
2025-12-26 19:25:20,618 - DEBUG - Upserted modifier: Fromage Végétalien (V1 ID: 50467, DB ID: 68705)
2025-12-26 19:25:21,025 - DEBUG - Upserted modifier: Sucre à la cannelle (V1 ID: 50474, DB ID: 68707)
2025-12-26 19:25:21,474 - DEBUG - Upserted modifier: Sucre Glaçage (V1 ID: 50475, DB ID: 68709)
2025-12-26 19:25:21,898 - DEBUG - Upserted modifier: Sucre Oreo (V1 ID: 50476, DB ID: 68710)
2025-12-26 19:25:22,303 - DEBUG - Upserted modifier: Sucre Reese (V1 ID: 50477, DB ID: 68712)
2025-12-26 19:25:22,712 - DEBUG - Upserted modifier: Sucre Froot Loops (V1 ID: 50478, DB ID: 68713)
2025-12-26 19:25:23,136 - DEBUG - Upserted modifier: Sucre noix de Coco (V1 ID: 50479, DB ID: 68715)
2025-12-26 19:25:23,552 - DEBUG - Upserted modifier: Sucre Épicée (V1 ID: 50486, DB ID: 68717)
2025-12-26 19:25:23,971 - DEBUG - Upserted modifier: Sucre Cacao (V1 ID: 50487, DB ID: 68718)
2025-12-26 19:25:24,371 - DEBUG - Modifier group already exists: Mini Donuts Dips (ID: 206)
2025-12-26 19:25:24,636 - DEBUG - Upserted modifier: Brune (V1 ID: 50469, DB ID: 68720)
2025-12-26 19:25:25,063 - DEBUG - Upserted modifier: BBQ (V1 ID: 50470, DB ID: 68722)
2025-12-26 19:25:25,483 - DEBUG - Upserted modifier: Sauce Blanche (V1 ID: 50471, DB ID: 68723)
2025-12-26 19:25:25,903 - DEBUG - Upserted modifier: Sauce Italienne à la Viande (V1 ID: 50472, DB ID: 68725)
2025-12-26 19:25:26,478 - DEBUG - Upserted modifier: Trempette Anniversaire (V1 ID: 50480, DB ID: 68727)
2025-12-26 19:25:26,887 - DEBUG - Upserted modifier: Trempettes au Caramel Salé (V1 ID: 50481, DB ID: 68728)
2025-12-26 19:25:27,293 - DEBUG - Upserted modifier: Trempettes Biscuit et Crème (V1 ID: 50482, DB ID: 68730)
2025-12-26 19:25:27,706 - DEBUG - Upserted modifier: Trempettes Chocolat Fudge (V1 ID: 50483, DB ID: 68731)
2025-12-26 19:25:28,120 - DEBUG - Upserted modifier: Trempette Glaçage Miel (V1 ID: 50484, DB ID: 68733)
2025-12-26 19:25:28,542 - DEBUG - Upserted modifier: Trempette au Fraise (V1 ID: 50485, DB ID: 68735)
2025-12-26 19:25:28,953 - DEBUG - Modifier group already exists: Mini Churros Flavours (ID: 208)
2025-12-26 19:25:29,230 - DEBUG - Upserted modifier: Oignon Rouge (V1 ID: 50441, DB ID: 68738)
2025-12-26 19:25:29,684 - DEBUG - Upserted modifier: Champignons (V1 ID: 50442, DB ID: 68740)
2025-12-26 19:25:30,116 - DEBUG - Upserted modifier: Piment Vert (V1 ID: 50443, DB ID: 68742)
2025-12-26 19:25:30,768 - DEBUG - Upserted modifier: Échalote (V1 ID: 50444, DB ID: 68743)
2025-12-26 19:25:31,383 - DEBUG - Upserted modifier: Olive Verte (V1 ID: 50445, DB ID: 68746)
2025-12-26 19:25:32,205 - DEBUG - Upserted modifier: Olive Noire (V1 ID: 50446, DB ID: 68747)
2025-12-26 19:25:33,028 - DEBUG - Upserted modifier: Cornichon (V1 ID: 50447, DB ID: 68749)
2025-12-26 19:25:33,776 - DEBUG - Upserted modifier: Piment Fort (V1 ID: 50448, DB ID: 68752)
2025-12-26 19:25:34,575 - DEBUG - Upserted modifier: Jalapenos (V1 ID: 50449, DB ID: 68753)
2025-12-26 19:25:35,009 - DEBUG - Upserted modifier: Tomates (V1 ID: 50450, DB ID: 68755)
2025-12-26 19:25:35,434 - DEBUG - Upserted modifier: Poulet Mariné (V1 ID: 50451, DB ID: 68757)
2025-12-26 19:25:35,853 - DEBUG - Upserted modifier: Poulet Croustillant (V1 ID: 50452, DB ID: 68758)
2025-12-26 19:25:36,257 - DEBUG - Upserted modifier: Poulet Croustillant Buffalo (V1 ID: 50453, DB ID: 68760)
2025-12-26 19:25:36,680 - DEBUG - Upserted modifier: Bacon (V1 ID: 50454, DB ID: 68762)
2025-12-26 19:25:37,103 - DEBUG - Upserted modifier: Steak (V1 ID: 50455, DB ID: 68764)
2025-12-26 19:25:37,516 - DEBUG - Upserted modifier: Bœuf Hachée (V1 ID: 50456, DB ID: 68766)
2025-12-26 19:25:37,929 - DEBUG - Upserted modifier: Saucisse Italienne (V1 ID: 50457, DB ID: 68767)
2025-12-26 19:25:38,335 - DEBUG - Upserted modifier: Pancetta (V1 ID: 50458, DB ID: 68769)
2025-12-26 19:25:38,758 - DEBUG - Upserted modifier: Jambon (V1 ID: 50459, DB ID: 68770)
2025-12-26 19:25:39,205 - DEBUG - Upserted modifier: Viande Fumée (V1 ID: 50460, DB ID: 68772)
2025-12-26 19:25:39,631 - DEBUG - Upserted modifier: Donaire (V1 ID: 50461, DB ID: 68774)
2025-12-26 19:25:40,043 - DEBUG - Upserted modifier: Salami (V1 ID: 50462, DB ID: 68775)
2025-12-26 19:25:40,444 - DEBUG - Upserted modifier: Pepperoni (V1 ID: 50463, DB ID: 68777)
2025-12-26 19:25:40,855 - DEBUG - Upserted modifier: Curds Panée (V1 ID: 50464, DB ID: 68778)
2025-12-26 19:25:41,277 - DEBUG - Upserted modifier: Fromage Curd (V1 ID: 50465, DB ID: 68780)
2025-12-26 19:25:41,685 - DEBUG - Upserted modifier: Mozzarella (V1 ID: 50466, DB ID: 68782)
2025-12-26 19:25:42,091 - DEBUG - Upserted modifier: Fromage Végétalien (V1 ID: 50467, DB ID: 68783)
2025-12-26 19:25:42,491 - DEBUG - Upserted modifier: Sucre à la cannelle (V1 ID: 50474, DB ID: 68785)
2025-12-26 19:25:42,910 - DEBUG - Upserted modifier: Sucre Glaçage (V1 ID: 50475, DB ID: 68786)
2025-12-26 19:25:43,327 - DEBUG - Upserted modifier: Sucre Oreo (V1 ID: 50476, DB ID: 68788)
2025-12-26 19:25:43,728 - DEBUG - Upserted modifier: Sucre Reese (V1 ID: 50477, DB ID: 68790)
2025-12-26 19:25:44,154 - DEBUG - Upserted modifier: Sucre Froot Loops (V1 ID: 50478, DB ID: 68791)
2025-12-26 19:25:44,581 - DEBUG - Upserted modifier: Sucre noix de Coco (V1 ID: 50479, DB ID: 68793)
2025-12-26 19:25:44,996 - DEBUG - Upserted modifier: Sucre Épicée (V1 ID: 50486, DB ID: 68794)
2025-12-26 19:25:45,413 - DEBUG - Upserted modifier: Sucre Cacao (V1 ID: 50487, DB ID: 68796)
2025-12-26 19:25:45,817 - DEBUG - Modifier group already exists: Mini Churros Dips (ID: 211)
2025-12-26 19:25:46,091 - DEBUG - Upserted modifier: Brune (V1 ID: 50469, DB ID: 68798)
2025-12-26 19:25:46,532 - DEBUG - Upserted modifier: BBQ (V1 ID: 50470, DB ID: 68800)
2025-12-26 19:25:46,955 - DEBUG - Upserted modifier: Sauce Blanche (V1 ID: 50471, DB ID: 68801)
2025-12-26 19:25:47,383 - DEBUG - Upserted modifier: Sauce Italienne à la Viande (V1 ID: 50472, DB ID: 68803)
2025-12-26 19:25:47,944 - DEBUG - Upserted modifier: Trempette Anniversaire (V1 ID: 50480, DB ID: 68805)
2025-12-26 19:25:48,362 - DEBUG - Upserted modifier: Trempettes au Caramel Salé (V1 ID: 50481, DB ID: 68806)
2025-12-26 19:25:48,783 - DEBUG - Upserted modifier: Trempettes Biscuit et Crème (V1 ID: 50482, DB ID: 68808)
2025-12-26 19:25:49,189 - DEBUG - Upserted modifier: Trempettes Chocolat Fudge (V1 ID: 50483, DB ID: 68809)
2025-12-26 19:25:49,607 - DEBUG - Upserted modifier: Trempette Glaçage Miel (V1 ID: 50484, DB ID: 68811)
2025-12-26 19:25:50,014 - DEBUG - Upserted modifier: Trempette au Fraise (V1 ID: 50485, DB ID: 68813)
2025-12-26 19:25:50,428 - DEBUG - Modifier group already exists: Drinks (ID: 213)
2025-12-26 19:25:50,705 - DEBUG - Upserted modifier: Pepsi (V1 ID: 52183, DB ID: 68815)
2025-12-26 19:25:51,139 - DEBUG - Upserted modifier: Pepsi Diet (V1 ID: 52184, DB ID: 68817)
2025-12-26 19:25:51,548 - DEBUG - Upserted modifier: 7Up (V1 ID: 52185, DB ID: 68819)
2025-12-26 19:25:51,946 - DEBUG - Upserted modifier: Ginger Ale (V1 ID: 52186, DB ID: 68821)
2025-12-26 19:25:52,383 - DEBUG - Upserted modifier: Crush à l’orange (V1 ID: 52187, DB ID: 68823)
2025-12-26 19:25:52,827 - DEBUG - Upserted modifier: Crush au raisin (V1 ID: 52188, DB ID: 68825)
2025-12-26 19:25:53,245 - DEBUG - Upserted modifier: Crème soda (V1 ID: 52189, DB ID: 68827)
2025-12-26 19:25:53,651 - DEBUG - Upserted modifier: Root Beer (V1 ID: 52190, DB ID: 68829)
2025-12-26 19:25:54,058 - DEBUG - Upserted modifier: Dr.Pepper (V1 ID: 52191, DB ID: 68830)
2025-12-26 19:25:54,496 - DEBUG - Upserted modifier: Thé Glacé (V1 ID: 52192, DB ID: 68832)
2025-12-26 19:25:54,912 - DEBUG - Upserted modifier: Mountain Dew (V1 ID: 52193, DB ID: 68834)
2025-12-26 19:25:55,362 - DEBUG - Upserted modifier: Mountain Dew Voltage (V1 ID: 52194, DB ID: 68836)
2025-12-26 19:25:55,776 - DEBUG - Modifier group already exists: Small Poutine Selection (ID: 215)
2025-12-26 19:25:56,050 - DEBUG - Upserted modifier: Poutine Classique (V1 ID: 52250, DB ID: 68839)
2025-12-26 19:25:56,475 - DEBUG - Upserted modifier: Poutine Buffalo (V1 ID: 52251, DB ID: 68841)
2025-12-26 19:25:56,902 - DEBUG - Upserted modifier: Poutine Poulet Thai (V1 ID: 52252, DB ID: 68843)
2025-12-26 19:25:57,303 - DEBUG - Upserted modifier: La Gatinoise (V1 ID: 52253, DB ID: 68845)
2025-12-26 19:25:57,721 - DEBUG - Upserted modifier: Poutine des Amateurs de Viande (V1 ID: 52254, DB ID: 68846)
2025-12-26 19:25:58,137 - DEBUG - Upserted modifier: Poutine de Steak au Fromage Philly (V1 ID: 52255, DB ID: 68848)
2025-12-26 19:25:58,547 - DEBUG - Upserted modifier: Poutine Pop Curds (V1 ID: 52256, DB ID: 68850)
2025-12-26 19:25:58,959 - DEBUG - Upserted modifier: Poutine au Poulet Croustillant (V1 ID: 52257, DB ID: 68852)
2025-12-26 19:25:59,376 - DEBUG - Upserted modifier: Poutine au Bacon (V1 ID: 52258, DB ID: 68854)
2025-12-26 19:25:59,782 - DEBUG - Upserted modifier: Poutine La Club (V1 ID: 52259, DB ID: 68855)
2025-12-26 19:26:00,201 - DEBUG - Upserted modifier: Poutine Végétarienne (V1 ID: 52260, DB ID: 68858)
2025-12-26 19:26:00,623 - DEBUG - Upserted modifier: Poutine de Viande Fumée (V1 ID: 52261, DB ID: 68860)
2025-12-26 19:26:01,051 - DEBUG - Upserted modifier: Poutine Épicé (V1 ID: 52262, DB ID: 68862)
2025-12-26 19:26:01,475 - DEBUG - Upserted modifier: Poutine Donaire (V1 ID: 52263, DB ID: 68863)
2025-12-26 19:26:01,747 - INFO -   Done: 14 groups, 273 modifiers, 280 prices
2025-12-26 19:26:01,747 - INFO - ----------------------------------------
2025-12-26 19:26:01,748 - INFO - [3/4] Processing: Roulas Grecque et Pizza (V3: 1016, V1: 173)
2025-12-26 19:26:01,748 - INFO - Navigating to modifier groups page: https://menuadmin.menu.ca/?p=restaurants&display=editRestaurant&restaurant=173&load=ingredientGroups&showLang=fr
2025-12-26 19:26:02,666 - DEBUG - Expanding all modifier group divs...
2025-12-26 19:26:03,183 - DEBUG - Group 1266: 3 active modifiers
2025-12-26 19:26:03,183 - DEBUG - Group 1280: 30 active modifiers
2025-12-26 19:26:03,183 - DEBUG - Group 1281: 26 active modifiers
2025-12-26 19:26:03,183 - DEBUG - Group 1282: 4 active modifiers
2025-12-26 19:26:03,183 - DEBUG - Group 1283: 3 active modifiers
2025-12-26 19:26:03,183 - DEBUG - Group 1284: 1 active modifiers
2025-12-26 19:26:03,183 - DEBUG - Group 1285: 2 active modifiers
2025-12-26 19:26:03,183 - DEBUG - Group 1286: 4 active modifiers
2025-12-26 19:26:03,183 - DEBUG - Group 2573: 1 active modifiers
2025-12-26 19:26:03,183 - DEBUG - Group 2575: 4 active modifiers
2025-12-26 19:26:03,183 - DEBUG - Group 6880: 3 active modifiers
2025-12-26 19:26:03,183 - DEBUG - Group 8702: 4 active modifiers
2025-12-26 19:26:03,183 - DEBUG - Group 8703: 4 active modifiers
2025-12-26 19:26:03,207 - INFO - Processing modifier group: Poutines Sauces Frech (ID: 1266)
2025-12-26 19:26:03,315 - INFO -   Found 11 modifiers (3 active, 8 inactive)
2025-12-26 19:26:03,318 - INFO - Processing modifier group: Pizza Toppings FR (ID: 1280)
2025-12-26 19:26:03,509 - INFO -   Found 31 modifiers (30 active, 1 inactive)
2025-12-26 19:26:03,513 - INFO - Processing modifier group: Pizza Toppings without Premium FR (ID: 1281)
2025-12-26 19:26:03,721 - INFO -   Found 31 modifiers (26 active, 5 inactive)
2025-12-26 19:26:03,725 - INFO - Processing modifier group: Premium Toppings FR (ID: 1282)
2025-12-26 19:26:04,015 - INFO -   Found 31 modifiers (4 active, 27 inactive)
2025-12-26 19:26:04,018 - INFO - Processing modifier group: Crust Type FR (ID: 1283)
2025-12-26 19:26:04,043 - INFO -   Found 3 modifiers (3 active, 0 inactive)
2025-12-26 19:26:04,047 - INFO - Processing modifier group: Pizza Dips FR (ID: 1284)
2025-12-26 19:26:04,155 - INFO -   Found 11 modifiers (1 active, 10 inactive)
2025-12-26 19:26:04,159 - INFO - Processing modifier group: Salad Dressings (ID: 1285)
2025-12-26 19:26:04,178 - INFO -   Found 2 modifiers (2 active, 0 inactive)
2025-12-26 19:26:04,183 - INFO - Processing modifier group: Drinks FR (ID: 1286)
2025-12-26 19:26:04,304 - INFO -   Found 12 modifiers (1 active, 11 inactive)
2025-12-26 19:26:04,308 - INFO - Processing modifier group: Extra Brochette (ID: 2573)
2025-12-26 19:26:04,341 - INFO -   Found 3 modifiers (1 active, 2 inactive)
2025-12-26 19:26:04,345 - INFO - Processing modifier group: Trio side dish (ID: 2575)
2025-12-26 19:26:04,385 - INFO -   Found 5 modifiers (4 active, 1 inactive)
2025-12-26 19:26:04,389 - INFO - Processing modifier group: Wings Sauces (ID: 6880)
2025-12-26 19:26:04,497 - INFO -   Found 11 modifiers (3 active, 8 inactive)
2025-12-26 19:26:04,501 - INFO - Processing modifier group: Drinks Can (ID: 8702)
2025-12-26 19:26:04,620 - INFO -   Found 12 modifiers (4 active, 8 inactive)
2025-12-26 19:26:04,625 - INFO - Processing modifier group: Drinks 2L (ID: 8703)
2025-12-26 19:26:04,745 - INFO -   Found 12 modifiers (4 active, 8 inactive)
2025-12-26 19:26:04,745 - INFO - Total modifier groups extracted: 13
2025-12-26 19:26:04,893 - DEBUG - Modifier group already exists: Poutines Sauces Frech (ID: 218)
2025-12-26 19:26:05,175 - DEBUG - Upserted modifier: Maison (V1 ID: 6031, DB ID: 68872)
2025-12-26 19:26:05,586 - DEBUG - Upserted modifier: Brune (V1 ID: 6032, DB ID: 68873)
2025-12-26 19:26:06,002 - DEBUG - Upserted modifier: Blanche (V1 ID: 6033, DB ID: 68875)
2025-12-26 19:26:06,405 - DEBUG - Upserted modifier: Ail (V1 ID: 45972, DB ID: 68877)
2025-12-26 19:26:06,844 - DEBUG - Upserted modifier: Cheddar Chipotle (V1 ID: 45973, DB ID: 68879)
2025-12-26 19:26:07,248 - DEBUG - Upserted modifier: Ranch (V1 ID: 37593, DB ID: 68881)
2025-12-26 19:26:07,657 - DEBUG - Upserted modifier: Ail (V1 ID: 6130, DB ID: 68883)
2025-12-26 19:26:08,078 - DEBUG - Upserted modifier: Forte (V1 ID: 30963, DB ID: 68885)
2025-12-26 19:26:08,522 - DEBUG - Upserted modifier: Cheddar Chipotle (V1 ID: 6132, DB ID: 68887)
2025-12-26 19:26:08,964 - DEBUG - Upserted modifier: BBQ (V1 ID: 30964, DB ID: 68889)
2025-12-26 19:26:09,404 - DEBUG - Upserted modifier: Miel et Ail (V1 ID: 30965, DB ID: 68891)
2025-12-26 19:26:09,817 - DEBUG - Modifier group already exists: Pizza Toppings FR (ID: 220)
2025-12-26 19:26:10,090 - DEBUG - Upserted modifier: Jambon (V1 ID: 6096, DB ID: 68893)
2025-12-26 19:26:10,930 - DEBUG - Upserted modifier: Ananas (V1 ID: 6097, DB ID: 68896)
2025-12-26 19:26:11,773 - DEBUG - Upserted modifier: Pepperoni (V1 ID: 6098, DB ID: 68899)
2025-12-26 19:26:12,595 - DEBUG - Upserted modifier: Champignon (V1 ID: 6099, DB ID: 68902)
2025-12-26 19:26:13,415 - DEBUG - Upserted modifier: Poivron Vert (V1 ID: 6100, DB ID: 68905)
2025-12-26 19:26:14,225 - DEBUG - Upserted modifier: Sauce a l'ail (V1 ID: 6101, DB ID: 68908)
2025-12-26 19:26:15,046 - DEBUG - Upserted modifier: Donair au Boeuf (V1 ID: 6102, DB ID: 68911)
2025-12-26 19:26:15,894 - DEBUG - Upserted modifier: Onion Rouge (V1 ID: 6103, DB ID: 68914)
2025-12-26 19:26:16,735 - DEBUG - Upserted modifier: Tomate (V1 ID: 6104, DB ID: 68916)
2025-12-26 19:26:17,563 - DEBUG - Upserted modifier: Bacon (V1 ID: 6106, DB ID: 68918)
2025-12-26 19:26:18,413 - DEBUG - Upserted modifier: Poulet (V1 ID: 6107, DB ID: 68920)
2025-12-26 19:26:19,239 - DEBUG - Upserted modifier: Saucisse Italienne (V1 ID: 6108, DB ID: 68922)
2025-12-26 19:26:20,098 - DEBUG - Upserted modifier: Sauce BBQ (V1 ID: 6109, DB ID: 68925)
2025-12-26 19:26:20,904 - DEBUG - Upserted modifier: Poivron Rouge (V1 ID: 6110, DB ID: 68927)
2025-12-26 19:26:21,729 - DEBUG - Upserted modifier: Ail (V1 ID: 6112, DB ID: 68929)
2025-12-26 19:26:22,576 - DEBUG - Upserted modifier: Oignon Vert (V1 ID: 6113, DB ID: 68931)
2025-12-26 19:26:23,416 - DEBUG - Upserted modifier: Sauce au Pesto (V1 ID: 6114, DB ID: 68933)
2025-12-26 19:26:24,240 - DEBUG - Upserted modifier: Olives Noires (V1 ID: 6116, DB ID: 68936)
2025-12-26 19:26:25,079 - DEBUG - Upserted modifier: Saucisse Libanaise Épicée (V1 ID: 6117, DB ID: 68938)
2025-12-26 19:26:25,905 - DEBUG - Upserted modifier: Olives Vert (V1 ID: 6118, DB ID: 68940)
2025-12-26 19:26:26,789 - DEBUG - Upserted modifier: Piment Jalapeno (V1 ID: 6119, DB ID: 68942)
2025-12-26 19:26:27,646 - DEBUG - Upserted modifier: Courgette Grillée (V1 ID: 6120, DB ID: 68944)
2025-12-26 19:26:28,471 - DEBUG - Upserted modifier: Brocoli (V1 ID: 6121, DB ID: 68946)
2025-12-26 19:26:29,323 - DEBUG - Upserted modifier: Tomate Séchée (V1 ID: 6122, DB ID: 68949)
2025-12-26 19:26:30,171 - DEBUG - Upserted modifier: Anchois (V1 ID: 6123, DB ID: 68951)
2025-12-26 19:26:31,014 - DEBUG - Upserted modifier: Salami (V1 ID: 6124, DB ID: 68953)
2025-12-26 19:26:31,865 - DEBUG - Upserted modifier: Fromage Supplémentaire (V1 ID: 6125, DB ID: 68956)
2025-12-26 19:26:32,709 - DEBUG - Upserted modifier: Fromage (V1 ID: 6095, DB ID: 68958)
2025-12-26 19:26:33,532 - DEBUG - Upserted modifier: Parmesan (V1 ID: 6111, DB ID: 68960)
2025-12-26 19:26:34,372 - DEBUG - Upserted modifier: Feta (V1 ID: 6115, DB ID: 68962)
2025-12-26 19:26:35,241 - DEBUG - Upserted modifier: Trois Fromages (V1 ID: 6126, DB ID: 68964)
2025-12-26 19:26:36,088 - DEBUG - Modifier group already exists: Pizza Toppings without Premium FR (ID: 224)
2025-12-26 19:26:36,355 - DEBUG - Upserted modifier: Jambon (V1 ID: 6096, DB ID: 68967)
2025-12-26 19:26:37,171 - DEBUG - Upserted modifier: Ananas (V1 ID: 6097, DB ID: 68969)
2025-12-26 19:26:38,005 - DEBUG - Upserted modifier: Pepperoni (V1 ID: 6098, DB ID: 68971)
2025-12-26 19:26:38,821 - DEBUG - Upserted modifier: Champignon (V1 ID: 6099, DB ID: 68974)
2025-12-26 19:26:39,681 - DEBUG - Upserted modifier: Poivron Vert (V1 ID: 6100, DB ID: 68976)
2025-12-26 19:26:40,504 - DEBUG - Upserted modifier: Sauce a l'ail (V1 ID: 6101, DB ID: 68978)
2025-12-26 19:26:41,318 - DEBUG - Upserted modifier: Donair au Boeuf (V1 ID: 6102, DB ID: 68980)
2025-12-26 19:26:42,158 - DEBUG - Upserted modifier: Onion Rouge (V1 ID: 6103, DB ID: 68983)
2025-12-26 19:26:42,970 - DEBUG - Upserted modifier: Tomate (V1 ID: 6104, DB ID: 68985)
2025-12-26 19:26:43,805 - DEBUG - Upserted modifier: Bacon (V1 ID: 6106, DB ID: 68987)
2025-12-26 19:26:44,634 - DEBUG - Upserted modifier: Poulet (V1 ID: 6107, DB ID: 68989)
2025-12-26 19:26:45,467 - DEBUG - Upserted modifier: Saucisse Italienne (V1 ID: 6108, DB ID: 68992)
2025-12-26 19:26:46,318 - DEBUG - Upserted modifier: Sauce BBQ (V1 ID: 6109, DB ID: 68994)
2025-12-26 19:26:47,159 - DEBUG - Upserted modifier: Poivron Rouge (V1 ID: 6110, DB ID: 68996)
2025-12-26 19:26:48,000 - DEBUG - Upserted modifier: Ail (V1 ID: 6112, DB ID: 68998)
2025-12-26 19:26:48,831 - DEBUG - Upserted modifier: Oignon Vert (V1 ID: 6113, DB ID: 69000)
2025-12-26 19:26:49,671 - DEBUG - Upserted modifier: Sauce au Pesto (V1 ID: 6114, DB ID: 69003)
2025-12-26 19:26:50,520 - DEBUG - Upserted modifier: Olives Noires (V1 ID: 6116, DB ID: 69005)
2025-12-26 19:26:51,363 - DEBUG - Upserted modifier: Saucisse Libanaise Épicée (V1 ID: 6117, DB ID: 69007)
2025-12-26 19:26:52,195 - DEBUG - Upserted modifier: Olives Vert (V1 ID: 6118, DB ID: 69009)
2025-12-26 19:26:53,037 - DEBUG - Upserted modifier: Piment Jalapeno (V1 ID: 6119, DB ID: 69011)
2025-12-26 19:26:53,881 - DEBUG - Upserted modifier: Courgette Grillée (V1 ID: 6120, DB ID: 69014)
2025-12-26 19:26:54,733 - DEBUG - Upserted modifier: Brocoli (V1 ID: 6121, DB ID: 69016)
2025-12-26 19:26:55,551 - DEBUG - Upserted modifier: Tomate Séchée (V1 ID: 6122, DB ID: 69018)
2025-12-26 19:26:56,376 - DEBUG - Upserted modifier: Anchois (V1 ID: 6123, DB ID: 69021)
2025-12-26 19:26:57,222 - DEBUG - Upserted modifier: Salami (V1 ID: 6124, DB ID: 69025)
2025-12-26 19:26:58,075 - DEBUG - Upserted modifier: Fromage Supplémentaire (V1 ID: 6125, DB ID: 69028)
2025-12-26 19:26:58,892 - DEBUG - Upserted modifier: Fromage (V1 ID: 6095, DB ID: 69031)
2025-12-26 19:26:59,751 - DEBUG - Upserted modifier: Parmesan (V1 ID: 6111, DB ID: 69033)
2025-12-26 19:27:00,583 - DEBUG - Upserted modifier: Feta (V1 ID: 6115, DB ID: 69036)
2025-12-26 19:27:01,401 - DEBUG - Upserted modifier: Trois Fromages (V1 ID: 6126, DB ID: 69039)
2025-12-26 19:27:02,224 - DEBUG - Modifier group already exists: Premium Toppings FR (ID: 228)
2025-12-26 19:27:02,514 - DEBUG - Upserted modifier: Jambon (V1 ID: 6096, DB ID: 69042)
2025-12-26 19:27:03,353 - DEBUG - Upserted modifier: Ananas (V1 ID: 6097, DB ID: 69045)
2025-12-26 19:27:04,180 - DEBUG - Upserted modifier: Pepperoni (V1 ID: 6098, DB ID: 69047)
2025-12-26 19:27:05,053 - DEBUG - Upserted modifier: Champignon (V1 ID: 6099, DB ID: 69048)
2025-12-26 19:27:05,891 - DEBUG - Upserted modifier: Poivron Vert (V1 ID: 6100, DB ID: 69049)
2025-12-26 19:27:06,735 - DEBUG - Upserted modifier: Sauce a l'ail (V1 ID: 6101, DB ID: 69052)
2025-12-26 19:27:07,583 - DEBUG - Upserted modifier: Donair au Boeuf (V1 ID: 6102, DB ID: 69054)
2025-12-26 19:27:08,411 - DEBUG - Upserted modifier: Onion Rouge (V1 ID: 6103, DB ID: 69055)
2025-12-26 19:27:09,240 - DEBUG - Upserted modifier: Tomate (V1 ID: 6104, DB ID: 69057)
2025-12-26 19:27:10,077 - DEBUG - Upserted modifier: Bacon (V1 ID: 6106, DB ID: 69060)
2025-12-26 19:27:10,911 - DEBUG - Upserted modifier: Poulet (V1 ID: 6107, DB ID: 69063)
2025-12-26 19:27:11,777 - DEBUG - Upserted modifier: Saucisse Italienne (V1 ID: 6108, DB ID: 69066)
2025-12-26 19:27:12,614 - DEBUG - Upserted modifier: Sauce BBQ (V1 ID: 6109, DB ID: 69069)
2025-12-26 19:27:13,433 - DEBUG - Upserted modifier: Poivron Rouge (V1 ID: 6110, DB ID: 69072)
2025-12-26 19:27:14,299 - DEBUG - Upserted modifier: Ail (V1 ID: 6112, DB ID: 69074)
2025-12-26 19:27:15,140 - DEBUG - Upserted modifier: Oignon Vert (V1 ID: 6113, DB ID: 69075)
2025-12-26 19:27:15,967 - DEBUG - Upserted modifier: Sauce au Pesto (V1 ID: 6114, DB ID: 69076)
2025-12-26 19:27:16,798 - DEBUG - Upserted modifier: Olives Noires (V1 ID: 6116, DB ID: 69077)
2025-12-26 19:27:17,649 - DEBUG - Upserted modifier: Saucisse Libanaise Épicée (V1 ID: 6117, DB ID: 69078)
2025-12-26 19:27:18,551 - DEBUG - Upserted modifier: Olives Vert (V1 ID: 6118, DB ID: 69079)
2025-12-26 19:27:19,418 - DEBUG - Upserted modifier: Piment Jalapeno (V1 ID: 6119, DB ID: 69080)
2025-12-26 19:27:20,253 - DEBUG - Upserted modifier: Courgette Grillée (V1 ID: 6120, DB ID: 69081)
2025-12-26 19:27:21,110 - DEBUG - Upserted modifier: Brocoli (V1 ID: 6121, DB ID: 69082)
2025-12-26 19:27:21,958 - DEBUG - Upserted modifier: Tomate Séchée (V1 ID: 6122, DB ID: 69083)
2025-12-26 19:27:22,826 - DEBUG - Upserted modifier: Anchois (V1 ID: 6123, DB ID: 69084)
2025-12-26 19:27:23,655 - DEBUG - Upserted modifier: Salami (V1 ID: 6124, DB ID: 69085)
2025-12-26 19:27:24,522 - DEBUG - Upserted modifier: Fromage Supplémentaire (V1 ID: 6125, DB ID: 69088)
2025-12-26 19:27:25,439 - DEBUG - Upserted modifier: Fromage (V1 ID: 6095, DB ID: 69090)
2025-12-26 19:27:26,352 - DEBUG - Upserted modifier: Parmesan (V1 ID: 6111, DB ID: 69093)
2025-12-26 19:27:27,276 - DEBUG - Upserted modifier: Feta (V1 ID: 6115, DB ID: 69096)
2025-12-26 19:27:28,147 - DEBUG - Upserted modifier: Trois Fromages (V1 ID: 6126, DB ID: 69099)
2025-12-26 19:27:28,969 - DEBUG - Modifier group already exists: Crust Type FR (ID: 231)
2025-12-26 19:27:29,239 - DEBUG - Upserted modifier: Mince (V1 ID: 6127, DB ID: 69103)
2025-12-26 19:27:29,681 - DEBUG - Upserted modifier: Regulier (V1 ID: 6128, DB ID: 69105)
2025-12-26 19:27:30,098 - DEBUG - Upserted modifier: Epaisse (V1 ID: 6129, DB ID: 69107)
2025-12-26 19:27:30,749 - DEBUG - Modifier group already exists: Pizza Dips FR (ID: 232)
2025-12-26 19:27:31,160 - DEBUG - Upserted modifier: Maison (V1 ID: 6031, DB ID: 69109)
2025-12-26 19:27:31,868 - DEBUG - Upserted modifier: Brune (V1 ID: 6032, DB ID: 69111)
2025-12-26 19:27:32,686 - DEBUG - Upserted modifier: Blanche (V1 ID: 6033, DB ID: 69113)
2025-12-26 19:27:33,505 - DEBUG - Upserted modifier: Ail (V1 ID: 45972, DB ID: 69115)
2025-12-26 19:27:34,319 - DEBUG - Upserted modifier: Cheddar Chipotle (V1 ID: 45973, DB ID: 69117)
2025-12-26 19:27:34,759 - DEBUG - Upserted modifier: Ranch (V1 ID: 37593, DB ID: 69119)
2025-12-26 19:27:35,175 - DEBUG - Upserted modifier: Ail (V1 ID: 6130, DB ID: 69121)
2025-12-26 19:27:35,593 - DEBUG - Upserted modifier: Forte (V1 ID: 30963, DB ID: 69123)
2025-12-26 19:27:36,002 - DEBUG - Upserted modifier: Cheddar Chipotle (V1 ID: 6132, DB ID: 69125)
2025-12-26 19:27:36,408 - DEBUG - Upserted modifier: BBQ (V1 ID: 30964, DB ID: 69127)
2025-12-26 19:27:36,812 - DEBUG - Upserted modifier: Miel et Ail (V1 ID: 30965, DB ID: 69129)
2025-12-26 19:27:37,232 - DEBUG - Modifier group already exists: Salad Dressings (ID: 233)
2025-12-26 19:27:37,532 - DEBUG - Upserted modifier: César (V1 ID: 6134, DB ID: 69131)
2025-12-26 19:27:37,936 - DEBUG - Upserted modifier: Sauce Maison (V1 ID: 6135, DB ID: 69133)
2025-12-26 19:27:38,369 - DEBUG - Modifier group already exists: Drinks FR (ID: 234)
2025-12-26 19:27:38,649 - DEBUG - Upserted modifier: Ginger Ale Schwepps (V1 ID: 39424, DB ID: 69136)
2025-12-26 19:27:39,056 - DEBUG - Upserted modifier: 7 Up (V1 ID: 39425, DB ID: 69138)
2025-12-26 19:27:39,479 - DEBUG - Upserted modifier: Diet 7 Up (V1 ID: 39426, DB ID: 69140)
2025-12-26 19:27:39,894 - DEBUG - Upserted modifier: Orange Crush HIDE (V1 ID: 45791, DB ID: 69142)
2025-12-26 19:27:40,307 - DEBUG - Upserted modifier: Crush Soda HIDE (V1 ID: 45792, DB ID: 69144)
2025-12-26 19:27:40,729 - DEBUG - Upserted modifier: Dr Pepper HIDE (V1 ID: 44524, DB ID: 69146)
2025-12-26 19:27:41,145 - DEBUG - Upserted modifier: Brisk Lemonade HIDE (V1 ID: 44525, DB ID: 69148)
2025-12-26 19:27:41,565 - DEBUG - Upserted modifier: Mug Root Beer HIDE (V1 ID: 44526, DB ID: 69150)
2025-12-26 19:27:41,966 - DEBUG - Upserted modifier: Diet 7 Up HIDE (V1 ID: 44527, DB ID: 69152)
2025-12-26 19:27:42,370 - DEBUG - Upserted modifier: Ginger Ale (V1 ID: 6138, DB ID: 69154)
2025-12-26 19:27:42,784 - DEBUG - Upserted modifier: Pepsi (V1 ID: 39421, DB ID: 69156)
2025-12-26 19:27:43,199 - DEBUG - Upserted modifier: Diet Pepsi (V1 ID: 39422, DB ID: 69158)
2025-12-26 19:27:43,614 - DEBUG - Modifier group already exists: Extra Brochette (ID: 236)
2025-12-26 19:27:43,887 - DEBUG - Upserted modifier: Brochette (V1 ID: 11534, DB ID: 69161)
2025-12-26 19:27:44,312 - DEBUG - Upserted modifier: Poutine (V1 ID: 11538, DB ID: 69163)
2025-12-26 19:27:44,716 - DEBUG - Upserted modifier: Pepperoni (V1 ID: 6133, DB ID: 69165)
2025-12-26 19:27:45,133 - DEBUG - Modifier group already exists: Trio side dish (ID: 238)
2025-12-26 19:27:45,413 - DEBUG - Upserted modifier: Poutine (V1 ID: 11539, DB ID: 69167)
2025-12-26 19:27:45,816 - DEBUG - Upserted modifier: Frites (V1 ID: 11540, DB ID: 69169)
2025-12-26 19:27:46,226 - DEBUG - Upserted modifier: Patates Grecques (V1 ID: 11541, DB ID: 69170)
2025-12-26 19:27:46,646 - DEBUG - Upserted modifier: Salade (V1 ID: 35834, DB ID: 69173)
2025-12-26 19:27:47,048 - DEBUG - Upserted modifier: Poutine (V1 ID: 35836, DB ID: 69175)
2025-12-26 19:27:47,458 - DEBUG - Modifier group already exists: Wings Sauces (ID: 241)
2025-12-26 19:27:47,757 - DEBUG - Upserted modifier: Maison (V1 ID: 6031, DB ID: 69177)
2025-12-26 19:27:48,190 - DEBUG - Upserted modifier: Brune (V1 ID: 6032, DB ID: 69179)
2025-12-26 19:27:48,611 - DEBUG - Upserted modifier: Blanche (V1 ID: 6033, DB ID: 69181)
2025-12-26 19:27:49,025 - DEBUG - Upserted modifier: Ail (V1 ID: 45972, DB ID: 69183)
2025-12-26 19:27:49,434 - DEBUG - Upserted modifier: Cheddar Chipotle (V1 ID: 45973, DB ID: 69184)
2025-12-26 19:27:49,880 - DEBUG - Upserted modifier: Ranch (V1 ID: 37593, DB ID: 69186)
2025-12-26 19:27:50,287 - DEBUG - Upserted modifier: Ail (V1 ID: 6130, DB ID: 69188)
2025-12-26 19:27:50,698 - DEBUG - Upserted modifier: Forte (V1 ID: 30963, DB ID: 69190)
2025-12-26 19:27:51,120 - DEBUG - Upserted modifier: Cheddar Chipotle (V1 ID: 6132, DB ID: 69192)
2025-12-26 19:27:51,540 - DEBUG - Upserted modifier: BBQ (V1 ID: 30964, DB ID: 69194)
2025-12-26 19:27:51,969 - DEBUG - Upserted modifier: Miel et Ail (V1 ID: 30965, DB ID: 69196)
2025-12-26 19:27:52,369 - DEBUG - Modifier group already exists: Drinks Can (ID: 242)
2025-12-26 19:27:52,631 - DEBUG - Upserted modifier: Ginger Ale Schwepps (V1 ID: 39424, DB ID: 69199)
2025-12-26 19:27:53,039 - DEBUG - Upserted modifier: 7 Up (V1 ID: 39425, DB ID: 69201)
2025-12-26 19:27:53,466 - DEBUG - Upserted modifier: Diet 7 Up (V1 ID: 39426, DB ID: 69203)
2025-12-26 19:27:53,884 - DEBUG - Upserted modifier: Orange Crush HIDE (V1 ID: 45791, DB ID: 69204)
2025-12-26 19:27:54,306 - DEBUG - Upserted modifier: Crush Soda HIDE (V1 ID: 45792, DB ID: 69206)
2025-12-26 19:27:54,722 - DEBUG - Upserted modifier: Dr Pepper HIDE (V1 ID: 44524, DB ID: 69208)
2025-12-26 19:27:55,143 - DEBUG - Upserted modifier: Brisk Lemonade HIDE (V1 ID: 44525, DB ID: 69210)
2025-12-26 19:27:55,567 - DEBUG - Upserted modifier: Mug Root Beer HIDE (V1 ID: 44526, DB ID: 69212)
2025-12-26 19:27:55,978 - DEBUG - Upserted modifier: Diet 7 Up HIDE (V1 ID: 44527, DB ID: 69214)
2025-12-26 19:27:56,391 - DEBUG - Upserted modifier: Ginger Ale (V1 ID: 6138, DB ID: 69216)
2025-12-26 19:27:56,821 - DEBUG - Upserted modifier: Pepsi (V1 ID: 39421, DB ID: 69218)
2025-12-26 19:27:57,237 - DEBUG - Upserted modifier: Diet Pepsi (V1 ID: 39422, DB ID: 69220)
2025-12-26 19:27:57,655 - DEBUG - Modifier group already exists: Drinks 2L (ID: 244)
2025-12-26 19:27:57,944 - DEBUG - Upserted modifier: Ginger Ale Schwepps (V1 ID: 39424, DB ID: 69223)
2025-12-26 19:27:58,361 - DEBUG - Upserted modifier: 7 Up (V1 ID: 39425, DB ID: 69225)
2025-12-26 19:27:58,782 - DEBUG - Upserted modifier: Diet 7 Up (V1 ID: 39426, DB ID: 69227)
2025-12-26 19:27:59,203 - DEBUG - Upserted modifier: Orange Crush HIDE (V1 ID: 45791, DB ID: 69229)
2025-12-26 19:27:59,965 - DEBUG - Upserted modifier: Crush Soda HIDE (V1 ID: 45792, DB ID: 69231)
2025-12-26 19:28:00,867 - DEBUG - Upserted modifier: Dr Pepper HIDE (V1 ID: 44524, DB ID: 69233)
2025-12-26 19:28:01,812 - DEBUG - Upserted modifier: Brisk Lemonade HIDE (V1 ID: 44525, DB ID: 69234)
2025-12-26 19:28:02,643 - DEBUG - Upserted modifier: Mug Root Beer HIDE (V1 ID: 44526, DB ID: 69236)
2025-12-26 19:28:03,237 - DEBUG - Upserted modifier: Diet 7 Up HIDE (V1 ID: 44527, DB ID: 69237)
2025-12-26 19:28:03,735 - DEBUG - Upserted modifier: Ginger Ale (V1 ID: 6138, DB ID: 69239)
2025-12-26 19:28:04,226 - DEBUG - Upserted modifier: Pepsi (V1 ID: 39421, DB ID: 69240)
2025-12-26 19:28:04,650 - DEBUG - Upserted modifier: Diet Pepsi (V1 ID: 39422, DB ID: 69242)
2025-12-26 19:28:04,923 - INFO -   Done: 13 groups, 175 modifiers, 454 prices
2025-12-26 19:28:04,923 - INFO - ----------------------------------------
2025-12-26 19:28:04,923 - INFO - [4/4] Processing: Sushi Express Chambly (V3: 1017, V1: 511)
2025-12-26 19:28:04,923 - INFO - Navigating to modifier groups page: https://menuadmin.menu.ca/?p=restaurants&display=editRestaurant&restaurant=511&load=ingredientGroups&showLang=fr
2025-12-26 19:28:05,885 - DEBUG - Expanding all modifier group divs...
2025-12-26 19:28:06,399 - DEBUG - Group 8003: 14 active modifiers
2025-12-26 19:28:06,418 - INFO - Processing modifier group: Buble tea flavours (ID: 8003)
2025-12-26 19:28:06,513 - INFO -   Found 14 modifiers (14 active, 0 inactive)
2025-12-26 19:28:06,513 - INFO - Total modifier groups extracted: 1
2025-12-26 19:28:06,655 - DEBUG - Modifier group already exists: Buble tea flavours (ID: 247)
2025-12-26 19:28:06,929 - DEBUG - Upserted modifier: Thé noir crèmeux (V1 ID: 36192, DB ID: 69245)
2025-12-26 19:28:07,350 - DEBUG - Upserted modifier: Matcha (V1 ID: 36193, DB ID: 69247)
2025-12-26 19:28:07,773 - DEBUG - Upserted modifier: Fraises (V1 ID: 36194, DB ID: 69248)
2025-12-26 19:28:08,185 - DEBUG - Upserted modifier: Fruits de la passion (V1 ID: 36195, DB ID: 69250)
2025-12-26 19:28:08,602 - DEBUG - Upserted modifier: Mangue (V1 ID: 36196, DB ID: 69251)
2025-12-26 19:28:09,008 - DEBUG - Upserted modifier: Melon miel (V1 ID: 36197, DB ID: 69253)
2025-12-26 19:28:09,449 - DEBUG - Upserted modifier: Banane (V1 ID: 36198, DB ID: 69254)
2025-12-26 19:28:09,891 - DEBUG - Upserted modifier: Noix de coco (V1 ID: 36199, DB ID: 69256)
2025-12-26 19:28:10,306 - DEBUG - Upserted modifier: Taro (V1 ID: 36200, DB ID: 69258)
2025-12-26 19:28:10,727 - DEBUG - Upserted modifier: Vanille (V1 ID: 36201, DB ID: 69259)
2025-12-26 19:28:11,140 - DEBUG - Upserted modifier: Pêche (V1 ID: 36202, DB ID: 69261)
2025-12-26 19:28:11,563 - DEBUG - Upserted modifier: Lychi (V1 ID: 36203, DB ID: 69262)
2025-12-26 19:28:11,970 - DEBUG - Upserted modifier: Melon d'eau (V1 ID: 36204, DB ID: 69264)
2025-12-26 19:28:12,389 - DEBUG - Upserted modifier: Papaye (V1 ID: 36205, DB ID: 69265)
2025-12-26 19:28:12,669 - INFO -   Done: 1 groups, 14 modifiers, 14 prices
2025-12-26 19:28:12,726 - INFO - Database connection closed
2025-12-26 19:28:12,734 - INFO - ============================================================
2025-12-26 19:28:12,734 - INFO - SCRAPER SUMMARY
2025-12-26 19:28:12,734 - INFO - ============================================================
2025-12-26 19:28:12,734 - INFO - Completed at: 2025-12-26 19:28:12
2025-12-26 19:28:12,735 - INFO - Restaurants processed: 4
2025-12-26 19:28:12,735 - INFO - Restaurants skipped (already done): 15
2025-12-26 19:28:12,735 - INFO - Modifier groups inserted: 40
2025-12-26 19:28:12,735 - INFO - Modifiers inserted: 607
2025-12-26 19:28:12,735 - INFO - Prices inserted: 995
2025-12-26 19:28:12,735 - INFO - Errors: 0
2025-12-26 19:28:12,735 - INFO - ============================================================
2025-12-26 19:28:12,735 - INFO - SCRAPER COMPLETED SUCCESSFULLY
2025-12-26 19:28:12,735 - INFO - ============================================================
