2025-12-28 11:40:54,086 - INFO - Logging to: C:\Users\santi\Menu.ca\Legacy Database\Migration Strategy\Scrapers\Menu Scrapers\V1 Scrapper\logs\missing_english_modifiers_20251228_114054.log
2025-12-28 11:40:54,086 - INFO - ============================================================
2025-12-28 11:40:54,086 - INFO - ENGLISH MODIFIER SCRAPER - Missing Restaurants
2025-12-28 11:40:54,086 - INFO - ============================================================
2025-12-28 11:40:54,533 - INFO - Navigating to CRM login page (attempt 1)...
2025-12-28 11:40:55,620 - INFO - Filling login credentials...
2025-12-28 11:40:56,614 - INFO - Login successful
2025-12-28 11:40:56,614 - INFO - ----------------------------------------
2025-12-28 11:40:56,614 - INFO - [1/6] Processing: Aroy Thai
2025-12-28 11:40:56,615 - INFO - Navigating to modifier groups page: https://menuadmin.menu.ca/?p=restaurants&display=editRestaurant&restaurant=830&load=ingredientGroups&showLang=en
2025-12-28 11:40:57,643 - DEBUG - Expanding all modifier group divs...
2025-12-28 11:40:58,158 - DEBUG - Group 7798: 3 active modifiers
2025-12-28 11:40:58,158 - DEBUG - Group 7799: 2 active modifiers
2025-12-28 11:40:58,158 - DEBUG - Group 7800: 2 active modifiers
2025-12-28 11:40:58,179 - INFO - Processing modifier group: Drinks can (ID: 7798)
2025-12-28 11:40:58,206 - INFO -   Found 3 modifiers (3 active, 0 inactive)
2025-12-28 11:40:58,210 - INFO - Processing modifier group: D1. Rolls Selection (ID: 7799)
2025-12-28 11:40:58,251 - INFO -   Found 4 modifiers (2 active, 2 inactive)
2025-12-28 11:40:58,255 - INFO - Processing modifier group: D2. Rolls Selection (ID: 7800)
2025-12-28 11:40:58,295 - INFO -   Found 4 modifiers (2 active, 2 inactive)
2025-12-28 11:40:58,295 - INFO - Total modifier groups extracted: 3
2025-12-28 11:40:58,613 - INFO - Database connected (attempt 1)
2025-12-28 11:40:58,896 - INFO - Inserted modifier group: Drinks can (ID: 2471)
2025-12-28 11:40:59,054 - DEBUG - Upserted modifier: Coke (V1 ID: 34928, DB ID: 131425)
2025-12-28 11:40:59,497 - DEBUG - Upserted modifier: Diet Coke (V1 ID: 34929, DB ID: 131426)
2025-12-28 11:40:59,923 - DEBUG - Upserted modifier: Ginger Ale (V1 ID: 34930, DB ID: 131428)
2025-12-28 11:41:00,530 - INFO - Inserted modifier group: D1. Rolls Selection (ID: 2472)
2025-12-28 11:41:00,668 - DEBUG - Upserted modifier: Veggie Spring Rolls (4 pcs) (V1 ID: 34931, DB ID: 131430)
2025-12-28 11:41:01,087 - DEBUG - Upserted modifier: Chicken Wontons (4 pcs) (V1 ID: 34932, DB ID: 131431)
2025-12-28 11:41:01,555 - DEBUG - Upserted modifier: Veggie Spring Rolls (8 pcs) (V1 ID: 34933, DB ID: 131433)
2025-12-28 11:41:02,015 - DEBUG - Upserted modifier: Chicken Wontons (8 pcs) (V1 ID: 34934, DB ID: 131434)
2025-12-28 11:41:02,666 - INFO - Inserted modifier group: D2. Rolls Selection (ID: 2473)
2025-12-28 11:41:02,847 - DEBUG - Upserted modifier: Veggie Spring Rolls (4 pcs) (V1 ID: 34931, DB ID: 131435)
2025-12-28 11:41:03,317 - DEBUG - Upserted modifier: Chicken Wontons (4 pcs) (V1 ID: 34932, DB ID: 131437)
2025-12-28 11:41:03,752 - DEBUG - Upserted modifier: Veggie Spring Rolls (8 pcs) (V1 ID: 34933, DB ID: 131439)
2025-12-28 11:41:04,165 - DEBUG - Upserted modifier: Chicken Wontons (8 pcs) (V1 ID: 34934, DB ID: 131441)
2025-12-28 11:41:04,447 - INFO -   Done: 3 groups, 11 modifiers, 11 prices
2025-12-28 11:41:04,448 - INFO - ----------------------------------------
2025-12-28 11:41:04,448 - INFO - [2/6] Processing: Champa Thai Cuisine
2025-12-28 11:41:04,448 - INFO - Navigating to modifier groups page: https://menuadmin.menu.ca/?p=restaurants&display=editRestaurant&restaurant=203&load=ingredientGroups&showLang=en
2025-12-28 11:41:05,208 - DEBUG - Expanding all modifier group divs...
2025-12-28 11:41:05,724 - DEBUG - Group 1688: 3 active modifiers
2025-12-28 11:41:05,724 - DEBUG - Group 1689: 2 active modifiers
2025-12-28 11:41:05,724 - DEBUG - Group 1690: 3 active modifiers
2025-12-28 11:41:05,724 - DEBUG - Group 1691: 2 active modifiers
2025-12-28 11:41:05,724 - DEBUG - Group 1749: 9 active modifiers
2025-12-28 11:41:05,724 - DEBUG - Group 1750: 5 active modifiers
2025-12-28 11:41:05,724 - DEBUG - Group 1751: 1 active modifiers
2025-12-28 11:41:05,725 - DEBUG - Group 6362: 3 active modifiers
2025-12-28 11:41:05,725 - DEBUG - Group 6363: 4 active modifiers
2025-12-28 11:41:05,725 - DEBUG - Group 7502: 3 active modifiers
2025-12-28 11:41:05,725 - DEBUG - Group 10974: 6 active modifiers
2025-12-28 11:41:05,746 - INFO - Processing modifier group: A6 (ID: 1688)
2025-12-28 11:41:05,819 - INFO -   Found 7 modifiers (3 active, 4 inactive)
2025-12-28 11:41:05,822 - INFO - Processing modifier group: K8, N4, N6, N7, G3, G6, G9, P11 (ID: 1689)
2025-12-28 11:41:05,895 - INFO -   Found 7 modifiers (2 active, 5 inactive)
2025-12-28 11:41:05,899 - INFO - Processing modifier group: P1, P2, P3, P10 (ID: 1690)
2025-12-28 11:41:05,976 - INFO -   Found 7 modifiers (3 active, 4 inactive)
2025-12-28 11:41:05,980 - INFO - Processing modifier group: P14 (ID: 1691)
2025-12-28 11:41:06,050 - INFO -   Found 7 modifiers (2 active, 5 inactive)
2025-12-28 11:41:06,054 - INFO - Processing modifier group: Drinks can (ID: 1749)
2025-12-28 11:41:06,118 - INFO -   Found 9 modifiers (9 active, 0 inactive)
2025-12-28 11:41:06,122 - INFO - Processing modifier group: Extra for Fried Noodles, Curries (ID: 1750)
2025-12-28 11:41:06,158 - INFO -   Found 5 modifiers (5 active, 0 inactive)
2025-12-28 11:41:06,162 - INFO - Processing modifier group: Appetizers extra sauce (ID: 1751)
2025-12-28 11:41:06,213 - INFO -   Found 5 modifiers (1 active, 4 inactive)
2025-12-28 11:41:06,217 - INFO - Processing modifier group: Chicken, Beef , Vegetables (ID: 6362)
2025-12-28 11:41:06,281 - INFO -   Found 7 modifiers (3 active, 4 inactive)
2025-12-28 11:41:06,285 - INFO - Processing modifier group: Chicken, Beef, Pork, Vegetables (ID: 6363)
2025-12-28 11:41:06,345 - INFO -   Found 7 modifiers (4 active, 3 inactive)
2025-12-28 11:41:06,348 - INFO - Processing modifier group: G3 (ID: 7502)
2025-12-28 11:41:06,415 - INFO -   Found 7 modifiers (3 active, 4 inactive)
2025-12-28 11:41:06,418 - INFO - Processing modifier group: Choice of Meat (ID: 10974)
2025-12-28 11:41:06,470 - INFO -   Found 7 modifiers (6 active, 1 inactive)
2025-12-28 11:41:06,471 - INFO - Total modifier groups extracted: 11
2025-12-28 11:41:06,810 - INFO - Inserted modifier group: A6 (ID: 2475)
2025-12-28 11:41:06,951 - DEBUG - Upserted modifier: Shrimp (V1 ID: 7769, DB ID: 131445)
2025-12-28 11:41:07,389 - DEBUG - Upserted modifier: Vegetables (V1 ID: 28954, DB ID: 131446)
2025-12-28 11:41:07,894 - DEBUG - Upserted modifier: Chicken (V1 ID: 7768, DB ID: 131448)
2025-12-28 11:41:08,328 - DEBUG - Upserted modifier: Beef (V1 ID: 7771, DB ID: 131450)
2025-12-28 11:41:08,755 - DEBUG - Upserted modifier: Pork (V1 ID: 7772, DB ID: 131452)
2025-12-28 11:41:09,195 - DEBUG - Upserted modifier: Tofu (V1 ID: 7770, DB ID: 131454)
2025-12-28 11:41:09,619 - DEBUG - Upserted modifier: No Meat (V1 ID: 50728, DB ID: 131456)
2025-12-28 11:41:10,173 - INFO - Inserted modifier group: K8, N4, N6, N7, G3, G6, G9, P11 (ID: 2477)
2025-12-28 11:41:10,312 - DEBUG - Upserted modifier: Shrimp (V1 ID: 7769, DB ID: 131458)
2025-12-28 11:41:10,739 - DEBUG - Upserted modifier: Vegetables (V1 ID: 28954, DB ID: 131460)
2025-12-28 11:41:11,165 - DEBUG - Upserted modifier: Chicken (V1 ID: 7768, DB ID: 131461)
2025-12-28 11:41:11,619 - DEBUG - Upserted modifier: Beef (V1 ID: 7771, DB ID: 131463)
2025-12-28 11:41:12,067 - DEBUG - Upserted modifier: Pork (V1 ID: 7772, DB ID: 131464)
2025-12-28 11:41:12,572 - DEBUG - Upserted modifier: Tofu (V1 ID: 7770, DB ID: 131465)
2025-12-28 11:41:12,992 - DEBUG - Upserted modifier: No Meat (V1 ID: 50728, DB ID: 131467)
2025-12-28 11:41:13,551 - INFO - Inserted modifier group: P1, P2, P3, P10 (ID: 2478)
2025-12-28 11:41:13,716 - DEBUG - Upserted modifier: Shrimp (V1 ID: 7769, DB ID: 131468)
2025-12-28 11:41:14,256 - DEBUG - Upserted modifier: Vegetables (V1 ID: 28954, DB ID: 131470)
2025-12-28 11:41:14,810 - DEBUG - Upserted modifier: Chicken (V1 ID: 7768, DB ID: 131471)
2025-12-28 11:41:15,286 - DEBUG - Upserted modifier: Beef (V1 ID: 7771, DB ID: 131473)
2025-12-28 11:41:15,712 - DEBUG - Upserted modifier: Pork (V1 ID: 7772, DB ID: 131474)
2025-12-28 11:41:16,133 - DEBUG - Upserted modifier: Tofu (V1 ID: 7770, DB ID: 131475)
2025-12-28 11:41:16,596 - DEBUG - Upserted modifier: No Meat (V1 ID: 50728, DB ID: 131477)
2025-12-28 11:41:17,206 - INFO - Inserted modifier group: P14 (ID: 2479)
2025-12-28 11:41:17,343 - DEBUG - Upserted modifier: Shrimp (V1 ID: 7769, DB ID: 131479)
2025-12-28 11:41:17,806 - DEBUG - Upserted modifier: Vegetables (V1 ID: 28954, DB ID: 131480)
2025-12-28 11:41:18,261 - DEBUG - Upserted modifier: Chicken (V1 ID: 7768, DB ID: 131481)
2025-12-28 11:41:18,739 - DEBUG - Upserted modifier: Beef (V1 ID: 7771, DB ID: 131483)
2025-12-28 11:41:19,297 - DEBUG - Upserted modifier: Pork (V1 ID: 7772, DB ID: 131484)
2025-12-28 11:41:19,737 - DEBUG - Upserted modifier: Tofu (V1 ID: 7770, DB ID: 131485)
2025-12-28 11:41:20,208 - DEBUG - Upserted modifier: No Meat (V1 ID: 50728, DB ID: 131487)
2025-12-28 11:41:20,777 - INFO - Inserted modifier group: Drinks can (ID: 2480)
2025-12-28 11:41:20,924 - DEBUG - Upserted modifier: Coke (V1 ID: 8054, DB ID: 131488)
2025-12-28 11:41:21,368 - DEBUG - Upserted modifier: Pepsi (V1 ID: 8055, DB ID: 131490)
2025-12-28 11:41:21,786 - DEBUG - Upserted modifier: Diet Coke (V1 ID: 8056, DB ID: 131491)
2025-12-28 11:41:22,232 - DEBUG - Upserted modifier: Diet Pepsi (V1 ID: 8057, DB ID: 131493)
2025-12-28 11:41:22,673 - DEBUG - Upserted modifier: Root Beer (V1 ID: 8058, DB ID: 131494)
2025-12-28 11:41:23,111 - DEBUG - Upserted modifier: Ginger Ale (V1 ID: 8059, DB ID: 131495)
2025-12-28 11:41:23,579 - DEBUG - Upserted modifier: Dr. Pepper (V1 ID: 8060, DB ID: 131497)
2025-12-28 11:41:24,012 - DEBUG - Upserted modifier: Orange Crush (V1 ID: 8061, DB ID: 131498)
2025-12-28 11:41:24,429 - DEBUG - Upserted modifier: 7 Up (V1 ID: 8062, DB ID: 131500)
2025-12-28 11:41:25,008 - INFO - Inserted modifier group: Extra for Fried Noodles, Curries (ID: 2481)
2025-12-28 11:41:25,157 - DEBUG - Upserted modifier: Sauce (V1 ID: 8063, DB ID: 131501)
2025-12-28 11:41:25,568 - DEBUG - Upserted modifier: Shrimp (V1 ID: 8064, DB ID: 131503)
2025-12-28 11:41:26,003 - DEBUG - Upserted modifier: Chicken (V1 ID: 8065, DB ID: 131504)
2025-12-28 11:41:26,436 - DEBUG - Upserted modifier: Beef (V1 ID: 8066, DB ID: 131506)
2025-12-28 11:41:26,881 - DEBUG - Upserted modifier: Vegetable (V1 ID: 8067, DB ID: 131507)
2025-12-28 11:41:27,460 - INFO - Inserted modifier group: Appetizers extra sauce (ID: 2482)
2025-12-28 11:41:27,594 - DEBUG - Upserted modifier: Sauce (V1 ID: 8063, DB ID: 131509)
2025-12-28 11:41:28,006 - DEBUG - Upserted modifier: Shrimp (V1 ID: 8064, DB ID: 131510)
2025-12-28 11:41:28,429 - DEBUG - Upserted modifier: Chicken (V1 ID: 8065, DB ID: 131511)
2025-12-28 11:41:28,842 - DEBUG - Upserted modifier: Beef (V1 ID: 8066, DB ID: 131513)
2025-12-28 11:41:29,277 - DEBUG - Upserted modifier: Vegetable (V1 ID: 8067, DB ID: 131514)
2025-12-28 11:41:29,859 - INFO - Inserted modifier group: Chicken, Beef , Vegetables (ID: 2483)
2025-12-28 11:41:30,002 - DEBUG - Upserted modifier: Shrimp (V1 ID: 7769, DB ID: 131516)
2025-12-28 11:41:30,441 - DEBUG - Upserted modifier: Vegetables (V1 ID: 28954, DB ID: 131518)
2025-12-28 11:41:30,888 - DEBUG - Upserted modifier: Chicken (V1 ID: 7768, DB ID: 131519)
2025-12-28 11:41:31,326 - DEBUG - Upserted modifier: Beef (V1 ID: 7771, DB ID: 131521)
2025-12-28 11:41:31,747 - DEBUG - Upserted modifier: Pork (V1 ID: 7772, DB ID: 131523)
2025-12-28 11:41:32,171 - DEBUG - Upserted modifier: Tofu (V1 ID: 7770, DB ID: 131525)
2025-12-28 11:41:32,622 - DEBUG - Upserted modifier: No Meat (V1 ID: 50728, DB ID: 131526)
2025-12-28 11:41:33,199 - INFO - Inserted modifier group: Chicken, Beef, Pork, Vegetables (ID: 2484)
2025-12-28 11:41:33,344 - DEBUG - Upserted modifier: Shrimp (V1 ID: 7769, DB ID: 131528)
2025-12-28 11:41:33,748 - DEBUG - Upserted modifier: Vegetables (V1 ID: 28954, DB ID: 131530)
2025-12-28 11:41:34,182 - DEBUG - Upserted modifier: Chicken (V1 ID: 7768, DB ID: 131532)
2025-12-28 11:41:34,627 - DEBUG - Upserted modifier: Beef (V1 ID: 7771, DB ID: 131534)
2025-12-28 11:41:35,080 - DEBUG - Upserted modifier: Pork (V1 ID: 7772, DB ID: 131535)
2025-12-28 11:41:35,621 - DEBUG - Upserted modifier: Tofu (V1 ID: 7770, DB ID: 131537)
2025-12-28 11:41:36,043 - DEBUG - Upserted modifier: No Meat (V1 ID: 50728, DB ID: 131539)
2025-12-28 11:41:36,609 - INFO - Inserted modifier group: G3 (ID: 2485)
2025-12-28 11:41:36,752 - DEBUG - Upserted modifier: Shrimp (V1 ID: 7769, DB ID: 131541)
2025-12-28 11:41:37,186 - DEBUG - Upserted modifier: Vegetables (V1 ID: 28954, DB ID: 131543)
2025-12-28 11:41:37,599 - DEBUG - Upserted modifier: Chicken (V1 ID: 7768, DB ID: 131545)
2025-12-28 11:41:38,026 - DEBUG - Upserted modifier: Beef (V1 ID: 7771, DB ID: 131547)
2025-12-28 11:41:38,485 - DEBUG - Upserted modifier: Pork (V1 ID: 7772, DB ID: 131549)
2025-12-28 11:41:38,940 - DEBUG - Upserted modifier: Tofu (V1 ID: 7770, DB ID: 131550)
2025-12-28 11:41:39,370 - DEBUG - Upserted modifier: No Meat (V1 ID: 50728, DB ID: 131552)
2025-12-28 11:41:39,947 - INFO - Inserted modifier group: Choice of Meat (ID: 2486)
2025-12-28 11:41:40,092 - DEBUG - Upserted modifier: Shrimp (V1 ID: 7769, DB ID: 131554)
2025-12-28 11:41:40,520 - DEBUG - Upserted modifier: Vegetables (V1 ID: 28954, DB ID: 131555)
2025-12-28 11:41:40,959 - DEBUG - Upserted modifier: Chicken (V1 ID: 7768, DB ID: 131557)
2025-12-28 11:41:41,398 - DEBUG - Upserted modifier: Beef (V1 ID: 7771, DB ID: 131558)
2025-12-28 11:41:41,817 - DEBUG - Upserted modifier: Pork (V1 ID: 7772, DB ID: 131560)
2025-12-28 11:41:42,239 - DEBUG - Upserted modifier: Tofu (V1 ID: 7770, DB ID: 131561)
2025-12-28 11:41:42,675 - DEBUG - Upserted modifier: No Meat (V1 ID: 50728, DB ID: 131563)
2025-12-28 11:41:42,959 - INFO -   Done: 11 groups, 75 modifiers, 75 prices
2025-12-28 11:41:42,960 - INFO - ----------------------------------------
2025-12-28 11:41:42,961 - INFO - [3/6] Processing: Hong Kong Chinese Food Takeout
2025-12-28 11:41:42,961 - INFO - Navigating to modifier groups page: https://menuadmin.menu.ca/?p=restaurants&display=editRestaurant&restaurant=294&load=ingredientGroups&showLang=en
2025-12-28 11:41:43,730 - DEBUG - Expanding all modifier group divs...
2025-12-28 11:41:44,242 - DEBUG - Group 7581: 1 active modifiers
2025-12-28 11:41:44,257 - INFO - Processing modifier group: Chow Mein (ID: 7581)
2025-12-28 11:41:44,272 - INFO -   Found 1 modifiers (1 active, 0 inactive)
2025-12-28 11:41:44,272 - INFO - Total modifier groups extracted: 1
2025-12-28 11:41:44,565 - INFO - Inserted modifier group: Chow Mein (ID: 2487)
2025-12-28 11:41:44,719 - DEBUG - Upserted modifier: Chow Mein (V1 ID: 34006, DB ID: 131565)
2025-12-28 11:41:45,015 - INFO -   Done: 1 groups, 1 modifiers, 1 prices
2025-12-28 11:41:45,016 - INFO - ----------------------------------------
2025-12-28 11:41:45,016 - INFO - [4/6] Processing: Hung Mein
2025-12-28 11:41:45,016 - INFO - Navigating to modifier groups page: https://menuadmin.menu.ca/?p=restaurants&display=editRestaurant&restaurant=239&load=ingredientGroups&showLang=en
2025-12-28 11:41:45,760 - DEBUG - Expanding all modifier group divs...
2025-12-28 11:41:46,275 - DEBUG - Group 6879: 1 active modifiers
2025-12-28 11:41:46,294 - INFO - Processing modifier group: Chow Mein 0.50 (ID: 6879)
2025-12-28 11:41:46,329 - INFO -   Found 3 modifiers (1 active, 2 inactive)
2025-12-28 11:41:46,329 - INFO - Total modifier groups extracted: 1
2025-12-28 11:41:46,610 - INFO - Inserted modifier group: Chow Mein 0.50 (ID: 2489)
2025-12-28 11:41:46,746 - DEBUG - Upserted modifier: Steamed Rice (V1 ID: 8220, DB ID: 131571)
2025-12-28 11:41:47,177 - DEBUG - Upserted modifier: Sauce (V1 ID: 8831, DB ID: 131573)
2025-12-28 11:41:47,603 - DEBUG - Upserted modifier: Chow Mein (V1 ID: 30962, DB ID: 131575)
2025-12-28 11:41:47,897 - INFO -   Done: 1 groups, 3 modifiers, 3 prices
2025-12-28 11:41:47,898 - INFO - ----------------------------------------
2025-12-28 11:41:47,898 - INFO - [5/6] Processing: Lucky Star Chinese Food
2025-12-28 11:41:47,899 - INFO - Navigating to modifier groups page: https://menuadmin.menu.ca/?p=restaurants&display=editRestaurant&restaurant=90&load=ingredientGroups&showLang=en
2025-12-28 11:41:48,664 - DEBUG - Expanding all modifier group divs...
2025-12-28 11:41:49,179 - DEBUG - Group 218: 1 active modifiers
2025-12-28 11:41:49,179 - DEBUG - Group 221: 6 active modifiers
2025-12-28 11:41:49,197 - INFO - Processing modifier group: extra chow mein (ID: 218)
2025-12-28 11:41:49,304 - INFO -   Found 10 modifiers (1 active, 9 inactive)
2025-12-28 11:41:49,308 - INFO - Processing modifier group: extra sauce (ID: 221)
2025-12-28 11:41:49,400 - INFO -   Found 11 modifiers (6 active, 5 inactive)
2025-12-28 11:41:49,400 - INFO - Total modifier groups extracted: 2
2025-12-28 11:41:49,684 - INFO - Inserted modifier group: extra chow mein (ID: 2490)
2025-12-28 11:41:49,828 - DEBUG - Upserted modifier: Egg Roll (V1 ID: 10284, DB ID: 131578)
2025-12-28 11:41:50,273 - DEBUG - Upserted modifier: Chow Mein (V1 ID: 1581, DB ID: 131579)
2025-12-28 11:41:50,703 - DEBUG - Upserted modifier: Bacon (V1 ID: 10303, DB ID: 131581)
2025-12-28 11:41:51,136 - DEBUG - Upserted modifier: Mushroom (V1 ID: 10307, DB ID: 131582)
2025-12-28 11:41:51,567 - DEBUG - Upserted modifier: Beef (V1 ID: 3397, DB ID: 131583)
2025-12-28 11:41:52,002 - DEBUG - Upserted modifier: Shrimp (V1 ID: 10309, DB ID: 131585)
2025-12-28 11:41:52,431 - DEBUG - Upserted modifier: Chicken (V1 ID: 3399, DB ID: 131586)
2025-12-28 11:41:52,846 - DEBUG - Upserted modifier: Vegetable (V1 ID: 10312, DB ID: 131588)
2025-12-28 11:41:53,259 - DEBUG - Upserted modifier: Mushrooms (V1 ID: 10313, DB ID: 131589)
2025-12-28 11:41:53,699 - DEBUG - Upserted modifier: Pork (V1 ID: 10314, DB ID: 131590)
2025-12-28 11:41:54,291 - INFO - Inserted modifier group: extra sauce (ID: 2491)
2025-12-28 11:41:54,433 - DEBUG - Upserted modifier: Hot Sauce (V1 ID: 10291, DB ID: 131592)
2025-12-28 11:41:54,895 - DEBUG - Upserted modifier: Sweet and Sour Sauce (V1 ID: 1601, DB ID: 131593)
2025-12-28 11:41:55,336 - DEBUG - Upserted modifier: Garlic Sauce (V1 ID: 1602, DB ID: 131595)
2025-12-28 11:41:55,776 - DEBUG - Upserted modifier: Almond Sauce (V1 ID: 1603, DB ID: 131596)
2025-12-28 11:41:56,236 - DEBUG - Upserted modifier: Pineapple Sauce (V1 ID: 1604, DB ID: 131598)
2025-12-28 11:41:56,686 - DEBUG - Upserted modifier: Plum Sauce (V1 ID: 1605, DB ID: 131599)
2025-12-28 11:41:57,132 - DEBUG - Upserted modifier: Lemon Sauce (V1 ID: 1606, DB ID: 131600)
2025-12-28 11:41:57,576 - DEBUG - Upserted modifier: Plain (V1 ID: 10316, DB ID: 131602)
2025-12-28 11:41:58,015 - DEBUG - Upserted modifier: Garlic (V1 ID: 10318, DB ID: 131603)
2025-12-28 11:41:58,453 - DEBUG - Upserted modifier: Sweet and Sour (V1 ID: 10319, DB ID: 131605)
2025-12-28 11:41:58,887 - DEBUG - Upserted modifier: Pineapple (V1 ID: 10321, DB ID: 131606)
2025-12-28 11:41:59,186 - INFO -   Done: 2 groups, 21 modifiers, 21 prices
2025-12-28 11:41:59,186 - INFO - ----------------------------------------
2025-12-28 11:41:59,186 - INFO - [6/6] Processing: Orchid Sushi
2025-12-28 11:41:59,187 - INFO - Navigating to modifier groups page: https://menuadmin.menu.ca/?p=restaurants&display=editRestaurant&restaurant=387&load=ingredientGroups&showLang=en
2025-12-28 11:42:00,074 - DEBUG - Expanding all modifier group divs...
2025-12-28 11:42:00,587 - DEBUG - Group 3320: 2 active modifiers
2025-12-28 11:42:00,605 - INFO - Processing modifier group: Sake (ID: 3320)
2025-12-28 11:42:00,658 - INFO -   Found 5 modifiers (2 active, 3 inactive)
2025-12-28 11:42:00,658 - INFO - Total modifier groups extracted: 1
2025-12-28 11:42:00,813 - DEBUG - Modifier group already exists: Sake (ID: 1977)
2025-12-28 11:42:01,110 - DEBUG - Upserted modifier: Miso Soup (V1 ID: 15139, DB ID: 120600)
2025-12-28 11:42:01,574 - DEBUG - Upserted modifier: Wakame Salad (V1 ID: 15140, DB ID: 120601)
2025-12-28 11:42:02,027 - DEBUG - Upserted modifier: Salmon (V1 ID: 15466, DB ID: 120602)
2025-12-28 11:42:02,452 - DEBUG - Upserted modifier: Red Tuna (V1 ID: 15467, DB ID: 120603)
2025-12-28 11:42:03,009 - DEBUG - Upserted modifier: Green Salad (V1 ID: 14764, DB ID: 120604)
2025-12-28 11:42:03,293 - INFO -   Done: 1 groups, 5 modifiers, 5 prices
2025-12-28 11:42:03,351 - INFO - ============================================================
2025-12-28 11:42:03,352 - INFO - SCRAPER COMPLETED
2025-12-28 11:42:03,352 - INFO - Total: 19 groups, 116 modifiers, 116 prices
2025-12-28 11:42:03,352 - INFO - ============================================================
