2026-01-09 08:32:08,902 - INFO - Logging to: C:\Users\santi\Menu.ca\Legacy Database\Migration Strategy\Scrapers\Menu Scrapers\V1 Scrapper\logs\rescrape_dish_modifier_groups_20260109_083208.log
2026-01-09 08:32:08,902 - INFO - ======================================================================
2026-01-09 08:32:08,903 - INFO - DISH MODIFIER GROUP RE-SCRAPER
2026-01-09 08:32:08,903 - INFO - ======================================================================
2026-01-09 08:32:08,903 - INFO - Target: 37 dishes across 6 restaurants
2026-01-09 08:32:08,903 - INFO - 
2026-01-09 08:32:09,285 - DEBUG - Database connected
2026-01-09 08:32:09,285 - INFO - ----------------------------------------------------------------------
2026-01-09 08:32:09,285 - INFO - STEP 1: Clearing existing modifier group links...
2026-01-09 08:32:09,286 - INFO - ----------------------------------------------------------------------
2026-01-09 08:32:09,380 - INFO -   Existing dish_modifier_groups to delete: 0
2026-01-09 08:32:09,380 - INFO -   Existing modifier_group_details to delete: 0
2026-01-09 08:32:09,380 - INFO - 
2026-01-09 08:32:09,380 - INFO - ----------------------------------------------------------------------
2026-01-09 08:32:09,381 - INFO - STEP 2: Re-scraping from V1 CRM...
2026-01-09 08:32:09,381 - INFO - ----------------------------------------------------------------------
2026-01-09 08:32:24,050 - INFO - Logging in to V1 CRM...
2026-01-09 08:32:24,050 - INFO - Navigating to V1 CRM: https://menuadmin.menu.ca/?p=login
2026-01-09 08:32:27,442 - DEBUG - Filled username using: input[name="username"]
2026-01-09 08:32:27,453 - DEBUG - Filled password using: input[name="password"]
2026-01-09 08:32:27,905 - DEBUG - Clicked submit using: input[type="submit"]
2026-01-09 08:32:30,446 - INFO - V1 CRM login successful
2026-01-09 08:32:30,447 - INFO - 
2026-01-09 08:32:30,447 - INFO - 
2026-01-09 08:32:30,447 - INFO - 📍 Lorenzo's Pizzeria - Vanier (V3: 77, V1: 192)
2026-01-09 08:32:30,489 - INFO - --------------------------------------------------
2026-01-09 08:32:30,489 - INFO - [1/37] 2 Lasagna with 2 Drinks and Garlic Bread (V3: 157456, V1: 124271)
2026-01-09 08:32:30,489 - DEBUG -   URL: https://menuadmin.menu.ca/?p=restaurants&display=editRestaurant&restaurant=192&load=editDish&showLang=en&menuEntry=124271
2026-01-09 08:32:32,658 - DEBUG -   Found active group: Drinks (V1 ID: 11101, Category: d)
2026-01-09 08:32:32,672 - INFO -   2 Lasagna with 2 Drinks and Garlic Bread: 1 active modifier groups found
2026-01-09 08:32:32,913 - INFO -     ✓ Linked: 2 Lasagna with 2 Drinks and Garlic Bread -> Drinks (MG ID: 692)
2026-01-09 08:32:33,043 - DEBUG -     Details: 2 Drinks (min:2, max:2, free:0, order:6)
2026-01-09 08:32:33,545 - INFO - [2/37] 2 Shawarma Meal (V3: 157455, V1: 141256)
2026-01-09 08:32:33,546 - DEBUG -   URL: https://menuadmin.menu.ca/?p=restaurants&display=editRestaurant&restaurant=192&load=editDish&showLang=en&menuEntry=141256
2026-01-09 08:32:35,403 - DEBUG -   Found active group: Drinks (V1 ID: 11101, Category: d)
2026-01-09 08:32:35,413 - INFO -   2 Shawarma Meal: 1 active modifier groups found
2026-01-09 08:32:35,544 - INFO -     ✓ Linked: 2 Shawarma Meal -> Drinks (MG ID: 692)
2026-01-09 08:32:35,667 - DEBUG -     Details: 2 Cans of Pop (min:2, max:2, free:0, order:6)
2026-01-09 08:32:36,177 - INFO - [3/37] 2 Spaghetti with 2 Drinks and Garlic Bread (V3: 157457, V1: 124272)
2026-01-09 08:32:36,177 - DEBUG -   URL: https://menuadmin.menu.ca/?p=restaurants&display=editRestaurant&restaurant=192&load=editDish&showLang=en&menuEntry=124272
2026-01-09 08:32:38,017 - DEBUG -   Found active group: Drinks (V1 ID: 11101, Category: d)
2026-01-09 08:32:38,027 - INFO -   2 Spaghetti with 2 Drinks and Garlic Bread: 1 active modifier groups found
2026-01-09 08:32:38,170 - INFO -     ✓ Linked: 2 Spaghetti with 2 Drinks and Garlic Bread -> Drinks (MG ID: 692)
2026-01-09 08:32:38,287 - DEBUG -     Details: 2 Drinks (min:2, max:2, free:0, order:6)
2026-01-09 08:32:38,788 - INFO - 
2026-01-09 08:32:38,788 - INFO - 📍 Mano City Pizza (V3: 118, V1: 238)
2026-01-09 08:32:38,789 - INFO - --------------------------------------------------
2026-01-09 08:32:38,790 - INFO - [4/37] Combo Platter (V3: 138176, V1: 75740)
2026-01-09 08:32:38,790 - DEBUG -   URL: https://menuadmin.menu.ca/?p=restaurants&display=editRestaurant&restaurant=238&load=editDish&showLang=en&menuEntry=75740
2026-01-09 08:32:40,615 - DEBUG -   Found active group: Drinks can (V1 ID: 1993, Category: d)
2026-01-09 08:32:40,623 - INFO -   Combo Platter: 1 active modifier groups found
2026-01-09 08:32:40,773 - INFO -     ✓ Linked: Combo Platter -> Drinks can (MG ID: 770)
2026-01-09 08:32:40,900 - DEBUG -     Details: 1 Can of pop (min:1, max:1, free:0, order:6)
2026-01-09 08:32:41,406 - INFO - [5/37] Catering No6- Five Gyo and Five Pops (V3: 138105, V1: 91883)
2026-01-09 08:32:41,406 - DEBUG -   URL: https://menuadmin.menu.ca/?p=restaurants&display=editRestaurant&restaurant=238&load=editDish&showLang=en&menuEntry=91883
2026-01-09 08:32:43,253 - DEBUG -   Found active group: Drinks can (V1 ID: 1993, Category: d)
2026-01-09 08:32:43,262 - INFO -   Catering No6- Five Gyo and Five Pops: 1 active modifier groups found
2026-01-09 08:32:43,408 - INFO -     ✓ Linked: Catering No6- Five Gyo and Five Pops -> Drinks can (MG ID: 770)
2026-01-09 08:32:43,540 - DEBUG -     Details: Select 5 Pops (min:5, max:5, free:0, order:6)
2026-01-09 08:32:44,041 - INFO - [6/37] Catering No7- Five Regular Shawarma and Five Pops (V3: 138106, V1: 91884)
2026-01-09 08:32:44,041 - DEBUG -   URL: https://menuadmin.menu.ca/?p=restaurants&display=editRestaurant&restaurant=238&load=editDish&showLang=en&menuEntry=91884
2026-01-09 08:32:45,876 - DEBUG -   Found active group: Drinks can (V1 ID: 1993, Category: d)
2026-01-09 08:32:45,887 - INFO -   Catering No7- Five Regular Shawarma and Five Pops: 1 active modifier groups found
2026-01-09 08:32:46,028 - INFO -     ✓ Linked: Catering No7- Five Regular Shawarma and Five Pops -> Drinks can (MG ID: 770)
2026-01-09 08:32:46,150 - DEBUG -     Details: Select 5 Pops (min:5, max:5, free:0, order:6)
2026-01-09 08:32:46,659 - INFO - [7/37] Donair Plate (V3: 138284, V1: 18327)
2026-01-09 08:32:46,659 - DEBUG -   URL: https://menuadmin.menu.ca/?p=restaurants&display=editRestaurant&restaurant=238&load=editDish&showLang=en&menuEntry=18327
2026-01-09 08:32:48,489 - DEBUG -   Found active group: Donair Sauces (V1 ID: 1997, Category: sa)
2026-01-09 08:32:48,507 - DEBUG -   Found active group: Drinks can (V1 ID: 1993, Category: d)
2026-01-09 08:32:48,518 - INFO -   Donair Plate: 2 active modifier groups found
2026-01-09 08:32:48,650 - INFO -     ✓ Linked: Donair Plate -> Donair Sauces (MG ID: 774)
2026-01-09 08:32:48,771 - DEBUG -     Details: Sauces (min:0, max:2, free:0, order:4)
2026-01-09 08:32:48,900 - INFO -     ✓ Linked: Donair Plate -> Drinks can (MG ID: 770)
2026-01-09 08:32:49,022 - DEBUG -     Details: 1 Can of pop (min:1, max:1, free:0, order:6)
2026-01-09 08:32:49,535 - INFO - [8/37] Donair Sandwich Platter (V3: 138283, V1: 18326)
2026-01-09 08:32:49,535 - DEBUG -   URL: https://menuadmin.menu.ca/?p=restaurants&display=editRestaurant&restaurant=238&load=editDish&showLang=en&menuEntry=18326
2026-01-09 08:32:51,348 - DEBUG -   Found active group: Donair Sauces (V1 ID: 1997, Category: sa)
2026-01-09 08:32:51,364 - DEBUG -   Found active group: Drinks can (V1 ID: 1993, Category: d)
2026-01-09 08:32:51,373 - INFO -   Donair Sandwich Platter: 2 active modifier groups found
2026-01-09 08:32:51,512 - INFO -     ✓ Linked: Donair Sandwich Platter -> Donair Sauces (MG ID: 774)
2026-01-09 08:32:51,630 - DEBUG -     Details: Sauces (min:0, max:2, free:0, order:4)
2026-01-09 08:32:51,771 - INFO -     ✓ Linked: Donair Sandwich Platter -> Drinks can (MG ID: 770)
2026-01-09 08:32:51,894 - DEBUG -     Details: 1 Can of pop (min:1, max:1, free:0, order:6)
2026-01-09 08:32:52,398 - INFO - [9/37] Fish & Chips (V3: 138268, V1: 77391)
2026-01-09 08:32:52,398 - DEBUG -   URL: https://menuadmin.menu.ca/?p=restaurants&display=editRestaurant&restaurant=238&load=editDish&showLang=en&menuEntry=77391
2026-01-09 08:32:54,382 - DEBUG -   Found active group: Drinks can (V1 ID: 1993, Category: d)
2026-01-09 08:32:54,393 - INFO -   Fish & Chips: 1 active modifier groups found
2026-01-09 08:32:54,529 - INFO -     ✓ Linked: Fish & Chips -> Drinks can (MG ID: 770)
2026-01-09 08:32:54,651 - DEBUG -     Details: 1 Can of pop (min:1, max:1, free:0, order:6)
2026-01-09 08:32:55,159 - INFO - [10/37] Shrimp In A Basket (V3: 138267, V1: 77390)
2026-01-09 08:32:55,159 - DEBUG -   URL: https://menuadmin.menu.ca/?p=restaurants&display=editRestaurant&restaurant=238&load=editDish&showLang=en&menuEntry=77390
2026-01-09 08:32:56,981 - DEBUG -   Found active group: Drinks can (V1 ID: 1993, Category: d)
2026-01-09 08:32:56,991 - INFO -   Shrimp In A Basket: 1 active modifier groups found
2026-01-09 08:32:57,125 - INFO -     ✓ Linked: Shrimp In A Basket -> Drinks can (MG ID: 770)
2026-01-09 08:32:57,243 - DEBUG -     Details: 1 Can of pop (min:1, max:1, free:0, order:6)
2026-01-09 08:32:57,753 - INFO - [11/37] Shawarma Plate (V3: 138280, V1: 18330)
2026-01-09 08:32:57,753 - DEBUG -   URL: https://menuadmin.menu.ca/?p=restaurants&display=editRestaurant&restaurant=238&load=editDish&showLang=en&menuEntry=18330
2026-01-09 08:32:59,593 - DEBUG -   Found active group: Drinks can (V1 ID: 1993, Category: d)
2026-01-09 08:32:59,600 - INFO -   Shawarma Plate: 1 active modifier groups found
2026-01-09 08:32:59,736 - INFO -     ✓ Linked: Shawarma Plate -> Drinks can (MG ID: 770)
2026-01-09 08:32:59,857 - DEBUG -     Details: 1 Can of pop (min:1, max:1, free:0, order:6)
2026-01-09 08:33:00,372 - INFO - [12/37] Shawarma Sandwich Platter (V3: 138279, V1: 18329)
2026-01-09 08:33:00,374 - DEBUG -   URL: https://menuadmin.menu.ca/?p=restaurants&display=editRestaurant&restaurant=238&load=editDish&showLang=en&menuEntry=18329
2026-01-09 08:33:02,185 - DEBUG -   Found active group: Drinks can (V1 ID: 1993, Category: d)
2026-01-09 08:33:02,195 - INFO -   Shawarma Sandwich Platter: 1 active modifier groups found
2026-01-09 08:33:02,330 - INFO -     ✓ Linked: Shawarma Sandwich Platter -> Drinks can (MG ID: 770)
2026-01-09 08:33:02,449 - DEBUG -     Details: 1 Can of pop (min:1, max:1, free:0, order:6)
2026-01-09 08:33:02,955 - INFO - 
2026-01-09 08:33:02,955 - INFO - 📍 Nachos Loco Gatineau (V3: 801, V1: 1045)
2026-01-09 08:33:02,956 - INFO - --------------------------------------------------
2026-01-09 08:33:02,956 - INFO - [13/37] 2 Small Supreme Fries with Drinks (V3: 145241, V1: 122582)
2026-01-09 08:33:02,956 - DEBUG -   URL: https://menuadmin.menu.ca/?p=restaurants&display=editRestaurant&restaurant=1045&load=editDish&showLang=en&menuEntry=122582
2026-01-09 08:33:04,775 - DEBUG -   Found active group: SUpreme Fries Selection (V1 ID: 11251, Category: sd)
2026-01-09 08:33:04,789 - DEBUG -   Found active group: Drinks (V1 ID: 10896, Category: d)
2026-01-09 08:33:04,798 - INFO -   2 Small Supreme Fries with Drinks: 2 active modifier groups found
2026-01-09 08:33:04,938 - INFO -     ✓ Linked: 2 Small Supreme Fries with Drinks -> SUpreme Fries Selection (MG ID: 1912)
2026-01-09 08:33:05,061 - DEBUG -     Details: Choose 2 Dishes (min:2, max:2, free:0, order:5)
2026-01-09 08:33:05,192 - INFO -     ✓ Linked: 2 Small Supreme Fries with Drinks -> Drinks (MG ID: 1907)
2026-01-09 08:33:05,312 - DEBUG -     Details: First two 591ml Drinks Free (min:2, max:0, free:2, order:6)
2026-01-09 08:33:05,815 - INFO - 
2026-01-09 08:33:05,815 - INFO - 📍 Nachos Loco Hull (V3: 790, V1: 1033)
2026-01-09 08:33:05,816 - INFO - --------------------------------------------------
2026-01-09 08:33:05,816 - INFO - [14/37] 2 Small Supreme Fries with Drinks (V3: 145288, V1: 122590)
2026-01-09 08:33:05,816 - DEBUG -   URL: https://menuadmin.menu.ca/?p=restaurants&display=editRestaurant&restaurant=1033&load=editDish&showLang=en&menuEntry=122590
2026-01-09 08:33:07,644 - DEBUG -   Found active group: SUpreme Fries Selection (V1 ID: 11253, Category: sd)
2026-01-09 08:33:07,658 - DEBUG -   Found active group: Drinks (V1 ID: 10770, Category: d)
2026-01-09 08:33:07,666 - INFO -   2 Small Supreme Fries with Drinks: 2 active modifier groups found
2026-01-09 08:33:07,807 - INFO -     ✓ Linked: 2 Small Supreme Fries with Drinks -> SUpreme Fries Selection (MG ID: 1922)
2026-01-09 08:33:07,922 - DEBUG -     Details: Choose 2 Dishes (min:2, max:2, free:0, order:5)
2026-01-09 08:33:08,062 - INFO -     ✓ Linked: 2 Small Supreme Fries with Drinks -> Drinks (MG ID: 1917)
2026-01-09 08:33:08,182 - DEBUG -     Details: First two 591ml Drinks Free (min:2, max:0, free:2, order:6)
2026-01-09 08:33:08,683 - INFO - 
2026-01-09 08:33:08,683 - INFO - 📍 Papa Joe's Pizza - Downtown (V3: 13, V1: 95)
2026-01-09 08:33:08,684 - INFO - --------------------------------------------------
2026-01-09 08:33:08,684 - INFO - [15/37] Combo 1 (V3: 160018, V1: 76355)
2026-01-09 08:33:08,684 - DEBUG -   URL: https://menuadmin.menu.ca/?p=restaurants&display=editRestaurant&restaurant=95&load=editDish&showLang=en&menuEntry=76355
2026-01-09 08:33:10,505 - DEBUG -   Found active group: Drinks - Can (V1 ID: 457, Category: d)
2026-01-09 08:33:10,513 - INFO -   Combo 1: 1 active modifier groups found
2026-01-09 08:33:10,649 - INFO -     ✓ Linked: Combo 1 -> Drinks - Can (MG ID: 2029)
2026-01-09 08:33:10,771 - DEBUG -     Details: Choose 1 Drink (min:1, max:1, free:0, order:6)
2026-01-09 08:33:11,279 - INFO - [16/37] Combo 2 (V3: 160019, V1: 76356)
2026-01-09 08:33:11,281 - DEBUG -   URL: https://menuadmin.menu.ca/?p=restaurants&display=editRestaurant&restaurant=95&load=editDish&showLang=en&menuEntry=76356
2026-01-09 08:33:13,095 - DEBUG -   Found active group: Drinks - Can (V1 ID: 457, Category: d)
2026-01-09 08:33:13,104 - INFO -   Combo 2: 1 active modifier groups found
2026-01-09 08:33:13,238 - INFO -     ✓ Linked: Combo 2 -> Drinks - Can (MG ID: 2029)
2026-01-09 08:33:13,364 - DEBUG -     Details: Choose 2 Drinks (min:2, max:2, free:0, order:6)
2026-01-09 08:33:13,871 - INFO - [17/37] Combo 3 (V3: 160020, V1: 76357)
2026-01-09 08:33:13,871 - DEBUG -   URL: https://menuadmin.menu.ca/?p=restaurants&display=editRestaurant&restaurant=95&load=editDish&showLang=en&menuEntry=76357
2026-01-09 08:33:15,689 - DEBUG -   Found active group: Drinks - Can (V1 ID: 457, Category: d)
2026-01-09 08:33:15,702 - INFO -   Combo 3: 1 active modifier groups found
2026-01-09 08:33:15,841 - INFO -     ✓ Linked: Combo 3 -> Drinks - Can (MG ID: 2029)
2026-01-09 08:33:15,956 - DEBUG -     Details: Choose 3 Drinks (min:3, max:3, free:0, order:6)
2026-01-09 08:33:16,457 - INFO - [18/37] 6 Cans (V3: 160121, V1: 51933)
2026-01-09 08:33:16,457 - DEBUG -   URL: https://menuadmin.menu.ca/?p=restaurants&display=editRestaurant&restaurant=95&load=editDish&showLang=en&menuEntry=51933
2026-01-09 08:33:18,275 - DEBUG -   Found active group: Drinks - Can (V1 ID: 457, Category: d)
2026-01-09 08:33:18,284 - INFO -   6 Cans: 1 active modifier groups found
2026-01-09 08:33:18,421 - INFO -     ✓ Linked: 6 Cans -> Drinks - Can (MG ID: 2029)
2026-01-09 08:33:18,549 - DEBUG -     Details: Drinks (min:6, max:6, free:0, order:6)
2026-01-09 08:33:19,050 - INFO - 
2026-01-09 08:33:19,050 - INFO - 📍 Prima Pizza (V3: 824, V1: 1069)
2026-01-09 08:33:19,051 - INFO - --------------------------------------------------
2026-01-09 08:33:19,051 - INFO - [19/37] Aloo Tiki Burger COMBO (V3: 149286, V1: 123220)
2026-01-09 08:33:19,051 - DEBUG -   URL: https://menuadmin.menu.ca/?p=restaurants&display=editRestaurant&restaurant=1069&load=editDish&showLang=en&menuEntry=123220
2026-01-09 08:33:20,887 - DEBUG -   Found active group: Burgers Veggie Options (V1 ID: 11316, Category: ci)
2026-01-09 08:33:20,915 - DEBUG -   Found active group: Burgers Sauces (V1 ID: 11317, Category: sa)
2026-01-09 08:33:20,936 - DEBUG -   Found active group: Chicken Fingers COMBO Side Dishes (V1 ID: 11314, Category: sd)
2026-01-09 08:33:20,960 - DEBUG -   Found active group: Chicken Fingers COMBO Drinks (V1 ID: 11315, Category: d)
2026-01-09 08:33:20,970 - INFO -   Aloo Tiki Burger COMBO: 4 active modifier groups found
2026-01-09 08:33:21,121 - INFO -     ✓ Linked: Aloo Tiki Burger COMBO -> Burgers Veggie Options (MG ID: 2098)
2026-01-09 08:33:21,245 - DEBUG -     Details: Choose your veggies (min:1, max:0, free:0, order:2)
2026-01-09 08:33:21,376 - INFO -     ✓ Linked: Aloo Tiki Burger COMBO -> Burgers Sauces (MG ID: 2099)
2026-01-09 08:33:21,494 - DEBUG -     Details: Choose your sauce (min:1, max:1, free:0, order:4)
2026-01-09 08:33:21,625 - INFO -     ✓ Linked: Aloo Tiki Burger COMBO -> Chicken Fingers COMBO Side Dishes (MG ID: 2096)
2026-01-09 08:33:21,748 - DEBUG -     Details: Choose your fries (min:1, max:1, free:0, order:5)
2026-01-09 08:33:21,878 - INFO -     ✓ Linked: Aloo Tiki Burger COMBO -> Chicken Fingers COMBO Drinks (MG ID: 2097)
2026-01-09 08:33:22,003 - DEBUG -     Details: Choose your drink (min:1, max:1, free:0, order:6)
2026-01-09 08:33:22,505 - INFO - [20/37] Bacon Cheeseburger COMBO (V3: 149280, V1: 123217)
2026-01-09 08:33:22,505 - DEBUG -   URL: https://menuadmin.menu.ca/?p=restaurants&display=editRestaurant&restaurant=1069&load=editDish&showLang=en&menuEntry=123217
2026-01-09 08:33:24,317 - DEBUG -   Found active group: Burgers Veggie Options (V1 ID: 11316, Category: ci)
2026-01-09 08:33:24,330 - DEBUG -   Found active group: Burgers Sauces (V1 ID: 11317, Category: sa)
2026-01-09 08:33:24,345 - DEBUG -   Found active group: Chicken Fingers COMBO Side Dishes (V1 ID: 11314, Category: sd)
2026-01-09 08:33:24,358 - DEBUG -   Found active group: Chicken Fingers COMBO Drinks (V1 ID: 11315, Category: d)
2026-01-09 08:33:24,367 - INFO -   Bacon Cheeseburger COMBO: 4 active modifier groups found
2026-01-09 08:33:24,510 - INFO -     ✓ Linked: Bacon Cheeseburger COMBO -> Burgers Veggie Options (MG ID: 2098)
2026-01-09 08:33:24,633 - DEBUG -     Details: Choose your veggies (min:1, max:0, free:0, order:2)
2026-01-09 08:33:24,772 - INFO -     ✓ Linked: Bacon Cheeseburger COMBO -> Burgers Sauces (MG ID: 2099)
2026-01-09 08:33:24,895 - DEBUG -     Details: Choose your sauce (min:1, max:1, free:0, order:4)
2026-01-09 08:33:25,028 - INFO -     ✓ Linked: Bacon Cheeseburger COMBO -> Chicken Fingers COMBO Side Dishes (MG ID: 2096)
2026-01-09 08:33:25,148 - DEBUG -     Details: Choose your fries (min:1, max:1, free:0, order:5)
2026-01-09 08:33:25,279 - INFO -     ✓ Linked: Bacon Cheeseburger COMBO -> Chicken Fingers COMBO Drinks (MG ID: 2097)
2026-01-09 08:33:25,404 - DEBUG -     Details: Choose your drink (min:1, max:1, free:0, order:6)
2026-01-09 08:33:25,910 - INFO - [21/37] Beyond Meat Burger COMBO (V3: 149288, V1: 123221)
2026-01-09 08:33:25,911 - DEBUG -   URL: https://menuadmin.menu.ca/?p=restaurants&display=editRestaurant&restaurant=1069&load=editDish&showLang=en&menuEntry=123221
2026-01-09 08:33:27,743 - DEBUG -   Found active group: Burgers Veggie Options (V1 ID: 11316, Category: ci)
2026-01-09 08:33:27,754 - DEBUG -   Found active group: Burgers Sauces (V1 ID: 11317, Category: sa)
2026-01-09 08:33:27,765 - DEBUG -   Found active group: Chicken Fingers COMBO Side Dishes (V1 ID: 11314, Category: sd)
2026-01-09 08:33:27,777 - DEBUG -   Found active group: Chicken Fingers COMBO Drinks (V1 ID: 11315, Category: d)
2026-01-09 08:33:27,783 - INFO -   Beyond Meat Burger COMBO: 4 active modifier groups found
2026-01-09 08:33:27,921 - INFO -     ✓ Linked: Beyond Meat Burger COMBO -> Burgers Veggie Options (MG ID: 2098)
2026-01-09 08:33:28,045 - DEBUG -     Details: Choose your veggies (min:1, max:0, free:0, order:2)
2026-01-09 08:33:28,182 - INFO -     ✓ Linked: Beyond Meat Burger COMBO -> Burgers Sauces (MG ID: 2099)
2026-01-09 08:33:28,294 - DEBUG -     Details: Choose your sauce (min:1, max:1, free:0, order:4)
2026-01-09 08:33:28,430 - INFO -     ✓ Linked: Beyond Meat Burger COMBO -> Chicken Fingers COMBO Side Dishes (MG ID: 2096)
2026-01-09 08:33:28,545 - DEBUG -     Details: Choose your fries (min:1, max:1, free:0, order:5)
2026-01-09 08:33:28,676 - INFO -     ✓ Linked: Beyond Meat Burger COMBO -> Chicken Fingers COMBO Drinks (MG ID: 2097)
2026-01-09 08:33:28,801 - DEBUG -     Details: Choose your drink (min:1, max:1, free:0, order:6)
2026-01-09 08:33:29,303 - INFO - [22/37] Cheeseburger COMBO (V3: 149278, V1: 123216)
2026-01-09 08:33:29,304 - DEBUG -   URL: https://menuadmin.menu.ca/?p=restaurants&display=editRestaurant&restaurant=1069&load=editDish&showLang=en&menuEntry=123216
2026-01-09 08:33:31,109 - DEBUG -   Found active group: Burgers Veggie Options (V1 ID: 11316, Category: ci)
2026-01-09 08:33:31,119 - DEBUG -   Found active group: Burgers Sauces (V1 ID: 11317, Category: sa)
2026-01-09 08:33:31,130 - DEBUG -   Found active group: Chicken Fingers COMBO Side Dishes (V1 ID: 11314, Category: sd)
2026-01-09 08:33:31,139 - DEBUG -   Found active group: Chicken Fingers COMBO Drinks (V1 ID: 11315, Category: d)
2026-01-09 08:33:31,145 - INFO -   Cheeseburger COMBO: 4 active modifier groups found
2026-01-09 08:33:31,277 - INFO -     ✓ Linked: Cheeseburger COMBO -> Burgers Veggie Options (MG ID: 2098)
2026-01-09 08:33:31,394 - DEBUG -     Details: Choose your veggies (min:1, max:0, free:0, order:2)
2026-01-09 08:33:31,525 - INFO -     ✓ Linked: Cheeseburger COMBO -> Burgers Sauces (MG ID: 2099)
2026-01-09 08:33:31,648 - DEBUG -     Details: Choose your sauce (min:1, max:1, free:0, order:4)
2026-01-09 08:33:31,784 - INFO -     ✓ Linked: Cheeseburger COMBO -> Chicken Fingers COMBO Side Dishes (MG ID: 2096)
2026-01-09 08:33:31,900 - DEBUG -     Details: Choose your fries (min:1, max:1, free:0, order:5)
2026-01-09 08:33:32,057 - INFO -     ✓ Linked: Cheeseburger COMBO -> Chicken Fingers COMBO Drinks (MG ID: 2097)
2026-01-09 08:33:32,185 - DEBUG -     Details: Choose your drink (min:1, max:1, free:0, order:6)
2026-01-09 08:33:32,687 - INFO - [23/37] Chicken Burger COMBO (V3: 149282, V1: 123218)
2026-01-09 08:33:32,687 - DEBUG -   URL: https://menuadmin.menu.ca/?p=restaurants&display=editRestaurant&restaurant=1069&load=editDish&showLang=en&menuEntry=123218
2026-01-09 08:33:34,521 - DEBUG -   Found active group: Burgers Veggie Options (V1 ID: 11316, Category: ci)
2026-01-09 08:33:34,531 - DEBUG -   Found active group: Burgers Sauces (V1 ID: 11317, Category: sa)
2026-01-09 08:33:34,540 - DEBUG -   Found active group: Chicken Fingers COMBO Side Dishes (V1 ID: 11314, Category: sd)
2026-01-09 08:33:34,549 - DEBUG -   Found active group: Chicken Fingers COMBO Drinks (V1 ID: 11315, Category: d)
2026-01-09 08:33:34,555 - INFO -   Chicken Burger COMBO: 4 active modifier groups found
2026-01-09 08:33:34,687 - INFO -     ✓ Linked: Chicken Burger COMBO -> Burgers Veggie Options (MG ID: 2098)
2026-01-09 08:33:34,802 - DEBUG -     Details: Choose your veggies (min:0, max:0, free:0, order:2)
2026-01-09 08:33:34,941 - INFO -     ✓ Linked: Chicken Burger COMBO -> Burgers Sauces (MG ID: 2099)
2026-01-09 08:33:35,069 - DEBUG -     Details: Choose your sauce (min:1, max:1, free:0, order:4)
2026-01-09 08:33:35,203 - INFO -     ✓ Linked: Chicken Burger COMBO -> Chicken Fingers COMBO Side Dishes (MG ID: 2096)
2026-01-09 08:33:35,312 - DEBUG -     Details: Choose your fries (min:1, max:1, free:0, order:5)
2026-01-09 08:33:35,444 - INFO -     ✓ Linked: Chicken Burger COMBO -> Chicken Fingers COMBO Drinks (MG ID: 2097)
2026-01-09 08:33:35,564 - DEBUG -     Details: Choose your drink (min:1, max:1, free:0, order:6)
2026-01-09 08:33:36,066 - INFO - [24/37] Double Ham Burger COMBO (V3: 149276, V1: 123215)
2026-01-09 08:33:36,067 - DEBUG -   URL: https://menuadmin.menu.ca/?p=restaurants&display=editRestaurant&restaurant=1069&load=editDish&showLang=en&menuEntry=123215
2026-01-09 08:33:37,895 - DEBUG -   Found active group: Burgers Veggie Options (V1 ID: 11316, Category: ci)
2026-01-09 08:33:37,912 - DEBUG -   Found active group: Burgers Sauces (V1 ID: 11317, Category: sa)
2026-01-09 08:33:37,922 - DEBUG -   Found active group: Chicken Fingers COMBO Side Dishes (V1 ID: 11314, Category: sd)
2026-01-09 08:33:37,931 - DEBUG -   Found active group: Chicken Fingers COMBO Drinks (V1 ID: 11315, Category: d)
2026-01-09 08:33:37,937 - INFO -   Double Ham Burger COMBO: 4 active modifier groups found
2026-01-09 08:33:38,081 - INFO -     ✓ Linked: Double Ham Burger COMBO -> Burgers Veggie Options (MG ID: 2098)
2026-01-09 08:33:38,194 - DEBUG -     Details: Choose your veggies (min:1, max:0, free:0, order:2)
2026-01-09 08:33:38,338 - INFO -     ✓ Linked: Double Ham Burger COMBO -> Burgers Sauces (MG ID: 2099)
2026-01-09 08:33:38,456 - DEBUG -     Details: Choose your sauce (min:1, max:1, free:0, order:4)
2026-01-09 08:33:38,587 - INFO -     ✓ Linked: Double Ham Burger COMBO -> Chicken Fingers COMBO Side Dishes (MG ID: 2096)
2026-01-09 08:33:38,709 - DEBUG -     Details: Choose your fries (min:1, max:1, free:0, order:5)
2026-01-09 08:33:38,844 - INFO -     ✓ Linked: Double Ham Burger COMBO -> Chicken Fingers COMBO Drinks (MG ID: 2097)
2026-01-09 08:33:38,963 - DEBUG -     Details: Choose your drink (min:1, max:1, free:0, order:6)
2026-01-09 08:33:39,473 - INFO - [25/37] Hamburger COMBO (V3: 149274, V1: 123214)
2026-01-09 08:33:39,473 - DEBUG -   URL: https://menuadmin.menu.ca/?p=restaurants&display=editRestaurant&restaurant=1069&load=editDish&showLang=en&menuEntry=123214
2026-01-09 08:33:41,322 - DEBUG -   Found active group: Burgers Veggie Options (V1 ID: 11316, Category: ci)
2026-01-09 08:33:41,333 - DEBUG -   Found active group: Burgers Sauces (V1 ID: 11317, Category: sa)
2026-01-09 08:33:41,345 - DEBUG -   Found active group: Chicken Fingers COMBO Side Dishes (V1 ID: 11314, Category: sd)
2026-01-09 08:33:41,357 - DEBUG -   Found active group: Chicken Fingers COMBO Drinks (V1 ID: 11315, Category: d)
2026-01-09 08:33:41,363 - INFO -   Hamburger COMBO: 4 active modifier groups found
2026-01-09 08:33:41,500 - INFO -     ✓ Linked: Hamburger COMBO -> Burgers Veggie Options (MG ID: 2098)
2026-01-09 08:33:41,619 - DEBUG -     Details: Choose your veggies (min:1, max:0, free:0, order:2)
2026-01-09 08:33:41,747 - INFO -     ✓ Linked: Hamburger COMBO -> Burgers Sauces (MG ID: 2099)
2026-01-09 08:33:41,869 - DEBUG -     Details: Choose your sauce (min:1, max:1, free:0, order:4)
2026-01-09 08:33:42,007 - INFO -     ✓ Linked: Hamburger COMBO -> Chicken Fingers COMBO Side Dishes (MG ID: 2096)
2026-01-09 08:33:42,132 - DEBUG -     Details: Choose your fries (min:1, max:1, free:0, order:5)
2026-01-09 08:33:42,267 - INFO -     ✓ Linked: Hamburger COMBO -> Chicken Fingers COMBO Drinks (MG ID: 2097)
2026-01-09 08:33:42,384 - DEBUG -     Details: Choose your drink (min:1, max:1, free:0, order:6)
2026-01-09 08:33:42,886 - INFO - [26/37] Veggie Burger COMBO (V3: 149284, V1: 123219)
2026-01-09 08:33:42,886 - DEBUG -   URL: https://menuadmin.menu.ca/?p=restaurants&display=editRestaurant&restaurant=1069&load=editDish&showLang=en&menuEntry=123219
2026-01-09 08:33:44,738 - DEBUG -   Found active group: Burgers Veggie Options (V1 ID: 11316, Category: ci)
2026-01-09 08:33:44,747 - DEBUG -   Found active group: Burgers Sauces (V1 ID: 11317, Category: sa)
2026-01-09 08:33:44,756 - DEBUG -   Found active group: Chicken Fingers COMBO Side Dishes (V1 ID: 11314, Category: sd)
2026-01-09 08:33:44,765 - DEBUG -   Found active group: Chicken Fingers COMBO Drinks (V1 ID: 11315, Category: d)
2026-01-09 08:33:44,772 - INFO -   Veggie Burger COMBO: 4 active modifier groups found
2026-01-09 08:33:44,906 - INFO -     ✓ Linked: Veggie Burger COMBO -> Burgers Veggie Options (MG ID: 2098)
2026-01-09 08:33:45,030 - DEBUG -     Details: Choose your veggies (min:1, max:0, free:0, order:2)
2026-01-09 08:33:45,168 - INFO -     ✓ Linked: Veggie Burger COMBO -> Burgers Sauces (MG ID: 2099)
2026-01-09 08:33:45,303 - DEBUG -     Details: Choose your sauce (min:1, max:1, free:0, order:4)
2026-01-09 08:33:45,438 - INFO -     ✓ Linked: Veggie Burger COMBO -> Chicken Fingers COMBO Side Dishes (MG ID: 2096)
2026-01-09 08:33:45,553 - DEBUG -     Details: Choose your fries (min:1, max:1, free:0, order:5)
2026-01-09 08:33:45,690 - INFO -     ✓ Linked: Veggie Burger COMBO -> Chicken Fingers COMBO Drinks (MG ID: 2097)
2026-01-09 08:33:45,801 - DEBUG -     Details: Choose your drink (min:1, max:1, free:0, order:6)
2026-01-09 08:33:46,311 - INFO - [27/37] Chicken Fingers COMBO (V3: 149259, V1: 123211)
2026-01-09 08:33:46,311 - DEBUG -   URL: https://menuadmin.menu.ca/?p=restaurants&display=editRestaurant&restaurant=1069&load=editDish&showLang=en&menuEntry=123211
2026-01-09 08:33:48,154 - DEBUG -   Found active group: Wings Sauces (V1 ID: 11183, Category: sa)
2026-01-09 08:33:48,170 - DEBUG -   Found active group: Chicken Fingers COMBO Side Dishes (V1 ID: 11314, Category: sd)
2026-01-09 08:33:48,183 - DEBUG -   Found active group: Chicken Fingers COMBO Drinks (V1 ID: 11315, Category: d)
2026-01-09 08:33:48,193 - INFO -   Chicken Fingers COMBO: 3 active modifier groups found
2026-01-09 08:33:48,331 - INFO -     ✓ Linked: Chicken Fingers COMBO -> Wings Sauces (MG ID: 2093)
2026-01-09 08:33:48,445 - DEBUG -     Details: Choose your dip (min:1, max:1, free:0, order:4)
2026-01-09 08:33:48,585 - INFO -     ✓ Linked: Chicken Fingers COMBO -> Chicken Fingers COMBO Side Dishes (MG ID: 2096)
2026-01-09 08:33:48,698 - DEBUG -     Details: Choose your fries (min:1, max:1, free:0, order:3)
2026-01-09 08:33:48,830 - INFO -     ✓ Linked: Chicken Fingers COMBO -> Chicken Fingers COMBO Drinks (MG ID: 2097)
2026-01-09 08:33:48,950 - DEBUG -     Details: Choose your drink (min:1, max:1, free:0, order:6)
2026-01-09 08:33:49,457 - INFO - [28/37] Aloo Tiki Sub COMBO (V3: 149298, V1: 123226)
2026-01-09 08:33:49,457 - DEBUG -   URL: https://menuadmin.menu.ca/?p=restaurants&display=editRestaurant&restaurant=1069&load=editDish&showLang=en&menuEntry=123226
2026-01-09 08:33:51,319 - DEBUG -   Found active group: Custom Ing for SUBS (V1 ID: 11319, Category: ci)
2026-01-09 08:33:51,329 - DEBUG -   Found active group: Sauces for SUBS (V1 ID: 11320, Category: sa)
2026-01-09 08:33:51,339 - DEBUG -   Found active group: Chicken Fingers COMBO Side Dishes (V1 ID: 11314, Category: sd)
2026-01-09 08:33:51,349 - DEBUG -   Found active group: Chicken Fingers COMBO Drinks (V1 ID: 11315, Category: d)
2026-01-09 08:33:51,359 - DEBUG -   Found active group: Extras for SUBS (V1 ID: 11318, Category: e)
2026-01-09 08:33:51,371 - DEBUG -   Found active group: Cheese or No Cheese for SUBS (V1 ID: 11324, Category: cm)
2026-01-09 08:33:51,371 - INFO -   Aloo Tiki Sub COMBO: 6 active modifier groups found
2026-01-09 08:33:51,504 - INFO -     ✓ Linked: Aloo Tiki Sub COMBO -> Custom Ing for SUBS (MG ID: 2101)
2026-01-09 08:33:51,619 - DEBUG -     Details: Custom Ingredients (min:0, max:0, free:0, order:2)
2026-01-09 08:33:51,751 - INFO -     ✓ Linked: Aloo Tiki Sub COMBO -> Sauces for SUBS (MG ID: 2102)
2026-01-09 08:33:51,875 - DEBUG -     Details: Sauces (min:1, max:1, free:0, order:4)
2026-01-09 08:33:52,006 - INFO -     ✓ Linked: Aloo Tiki Sub COMBO -> Chicken Fingers COMBO Side Dishes (MG ID: 2096)
2026-01-09 08:33:52,134 - DEBUG -     Details: Choose your fries (min:1, max:1, free:0, order:5)
2026-01-09 08:33:52,274 - INFO -     ✓ Linked: Aloo Tiki Sub COMBO -> Chicken Fingers COMBO Drinks (MG ID: 2097)
2026-01-09 08:33:52,390 - DEBUG -     Details: Choose your drink (min:1, max:1, free:0, order:6)
2026-01-09 08:33:52,520 - INFO -     ✓ Linked: Aloo Tiki Sub COMBO -> Extras for SUBS (MG ID: 2100)
2026-01-09 08:33:52,638 - DEBUG -     Details: Extras (min:0, max:0, free:0, order:3)
2026-01-09 08:33:52,775 - INFO -     ✓ Linked: Aloo Tiki Sub COMBO -> Cheese or No Cheese for SUBS (MG ID: 2103)
2026-01-09 08:33:52,877 - DEBUG -     Details: Cooking Method (min:0, max:0, free:0, order:1)
2026-01-09 08:33:53,388 - INFO - [29/37] Club Sub COMBO (V3: 149292, V1: 123223)
2026-01-09 08:33:53,388 - DEBUG -   URL: https://menuadmin.menu.ca/?p=restaurants&display=editRestaurant&restaurant=1069&load=editDish&showLang=en&menuEntry=123223
2026-01-09 08:33:55,212 - DEBUG -   Found active group: Custom Ing for SUBS (V1 ID: 11319, Category: ci)
2026-01-09 08:33:55,226 - DEBUG -   Found active group: Sauces for SUBS (V1 ID: 11320, Category: sa)
2026-01-09 08:33:55,239 - DEBUG -   Found active group: Chicken Fingers COMBO Side Dishes (V1 ID: 11314, Category: sd)
2026-01-09 08:33:55,253 - DEBUG -   Found active group: Chicken Fingers COMBO Drinks (V1 ID: 11315, Category: d)
2026-01-09 08:33:55,267 - DEBUG -   Found active group: Extras for SUBS (V1 ID: 11318, Category: e)
2026-01-09 08:33:55,286 - DEBUG -   Found active group: Cheese or No Cheese for SUBS (V1 ID: 11324, Category: cm)
2026-01-09 08:33:55,286 - INFO -   Club Sub COMBO: 6 active modifier groups found
2026-01-09 08:33:55,421 - INFO -     ✓ Linked: Club Sub COMBO -> Custom Ing for SUBS (MG ID: 2101)
2026-01-09 08:33:55,541 - DEBUG -     Details: Custom Ingredients (min:0, max:0, free:0, order:2)
2026-01-09 08:33:55,677 - INFO -     ✓ Linked: Club Sub COMBO -> Sauces for SUBS (MG ID: 2102)
2026-01-09 08:33:55,794 - DEBUG -     Details: Sauces (min:1, max:1, free:0, order:4)
2026-01-09 08:33:55,923 - INFO -     ✓ Linked: Club Sub COMBO -> Chicken Fingers COMBO Side Dishes (MG ID: 2096)
2026-01-09 08:33:56,039 - DEBUG -     Details: Choose your fries (min:1, max:1, free:0, order:5)
2026-01-09 08:33:56,172 - INFO -     ✓ Linked: Club Sub COMBO -> Chicken Fingers COMBO Drinks (MG ID: 2097)
2026-01-09 08:33:56,294 - DEBUG -     Details: Choose your drink (min:1, max:1, free:0, order:6)
2026-01-09 08:33:56,432 - INFO -     ✓ Linked: Club Sub COMBO -> Extras for SUBS (MG ID: 2100)
2026-01-09 08:33:56,554 - DEBUG -     Details: Extras (min:0, max:0, free:0, order:3)
2026-01-09 08:33:56,683 - INFO -     ✓ Linked: Club Sub COMBO -> Cheese or No Cheese for SUBS (MG ID: 2103)
2026-01-09 08:33:56,784 - DEBUG -     Details: Cooking Method (min:0, max:0, free:0, order:1)
2026-01-09 08:33:57,289 - INFO - [30/37] Crispy Chicken Sub COMBO (V3: 149294, V1: 123224)
2026-01-09 08:33:57,289 - DEBUG -   URL: https://menuadmin.menu.ca/?p=restaurants&display=editRestaurant&restaurant=1069&load=editDish&showLang=en&menuEntry=123224
2026-01-09 08:33:59,109 - DEBUG -   Found active group: Custom Ing for SUBS (V1 ID: 11319, Category: ci)
2026-01-09 08:33:59,123 - DEBUG -   Found active group: Sauces for SUBS (V1 ID: 11320, Category: sa)
2026-01-09 08:33:59,137 - DEBUG -   Found active group: Chicken Fingers COMBO Side Dishes (V1 ID: 11314, Category: sd)
2026-01-09 08:33:59,151 - DEBUG -   Found active group: Chicken Fingers COMBO Drinks (V1 ID: 11315, Category: d)
2026-01-09 08:33:59,166 - DEBUG -   Found active group: Extras for SUBS (V1 ID: 11318, Category: e)
2026-01-09 08:33:59,185 - DEBUG -   Found active group: Cheese or No Cheese for SUBS (V1 ID: 11324, Category: cm)
2026-01-09 08:33:59,185 - INFO -   Crispy Chicken Sub COMBO: 6 active modifier groups found
2026-01-09 08:33:59,321 - INFO -     ✓ Linked: Crispy Chicken Sub COMBO -> Custom Ing for SUBS (MG ID: 2101)
2026-01-09 08:33:59,438 - DEBUG -     Details: Custom Ingredients (min:0, max:0, free:0, order:2)
2026-01-09 08:33:59,571 - INFO -     ✓ Linked: Crispy Chicken Sub COMBO -> Sauces for SUBS (MG ID: 2102)
2026-01-09 08:33:59,688 - DEBUG -     Details: Sauces (min:1, max:1, free:0, order:4)
2026-01-09 08:33:59,823 - INFO -     ✓ Linked: Crispy Chicken Sub COMBO -> Chicken Fingers COMBO Side Dishes (MG ID: 2096)
2026-01-09 08:33:59,942 - DEBUG -     Details: Choose your fries (min:1, max:1, free:0, order:5)
2026-01-09 08:34:00,079 - INFO -     ✓ Linked: Crispy Chicken Sub COMBO -> Chicken Fingers COMBO Drinks (MG ID: 2097)
2026-01-09 08:34:00,205 - DEBUG -     Details: Choose your drink (min:1, max:1, free:0, order:6)
2026-01-09 08:34:00,340 - INFO -     ✓ Linked: Crispy Chicken Sub COMBO -> Extras for SUBS (MG ID: 2100)
2026-01-09 08:34:00,470 - DEBUG -     Details: Extras (min:0, max:0, free:0, order:3)
2026-01-09 08:34:00,600 - INFO -     ✓ Linked: Crispy Chicken Sub COMBO -> Cheese or No Cheese for SUBS (MG ID: 2103)
2026-01-09 08:34:00,700 - DEBUG -     Details: Cooking Method (min:0, max:0, free:0, order:1)
2026-01-09 08:34:01,204 - INFO - [31/37] Ham Sub COMBO (V3: 149304, V1: 123229)
2026-01-09 08:34:01,204 - DEBUG -   URL: https://menuadmin.menu.ca/?p=restaurants&display=editRestaurant&restaurant=1069&load=editDish&showLang=en&menuEntry=123229
2026-01-09 08:34:03,017 - DEBUG -   Found active group: Custom Ing for SUBS (V1 ID: 11319, Category: ci)
2026-01-09 08:34:03,033 - DEBUG -   Found active group: Sauces for SUBS (V1 ID: 11320, Category: sa)
2026-01-09 08:34:03,054 - DEBUG -   Found active group: Chicken Fingers COMBO Side Dishes (V1 ID: 11314, Category: sd)
2026-01-09 08:34:03,071 - DEBUG -   Found active group: Chicken Fingers COMBO Drinks (V1 ID: 11315, Category: d)
2026-01-09 08:34:03,090 - DEBUG -   Found active group: Extras for SUBS (V1 ID: 11318, Category: e)
2026-01-09 08:34:03,112 - DEBUG -   Found active group: Cheese or No Cheese for SUBS (V1 ID: 11324, Category: cm)
2026-01-09 08:34:03,112 - INFO -   Ham Sub COMBO: 6 active modifier groups found
2026-01-09 08:34:03,241 - INFO -     ✓ Linked: Ham Sub COMBO -> Custom Ing for SUBS (MG ID: 2101)
2026-01-09 08:34:03,359 - DEBUG -     Details: Custom Ingredients (min:0, max:0, free:0, order:2)
2026-01-09 08:34:03,486 - INFO -     ✓ Linked: Ham Sub COMBO -> Sauces for SUBS (MG ID: 2102)
2026-01-09 08:34:03,606 - DEBUG -     Details: Sauces (min:1, max:1, free:0, order:4)
2026-01-09 08:34:03,741 - INFO -     ✓ Linked: Ham Sub COMBO -> Chicken Fingers COMBO Side Dishes (MG ID: 2096)
2026-01-09 08:34:03,860 - DEBUG -     Details: Choose your fries (min:1, max:1, free:0, order:5)
2026-01-09 08:34:03,995 - INFO -     ✓ Linked: Ham Sub COMBO -> Chicken Fingers COMBO Drinks (MG ID: 2097)
2026-01-09 08:34:04,128 - DEBUG -     Details: Choose your drink (min:1, max:1, free:0, order:6)
2026-01-09 08:34:04,259 - INFO -     ✓ Linked: Ham Sub COMBO -> Extras for SUBS (MG ID: 2100)
2026-01-09 08:34:04,383 - DEBUG -     Details: Extras (min:0, max:0, free:0, order:7)
2026-01-09 08:34:04,513 - INFO -     ✓ Linked: Ham Sub COMBO -> Cheese or No Cheese for SUBS (MG ID: 2103)
2026-01-09 08:34:04,611 - DEBUG -     Details: Cooking Method (min:0, max:0, free:0, order:1)
2026-01-09 08:34:05,116 - INFO - [32/37] Meatball Marinara Sub COMBO (V3: 149308, V1: 123232)
2026-01-09 08:34:05,117 - DEBUG -   URL: https://menuadmin.menu.ca/?p=restaurants&display=editRestaurant&restaurant=1069&load=editDish&showLang=en&menuEntry=123232
2026-01-09 08:34:06,958 - DEBUG -   Found active group: Custom Ing for SUBS (V1 ID: 11319, Category: ci)
2026-01-09 08:34:06,971 - DEBUG -   Found active group: Sauces for SUBS (V1 ID: 11320, Category: sa)
2026-01-09 08:34:06,985 - DEBUG -   Found active group: Chicken Fingers COMBO Side Dishes (V1 ID: 11314, Category: sd)
2026-01-09 08:34:06,998 - DEBUG -   Found active group: Chicken Fingers COMBO Drinks (V1 ID: 11315, Category: d)
2026-01-09 08:34:07,012 - DEBUG -   Found active group: Extras for SUBS (V1 ID: 11318, Category: e)
2026-01-09 08:34:07,030 - DEBUG -   Found active group: Cheese or No Cheese for SUBS (V1 ID: 11324, Category: cm)
2026-01-09 08:34:07,030 - INFO -   Meatball Marinara Sub COMBO: 6 active modifier groups found
2026-01-09 08:34:07,162 - INFO -     ✓ Linked: Meatball Marinara Sub COMBO -> Custom Ing for SUBS (MG ID: 2101)
2026-01-09 08:34:07,286 - DEBUG -     Details: Custom Ingredients (min:0, max:0, free:0, order:2)
2026-01-09 08:34:07,411 - INFO -     ✓ Linked: Meatball Marinara Sub COMBO -> Sauces for SUBS (MG ID: 2102)
2026-01-09 08:34:07,535 - DEBUG -     Details: Sauces (min:1, max:1, free:0, order:4)
2026-01-09 08:34:07,663 - INFO -     ✓ Linked: Meatball Marinara Sub COMBO -> Chicken Fingers COMBO Side Dishes (MG ID: 2096)
2026-01-09 08:34:07,799 - DEBUG -     Details: Choose your fries (min:1, max:1, free:0, order:5)
2026-01-09 08:34:07,928 - INFO -     ✓ Linked: Meatball Marinara Sub COMBO -> Chicken Fingers COMBO Drinks (MG ID: 2097)
2026-01-09 08:34:08,049 - DEBUG -     Details: Choose your drink (min:1, max:1, free:0, order:6)
2026-01-09 08:34:08,180 - INFO -     ✓ Linked: Meatball Marinara Sub COMBO -> Extras for SUBS (MG ID: 2100)
2026-01-09 08:34:08,310 - DEBUG -     Details: Extras (min:0, max:0, free:0, order:3)
2026-01-09 08:34:08,437 - INFO -     ✓ Linked: Meatball Marinara Sub COMBO -> Cheese or No Cheese for SUBS (MG ID: 2103)
2026-01-09 08:34:08,543 - DEBUG -     Details: Cooking Method (min:0, max:0, free:0, order:1)
2026-01-09 08:34:09,045 - INFO - [33/37] Pepperoni Pizza Sub COMBO (V3: 149290, V1: 123222)
2026-01-09 08:34:09,045 - DEBUG -   URL: https://menuadmin.menu.ca/?p=restaurants&display=editRestaurant&restaurant=1069&load=editDish&showLang=en&menuEntry=123222
2026-01-09 08:34:10,896 - DEBUG -   Found active group: Custom Ing for SUBS (V1 ID: 11319, Category: ci)
2026-01-09 08:34:10,909 - DEBUG -   Found active group: Sauces for SUBS (V1 ID: 11320, Category: sa)
2026-01-09 08:34:10,923 - DEBUG -   Found active group: Chicken Fingers COMBO Side Dishes (V1 ID: 11314, Category: sd)
2026-01-09 08:34:10,937 - DEBUG -   Found active group: Chicken Fingers COMBO Drinks (V1 ID: 11315, Category: d)
2026-01-09 08:34:10,951 - DEBUG -   Found active group: Extras for SUBS (V1 ID: 11318, Category: e)
2026-01-09 08:34:10,969 - DEBUG -   Found active group: Cheese or No Cheese for SUBS (V1 ID: 11324, Category: cm)
2026-01-09 08:34:10,969 - INFO -   Pepperoni Pizza Sub COMBO: 6 active modifier groups found
2026-01-09 08:34:11,103 - INFO -     ✓ Linked: Pepperoni Pizza Sub COMBO -> Custom Ing for SUBS (MG ID: 2101)
2026-01-09 08:34:11,225 - DEBUG -     Details: Custom Ingredients (min:0, max:0, free:0, order:2)
2026-01-09 08:34:11,351 - INFO -     ✓ Linked: Pepperoni Pizza Sub COMBO -> Sauces for SUBS (MG ID: 2102)
2026-01-09 08:34:11,470 - DEBUG -     Details: Sauces (min:1, max:1, free:0, order:4)
2026-01-09 08:34:11,597 - INFO -     ✓ Linked: Pepperoni Pizza Sub COMBO -> Chicken Fingers COMBO Side Dishes (MG ID: 2096)
2026-01-09 08:34:11,715 - DEBUG -     Details: Choose your fries (min:1, max:1, free:0, order:5)
2026-01-09 08:34:11,846 - INFO -     ✓ Linked: Pepperoni Pizza Sub COMBO -> Chicken Fingers COMBO Drinks (MG ID: 2097)
2026-01-09 08:34:11,971 - DEBUG -     Details: Choose your drink (min:1, max:1, free:0, order:6)
2026-01-09 08:34:12,108 - INFO -     ✓ Linked: Pepperoni Pizza Sub COMBO -> Extras for SUBS (MG ID: 2100)
2026-01-09 08:34:12,230 - DEBUG -     Details: Extras (min:0, max:0, free:0, order:3)
2026-01-09 08:34:12,357 - INFO -     ✓ Linked: Pepperoni Pizza Sub COMBO -> Cheese or No Cheese for SUBS (MG ID: 2103)
2026-01-09 08:34:12,458 - DEBUG -     Details: Cooking Method (min:0, max:0, free:0, order:1)
2026-01-09 08:34:12,961 - INFO - [34/37] Philly Steak Sub COMBO (V3: 149300, V1: 123227)
2026-01-09 08:34:12,961 - DEBUG -   URL: https://menuadmin.menu.ca/?p=restaurants&display=editRestaurant&restaurant=1069&load=editDish&showLang=en&menuEntry=123227
2026-01-09 08:34:14,786 - DEBUG -   Found active group: Custom Ing for SUBS (V1 ID: 11319, Category: ci)
2026-01-09 08:34:14,799 - DEBUG -   Found active group: Sauces for SUBS (V1 ID: 11320, Category: sa)
2026-01-09 08:34:14,813 - DEBUG -   Found active group: Chicken Fingers COMBO Side Dishes (V1 ID: 11314, Category: sd)
2026-01-09 08:34:14,828 - DEBUG -   Found active group: Chicken Fingers COMBO Drinks (V1 ID: 11315, Category: d)
2026-01-09 08:34:14,841 - DEBUG -   Found active group: Extras for SUBS (V1 ID: 11318, Category: e)
2026-01-09 08:34:14,860 - DEBUG -   Found active group: Cheese or No Cheese for SUBS (V1 ID: 11324, Category: cm)
2026-01-09 08:34:14,860 - INFO -   Philly Steak Sub COMBO: 6 active modifier groups found
2026-01-09 08:34:14,994 - INFO -     ✓ Linked: Philly Steak Sub COMBO -> Custom Ing for SUBS (MG ID: 2101)
2026-01-09 08:34:15,122 - DEBUG -     Details: Custom Ingredients (min:0, max:0, free:0, order:2)
2026-01-09 08:34:15,246 - INFO -     ✓ Linked: Philly Steak Sub COMBO -> Sauces for SUBS (MG ID: 2102)
2026-01-09 08:34:15,370 - DEBUG -     Details: Sauces (min:1, max:1, free:0, order:4)
2026-01-09 08:34:15,504 - INFO -     ✓ Linked: Philly Steak Sub COMBO -> Chicken Fingers COMBO Side Dishes (MG ID: 2096)
2026-01-09 08:34:15,623 - DEBUG -     Details: Choose your fries (min:1, max:1, free:0, order:5)
2026-01-09 08:34:15,761 - INFO -     ✓ Linked: Philly Steak Sub COMBO -> Chicken Fingers COMBO Drinks (MG ID: 2097)
2026-01-09 08:34:15,876 - DEBUG -     Details: Choose your drink (min:1, max:1, free:0, order:6)
2026-01-09 08:34:16,006 - INFO -     ✓ Linked: Philly Steak Sub COMBO -> Extras for SUBS (MG ID: 2100)
2026-01-09 08:34:16,130 - DEBUG -     Details: Extras (min:0, max:0, free:0, order:3)
2026-01-09 08:34:16,260 - INFO -     ✓ Linked: Philly Steak Sub COMBO -> Cheese or No Cheese for SUBS (MG ID: 2103)
2026-01-09 08:34:16,363 - DEBUG -     Details: Cooking Method (min:0, max:0, free:0, order:1)
2026-01-09 08:34:16,869 - INFO - [35/37] Turkey and Ham Sub COMBO (V3: 149306, V1: 123230)
2026-01-09 08:34:16,869 - DEBUG -   URL: https://menuadmin.menu.ca/?p=restaurants&display=editRestaurant&restaurant=1069&load=editDish&showLang=en&menuEntry=123230
2026-01-09 08:34:18,713 - DEBUG -   Found active group: Custom Ing for SUBS (V1 ID: 11319, Category: ci)
2026-01-09 08:34:18,727 - DEBUG -   Found active group: Sauces for SUBS (V1 ID: 11320, Category: sa)
2026-01-09 08:34:18,741 - DEBUG -   Found active group: Chicken Fingers COMBO Side Dishes (V1 ID: 11314, Category: sd)
2026-01-09 08:34:18,756 - DEBUG -   Found active group: Chicken Fingers COMBO Drinks (V1 ID: 11315, Category: d)
2026-01-09 08:34:18,769 - DEBUG -   Found active group: Extras for SUBS (V1 ID: 11318, Category: e)
2026-01-09 08:34:18,787 - DEBUG -   Found active group: Cheese or No Cheese for SUBS (V1 ID: 11324, Category: cm)
2026-01-09 08:34:18,788 - INFO -   Turkey and Ham Sub COMBO: 6 active modifier groups found
2026-01-09 08:34:18,920 - INFO -     ✓ Linked: Turkey and Ham Sub COMBO -> Custom Ing for SUBS (MG ID: 2101)
2026-01-09 08:34:19,038 - DEBUG -     Details: Custom Ingredients (min:0, max:0, free:0, order:2)
2026-01-09 08:34:19,172 - INFO -     ✓ Linked: Turkey and Ham Sub COMBO -> Sauces for SUBS (MG ID: 2102)
2026-01-09 08:34:19,301 - DEBUG -     Details: Sauces (min:1, max:1, free:0, order:4)
2026-01-09 08:34:19,434 - INFO -     ✓ Linked: Turkey and Ham Sub COMBO -> Chicken Fingers COMBO Side Dishes (MG ID: 2096)
2026-01-09 08:34:19,555 - DEBUG -     Details: Choose your fries (min:1, max:1, free:0, order:5)
2026-01-09 08:34:19,691 - INFO -     ✓ Linked: Turkey and Ham Sub COMBO -> Chicken Fingers COMBO Drinks (MG ID: 2097)
2026-01-09 08:34:19,823 - DEBUG -     Details: Choose your drink (min:1, max:1, free:0, order:6)
2026-01-09 08:34:19,958 - INFO -     ✓ Linked: Turkey and Ham Sub COMBO -> Extras for SUBS (MG ID: 2100)
2026-01-09 08:34:20,093 - DEBUG -     Details: Extras (min:0, max:0, free:0, order:3)
2026-01-09 08:34:20,236 - INFO -     ✓ Linked: Turkey and Ham Sub COMBO -> Cheese or No Cheese for SUBS (MG ID: 2103)
2026-01-09 08:34:20,353 - DEBUG -     Details: Cooking Method (min:0, max:0, free:0, order:1)
2026-01-09 08:34:20,857 - INFO - [36/37] Turkey Sub COMBO (V3: 149302, V1: 123228)
2026-01-09 08:34:20,857 - DEBUG -   URL: https://menuadmin.menu.ca/?p=restaurants&display=editRestaurant&restaurant=1069&load=editDish&showLang=en&menuEntry=123228
2026-01-09 08:34:22,698 - DEBUG -   Found active group: Custom Ing for SUBS (V1 ID: 11319, Category: ci)
2026-01-09 08:34:22,712 - DEBUG -   Found active group: Sauces for SUBS (V1 ID: 11320, Category: sa)
2026-01-09 08:34:22,725 - DEBUG -   Found active group: Chicken Fingers COMBO Side Dishes (V1 ID: 11314, Category: sd)
2026-01-09 08:34:22,740 - DEBUG -   Found active group: Chicken Fingers COMBO Drinks (V1 ID: 11315, Category: d)
2026-01-09 08:34:22,755 - DEBUG -   Found active group: Extras for SUBS (V1 ID: 11318, Category: e)
2026-01-09 08:34:22,772 - DEBUG -   Found active group: Cheese or No Cheese for SUBS (V1 ID: 11324, Category: cm)
2026-01-09 08:34:22,772 - INFO -   Turkey Sub COMBO: 6 active modifier groups found
2026-01-09 08:34:22,910 - INFO -     ✓ Linked: Turkey Sub COMBO -> Custom Ing for SUBS (MG ID: 2101)
2026-01-09 08:34:23,035 - DEBUG -     Details: Custom Ingredients (min:0, max:0, free:0, order:2)
2026-01-09 08:34:23,167 - INFO -     ✓ Linked: Turkey Sub COMBO -> Sauces for SUBS (MG ID: 2102)
2026-01-09 08:34:23,287 - DEBUG -     Details: Sauces (min:1, max:1, free:0, order:4)
2026-01-09 08:34:23,421 - INFO -     ✓ Linked: Turkey Sub COMBO -> Chicken Fingers COMBO Side Dishes (MG ID: 2096)
2026-01-09 08:34:23,545 - DEBUG -     Details: Choose your fries (min:1, max:1, free:0, order:5)
2026-01-09 08:34:23,675 - INFO -     ✓ Linked: Turkey Sub COMBO -> Chicken Fingers COMBO Drinks (MG ID: 2097)
2026-01-09 08:34:23,800 - DEBUG -     Details: Choose your drink (min:1, max:1, free:0, order:6)
2026-01-09 08:34:23,928 - INFO -     ✓ Linked: Turkey Sub COMBO -> Extras for SUBS (MG ID: 2100)
2026-01-09 08:34:24,053 - DEBUG -     Details: Extras (min:0, max:0, free:0, order:3)
2026-01-09 08:34:24,185 - INFO -     ✓ Linked: Turkey Sub COMBO -> Cheese or No Cheese for SUBS (MG ID: 2103)
2026-01-09 08:34:24,291 - DEBUG -     Details: Cooking Method (min:0, max:0, free:0, order:1)
2026-01-09 08:34:24,797 - INFO - [37/37] Veggie Sub COMBO (V3: 149296, V1: 123225)
2026-01-09 08:34:24,797 - DEBUG -   URL: https://menuadmin.menu.ca/?p=restaurants&display=editRestaurant&restaurant=1069&load=editDish&showLang=en&menuEntry=123225
2026-01-09 08:34:26,597 - DEBUG -   Found active group: Custom Ing for SUBS (V1 ID: 11319, Category: ci)
2026-01-09 08:34:26,611 - DEBUG -   Found active group: Sauces for SUBS (V1 ID: 11320, Category: sa)
2026-01-09 08:34:26,625 - DEBUG -   Found active group: Chicken Fingers COMBO Side Dishes (V1 ID: 11314, Category: sd)
2026-01-09 08:34:26,640 - DEBUG -   Found active group: Chicken Fingers COMBO Drinks (V1 ID: 11315, Category: d)
2026-01-09 08:34:26,653 - DEBUG -   Found active group: Extras for SUBS (V1 ID: 11318, Category: e)
2026-01-09 08:34:26,671 - DEBUG -   Found active group: Cheese or No Cheese for SUBS (V1 ID: 11324, Category: cm)
2026-01-09 08:34:26,671 - INFO -   Veggie Sub COMBO: 6 active modifier groups found
2026-01-09 08:34:26,809 - INFO -     ✓ Linked: Veggie Sub COMBO -> Custom Ing for SUBS (MG ID: 2101)
2026-01-09 08:34:26,931 - DEBUG -     Details: Custom Ingredients (min:0, max:0, free:0, order:2)
2026-01-09 08:34:27,064 - INFO -     ✓ Linked: Veggie Sub COMBO -> Sauces for SUBS (MG ID: 2102)
2026-01-09 08:34:27,181 - DEBUG -     Details: Sauces (min:1, max:1, free:0, order:4)
2026-01-09 08:34:27,318 - INFO -     ✓ Linked: Veggie Sub COMBO -> Chicken Fingers COMBO Side Dishes (MG ID: 2096)
2026-01-09 08:34:27,439 - DEBUG -     Details: Choose your fries (min:1, max:1, free:0, order:5)
2026-01-09 08:34:27,562 - INFO -     ✓ Linked: Veggie Sub COMBO -> Chicken Fingers COMBO Drinks (MG ID: 2097)
2026-01-09 08:34:27,679 - DEBUG -     Details: Choose your drink (min:1, max:1, free:0, order:6)
2026-01-09 08:34:27,809 - INFO -     ✓ Linked: Veggie Sub COMBO -> Extras for SUBS (MG ID: 2100)
2026-01-09 08:34:27,944 - DEBUG -     Details: Extras (min:0, max:0, free:0, order:3)
2026-01-09 08:34:28,078 - INFO -     ✓ Linked: Veggie Sub COMBO -> Cheese or No Cheese for SUBS (MG ID: 2103)
2026-01-09 08:34:28,181 - DEBUG -     Details: Cooking Method (min:0, max:0, free:0, order:1)
2026-01-09 08:34:28,792 - INFO - 
2026-01-09 08:34:28,792 - INFO - ======================================================================
2026-01-09 08:34:28,792 - INFO - RE-SCRAPER COMPLETED
2026-01-09 08:34:28,792 - INFO - ======================================================================
2026-01-09 08:34:28,792 - INFO - Dishes processed: 37
2026-01-09 08:34:28,792 - INFO -   - With modifier groups: 37
2026-01-09 08:34:28,792 - INFO -   - Without modifier groups: 0
2026-01-09 08:34:28,792 - INFO - Links created: 117
2026-01-09 08:34:28,792 - INFO - Details created: 117
2026-01-09 08:34:28,792 - INFO - 
2026-01-09 08:34:28,792 - INFO - Previous records deleted:
2026-01-09 08:34:28,792 - INFO -   - dish_modifier_groups: 0
2026-01-09 08:34:28,793 - INFO -   - modifier_group_details: 0
2026-01-09 08:34:28,794 - DEBUG - Database connection closed
