2025-12-02 15:56:18,298 - INFO - ============================================================
2025-12-02 15:56:18,298 - INFO - Distance-Based Delivery Fees Scraper
2025-12-02 15:56:18,299 - INFO - ============================================================
2025-12-02 15:56:18,665 - INFO - Database connection established
2025-12-02 15:56:18,804 - INFO - Found 156 V1 restaurants (excluding 6 MVP)
2025-12-02 15:56:18,806 - INFO - Database connection closed
2025-12-02 15:56:18,806 - INFO - Found 156 restaurants to scrape
2025-12-02 15:56:18,807 - INFO - Starting browser...
2025-12-02 15:56:19,257 - INFO - Browser started successfully
2025-12-02 15:56:19,257 - INFO - Logging in to V1 CRM...
2025-12-02 15:56:19,257 - INFO -   URL: https://menuadmin.menu.ca/?p=restaurants
2025-12-02 15:56:20,429 - INFO -   Filling credentials for user: santiago@worklocal.ca
2025-12-02 15:56:23,652 - INFO - ✓ Login successful
2025-12-02 15:56:23,652 - INFO - [1/156] Processing Aahar The Taste of India...
2025-12-02 15:56:23,652 - INFO - Scraping Aahar The Taste of India (V1 ID: 781)...
2025-12-02 15:56:25,708 - INFO -   ⊘ Aahar The Taste of India: No distance-based fees configured (driver_earning[5] empty), skipping
2025-12-02 15:56:25,708 - INFO - [2/156] Processing All Out Burger...
2025-12-02 15:56:25,708 - INFO - Scraping All Out Burger (V1 ID: 1080)...
2025-12-02 15:56:27,447 - INFO -   ⊘ All Out Burger: No distance-based fees configured (driver_earning[5] empty), skipping
2025-12-02 15:56:27,447 - INFO - [3/156] Processing All Out Burger...
2025-12-02 15:56:27,447 - INFO - Scraping All Out Burger (V1 ID: 1088)...
2025-12-02 15:56:29,188 - INFO -   ⊘ All Out Burger: No distance-based fees configured (driver_earning[5] empty), skipping
2025-12-02 15:56:29,188 - INFO - [4/156] Processing Amicci Pizza...
2025-12-02 15:56:29,188 - INFO - Scraping Amicci Pizza (V1 ID: 973)...
2025-12-02 15:56:30,974 - INFO -   ⊘ Amicci Pizza: No distance-based fees configured (driver_earning[5] empty), skipping
2025-12-02 15:56:30,975 - INFO - [5/156] Processing Aroy Thai...
2025-12-02 15:56:30,975 - INFO - Scraping Aroy Thai (V1 ID: 830)...
2025-12-02 15:56:32,739 - INFO -   ⊘ Aroy Thai: No distance-based fees configured (driver_earning[5] empty), skipping
2025-12-02 15:56:32,739 - INFO - [6/156] Processing Asia Garden Ottawa...
2025-12-02 15:56:32,739 - INFO - Scraping Asia Garden Ottawa (V1 ID: 856)...
2025-12-02 15:56:34,489 - INFO -   ⊘ Asia Garden Ottawa: No distance-based fees configured (driver_earning[5] empty), skipping
2025-12-02 15:56:34,490 - INFO - [7/156] Processing Aylmer BBQ...
2025-12-02 15:56:34,490 - INFO - Scraping Aylmer BBQ (V1 ID: 183)...
2025-12-02 15:56:36,236 - INFO -   ⊘ Aylmer BBQ: No distance-based fees configured (driver_earning[5] empty), skipping
2025-12-02 15:56:36,236 - INFO - [8/156] Processing Beneci Pizza...
2025-12-02 15:56:36,237 - INFO - Scraping Beneci Pizza (V1 ID: 383)...
2025-12-02 15:56:38,012 - INFO -   ⊘ Beneci Pizza: No distance-based fees configured (driver_earning[5] empty), skipping
2025-12-02 15:56:38,012 - INFO - [9/156] Processing Bobbie's Pizza & Subs...
2025-12-02 15:56:38,013 - INFO - Scraping Bobbie's Pizza & Subs (V1 ID: 143)...
2025-12-02 15:56:39,803 - INFO -   ⊘ Bobbie's Pizza & Subs: No distance-based fees configured (driver_earning[5] empty), skipping
2025-12-02 15:56:39,803 - INFO - [10/156] Processing Carlo's Pizza...
2025-12-02 15:56:39,803 - INFO - Scraping Carlo's Pizza (V1 ID: 246)...
2025-12-02 15:56:41,579 - INFO -   ⊘ Carlo's Pizza: No distance-based fees configured (driver_earning[5] empty), skipping
2025-12-02 15:56:41,580 - INFO - [11/156] Processing Cathay Restaurants...
2025-12-02 15:56:41,580 - INFO - Scraping Cathay Restaurants (V1 ID: 187)...
2025-12-02 15:56:43,417 - INFO -   ⊘ Cathay Restaurants: No distance-based fees configured (driver_earning[5] empty), skipping
2025-12-02 15:56:43,418 - INFO - [12/156] Processing Centertown Donair & Pizza...
2025-12-02 15:56:43,418 - INFO - Scraping Centertown Donair & Pizza (V1 ID: 255)...
2025-12-02 15:56:45,593 - INFO -   ✓ Centertown Donair & Pizza: 3 emails, commission=15.0, rpd=0.0, 4 fee tiers
2025-12-02 15:56:45,595 - INFO - [13/156] Processing Charm Thai Cuisine...
2025-12-02 15:56:45,595 - INFO - Scraping Charm Thai Cuisine (V1 ID: 323)...
2025-12-02 15:56:47,455 - INFO -   ✓ Charm Thai Cuisine: 0 emails, commission=0.0, rpd=0.0, 4 fee tiers
2025-12-02 15:56:47,456 - INFO - [14/156] Processing China Moon...
2025-12-02 15:56:47,456 - INFO - Scraping China Moon (V1 ID: 869)...
2025-12-02 15:56:49,254 - INFO -   ⊘ China Moon: No distance-based fees configured (driver_earning[5] empty), skipping
2025-12-02 15:56:49,255 - INFO - [15/156] Processing Colonnade Pizza...
2025-12-02 15:56:49,255 - INFO - Scraping Colonnade Pizza (V1 ID: 1028)...
2025-12-02 15:56:51,007 - INFO -   ⊘ Colonnade Pizza: No distance-based fees configured (driver_earning[5] empty), skipping
2025-12-02 15:56:51,008 - INFO - [16/156] Processing Colonnade Pizza...
2025-12-02 15:56:51,008 - INFO - Scraping Colonnade Pizza (V1 ID: 1025)...
2025-12-02 15:56:52,750 - INFO -   ⊘ Colonnade Pizza: No distance-based fees configured (driver_earning[5] empty), skipping
2025-12-02 15:56:52,751 - INFO - [17/156] Processing Colonnade Pizza...
2025-12-02 15:56:52,751 - INFO - Scraping Colonnade Pizza (V1 ID: 1027)...
2025-12-02 15:56:54,502 - INFO -   ⊘ Colonnade Pizza: No distance-based fees configured (driver_earning[5] empty), skipping
2025-12-02 15:56:54,502 - INFO - [18/156] Processing Colonnade Pizza...
2025-12-02 15:56:54,502 - INFO - Scraping Colonnade Pizza (V1 ID: 334)...
2025-12-02 15:56:56,255 - INFO -   ✓ Colonnade Pizza: 3 emails, commission=15.0, rpd=0.0, 4 fee tiers
2025-12-02 15:56:56,255 - INFO - [19/156] Processing Crispy's...
2025-12-02 15:56:56,255 - INFO - Scraping Crispy's (V1 ID: 805)...
2025-12-02 15:56:58,018 - INFO -   ⊘ Crispy's: No distance-based fees configured (driver_earning[5] empty), skipping
2025-12-02 15:56:58,018 - INFO - [20/156] Processing Crispy's Bank Street...
2025-12-02 15:56:58,018 - INFO - Scraping Crispy's Bank Street (V1 ID: 1050)...
2025-12-02 15:56:59,772 - INFO -   ⊘ Crispy's Bank Street: No distance-based fees configured (driver_earning[5] empty), skipping
2025-12-02 15:56:59,772 - INFO - [21/156] Processing Dï¿½panneur Gï¿½nï¿½reux...
2025-12-02 15:56:59,772 - INFO - Scraping Dï¿½panneur Gï¿½nï¿½reux (V1 ID: 1060)...
2025-12-02 15:57:01,525 - INFO -   ⊘ Dï¿½panneur Gï¿½nï¿½reux: No distance-based fees configured (driver_earning[5] empty), skipping
2025-12-02 15:57:01,525 - INFO - [22/156] Processing Digby's Restaurant...
2025-12-02 15:57:01,525 - INFO - Scraping Digby's Restaurant (V1 ID: 865)...
2025-12-02 15:57:03,275 - INFO -   ⊘ Digby's Restaurant: No distance-based fees configured (driver_earning[5] empty), skipping
2025-12-02 15:57:03,276 - INFO - [23/156] Processing Dumpling Bowl...
2025-12-02 15:57:03,276 - INFO - Scraping Dumpling Bowl (V1 ID: 1035)...
2025-12-02 15:57:05,056 - INFO -   ⊘ Dumpling Bowl: No distance-based fees configured (driver_earning[5] empty), skipping
2025-12-02 15:57:05,056 - INFO - [24/156] Processing Eastview Pizza...
2025-12-02 15:57:05,056 - INFO - Scraping Eastview Pizza (V1 ID: 124)...
2025-12-02 15:57:06,804 - INFO -   ⊘ Eastview Pizza: No distance-based fees configured (driver_earning[5] empty), skipping
2025-12-02 15:57:06,805 - INFO - [25/156] Processing Egg Roll Factory...
2025-12-02 15:57:06,805 - INFO - Scraping Egg Roll Factory (V1 ID: 716)...
2025-12-02 15:57:08,551 - INFO -   ⊘ Egg Roll Factory: No distance-based fees configured (driver_earning[5] empty), skipping
2025-12-02 15:57:08,551 - INFO - [26/156] Processing Erman Pizza...
2025-12-02 15:57:08,551 - INFO - Scraping Erman Pizza (V1 ID: 350)...
2025-12-02 15:57:10,411 - INFO -   ⊘ Erman Pizza: No distance-based fees configured (driver_earning[5] empty), skipping
2025-12-02 15:57:10,411 - INFO - [27/156] Processing Friendly Restaurant and Pizzeria...
2025-12-02 15:57:10,413 - INFO - Scraping Friendly Restaurant and Pizzeria (V1 ID: 968)...
2025-12-02 15:57:12,148 - INFO -   ⊘ Friendly Restaurant and Pizzeria: No distance-based fees configured (driver_earning[5] empty), skipping
2025-12-02 15:57:12,148 - INFO - [28/156] Processing Golden Center Pizza...
2025-12-02 15:57:12,149 - INFO - Scraping Golden Center Pizza (V1 ID: 1059)...
2025-12-02 15:57:13,888 - INFO -   ⊘ Golden Center Pizza: No distance-based fees configured (driver_earning[5] empty), skipping
2025-12-02 15:57:13,888 - INFO - [29/156] Processing Greber Pizza et Shawarma...
2025-12-02 15:57:13,889 - INFO - Scraping Greber Pizza et Shawarma (V1 ID: 974)...
2025-12-02 15:57:15,619 - INFO -   ⊘ Greber Pizza et Shawarma: No distance-based fees configured (driver_earning[5] empty), skipping
2025-12-02 15:57:15,619 - INFO - [30/156] Processing HaNoi Pho...
2025-12-02 15:57:15,619 - INFO - Scraping HaNoi Pho (V1 ID: 727)...
2025-12-02 15:57:17,375 - INFO -   ⊘ HaNoi Pho: No distance-based fees configured (driver_earning[5] empty), skipping
2025-12-02 15:57:17,375 - INFO - [31/156] Processing Hong Kong Chinese Food Takeout...
2025-12-02 15:57:17,376 - INFO - Scraping Hong Kong Chinese Food Takeout (V1 ID: 294)...
2025-12-02 15:57:19,144 - INFO -   ⊘ Hong Kong Chinese Food Takeout: No distance-based fees configured (driver_earning[5] empty), skipping
2025-12-02 15:57:19,144 - INFO - [32/156] Processing House of Lasagna...
2025-12-02 15:57:19,144 - INFO - Scraping House of Lasagna (V1 ID: 117)...
2025-12-02 15:57:20,900 - INFO -   ⊘ House of Lasagna: No distance-based fees configured (driver_earning[5] empty), skipping
2025-12-02 15:57:20,901 - INFO - [33/156] Processing iCook Pho You...
2025-12-02 15:57:20,901 - INFO - Scraping iCook Pho You (V1 ID: 669)...
2025-12-02 15:57:22,653 - INFO -   ⊘ iCook Pho You: No distance-based fees configured (driver_earning[5] empty), skipping
2025-12-02 15:57:22,653 - INFO - [34/156] Processing Imilio's Pizzeria...
2025-12-02 15:57:22,653 - INFO - Scraping Imilio's Pizzeria (V1 ID: 89)...
2025-12-02 15:57:24,409 - INFO -   ⊘ Imilio's Pizzeria: No distance-based fees configured (driver_earning[5] empty), skipping
2025-12-02 15:57:24,409 - INFO - [35/156] Processing Indian Punjabi Clay Oven...
2025-12-02 15:57:24,409 - INFO - Scraping Indian Punjabi Clay Oven (V1 ID: 318)...
2025-12-02 15:57:26,163 - INFO -   ⊘ Indian Punjabi Clay Oven: No distance-based fees configured (driver_earning[5] empty), skipping
2025-12-02 15:57:26,163 - INFO - [36/156] Processing JC Royal Thai Cuisine...
2025-12-02 15:57:26,163 - INFO - Scraping JC Royal Thai Cuisine (V1 ID: 874)...
2025-12-02 15:57:27,921 - INFO -   ⊘ JC Royal Thai Cuisine: No distance-based fees configured (driver_earning[5] empty), skipping
2025-12-02 15:57:27,921 - INFO - [37/156] Processing JN Pizza...
2025-12-02 15:57:27,921 - INFO - Scraping JN Pizza (V1 ID: 489)...
2025-12-02 15:57:29,670 - INFO -   ⊘ JN Pizza: No distance-based fees configured (driver_earning[5] empty), skipping
2025-12-02 15:57:29,670 - INFO - [38/156] Processing Joes Family Pizzeria...
2025-12-02 15:57:29,670 - INFO - Scraping Joes Family Pizzeria (V1 ID: 863)...
2025-12-02 15:57:31,433 - INFO -   ⊘ Joes Family Pizzeria: No distance-based fees configured (driver_earning[5] empty), skipping
2025-12-02 15:57:31,433 - INFO - [39/156] Processing Kabylie Pizza...
2025-12-02 15:57:31,433 - INFO - Scraping Kabylie Pizza (V1 ID: 1042)...
2025-12-02 15:57:33,188 - INFO -   ⊘ Kabylie Pizza: No distance-based fees configured (driver_earning[5] empty), skipping
2025-12-02 15:57:33,188 - INFO - [40/156] Processing Kiki Lebanese Pineview Pizza...
2025-12-02 15:57:33,188 - INFO - Scraping Kiki Lebanese Pineview Pizza (V1 ID: 142)...
2025-12-02 15:57:35,052 - INFO -   ⊘ Kiki Lebanese Pineview Pizza: No distance-based fees configured (driver_earning[5] empty), skipping
2025-12-02 15:57:35,053 - INFO - [41/156] Processing La Famiglia on the Danforth...
2025-12-02 15:57:35,053 - INFO - Scraping La Famiglia on the Danforth (V1 ID: 364)...
2025-12-02 15:57:36,938 - INFO -   ⊘ La Famiglia on the Danforth: No distance-based fees configured (driver_earning[5] empty), skipping
2025-12-02 15:57:36,938 - INFO - [42/156] Processing La Maison du Burger...
2025-12-02 15:57:36,938 - INFO - Scraping La Maison du Burger (V1 ID: 965)...
2025-12-02 15:57:38,706 - INFO -   ⊘ La Maison du Burger: No distance-based fees configured (driver_earning[5] empty), skipping
2025-12-02 15:57:38,707 - INFO - [43/156] Processing La Maison Pho...
2025-12-02 15:57:38,707 - INFO - Scraping La Maison Pho (V1 ID: 959)...
2025-12-02 15:57:40,455 - INFO -   ⊘ La Maison Pho: No distance-based fees configured (driver_earning[5] empty), skipping
2025-12-02 15:57:40,455 - INFO - [44/156] Processing La Nawab V2...
2025-12-02 15:57:40,455 - INFO - Scraping La Nawab V2 (V1 ID: 1070)...
2025-12-02 15:57:42,200 - INFO -   ⊘ La Nawab V2: No distance-based fees configured (driver_earning[5] empty), skipping
2025-12-02 15:57:42,200 - INFO - [45/156] Processing La Poutinerie Ogilvie...
2025-12-02 15:57:42,200 - INFO - Scraping La Poutinerie Ogilvie (V1 ID: 952)...
2025-12-02 15:57:43,942 - INFO -   ⊘ La Poutinerie Ogilvie: No distance-based fees configured (driver_earning[5] empty), skipping
2025-12-02 15:57:43,943 - INFO - [46/156] Processing Lemongrass Thai Cuisine...
2025-12-02 15:57:43,943 - INFO - Scraping Lemongrass Thai Cuisine (V1 ID: 219)...
2025-12-02 15:57:45,688 - INFO -   ✓ Lemongrass Thai Cuisine: 3 emails, commission=15.0, rpd=0.0, 6 fee tiers
2025-12-02 15:57:45,688 - INFO - [47/156] Processing Light of India...
2025-12-02 15:57:45,689 - INFO - Scraping Light of India (V1 ID: 695)...
2025-12-02 15:57:47,438 - INFO -   ⊘ Light of India: No distance-based fees configured (driver_earning[5] empty), skipping
2025-12-02 15:57:47,438 - INFO - [48/156] Processing Little Gyros Greek Grill...
2025-12-02 15:57:47,438 - INFO - Scraping Little Gyros Greek Grill (V1 ID: 998)...
2025-12-02 15:57:49,199 - INFO -   ⊘ Little Gyros Greek Grill: No distance-based fees configured (driver_earning[5] empty), skipping
2025-12-02 15:57:49,200 - INFO - [49/156] Processing Lorenzo's Pizzeria - Vanier...
2025-12-02 15:57:49,200 - INFO - Scraping Lorenzo's Pizzeria - Vanier (V1 ID: 192)...
2025-12-02 15:57:50,939 - INFO -   ⊘ Lorenzo's Pizzeria - Vanier: No distance-based fees configured (driver_earning[5] empty), skipping
2025-12-02 15:57:50,940 - INFO - [50/156] Processing Lucky Fortune...
2025-12-02 15:57:50,940 - INFO - Scraping Lucky Fortune (V1 ID: 413)...
2025-12-02 15:57:52,728 - INFO -   ⊘ Lucky Fortune: No distance-based fees configured (driver_earning[5] empty), skipping
2025-12-02 15:57:52,728 - INFO - [51/156] Processing Lucky King Take Out...
2025-12-02 15:57:52,728 - INFO - Scraping Lucky King Take Out (V1 ID: 312)...
2025-12-02 15:57:54,462 - INFO -   ⊘ Lucky King Take Out: No distance-based fees configured (driver_earning[5] empty), skipping
2025-12-02 15:57:54,463 - INFO - [52/156] Processing Mama Rosa...
2025-12-02 15:57:54,463 - INFO - Scraping Mama Rosa (V1 ID: 94)...
2025-12-02 15:57:56,201 - INFO -   ⊘ Mama Rosa: No distance-based fees configured (driver_earning[5] empty), skipping
2025-12-02 15:57:56,202 - INFO - [53/156] Processing Mano City Pizza...
2025-12-02 15:57:56,202 - INFO - Scraping Mano City Pizza (V1 ID: 238)...
2025-12-02 15:57:57,948 - INFO -   ⊘ Mano City Pizza: No distance-based fees configured (driver_earning[5] empty), skipping
2025-12-02 15:57:57,949 - INFO - [54/156] Processing Marina Pizza des Flandres ...
2025-12-02 15:57:57,949 - INFO - Scraping Marina Pizza des Flandres  (V1 ID: 838)...
2025-12-02 15:57:59,706 - INFO -   ⊘ Marina Pizza des Flandres : No distance-based fees configured (driver_earning[5] empty), skipping
2025-12-02 15:57:59,706 - INFO - [55/156] Processing Merivale Pizza & Wings...
2025-12-02 15:57:59,706 - INFO - Scraping Merivale Pizza & Wings (V1 ID: 146)...
2025-12-02 15:58:01,457 - INFO -   ⊘ Merivale Pizza & Wings: No distance-based fees configured (driver_earning[5] empty), skipping
2025-12-02 15:58:01,458 - INFO - [56/156] Processing Milano...
2025-12-02 15:58:01,458 - INFO - Scraping Milano (V1 ID: 815)...
2025-12-02 15:58:03,241 - INFO -   ⊘ Milano: No distance-based fees configured (driver_earning[5] empty), skipping
2025-12-02 15:58:03,241 - INFO - [57/156] Processing Milano...
2025-12-02 15:58:03,241 - INFO - Scraping Milano (V1 ID: 161)...
2025-12-02 15:58:04,996 - INFO -   ⊘ Milano: No distance-based fees configured (driver_earning[5] empty), skipping
2025-12-02 15:58:04,996 - INFO - [58/156] Processing Milano...
2025-12-02 15:58:04,996 - INFO - Scraping Milano (V1 ID: 164)...
2025-12-02 15:58:06,756 - INFO -   ⊘ Milano: No distance-based fees configured (driver_earning[5] empty), skipping
2025-12-02 15:58:06,756 - INFO - [59/156] Processing Milano...
2025-12-02 15:58:06,757 - INFO - Scraping Milano (V1 ID: 1062)...
2025-12-02 15:58:08,502 - INFO -   ⊘ Milano: No distance-based fees configured (driver_earning[5] empty), skipping
2025-12-02 15:58:08,503 - INFO - [60/156] Processing Milano...
2025-12-02 15:58:08,503 - INFO - Scraping Milano (V1 ID: 1063)...
2025-12-02 15:58:10,253 - INFO -   ⊘ Milano: No distance-based fees configured (driver_earning[5] empty), skipping
2025-12-02 15:58:10,253 - INFO - [61/156] Processing Milano...
2025-12-02 15:58:10,253 - INFO - Scraping Milano (V1 ID: 789)...
2025-12-02 15:58:12,000 - INFO -   ⊘ Milano: No distance-based fees configured (driver_earning[5] empty), skipping
2025-12-02 15:58:12,001 - INFO - [62/156] Processing Milano...
2025-12-02 15:58:12,001 - INFO - Scraping Milano (V1 ID: 785)...
2025-12-02 15:58:13,764 - INFO -   ⊘ Milano: No distance-based fees configured (driver_earning[5] empty), skipping
2025-12-02 15:58:13,765 - INFO - [63/156] Processing Milano...
2025-12-02 15:58:13,765 - INFO - Scraping Milano (V1 ID: 127)...
2025-12-02 15:58:15,536 - INFO -   ⊘ Milano: No distance-based fees configured (driver_earning[5] empty), skipping
2025-12-02 15:58:15,536 - INFO - [64/156] Processing Milano...
2025-12-02 15:58:15,536 - INFO - Scraping Milano (V1 ID: 1065)...
2025-12-02 15:58:17,290 - INFO -   ⊘ Milano: No distance-based fees configured (driver_earning[5] empty), skipping
2025-12-02 15:58:17,290 - INFO - [65/156] Processing Milano...
2025-12-02 15:58:17,290 - INFO - Scraping Milano (V1 ID: 850)...
2025-12-02 15:58:19,030 - INFO -   ⊘ Milano: No distance-based fees configured (driver_earning[5] empty), skipping
2025-12-02 15:58:19,031 - INFO - [66/156] Processing Milano...
2025-12-02 15:58:19,031 - INFO - Scraping Milano (V1 ID: 913)...
2025-12-02 15:58:20,770 - INFO -   ⊘ Milano: No distance-based fees configured (driver_earning[5] empty), skipping
2025-12-02 15:58:20,770 - INFO - [67/156] Processing Milano...
2025-12-02 15:58:20,770 - INFO - Scraping Milano (V1 ID: 987)...
2025-12-02 15:58:22,504 - INFO -   ⊘ Milano: No distance-based fees configured (driver_earning[5] empty), skipping
2025-12-02 15:58:22,504 - INFO - [68/156] Processing Milano...
2025-12-02 15:58:22,504 - INFO - Scraping Milano (V1 ID: 989)...
2025-12-02 15:58:24,255 - INFO -   ⊘ Milano: No distance-based fees configured (driver_earning[5] empty), skipping
2025-12-02 15:58:24,255 - INFO - [69/156] Processing Milano...
2025-12-02 15:58:24,255 - INFO - Scraping Milano (V1 ID: 824)...
2025-12-02 15:58:26,029 - INFO -   ⊘ Milano: No distance-based fees configured (driver_earning[5] empty), skipping
2025-12-02 15:58:26,029 - INFO - [70/156] Processing Milano...
2025-12-02 15:58:26,029 - INFO - Scraping Milano (V1 ID: 889)...
2025-12-02 15:58:27,772 - INFO -   ⊘ Milano: No distance-based fees configured (driver_earning[5] empty), skipping
2025-12-02 15:58:27,772 - INFO - [71/156] Processing Milano...
2025-12-02 15:58:27,772 - INFO - Scraping Milano (V1 ID: 879)...
2025-12-02 15:58:29,529 - INFO -   ⊘ Milano: No distance-based fees configured (driver_earning[5] empty), skipping
2025-12-02 15:58:29,529 - INFO - [72/156] Processing Milano...
2025-12-02 15:58:29,529 - INFO - Scraping Milano (V1 ID: 937)...
2025-12-02 15:58:31,275 - INFO -   ⊘ Milano: No distance-based fees configured (driver_earning[5] empty), skipping
2025-12-02 15:58:31,275 - INFO - [73/156] Processing Milano...
2025-12-02 15:58:31,275 - INFO - Scraping Milano (V1 ID: 1082)...
2025-12-02 15:58:33,029 - INFO -   ⊘ Milano: No distance-based fees configured (driver_earning[5] empty), skipping
2025-12-02 15:58:33,029 - INFO - [74/156] Processing Milano...
2025-12-02 15:58:33,029 - INFO - Scraping Milano (V1 ID: 807)...
2025-12-02 15:58:34,774 - INFO -   ⊘ Milano: No distance-based fees configured (driver_earning[5] empty), skipping
2025-12-02 15:58:34,774 - INFO - [75/156] Processing Milano...
2025-12-02 15:58:34,774 - INFO - Scraping Milano (V1 ID: 1087)...
2025-12-02 15:58:36,520 - INFO -   ⊘ Milano: No distance-based fees configured (driver_earning[5] empty), skipping
2025-12-02 15:58:36,521 - INFO - [76/156] Processing Milano...
2025-12-02 15:58:36,521 - INFO - Scraping Milano (V1 ID: 1089)...
2025-12-02 15:58:38,267 - INFO -   ⊘ Milano: No distance-based fees configured (driver_earning[5] empty), skipping
2025-12-02 15:58:38,267 - INFO - [77/156] Processing Milano...
2025-12-02 15:58:38,267 - INFO - Scraping Milano (V1 ID: 1084)...
2025-12-02 15:58:40,018 - INFO -   ⊘ Milano: No distance-based fees configured (driver_earning[5] empty), skipping
2025-12-02 15:58:40,018 - INFO - [78/156] Processing Milano...
2025-12-02 15:58:40,019 - INFO - Scraping Milano (V1 ID: 411)...
2025-12-02 15:58:41,998 - INFO -   ⊘ Milano: No distance-based fees configured (driver_earning[5] empty), skipping
2025-12-02 15:58:41,998 - INFO - [79/156] Processing Milano...
2025-12-02 15:58:41,998 - INFO - Scraping Milano (V1 ID: 190)...
2025-12-02 15:58:43,748 - INFO -   ⊘ Milano: No distance-based fees configured (driver_earning[5] empty), skipping
2025-12-02 15:58:43,749 - INFO - [80/156] Processing Milano...
2025-12-02 15:58:43,749 - INFO - Scraping Milano (V1 ID: 204)...
2025-12-02 15:58:45,500 - INFO -   ⊘ Milano: No distance-based fees configured (driver_earning[5] empty), skipping
2025-12-02 15:58:45,500 - INFO - [81/156] Processing Milano...
2025-12-02 15:58:45,500 - INFO - Scraping Milano (V1 ID: 205)...
2025-12-02 15:58:47,234 - INFO -   ⊘ Milano: No distance-based fees configured (driver_earning[5] empty), skipping
2025-12-02 15:58:47,234 - INFO - [82/156] Processing Milano...
2025-12-02 15:58:47,235 - INFO - Scraping Milano (V1 ID: 206)...
2025-12-02 15:58:48,978 - INFO -   ⊘ Milano: No distance-based fees configured (driver_earning[5] empty), skipping
2025-12-02 15:58:48,979 - INFO - [83/156] Processing Milano...
2025-12-02 15:58:48,979 - INFO - Scraping Milano (V1 ID: 207)...
2025-12-02 15:58:50,722 - INFO -   ⊘ Milano: No distance-based fees configured (driver_earning[5] empty), skipping
2025-12-02 15:58:50,723 - INFO - [84/156] Processing Milano...
2025-12-02 15:58:50,723 - INFO - Scraping Milano (V1 ID: 208)...
2025-12-02 15:58:52,510 - INFO -   ⊘ Milano: No distance-based fees configured (driver_earning[5] empty), skipping
2025-12-02 15:58:52,510 - INFO - [85/156] Processing Milano...
2025-12-02 15:58:52,511 - INFO - Scraping Milano (V1 ID: 209)...
2025-12-02 15:58:54,274 - INFO -   ⊘ Milano: No distance-based fees configured (driver_earning[5] empty), skipping
2025-12-02 15:58:54,274 - INFO - [86/156] Processing Milano...
2025-12-02 15:58:54,274 - INFO - Scraping Milano (V1 ID: 211)...
2025-12-02 15:58:56,014 - INFO -   ⊘ Milano: No distance-based fees configured (driver_earning[5] empty), skipping
2025-12-02 15:58:56,014 - INFO - [87/156] Processing Milano...
2025-12-02 15:58:56,014 - INFO - Scraping Milano (V1 ID: 213)...
2025-12-02 15:58:57,757 - INFO -   ⊘ Milano: No distance-based fees configured (driver_earning[5] empty), skipping
2025-12-02 15:58:57,758 - INFO - [88/156] Processing Milano...
2025-12-02 15:58:57,758 - INFO - Scraping Milano (V1 ID: 328)...
2025-12-02 15:58:59,512 - INFO -   ⊘ Milano: No distance-based fees configured (driver_earning[5] empty), skipping
2025-12-02 15:58:59,512 - INFO - [89/156] Processing Milano...
2025-12-02 15:58:59,513 - INFO - Scraping Milano (V1 ID: 172)...
2025-12-02 15:59:01,267 - INFO -   ⊘ Milano: No distance-based fees configured (driver_earning[5] empty), skipping
2025-12-02 15:59:01,267 - INFO - [90/156] Processing Milano...
2025-12-02 15:59:01,267 - INFO - Scraping Milano (V1 ID: 245)...
2025-12-02 15:59:03,010 - INFO -   ⊘ Milano: No distance-based fees configured (driver_earning[5] empty), skipping
2025-12-02 15:59:03,011 - INFO - [91/156] Processing Milano...
2025-12-02 15:59:03,011 - INFO - Scraping Milano (V1 ID: 248)...
2025-12-02 15:59:04,786 - INFO -   ⊘ Milano: No distance-based fees configured (driver_earning[5] empty), skipping
2025-12-02 15:59:04,786 - INFO - [92/156] Processing Milano...
2025-12-02 15:59:04,786 - INFO - Scraping Milano (V1 ID: 512)...
2025-12-02 15:59:06,563 - INFO -   ⊘ Milano: No distance-based fees configured (driver_earning[5] empty), skipping
2025-12-02 15:59:06,563 - INFO - [93/156] Processing Milano...
2025-12-02 15:59:06,564 - INFO - Scraping Milano (V1 ID: 513)...
2025-12-02 15:59:08,319 - INFO -   ⊘ Milano: No distance-based fees configured (driver_earning[5] empty), skipping
2025-12-02 15:59:08,319 - INFO - [94/156] Processing Mont Liban Bakery & Shawarma...
2025-12-02 15:59:08,319 - INFO - Scraping Mont Liban Bakery & Shawarma (V1 ID: 344)...
2025-12-02 15:59:10,071 - INFO -   ⊘ Mont Liban Bakery & Shawarma: No distance-based fees configured (driver_earning[5] empty), skipping
2025-12-02 15:59:10,071 - INFO - [95/156] Processing Mozza Pizza Gatineau...
2025-12-02 15:59:10,071 - INFO - Scraping Mozza Pizza Gatineau (V1 ID: 132)...
2025-12-02 15:59:11,821 - INFO -   ⊘ Mozza Pizza Gatineau: No distance-based fees configured (driver_earning[5] empty), skipping
2025-12-02 15:59:11,821 - INFO - [96/156] Processing Mozza Pizza Hull...
2025-12-02 15:59:11,822 - INFO - Scraping Mozza Pizza Hull (V1 ID: 872)...
2025-12-02 15:59:13,557 - INFO -   ⊘ Mozza Pizza Hull: No distance-based fees configured (driver_earning[5] empty), skipping
2025-12-02 15:59:13,557 - INFO - [97/156] Processing Mr Mozzarella - Nepean...
2025-12-02 15:59:13,558 - INFO - Scraping Mr Mozzarella - Nepean (V1 ID: 145)...
2025-12-02 15:59:15,293 - INFO -   ⊘ Mr Mozzarella - Nepean: No distance-based fees configured (driver_earning[5] empty), skipping
2025-12-02 15:59:15,294 - INFO - [98/156] Processing Mykonos Greek Grill...
2025-12-02 15:59:15,294 - INFO - Scraping Mykonos Greek Grill (V1 ID: 1093)...
2025-12-02 15:59:17,041 - INFO -   ⊘ Mykonos Greek Grill: No distance-based fees configured (driver_earning[5] empty), skipping
2025-12-02 15:59:17,042 - INFO - [99/156] Processing Mykonos Greek Grill...
2025-12-02 15:59:17,042 - INFO - Scraping Mykonos Greek Grill (V1 ID: 1092)...
2025-12-02 15:59:18,847 - INFO -   ⊘ Mykonos Greek Grill: No distance-based fees configured (driver_earning[5] empty), skipping
2025-12-02 15:59:18,847 - INFO - [100/156] Processing Nachos Loco Gatineau...
2025-12-02 15:59:18,847 - INFO - Scraping Nachos Loco Gatineau (V1 ID: 1045)...
2025-12-02 15:59:20,599 - INFO -   ⊘ Nachos Loco Gatineau: No distance-based fees configured (driver_earning[5] empty), skipping
2025-12-02 15:59:20,600 - INFO - [101/156] Processing Nachos Loco Hull...
2025-12-02 15:59:20,600 - INFO - Scraping Nachos Loco Hull (V1 ID: 1033)...
2025-12-02 15:59:22,356 - INFO -   ⊘ Nachos Loco Hull: No distance-based fees configured (driver_earning[5] empty), skipping
2025-12-02 15:59:22,356 - INFO - [102/156] Processing Napolis...
2025-12-02 15:59:22,357 - INFO - Scraping Napolis (V1 ID: 721)...
2025-12-02 15:59:24,109 - INFO -   ⊘ Napolis: No distance-based fees configured (driver_earning[5] empty), skipping
2025-12-02 15:59:24,109 - INFO - [103/156] Processing New Hong Kong...
2025-12-02 15:59:24,109 - INFO - Scraping New Hong Kong (V1 ID: 707)...
2025-12-02 15:59:25,858 - INFO -   ⊘ New Hong Kong: No distance-based fees configured (driver_earning[5] empty), skipping
2025-12-02 15:59:25,858 - INFO - [104/156] Processing New Mee Fung Restaurant...
2025-12-02 15:59:25,858 - INFO - Scraping New Mee Fung Restaurant (V1 ID: 101)...
2025-12-02 15:59:27,625 - INFO -   ✓ New Mee Fung Restaurant: 0 emails, commission=15.0, rpd=0.0, 4 fee tiers
2025-12-02 15:59:27,625 - INFO - [105/156] Processing New Mukut Restaurant Indian Cuisine...
2025-12-02 15:59:27,627 - INFO - Scraping New Mukut Restaurant Indian Cuisine (V1 ID: 374)...
2025-12-02 15:59:29,381 - INFO -   ⊘ New Mukut Restaurant Indian Cuisine: No distance-based fees configured (driver_earning[5] empty), skipping
2025-12-02 15:59:29,381 - INFO - [106/156] Processing Number One Chinese Take Out...
2025-12-02 15:59:29,381 - INFO - Scraping Number One Chinese Take Out (V1 ID: 179)...
2025-12-02 15:59:31,709 - INFO -   ⊘ Number One Chinese Take Out: No distance-based fees configured (driver_earning[5] empty), skipping
2025-12-02 15:59:31,709 - INFO - [107/156] Processing Ogilvie Pizza...
2025-12-02 15:59:31,709 - INFO - Scraping Ogilvie Pizza (V1 ID: 951)...
2025-12-02 15:59:33,451 - INFO -   ⊘ Ogilvie Pizza: No distance-based fees configured (driver_earning[5] empty), skipping
2025-12-02 15:59:33,452 - INFO - [108/156] Processing Oh My Grill...
2025-12-02 15:59:33,452 - INFO - Scraping Oh My Grill (V1 ID: 1051)...
2025-12-02 15:59:35,223 - INFO -   ✓ Oh My Grill: 3 emails, commission=15.0, rpd=0.0, 6 fee tiers
2025-12-02 15:59:35,224 - INFO - [109/156] Processing Oka's Hull...
2025-12-02 15:59:35,224 - INFO - Scraping Oka's Hull (V1 ID: 914)...
2025-12-02 15:59:36,980 - INFO -   ⊘ Oka's Hull: No distance-based fees configured (driver_earning[5] empty), skipping
2025-12-02 15:59:36,980 - INFO - [110/156] Processing Palermo Pizzeria...
2025-12-02 15:59:36,981 - INFO - Scraping Palermo Pizzeria (V1 ID: 729)...
2025-12-02 15:59:38,738 - INFO -   ⊘ Palermo Pizzeria: No distance-based fees configured (driver_earning[5] empty), skipping
2025-12-02 15:59:38,738 - INFO - [111/156] Processing Papa Burger...
2025-12-02 15:59:38,739 - INFO - Scraping Papa Burger (V1 ID: 1041)...
2025-12-02 15:59:40,523 - INFO -   ⊘ Papa Burger: No distance-based fees configured (driver_earning[5] empty), skipping
2025-12-02 15:59:40,523 - INFO - [112/156] Processing Papa Burger Maloney...
2025-12-02 15:59:40,523 - INFO - Scraping Papa Burger Maloney (V1 ID: 1066)...
2025-12-02 15:59:42,293 - INFO -   ⊘ Papa Burger Maloney: No distance-based fees configured (driver_earning[5] empty), skipping
2025-12-02 15:59:42,293 - INFO - [113/156] Processing Papa Grecque Cantley...
2025-12-02 15:59:42,293 - INFO - Scraping Papa Grecque Cantley (V1 ID: 1054)...
2025-12-02 15:59:44,040 - INFO -   ⊘ Papa Grecque Cantley: No distance-based fees configured (driver_earning[5] empty), skipping
2025-12-02 15:59:44,040 - INFO - [114/156] Processing Papa Grecque des Flandres...
2025-12-02 15:59:44,041 - INFO - Scraping Papa Grecque des Flandres (V1 ID: 758)...
2025-12-02 15:59:45,783 - INFO -   ⊘ Papa Grecque des Flandres: No distance-based fees configured (driver_earning[5] empty), skipping
2025-12-02 15:59:45,783 - INFO - [115/156] Processing Papa Grecque Maloney ...
2025-12-02 15:59:45,783 - INFO - Scraping Papa Grecque Maloney  (V1 ID: 840)...
2025-12-02 15:59:47,532 - INFO -   ⊘ Papa Grecque Maloney : No distance-based fees configured (driver_earning[5] empty), skipping
2025-12-02 15:59:47,532 - INFO - [116/156] Processing Papa Joe's Fried Chicken - Downtown...
2025-12-02 15:59:47,532 - INFO - Scraping Papa Joe's Fried Chicken - Downtown (V1 ID: 612)...
2025-12-02 15:59:49,302 - INFO -   ⊘ Papa Joe's Fried Chicken - Downtown: No distance-based fees configured (driver_earning[5] empty), skipping
2025-12-02 15:59:49,303 - INFO - [117/156] Processing Papa Joe's Pizza - Downtown...
2025-12-02 15:59:49,303 - INFO - Scraping Papa Joe's Pizza - Downtown (V1 ID: 95)...
2025-12-02 15:59:51,064 - INFO -   ⊘ Papa Joe's Pizza - Downtown: No distance-based fees configured (driver_earning[5] empty), skipping
2025-12-02 15:59:51,065 - INFO - [118/156] Processing Papa Pizza - Hull...
2025-12-02 15:59:51,065 - INFO - Scraping Papa Pizza - Hull (V1 ID: 184)...
2025-12-02 15:59:52,817 - INFO -   ⊘ Papa Pizza - Hull: No distance-based fees configured (driver_earning[5] empty), skipping
2025-12-02 15:59:52,817 - INFO - [119/156] Processing Papa Pizza Cantley...
2025-12-02 15:59:52,817 - INFO - Scraping Papa Pizza Cantley (V1 ID: 825)...
2025-12-02 15:59:54,691 - INFO -   ⊘ Papa Pizza Cantley: No distance-based fees configured (driver_earning[5] empty), skipping
2025-12-02 15:59:54,691 - INFO - [120/156] Processing Papa Pizza Chem. de Masson...
2025-12-02 15:59:54,692 - INFO - Scraping Papa Pizza Chem. de Masson (V1 ID: 1039)...
2025-12-02 15:59:56,600 - INFO -   ⊘ Papa Pizza Chem. de Masson: No distance-based fees configured (driver_earning[5] empty), skipping
2025-12-02 15:59:56,601 - INFO - [121/156] Processing Papa Pizza Des Flandres...
2025-12-02 15:59:56,601 - INFO - Scraping Papa Pizza Des Flandres (V1 ID: 231)...
2025-12-02 15:59:58,373 - INFO -   ⊘ Papa Pizza Des Flandres: No distance-based fees configured (driver_earning[5] empty), skipping
2025-12-02 15:59:58,373 - INFO - [122/156] Processing Papa Pizza Maloney...
2025-12-02 15:59:58,373 - INFO - Scraping Papa Pizza Maloney (V1 ID: 346)...
2025-12-02 16:00:00,123 - INFO -   ⊘ Papa Pizza Maloney: No distance-based fees configured (driver_earning[5] empty), skipping
2025-12-02 16:00:00,124 - INFO - [123/156] Processing Papa Pizza Val-Des-Monts...
2025-12-02 16:00:00,124 - INFO - Scraping Papa Pizza Val-Des-Monts (V1 ID: 703)...
2025-12-02 16:00:01,880 - INFO -   ⊘ Papa Pizza Val-Des-Monts: No distance-based fees configured (driver_earning[5] empty), skipping
2025-12-02 16:00:01,881 - INFO - [124/156] Processing Patate Lou Lou...
2025-12-02 16:00:01,881 - INFO - Scraping Patate Lou Lou (V1 ID: 948)...
2025-12-02 16:00:03,635 - INFO -   ⊘ Patate Lou Lou: No distance-based fees configured (driver_earning[5] empty), skipping
2025-12-02 16:00:03,636 - INFO - [125/156] Processing Pho Bo Ga King - Somerset...
2025-12-02 16:00:03,636 - INFO - Scraping Pho Bo Ga King - Somerset (V1 ID: 337)...
2025-12-02 16:00:05,408 - INFO -   ✓ Pho Bo Ga King - Somerset: 0 emails, commission=15.0, rpd=0.0, 4 fee tiers
2025-12-02 16:00:05,408 - INFO - [126/156] Processing Pizza Bravo...
2025-12-02 16:00:05,408 - INFO - Scraping Pizza Bravo (V1 ID: 264)...
2025-12-02 16:00:07,164 - INFO -   ⊘ Pizza Bravo: No distance-based fees configured (driver_earning[5] empty), skipping
2025-12-02 16:00:07,164 - INFO - [127/156] Processing Pizza des Hautes Plaines...
2025-12-02 16:00:07,165 - INFO - Scraping Pizza des Hautes Plaines (V1 ID: 782)...
2025-12-02 16:00:08,945 - INFO -   ⊘ Pizza des Hautes Plaines: No distance-based fees configured (driver_earning[5] empty), skipping
2025-12-02 16:00:08,945 - INFO - [128/156] Processing Pizza Joanna...
2025-12-02 16:00:08,946 - INFO - Scraping Pizza Joanna (V1 ID: 964)...
2025-12-02 16:00:10,718 - INFO -   ⊘ Pizza Joanna: No distance-based fees configured (driver_earning[5] empty), skipping
2025-12-02 16:00:10,719 - INFO - [129/156] Processing Pizza Lovers Hunt Club...
2025-12-02 16:00:10,719 - INFO - Scraping Pizza Lovers Hunt Club (V1 ID: 712)...
2025-12-02 16:00:12,460 - INFO -   ⊘ Pizza Lovers Hunt Club: No distance-based fees configured (driver_earning[5] empty), skipping
2025-12-02 16:00:12,461 - INFO - [130/156] Processing Pizza Maisonneuve...
2025-12-02 16:00:12,461 - INFO - Scraping Pizza Maisonneuve (V1 ID: 930)...
2025-12-02 16:00:14,200 - INFO -   ⊘ Pizza Maisonneuve: No distance-based fees configured (driver_earning[5] empty), skipping
2025-12-02 16:00:14,201 - INFO - [131/156] Processing Pizzalicious...
2025-12-02 16:00:14,201 - INFO - Scraping Pizzalicious (V1 ID: 1074)...
2025-12-02 16:00:15,966 - INFO -   ⊘ Pizzalicious: No distance-based fees configured (driver_earning[5] empty), skipping
2025-12-02 16:00:15,967 - INFO - [132/156] Processing PizzaRama...
2025-12-02 16:00:15,967 - INFO - Scraping PizzaRama (V1 ID: 953)...
2025-12-02 16:00:17,727 - INFO -   ⊘ PizzaRama: No distance-based fees configured (driver_earning[5] empty), skipping
2025-12-02 16:00:17,728 - INFO - [133/156] Processing Poutinerie Québecurds Gatineau...
2025-12-02 16:00:17,728 - INFO - Scraping Poutinerie Québecurds Gatineau (V1 ID: 1046)...
2025-12-02 16:00:19,467 - INFO -   ⊘ Poutinerie Québecurds Gatineau: No distance-based fees configured (driver_earning[5] empty), skipping
2025-12-02 16:00:19,468 - INFO - [134/156] Processing Poutinerie Quï¿½becurds Hull...
2025-12-02 16:00:19,469 - INFO - Scraping Poutinerie Quï¿½becurds Hull (V1 ID: 1032)...
2025-12-02 16:00:21,228 - INFO -   ⊘ Poutinerie Quï¿½becurds Hull: No distance-based fees configured (driver_earning[5] empty), skipping
2025-12-02 16:00:21,229 - INFO - [135/156] Processing Prima Pizza...
2025-12-02 16:00:21,229 - INFO - Scraping Prima Pizza (V1 ID: 1069)...
2025-12-02 16:00:23,364 - INFO -   ⊘ Prima Pizza: No distance-based fees configured (driver_earning[5] empty), skipping
2025-12-02 16:00:23,365 - INFO - [136/156] Processing Rangoli...
2025-12-02 16:00:23,365 - INFO - Scraping Rangoli (V1 ID: 701)...
2025-12-02 16:00:25,039 - INFO -   ⊘ Rangoli: No distance-based fees configured (driver_earning[5] empty), skipping
2025-12-02 16:00:25,040 - INFO - [137/156] Processing Restaurant Chez Gerry...
2025-12-02 16:00:25,040 - INFO - Scraping Restaurant Chez Gerry (V1 ID: 228)...
2025-12-02 16:00:26,779 - INFO -   ⊘ Restaurant Chez Gerry: No distance-based fees configured (driver_earning[5] empty), skipping
2025-12-02 16:00:26,780 - INFO - [138/156] Processing Restaurant Le Choix...
2025-12-02 16:00:26,780 - INFO - Scraping Restaurant Le Choix (V1 ID: 225)...
2025-12-02 16:00:28,556 - INFO -   ⊘ Restaurant Le Choix: No distance-based fees configured (driver_earning[5] empty), skipping
2025-12-02 16:00:28,557 - INFO - [139/156] Processing Roulas Grecque et Pizza...
2025-12-02 16:00:28,557 - INFO - Scraping Roulas Grecque et Pizza (V1 ID: 173)...
2025-12-02 16:00:30,313 - INFO -   ⊘ Roulas Grecque et Pizza: No distance-based fees configured (driver_earning[5] empty), skipping
2025-12-02 16:00:30,314 - INFO - [140/156] Processing Sachi Sushi...
2025-12-02 16:00:30,314 - INFO - Scraping Sachi Sushi (V1 ID: 542)...
2025-12-02 16:00:32,070 - INFO -   ⊘ Sachi Sushi: No distance-based fees configured (driver_earning[5] empty), skipping
2025-12-02 16:00:32,071 - INFO - [141/156] Processing Sala Thai...
2025-12-02 16:00:32,071 - INFO - Scraping Sala Thai (V1 ID: 983)...
2025-12-02 16:00:33,809 - INFO -   ⊘ Sala Thai: No distance-based fees configured (driver_earning[5] empty), skipping
2025-12-02 16:00:33,809 - INFO - [142/156] Processing Season's Pizza...
2025-12-02 16:00:33,809 - INFO - Scraping Season's Pizza (V1 ID: 199)...
2025-12-02 16:00:35,557 - INFO -   ⊘ Season's Pizza: No distance-based fees configured (driver_earning[5] empty), skipping
2025-12-02 16:00:35,558 - INFO - [143/156] Processing Shaan Tandoori...
2025-12-02 16:00:35,558 - INFO - Scraping Shaan Tandoori (V1 ID: 415)...
2025-12-02 16:00:37,304 - INFO -   ⊘ Shaan Tandoori: No distance-based fees configured (driver_earning[5] empty), skipping
2025-12-02 16:00:37,304 - INFO - [144/156] Processing Souvlaki Souvlaki...
2025-12-02 16:00:37,304 - INFO - Scraping Souvlaki Souvlaki (V1 ID: 1083)...
2025-12-02 16:00:39,063 - INFO -   ⊘ Souvlaki Souvlaki: No distance-based fees configured (driver_earning[5] empty), skipping
2025-12-02 16:00:39,063 - INFO - [145/156] Processing Supreme Pizzeria...
2025-12-02 16:00:39,064 - INFO - Scraping Supreme Pizzeria (V1 ID: 947)...
2025-12-02 16:00:40,812 - INFO -   ⊘ Supreme Pizzeria: No distance-based fees configured (driver_earning[5] empty), skipping
2025-12-02 16:00:40,812 - INFO - [146/156] Processing Supreme Pizzeria...
2025-12-02 16:00:40,813 - INFO - Scraping Supreme Pizzeria (V1 ID: 817)...
2025-12-02 16:00:42,543 - INFO -   ⊘ Supreme Pizzeria: No distance-based fees configured (driver_earning[5] empty), skipping
2025-12-02 16:00:42,543 - INFO - [147/156] Processing Sushi Express Chambly...
2025-12-02 16:00:42,543 - INFO - Scraping Sushi Express Chambly (V1 ID: 511)...
2025-12-02 16:00:44,286 - INFO -   ⊘ Sushi Express Chambly: No distance-based fees configured (driver_earning[5] empty), skipping
2025-12-02 16:00:44,286 - INFO - [148/156] Processing Sushi Fleury...
2025-12-02 16:00:44,286 - INFO - Scraping Sushi Fleury (V1 ID: 818)...
2025-12-02 16:00:46,799 - INFO -   ⊘ Sushi Fleury: No distance-based fees configured (driver_earning[5] empty), skipping
2025-12-02 16:00:46,800 - INFO - [149/156] Processing Sushiyana...
2025-12-02 16:00:46,800 - INFO - Scraping Sushiyana (V1 ID: 1094)...
2025-12-02 16:00:48,554 - INFO -   ✓ Sushiyana: 3 emails, commission=15.0, rpd=0.0, 6 fee tiers
2025-12-02 16:00:48,555 - INFO - [150/156] Processing The Original Georgie's...
2025-12-02 16:00:48,555 - INFO - Scraping The Original Georgie's (V1 ID: 200)...
2025-12-02 16:00:50,285 - INFO -   ⊘ The Original Georgie's: No distance-based fees configured (driver_earning[5] empty), skipping
2025-12-02 16:00:50,286 - INFO - [151/156] Processing Ting's Kitchen...
2025-12-02 16:00:50,286 - INFO - Scraping Ting's Kitchen (V1 ID: 694)...
2025-12-02 16:00:52,019 - INFO -   ⊘ Ting's Kitchen: No distance-based fees configured (driver_earning[5] empty), skipping
2025-12-02 16:00:52,019 - INFO - [152/156] Processing Tony's Pizza...
2025-12-02 16:00:52,019 - INFO - Scraping Tony's Pizza (V1 ID: 275)...
2025-12-02 16:00:53,762 - INFO -   ⊘ Tony's Pizza: No distance-based fees configured (driver_earning[5] empty), skipping
2025-12-02 16:00:53,763 - INFO - [153/156] Processing Vanier Pizza & Subs...
2025-12-02 16:00:53,764 - INFO - Scraping Vanier Pizza & Subs (V1 ID: 175)...
2025-12-02 16:00:55,513 - INFO -   ⊘ Vanier Pizza & Subs: No distance-based fees configured (driver_earning[5] empty), skipping
2025-12-02 16:00:55,514 - INFO - [154/156] Processing Vieux Hull Pizza...
2025-12-02 16:00:55,514 - INFO - Scraping Vieux Hull Pizza (V1 ID: 1064)...
2025-12-02 16:00:57,262 - INFO -   ⊘ Vieux Hull Pizza: No distance-based fees configured (driver_earning[5] empty), skipping
2025-12-02 16:00:57,263 - INFO - [155/156] Processing Xtreme Pizza...
2025-12-02 16:00:57,263 - INFO - Scraping Xtreme Pizza (V1 ID: 532)...
2025-12-02 16:00:59,024 - INFO -   ⊘ Xtreme Pizza: No distance-based fees configured (driver_earning[5] empty), skipping
2025-12-02 16:00:59,024 - INFO - [156/156] Processing Yorgo's - Nepean...
2025-12-02 16:00:59,024 - INFO - Scraping Yorgo's - Nepean (V1 ID: 547)...
2025-12-02 16:01:00,781 - INFO -   ⊘ Yorgo's - Nepean: No distance-based fees configured (driver_earning[5] empty), skipping
2025-12-02 16:01:00,873 - INFO - Browser stopped
2025-12-02 16:01:00,876 - INFO - Results saved to C:\Users\santi\Menu.ca\Legacy Database\Migration Strategy\Scrapers\Delivery and Schedule scraper\output\distance_fees_scraped_20251202_155618.json
2025-12-02 16:01:00,880 - INFO - Results saved to C:\Users\santi\Menu.ca\Legacy Database\Migration Strategy\Scrapers\Delivery and Schedule scraper\output\distance_fees_scraped.json
2025-12-02 16:01:00,880 - INFO - ============================================================
2025-12-02 16:01:00,880 - INFO - Scraping Summary:
2025-12-02 16:01:00,881 - INFO -   Total: 156
2025-12-02 16:01:00,881 - INFO -   Successful: 156
2025-12-02 16:01:00,881 - INFO -   Failed: 0
2025-12-02 16:01:00,881 - INFO -   Uses distance-based fees: 8
2025-12-02 16:01:00,881 - INFO - ============================================================
2025-12-02 16:01:01,260 - INFO - Database connection established
2025-12-02 16:01:04,624 - INFO -   Deleted 4 existing fee tiers for Centertown Donair & Pizza
2025-12-02 16:01:29,855 - INFO -   Deleted 6 existing fee tiers for Oh My Grill
2025-12-02 16:01:40,352 - INFO -   Deleted 6 existing fee tiers for Sushiyana
2025-12-02 16:01:42,733 - INFO - Database connection closed
2025-12-02 16:01:42,733 - INFO - Database updates complete:
2025-12-02 16:01:42,733 - INFO -   - Flags updated: 152
2025-12-02 16:01:42,734 - INFO -   - Emails processed: 15
2025-12-02 16:01:42,734 - INFO -   - Company links created: 15
2025-12-02 16:01:42,734 - INFO -   - Fee tiers inserted: 38
2025-12-02 16:01:42,735 - INFO - Done!
