2025-12-02 15:31:46,712 - INFO - ============================================================
2025-12-02 15:31:46,712 - INFO - Distance-Based Delivery Fees Scraper
2025-12-02 15:31:46,713 - INFO - ============================================================
2025-12-02 15:31:47,274 - INFO - Database connection established
2025-12-02 15:31:47,407 - INFO - Found 156 V1 restaurants (excluding 6 MVP)
2025-12-02 15:31:47,407 - INFO - Database connection closed
2025-12-02 15:31:47,408 - INFO - Found 156 restaurants to scrape
2025-12-02 15:31:47,408 - INFO - Starting browser...
2025-12-02 15:31:47,860 - INFO - Browser started successfully
2025-12-02 15:31:47,860 - INFO - Logging in to V1 CRM...
2025-12-02 15:31:47,860 - INFO -   URL: https://menuadmin.menu.ca/?p=restaurants
2025-12-02 15:31:51,211 - INFO -   Filling credentials for user: santiago@worklocal.ca
2025-12-02 15:31:54,458 - INFO - ✓ Login successful
2025-12-02 15:31:54,459 - INFO - [1/156] Processing Aahar The Taste of India...
2025-12-02 15:31:54,459 - INFO - Scraping Aahar The Taste of India (V1 ID: 781)...
2025-12-02 15:31:56,571 - INFO -   ⊘ Aahar The Taste of India: sendToDelivery not enabled, skipping
2025-12-02 15:31:56,571 - INFO - [2/156] Processing All Out Burger...
2025-12-02 15:31:56,571 - INFO - Scraping All Out Burger (V1 ID: 1080)...
2025-12-02 15:31:58,372 - INFO -   ⊘ All Out Burger: sendToDelivery not enabled, skipping
2025-12-02 15:31:58,372 - INFO - [3/156] Processing All Out Burger...
2025-12-02 15:31:58,373 - INFO - Scraping All Out Burger (V1 ID: 1088)...
2025-12-02 15:32:00,123 - INFO -   ⊘ All Out Burger: sendToDelivery not enabled, skipping
2025-12-02 15:32:00,123 - INFO - [4/156] Processing Amicci Pizza...
2025-12-02 15:32:00,124 - INFO - Scraping Amicci Pizza (V1 ID: 973)...
2025-12-02 15:32:01,876 - INFO -   ⊘ Amicci Pizza: sendToDelivery not enabled, skipping
2025-12-02 15:32:01,877 - INFO - [5/156] Processing Aroy Thai...
2025-12-02 15:32:01,877 - INFO - Scraping Aroy Thai (V1 ID: 830)...
2025-12-02 15:32:03,628 - INFO -   ⊘ Aroy Thai: sendToDelivery not enabled, skipping
2025-12-02 15:32:03,628 - INFO - [6/156] Processing Asia Garden Ottawa...
2025-12-02 15:32:03,628 - INFO - Scraping Asia Garden Ottawa (V1 ID: 856)...
2025-12-02 15:32:05,362 - INFO -   ⊘ Asia Garden Ottawa: sendToDelivery not enabled, skipping
2025-12-02 15:32:05,364 - INFO - [7/156] Processing Aylmer BBQ...
2025-12-02 15:32:05,364 - INFO - Scraping Aylmer BBQ (V1 ID: 183)...
2025-12-02 15:32:07,101 - INFO -   ⊘ Aylmer BBQ: sendToDelivery not enabled, skipping
2025-12-02 15:32:07,102 - INFO - [8/156] Processing Beneci Pizza...
2025-12-02 15:32:07,102 - INFO - Scraping Beneci Pizza (V1 ID: 383)...
2025-12-02 15:32:08,887 - INFO -   ⊘ Beneci Pizza: sendToDelivery not enabled, skipping
2025-12-02 15:32:08,888 - INFO - [9/156] Processing Bobbie's Pizza & Subs...
2025-12-02 15:32:08,888 - INFO - Scraping Bobbie's Pizza & Subs (V1 ID: 143)...
2025-12-02 15:32:10,637 - INFO -   ⊘ Bobbie's Pizza & Subs: sendToDelivery not enabled, skipping
2025-12-02 15:32:10,638 - INFO - [10/156] Processing Carlo's Pizza...
2025-12-02 15:32:10,638 - INFO - Scraping Carlo's Pizza (V1 ID: 246)...
2025-12-02 15:32:12,393 - INFO -   ⊘ Carlo's Pizza: sendToDelivery not enabled, skipping
2025-12-02 15:32:12,393 - INFO - [11/156] Processing Cathay Restaurants...
2025-12-02 15:32:12,394 - INFO - Scraping Cathay Restaurants (V1 ID: 187)...
2025-12-02 15:32:14,154 - INFO -   ⊘ Cathay Restaurants: sendToDelivery not enabled, skipping
2025-12-02 15:32:14,154 - INFO - [12/156] Processing Centertown Donair & Pizza...
2025-12-02 15:32:14,154 - INFO - Scraping Centertown Donair & Pizza (V1 ID: 255)...
2025-12-02 15:32:15,963 - INFO -   ✓ Centertown Donair & Pizza: 3 emails, commission=15.0, rpd=0.0, 4 fee tiers
2025-12-02 15:32:15,964 - INFO - [13/156] Processing Charm Thai Cuisine...
2025-12-02 15:32:15,964 - INFO - Scraping Charm Thai Cuisine (V1 ID: 323)...
2025-12-02 15:32:17,719 - INFO -   ⊘ Charm Thai Cuisine: sendToDelivery not enabled, skipping
2025-12-02 15:32:17,719 - INFO - [14/156] Processing China Moon...
2025-12-02 15:32:17,719 - INFO - Scraping China Moon (V1 ID: 869)...
2025-12-02 15:32:19,464 - INFO -   ⊘ China Moon: sendToDelivery not enabled, skipping
2025-12-02 15:32:19,465 - INFO - [15/156] Processing Colonnade Pizza...
2025-12-02 15:32:19,465 - INFO - Scraping Colonnade Pizza (V1 ID: 1028)...
2025-12-02 15:32:21,216 - INFO -   ⊘ Colonnade Pizza: sendToDelivery not enabled, skipping
2025-12-02 15:32:21,216 - INFO - [16/156] Processing Colonnade Pizza...
2025-12-02 15:32:21,216 - INFO - Scraping Colonnade Pizza (V1 ID: 1025)...
2025-12-02 15:32:22,959 - INFO -   ⊘ Colonnade Pizza: sendToDelivery not enabled, skipping
2025-12-02 15:32:22,959 - INFO - [17/156] Processing Colonnade Pizza...
2025-12-02 15:32:22,960 - INFO - Scraping Colonnade Pizza (V1 ID: 1027)...
2025-12-02 15:32:24,702 - INFO -   ⊘ Colonnade Pizza: sendToDelivery not enabled, skipping
2025-12-02 15:32:24,702 - INFO - [18/156] Processing Colonnade Pizza...
2025-12-02 15:32:24,702 - INFO - Scraping Colonnade Pizza (V1 ID: 334)...
2025-12-02 15:32:26,438 - INFO -   ⊘ Colonnade Pizza: sendToDelivery not enabled, skipping
2025-12-02 15:32:26,438 - INFO - [19/156] Processing Crispy's...
2025-12-02 15:32:26,438 - INFO - Scraping Crispy's (V1 ID: 805)...
2025-12-02 15:32:28,200 - INFO -   ⊘ Crispy's: sendToDelivery not enabled, skipping
2025-12-02 15:32:28,201 - INFO - [20/156] Processing Crispy's Bank Street...
2025-12-02 15:32:28,201 - INFO - Scraping Crispy's Bank Street (V1 ID: 1050)...
2025-12-02 15:32:29,954 - INFO -   ⊘ Crispy's Bank Street: sendToDelivery not enabled, skipping
2025-12-02 15:32:29,955 - INFO - [21/156] Processing Dï¿½panneur Gï¿½nï¿½reux...
2025-12-02 15:32:29,955 - INFO - Scraping Dï¿½panneur Gï¿½nï¿½reux (V1 ID: 1060)...
2025-12-02 15:32:31,697 - INFO -   ⊘ Dï¿½panneur Gï¿½nï¿½reux: sendToDelivery not enabled, skipping
2025-12-02 15:32:31,698 - INFO - [22/156] Processing Digby's Restaurant...
2025-12-02 15:32:31,698 - INFO - Scraping Digby's Restaurant (V1 ID: 865)...
2025-12-02 15:32:33,475 - INFO -   ⊘ Digby's Restaurant: sendToDelivery not enabled, skipping
2025-12-02 15:32:33,476 - INFO - [23/156] Processing Dumpling Bowl...
2025-12-02 15:32:33,476 - INFO - Scraping Dumpling Bowl (V1 ID: 1035)...
2025-12-02 15:32:35,222 - INFO -   ⊘ Dumpling Bowl: sendToDelivery not enabled, skipping
2025-12-02 15:32:35,223 - INFO - [24/156] Processing Eastview Pizza...
2025-12-02 15:32:35,223 - INFO - Scraping Eastview Pizza (V1 ID: 124)...
2025-12-02 15:32:36,978 - INFO -   ⊘ Eastview Pizza: sendToDelivery not enabled, skipping
2025-12-02 15:32:36,978 - INFO - [25/156] Processing Egg Roll Factory...
2025-12-02 15:32:36,978 - INFO - Scraping Egg Roll Factory (V1 ID: 716)...
2025-12-02 15:32:38,740 - INFO -   ⊘ Egg Roll Factory: sendToDelivery not enabled, skipping
2025-12-02 15:32:38,741 - INFO - [26/156] Processing Erman Pizza...
2025-12-02 15:32:38,741 - INFO - Scraping Erman Pizza (V1 ID: 350)...
2025-12-02 15:32:40,538 - INFO -   ⊘ Erman Pizza: sendToDelivery not enabled, skipping
2025-12-02 15:32:40,539 - INFO - [27/156] Processing Friendly Restaurant and Pizzeria...
2025-12-02 15:32:40,539 - INFO - Scraping Friendly Restaurant and Pizzeria (V1 ID: 968)...
2025-12-02 15:32:42,286 - INFO -   ⊘ Friendly Restaurant and Pizzeria: sendToDelivery not enabled, skipping
2025-12-02 15:32:42,286 - INFO - [28/156] Processing Golden Center Pizza...
2025-12-02 15:32:42,286 - INFO - Scraping Golden Center Pizza (V1 ID: 1059)...
2025-12-02 15:32:44,031 - INFO -   ⊘ Golden Center Pizza: sendToDelivery not enabled, skipping
2025-12-02 15:32:44,032 - INFO - [29/156] Processing Greber Pizza et Shawarma...
2025-12-02 15:32:44,032 - INFO - Scraping Greber Pizza et Shawarma (V1 ID: 974)...
2025-12-02 15:32:45,788 - INFO -   ⊘ Greber Pizza et Shawarma: sendToDelivery not enabled, skipping
2025-12-02 15:32:45,788 - INFO - [30/156] Processing HaNoi Pho...
2025-12-02 15:32:45,788 - INFO - Scraping HaNoi Pho (V1 ID: 727)...
2025-12-02 15:32:47,545 - INFO -   ⊘ HaNoi Pho: sendToDelivery not enabled, skipping
2025-12-02 15:32:47,545 - INFO - [31/156] Processing Hong Kong Chinese Food Takeout...
2025-12-02 15:32:47,545 - INFO - Scraping Hong Kong Chinese Food Takeout (V1 ID: 294)...
2025-12-02 15:32:49,292 - INFO -   ⊘ Hong Kong Chinese Food Takeout: sendToDelivery not enabled, skipping
2025-12-02 15:32:49,292 - INFO - [32/156] Processing House of Lasagna...
2025-12-02 15:32:49,293 - INFO - Scraping House of Lasagna (V1 ID: 117)...
2025-12-02 15:32:51,042 - INFO -   ⊘ House of Lasagna: sendToDelivery not enabled, skipping
2025-12-02 15:32:51,042 - INFO - [33/156] Processing iCook Pho You...
2025-12-02 15:32:51,042 - INFO - Scraping iCook Pho You (V1 ID: 669)...
2025-12-02 15:32:52,937 - INFO -   ⊘ iCook Pho You: sendToDelivery not enabled, skipping
2025-12-02 15:32:52,937 - INFO - [34/156] Processing Imilio's Pizzeria...
2025-12-02 15:32:52,937 - INFO - Scraping Imilio's Pizzeria (V1 ID: 89)...
2025-12-02 15:32:54,685 - INFO -   ⊘ Imilio's Pizzeria: sendToDelivery not enabled, skipping
2025-12-02 15:32:54,685 - INFO - [35/156] Processing Indian Punjabi Clay Oven...
2025-12-02 15:32:54,685 - INFO - Scraping Indian Punjabi Clay Oven (V1 ID: 318)...
2025-12-02 15:32:56,453 - INFO -   ⊘ Indian Punjabi Clay Oven: sendToDelivery not enabled, skipping
2025-12-02 15:32:56,454 - INFO - [36/156] Processing JC Royal Thai Cuisine...
2025-12-02 15:32:56,454 - INFO - Scraping JC Royal Thai Cuisine (V1 ID: 874)...
2025-12-02 15:32:58,711 - INFO -   ⊘ JC Royal Thai Cuisine: sendToDelivery not enabled, skipping
2025-12-02 15:32:58,712 - INFO - [37/156] Processing JN Pizza...
2025-12-02 15:32:58,712 - INFO - Scraping JN Pizza (V1 ID: 489)...
2025-12-02 15:33:00,579 - INFO -   ⊘ JN Pizza: sendToDelivery not enabled, skipping
2025-12-02 15:33:00,580 - INFO - [38/156] Processing Joes Family Pizzeria...
2025-12-02 15:33:00,580 - INFO - Scraping Joes Family Pizzeria (V1 ID: 863)...
2025-12-02 15:33:02,328 - INFO -   ⊘ Joes Family Pizzeria: sendToDelivery not enabled, skipping
2025-12-02 15:33:02,329 - INFO - [39/156] Processing Kabylie Pizza...
2025-12-02 15:33:02,329 - INFO - Scraping Kabylie Pizza (V1 ID: 1042)...
2025-12-02 15:33:04,074 - INFO -   ⊘ Kabylie Pizza: sendToDelivery not enabled, skipping
2025-12-02 15:33:04,074 - INFO - [40/156] Processing Kiki Lebanese Pineview Pizza...
2025-12-02 15:33:04,075 - INFO - Scraping Kiki Lebanese Pineview Pizza (V1 ID: 142)...
2025-12-02 15:33:05,819 - INFO -   ⊘ Kiki Lebanese Pineview Pizza: sendToDelivery not enabled, skipping
2025-12-02 15:33:05,820 - INFO - [41/156] Processing La Famiglia on the Danforth...
2025-12-02 15:33:05,820 - INFO - Scraping La Famiglia on the Danforth (V1 ID: 364)...
2025-12-02 15:33:07,570 - INFO -   ⊘ La Famiglia on the Danforth: sendToDelivery not enabled, skipping
2025-12-02 15:33:07,570 - INFO - [42/156] Processing La Maison du Burger...
2025-12-02 15:33:07,571 - INFO - Scraping La Maison du Burger (V1 ID: 965)...
2025-12-02 15:33:09,331 - INFO -   ⊘ La Maison du Burger: sendToDelivery not enabled, skipping
2025-12-02 15:33:09,331 - INFO - [43/156] Processing La Maison Pho...
2025-12-02 15:33:09,332 - INFO - Scraping La Maison Pho (V1 ID: 959)...
2025-12-02 15:33:11,115 - INFO -   ⊘ La Maison Pho: sendToDelivery not enabled, skipping
2025-12-02 15:33:11,115 - INFO - [44/156] Processing La Nawab V2...
2025-12-02 15:33:11,115 - INFO - Scraping La Nawab V2 (V1 ID: 1070)...
2025-12-02 15:33:12,868 - INFO -   ⊘ La Nawab V2: sendToDelivery not enabled, skipping
2025-12-02 15:33:12,868 - INFO - [45/156] Processing La Poutinerie Ogilvie...
2025-12-02 15:33:12,869 - INFO - Scraping La Poutinerie Ogilvie (V1 ID: 952)...
2025-12-02 15:33:14,687 - INFO -   ⊘ La Poutinerie Ogilvie: sendToDelivery not enabled, skipping
2025-12-02 15:33:14,687 - INFO - [46/156] Processing Lemongrass Thai Cuisine...
2025-12-02 15:33:14,688 - INFO - Scraping Lemongrass Thai Cuisine (V1 ID: 219)...
2025-12-02 15:33:16,485 - INFO -   ⊘ Lemongrass Thai Cuisine: sendToDelivery not enabled, skipping
2025-12-02 15:33:16,486 - INFO - [47/156] Processing Light of India...
2025-12-02 15:33:16,486 - INFO - Scraping Light of India (V1 ID: 695)...
2025-12-02 15:33:18,251 - INFO -   ⊘ Light of India: sendToDelivery not enabled, skipping
2025-12-02 15:33:18,252 - INFO - [48/156] Processing Little Gyros Greek Grill...
2025-12-02 15:33:18,252 - INFO - Scraping Little Gyros Greek Grill (V1 ID: 998)...
2025-12-02 15:33:20,071 - INFO -   ⊘ Little Gyros Greek Grill: sendToDelivery not enabled, skipping
2025-12-02 15:33:20,071 - INFO - [49/156] Processing Lorenzo's Pizzeria - Vanier...
2025-12-02 15:33:20,071 - INFO - Scraping Lorenzo's Pizzeria - Vanier (V1 ID: 192)...
2025-12-02 15:33:21,821 - INFO -   ⊘ Lorenzo's Pizzeria - Vanier: sendToDelivery not enabled, skipping
2025-12-02 15:33:21,821 - INFO - [50/156] Processing Lucky Fortune...
2025-12-02 15:33:21,822 - INFO - Scraping Lucky Fortune (V1 ID: 413)...
2025-12-02 15:33:23,568 - INFO -   ⊘ Lucky Fortune: sendToDelivery not enabled, skipping
2025-12-02 15:33:23,568 - INFO - [51/156] Processing Lucky King Take Out...
2025-12-02 15:33:23,569 - INFO - Scraping Lucky King Take Out (V1 ID: 312)...
2025-12-02 15:33:25,302 - INFO -   ⊘ Lucky King Take Out: sendToDelivery not enabled, skipping
2025-12-02 15:33:25,303 - INFO - [52/156] Processing Mama Rosa...
2025-12-02 15:33:25,303 - INFO - Scraping Mama Rosa (V1 ID: 94)...
2025-12-02 15:33:27,083 - INFO -   ⊘ Mama Rosa: sendToDelivery not enabled, skipping
2025-12-02 15:33:27,083 - INFO - [53/156] Processing Mano City Pizza...
2025-12-02 15:33:27,084 - INFO - Scraping Mano City Pizza (V1 ID: 238)...
2025-12-02 15:33:28,887 - INFO -   ⊘ Mano City Pizza: sendToDelivery not enabled, skipping
2025-12-02 15:33:28,887 - INFO - [54/156] Processing Marina Pizza des Flandres ...
2025-12-02 15:33:28,887 - INFO - Scraping Marina Pizza des Flandres  (V1 ID: 838)...
2025-12-02 15:33:30,636 - INFO -   ⊘ Marina Pizza des Flandres : sendToDelivery not enabled, skipping
2025-12-02 15:33:30,637 - INFO - [55/156] Processing Merivale Pizza & Wings...
2025-12-02 15:33:30,637 - INFO - Scraping Merivale Pizza & Wings (V1 ID: 146)...
2025-12-02 15:33:32,399 - INFO -   ⊘ Merivale Pizza & Wings: sendToDelivery not enabled, skipping
2025-12-02 15:33:32,399 - INFO - [56/156] Processing Milano...
2025-12-02 15:33:32,399 - INFO - Scraping Milano (V1 ID: 815)...
2025-12-02 15:33:34,153 - INFO -   ⊘ Milano: sendToDelivery not enabled, skipping
2025-12-02 15:33:34,154 - INFO - [57/156] Processing Milano...
2025-12-02 15:33:34,154 - INFO - Scraping Milano (V1 ID: 161)...
2025-12-02 15:33:35,904 - INFO -   ⊘ Milano: sendToDelivery not enabled, skipping
2025-12-02 15:33:35,906 - INFO - [58/156] Processing Milano...
2025-12-02 15:33:35,906 - INFO - Scraping Milano (V1 ID: 164)...
2025-12-02 15:33:37,693 - INFO -   ⊘ Milano: sendToDelivery not enabled, skipping
2025-12-02 15:33:37,694 - INFO - [59/156] Processing Milano...
2025-12-02 15:33:37,694 - INFO - Scraping Milano (V1 ID: 1062)...
2025-12-02 15:33:39,452 - INFO -   ⊘ Milano: sendToDelivery not enabled, skipping
2025-12-02 15:33:39,453 - INFO - [60/156] Processing Milano...
2025-12-02 15:33:39,454 - INFO - Scraping Milano (V1 ID: 1063)...
2025-12-02 15:33:41,206 - INFO -   ⊘ Milano: sendToDelivery not enabled, skipping
2025-12-02 15:33:41,206 - INFO - [61/156] Processing Milano...
2025-12-02 15:33:41,206 - INFO - Scraping Milano (V1 ID: 789)...
2025-12-02 15:33:42,951 - INFO -   ⊘ Milano: sendToDelivery not enabled, skipping
2025-12-02 15:33:42,952 - INFO - [62/156] Processing Milano...
2025-12-02 15:33:42,952 - INFO - Scraping Milano (V1 ID: 785)...
2025-12-02 15:33:44,703 - INFO -   ⊘ Milano: sendToDelivery not enabled, skipping
2025-12-02 15:33:44,704 - INFO - [63/156] Processing Milano...
2025-12-02 15:33:44,704 - INFO - Scraping Milano (V1 ID: 127)...
2025-12-02 15:33:46,472 - INFO -   ⊘ Milano: sendToDelivery not enabled, skipping
2025-12-02 15:33:46,473 - INFO - [64/156] Processing Milano...
2025-12-02 15:33:46,473 - INFO - Scraping Milano (V1 ID: 1065)...
2025-12-02 15:33:48,226 - INFO -   ⊘ Milano: sendToDelivery not enabled, skipping
2025-12-02 15:33:48,226 - INFO - [65/156] Processing Milano...
2025-12-02 15:33:48,226 - INFO - Scraping Milano (V1 ID: 850)...
2025-12-02 15:33:49,979 - INFO -   ⊘ Milano: sendToDelivery not enabled, skipping
2025-12-02 15:33:49,979 - INFO - [66/156] Processing Milano...
2025-12-02 15:33:49,980 - INFO - Scraping Milano (V1 ID: 913)...
2025-12-02 15:33:51,724 - INFO -   ⊘ Milano: sendToDelivery not enabled, skipping
2025-12-02 15:33:51,725 - INFO - [67/156] Processing Milano...
2025-12-02 15:33:51,725 - INFO - Scraping Milano (V1 ID: 987)...
2025-12-02 15:33:53,501 - INFO -   ⊘ Milano: sendToDelivery not enabled, skipping
2025-12-02 15:33:53,501 - INFO - [68/156] Processing Milano...
2025-12-02 15:33:53,501 - INFO - Scraping Milano (V1 ID: 989)...
2025-12-02 15:33:55,269 - INFO -   ⊘ Milano: sendToDelivery not enabled, skipping
2025-12-02 15:33:55,271 - INFO - [69/156] Processing Milano...
2025-12-02 15:33:55,271 - INFO - Scraping Milano (V1 ID: 824)...
2025-12-02 15:33:57,022 - INFO -   ⊘ Milano: sendToDelivery not enabled, skipping
2025-12-02 15:33:57,023 - INFO - [70/156] Processing Milano...
2025-12-02 15:33:57,023 - INFO - Scraping Milano (V1 ID: 889)...
2025-12-02 15:33:58,767 - INFO -   ⊘ Milano: sendToDelivery not enabled, skipping
2025-12-02 15:33:58,768 - INFO - [71/156] Processing Milano...
2025-12-02 15:33:58,769 - INFO - Scraping Milano (V1 ID: 879)...
2025-12-02 15:34:00,522 - INFO -   ⊘ Milano: sendToDelivery not enabled, skipping
2025-12-02 15:34:00,523 - INFO - [72/156] Processing Milano...
2025-12-02 15:34:00,523 - INFO - Scraping Milano (V1 ID: 937)...
2025-12-02 15:34:02,271 - INFO -   ⊘ Milano: sendToDelivery not enabled, skipping
2025-12-02 15:34:02,272 - INFO - [73/156] Processing Milano...
2025-12-02 15:34:02,272 - INFO - Scraping Milano (V1 ID: 1082)...
2025-12-02 15:34:04,023 - INFO -   ⊘ Milano: sendToDelivery not enabled, skipping
2025-12-02 15:34:04,023 - INFO - [74/156] Processing Milano...
2025-12-02 15:34:04,024 - INFO - Scraping Milano (V1 ID: 807)...
2025-12-02 15:34:05,805 - INFO -   ⊘ Milano: sendToDelivery not enabled, skipping
2025-12-02 15:34:05,806 - INFO - [75/156] Processing Milano...
2025-12-02 15:34:05,806 - INFO - Scraping Milano (V1 ID: 1087)...
2025-12-02 15:34:07,555 - INFO -   ⊘ Milano: sendToDelivery not enabled, skipping
2025-12-02 15:34:07,555 - INFO - [76/156] Processing Milano...
2025-12-02 15:34:07,555 - INFO - Scraping Milano (V1 ID: 1089)...
2025-12-02 15:34:09,323 - INFO -   ⊘ Milano: sendToDelivery not enabled, skipping
2025-12-02 15:34:09,323 - INFO - [77/156] Processing Milano...
2025-12-02 15:34:09,323 - INFO - Scraping Milano (V1 ID: 1084)...
2025-12-02 15:34:11,165 - INFO -   ⊘ Milano: sendToDelivery not enabled, skipping
2025-12-02 15:34:11,166 - INFO - [78/156] Processing Milano...
2025-12-02 15:34:11,166 - INFO - Scraping Milano (V1 ID: 411)...
2025-12-02 15:34:12,918 - INFO -   ⊘ Milano: sendToDelivery not enabled, skipping
2025-12-02 15:34:12,919 - INFO - [79/156] Processing Milano...
2025-12-02 15:34:12,919 - INFO - Scraping Milano (V1 ID: 190)...
2025-12-02 15:34:14,649 - INFO -   ⊘ Milano: sendToDelivery not enabled, skipping
2025-12-02 15:34:14,649 - INFO - [80/156] Processing Milano...
2025-12-02 15:34:14,649 - INFO - Scraping Milano (V1 ID: 204)...
2025-12-02 15:34:16,422 - INFO -   ⊘ Milano: sendToDelivery not enabled, skipping
2025-12-02 15:34:16,422 - INFO - [81/156] Processing Milano...
2025-12-02 15:34:16,423 - INFO - Scraping Milano (V1 ID: 205)...
2025-12-02 15:34:18,170 - INFO -   ⊘ Milano: sendToDelivery not enabled, skipping
2025-12-02 15:34:18,171 - INFO - [82/156] Processing Milano...
2025-12-02 15:34:18,171 - INFO - Scraping Milano (V1 ID: 206)...
2025-12-02 15:34:19,916 - INFO -   ⊘ Milano: sendToDelivery not enabled, skipping
2025-12-02 15:34:19,917 - INFO - [83/156] Processing Milano...
2025-12-02 15:34:19,917 - INFO - Scraping Milano (V1 ID: 207)...
2025-12-02 15:34:21,672 - INFO -   ⊘ Milano: sendToDelivery not enabled, skipping
2025-12-02 15:34:21,672 - INFO - [84/156] Processing Milano...
2025-12-02 15:34:21,672 - INFO - Scraping Milano (V1 ID: 208)...
2025-12-02 15:34:23,423 - INFO -   ⊘ Milano: sendToDelivery not enabled, skipping
2025-12-02 15:34:23,423 - INFO - [85/156] Processing Milano...
2025-12-02 15:34:23,423 - INFO - Scraping Milano (V1 ID: 209)...
2025-12-02 15:34:25,170 - INFO -   ⊘ Milano: sendToDelivery not enabled, skipping
2025-12-02 15:34:25,170 - INFO - [86/156] Processing Milano...
2025-12-02 15:34:25,171 - INFO - Scraping Milano (V1 ID: 211)...
2025-12-02 15:34:26,931 - INFO -   ⊘ Milano: sendToDelivery not enabled, skipping
2025-12-02 15:34:26,932 - INFO - [87/156] Processing Milano...
2025-12-02 15:34:26,932 - INFO - Scraping Milano (V1 ID: 213)...
2025-12-02 15:34:28,688 - INFO -   ⊘ Milano: sendToDelivery not enabled, skipping
2025-12-02 15:34:28,689 - INFO - [88/156] Processing Milano...
2025-12-02 15:34:28,689 - INFO - Scraping Milano (V1 ID: 328)...
2025-12-02 15:34:30,451 - INFO -   ⊘ Milano: sendToDelivery not enabled, skipping
2025-12-02 15:34:30,451 - INFO - [89/156] Processing Milano...
2025-12-02 15:34:30,451 - INFO - Scraping Milano (V1 ID: 172)...
2025-12-02 15:34:32,214 - INFO -   ⊘ Milano: sendToDelivery not enabled, skipping
2025-12-02 15:34:32,215 - INFO - [90/156] Processing Milano...
2025-12-02 15:34:32,215 - INFO - Scraping Milano (V1 ID: 245)...
2025-12-02 15:34:34,259 - INFO -   ⊘ Milano: sendToDelivery not enabled, skipping
2025-12-02 15:34:34,259 - INFO - [91/156] Processing Milano...
2025-12-02 15:34:34,259 - INFO - Scraping Milano (V1 ID: 248)...
2025-12-02 15:34:36,018 - INFO -   ⊘ Milano: sendToDelivery not enabled, skipping
2025-12-02 15:34:36,019 - INFO - [92/156] Processing Milano...
2025-12-02 15:34:36,019 - INFO - Scraping Milano (V1 ID: 512)...
2025-12-02 15:34:37,766 - INFO -   ⊘ Milano: sendToDelivery not enabled, skipping
2025-12-02 15:34:37,767 - INFO - [93/156] Processing Milano...
2025-12-02 15:34:37,767 - INFO - Scraping Milano (V1 ID: 513)...
2025-12-02 15:34:39,502 - INFO -   ⊘ Milano: sendToDelivery not enabled, skipping
2025-12-02 15:34:39,502 - INFO - [94/156] Processing Mont Liban Bakery & Shawarma...
2025-12-02 15:34:39,502 - INFO - Scraping Mont Liban Bakery & Shawarma (V1 ID: 344)...
2025-12-02 15:34:41,263 - INFO -   ⊘ Mont Liban Bakery & Shawarma: sendToDelivery not enabled, skipping
2025-12-02 15:34:41,263 - INFO - [95/156] Processing Mozza Pizza Gatineau...
2025-12-02 15:34:41,263 - INFO - Scraping Mozza Pizza Gatineau (V1 ID: 132)...
2025-12-02 15:34:43,015 - INFO -   ⊘ Mozza Pizza Gatineau: sendToDelivery not enabled, skipping
2025-12-02 15:34:43,016 - INFO - [96/156] Processing Mozza Pizza Hull...
2025-12-02 15:34:43,016 - INFO - Scraping Mozza Pizza Hull (V1 ID: 872)...
2025-12-02 15:34:44,774 - INFO -   ⊘ Mozza Pizza Hull: sendToDelivery not enabled, skipping
2025-12-02 15:34:44,774 - INFO - [97/156] Processing Mr Mozzarella - Nepean...
2025-12-02 15:34:44,774 - INFO - Scraping Mr Mozzarella - Nepean (V1 ID: 145)...
2025-12-02 15:34:46,522 - INFO -   ⊘ Mr Mozzarella - Nepean: sendToDelivery not enabled, skipping
2025-12-02 15:34:46,523 - INFO - [98/156] Processing Mykonos Greek Grill...
2025-12-02 15:34:46,523 - INFO - Scraping Mykonos Greek Grill (V1 ID: 1093)...
2025-12-02 15:34:48,281 - INFO -   ⊘ Mykonos Greek Grill: sendToDelivery not enabled, skipping
2025-12-02 15:34:48,282 - INFO - [99/156] Processing Mykonos Greek Grill...
2025-12-02 15:34:48,282 - INFO - Scraping Mykonos Greek Grill (V1 ID: 1092)...
2025-12-02 15:34:50,034 - INFO -   ⊘ Mykonos Greek Grill: sendToDelivery not enabled, skipping
2025-12-02 15:34:50,034 - INFO - [100/156] Processing Nachos Loco Gatineau...
2025-12-02 15:34:50,034 - INFO - Scraping Nachos Loco Gatineau (V1 ID: 1045)...
2025-12-02 15:34:51,823 - INFO -   ⊘ Nachos Loco Gatineau: sendToDelivery not enabled, skipping
2025-12-02 15:34:51,823 - INFO - [101/156] Processing Nachos Loco Hull...
2025-12-02 15:34:51,823 - INFO - Scraping Nachos Loco Hull (V1 ID: 1033)...
2025-12-02 15:34:53,591 - INFO -   ⊘ Nachos Loco Hull: sendToDelivery not enabled, skipping
2025-12-02 15:34:53,592 - INFO - [102/156] Processing Napolis...
2025-12-02 15:34:53,592 - INFO - Scraping Napolis (V1 ID: 721)...
2025-12-02 15:34:55,352 - INFO -   ⊘ Napolis: sendToDelivery not enabled, skipping
2025-12-02 15:34:55,353 - INFO - [103/156] Processing New Hong Kong...
2025-12-02 15:34:55,353 - INFO - Scraping New Hong Kong (V1 ID: 707)...
2025-12-02 15:34:57,124 - INFO -   ⊘ New Hong Kong: sendToDelivery not enabled, skipping
2025-12-02 15:34:57,124 - INFO - [104/156] Processing New Mee Fung Restaurant...
2025-12-02 15:34:57,124 - INFO - Scraping New Mee Fung Restaurant (V1 ID: 101)...
2025-12-02 15:34:58,900 - INFO -   ⊘ New Mee Fung Restaurant: sendToDelivery not enabled, skipping
2025-12-02 15:34:58,901 - INFO - [105/156] Processing New Mukut Restaurant Indian Cuisine...
2025-12-02 15:34:58,901 - INFO - Scraping New Mukut Restaurant Indian Cuisine (V1 ID: 374)...
2025-12-02 15:35:00,661 - INFO -   ⊘ New Mukut Restaurant Indian Cuisine: sendToDelivery not enabled, skipping
2025-12-02 15:35:00,662 - INFO - [106/156] Processing Number One Chinese Take Out...
2025-12-02 15:35:00,662 - INFO - Scraping Number One Chinese Take Out (V1 ID: 179)...
2025-12-02 15:35:02,437 - INFO -   ⊘ Number One Chinese Take Out: sendToDelivery not enabled, skipping
2025-12-02 15:35:02,437 - INFO - [107/156] Processing Ogilvie Pizza...
2025-12-02 15:35:02,437 - INFO - Scraping Ogilvie Pizza (V1 ID: 951)...
2025-12-02 15:35:04,194 - INFO -   ⊘ Ogilvie Pizza: sendToDelivery not enabled, skipping
2025-12-02 15:35:04,194 - INFO - [108/156] Processing Oh My Grill...
2025-12-02 15:35:04,194 - INFO - Scraping Oh My Grill (V1 ID: 1051)...
2025-12-02 15:35:05,970 - INFO -   ✓ Oh My Grill: 3 emails, commission=15.0, rpd=0.0, 6 fee tiers
2025-12-02 15:35:05,971 - INFO - [109/156] Processing Oka's Hull...
2025-12-02 15:35:05,971 - INFO - Scraping Oka's Hull (V1 ID: 914)...
2025-12-02 15:35:07,735 - INFO -   ⊘ Oka's Hull: sendToDelivery not enabled, skipping
2025-12-02 15:35:07,737 - INFO - [110/156] Processing Palermo Pizzeria...
2025-12-02 15:35:07,738 - INFO - Scraping Palermo Pizzeria (V1 ID: 729)...
2025-12-02 15:35:09,506 - INFO -   ⊘ Palermo Pizzeria: sendToDelivery not enabled, skipping
2025-12-02 15:35:09,506 - INFO - [111/156] Processing Papa Burger...
2025-12-02 15:35:09,506 - INFO - Scraping Papa Burger (V1 ID: 1041)...
2025-12-02 15:35:11,270 - INFO -   ⊘ Papa Burger: sendToDelivery not enabled, skipping
2025-12-02 15:35:11,270 - INFO - [112/156] Processing Papa Burger Maloney...
2025-12-02 15:35:11,270 - INFO - Scraping Papa Burger Maloney (V1 ID: 1066)...
2025-12-02 15:35:13,022 - INFO -   ⊘ Papa Burger Maloney: sendToDelivery not enabled, skipping
2025-12-02 15:35:13,023 - INFO - [113/156] Processing Papa Grecque Cantley...
2025-12-02 15:35:13,023 - INFO - Scraping Papa Grecque Cantley (V1 ID: 1054)...
2025-12-02 15:35:15,547 - INFO -   ⊘ Papa Grecque Cantley: sendToDelivery not enabled, skipping
2025-12-02 15:35:15,548 - INFO - [114/156] Processing Papa Grecque des Flandres...
2025-12-02 15:35:15,548 - INFO - Scraping Papa Grecque des Flandres (V1 ID: 758)...
2025-12-02 15:35:17,310 - INFO -   ⊘ Papa Grecque des Flandres: sendToDelivery not enabled, skipping
2025-12-02 15:35:17,311 - INFO - [115/156] Processing Papa Grecque Maloney ...
2025-12-02 15:35:17,311 - INFO - Scraping Papa Grecque Maloney  (V1 ID: 840)...
2025-12-02 15:35:19,065 - INFO -   ⊘ Papa Grecque Maloney : sendToDelivery not enabled, skipping
2025-12-02 15:35:19,065 - INFO - [116/156] Processing Papa Joe's Fried Chicken - Downtown...
2025-12-02 15:35:19,065 - INFO - Scraping Papa Joe's Fried Chicken - Downtown (V1 ID: 612)...
2025-12-02 15:35:20,820 - INFO -   ⊘ Papa Joe's Fried Chicken - Downtown: sendToDelivery not enabled, skipping
2025-12-02 15:35:20,821 - INFO - [117/156] Processing Papa Joe's Pizza - Downtown...
2025-12-02 15:35:20,821 - INFO - Scraping Papa Joe's Pizza - Downtown (V1 ID: 95)...
2025-12-02 15:35:22,571 - INFO -   ⊘ Papa Joe's Pizza - Downtown: sendToDelivery not enabled, skipping
2025-12-02 15:35:22,572 - INFO - [118/156] Processing Papa Pizza - Hull...
2025-12-02 15:35:22,572 - INFO - Scraping Papa Pizza - Hull (V1 ID: 184)...
2025-12-02 15:35:24,334 - INFO -   ⊘ Papa Pizza - Hull: sendToDelivery not enabled, skipping
2025-12-02 15:35:24,335 - INFO - [119/156] Processing Papa Pizza Cantley...
2025-12-02 15:35:24,335 - INFO - Scraping Papa Pizza Cantley (V1 ID: 825)...
2025-12-02 15:35:26,086 - INFO -   ⊘ Papa Pizza Cantley: sendToDelivery not enabled, skipping
2025-12-02 15:35:26,086 - INFO - [120/156] Processing Papa Pizza Chem. de Masson...
2025-12-02 15:35:26,086 - INFO - Scraping Papa Pizza Chem. de Masson (V1 ID: 1039)...
2025-12-02 15:35:27,835 - INFO -   ⊘ Papa Pizza Chem. de Masson: sendToDelivery not enabled, skipping
2025-12-02 15:35:27,836 - INFO - [121/156] Processing Papa Pizza Des Flandres...
2025-12-02 15:35:27,836 - INFO - Scraping Papa Pizza Des Flandres (V1 ID: 231)...
2025-12-02 15:35:29,581 - INFO -   ⊘ Papa Pizza Des Flandres: sendToDelivery not enabled, skipping
2025-12-02 15:35:29,582 - INFO - [122/156] Processing Papa Pizza Maloney...
2025-12-02 15:35:29,582 - INFO - Scraping Papa Pizza Maloney (V1 ID: 346)...
2025-12-02 15:35:31,331 - INFO -   ⊘ Papa Pizza Maloney: sendToDelivery not enabled, skipping
2025-12-02 15:35:31,332 - INFO - [123/156] Processing Papa Pizza Val-Des-Monts...
2025-12-02 15:35:31,332 - INFO - Scraping Papa Pizza Val-Des-Monts (V1 ID: 703)...
2025-12-02 15:35:33,084 - INFO -   ⊘ Papa Pizza Val-Des-Monts: sendToDelivery not enabled, skipping
2025-12-02 15:35:33,084 - INFO - [124/156] Processing Patate Lou Lou...
2025-12-02 15:35:33,084 - INFO - Scraping Patate Lou Lou (V1 ID: 948)...
2025-12-02 15:35:34,828 - INFO -   ⊘ Patate Lou Lou: sendToDelivery not enabled, skipping
2025-12-02 15:35:34,828 - INFO - [125/156] Processing Pho Bo Ga King - Somerset...
2025-12-02 15:35:34,828 - INFO - Scraping Pho Bo Ga King - Somerset (V1 ID: 337)...
2025-12-02 15:35:36,587 - INFO -   ⊘ Pho Bo Ga King - Somerset: sendToDelivery not enabled, skipping
2025-12-02 15:35:36,588 - INFO - [126/156] Processing Pizza Bravo...
2025-12-02 15:35:36,588 - INFO - Scraping Pizza Bravo (V1 ID: 264)...
2025-12-02 15:35:38,341 - INFO -   ⊘ Pizza Bravo: sendToDelivery not enabled, skipping
2025-12-02 15:35:38,341 - INFO - [127/156] Processing Pizza des Hautes Plaines...
2025-12-02 15:35:38,341 - INFO - Scraping Pizza des Hautes Plaines (V1 ID: 782)...
2025-12-02 15:35:40,089 - INFO -   ⊘ Pizza des Hautes Plaines: sendToDelivery not enabled, skipping
2025-12-02 15:35:40,090 - INFO - [128/156] Processing Pizza Joanna...
2025-12-02 15:35:40,090 - INFO - Scraping Pizza Joanna (V1 ID: 964)...
2025-12-02 15:35:41,851 - INFO -   ⊘ Pizza Joanna: sendToDelivery not enabled, skipping
2025-12-02 15:35:41,851 - INFO - [129/156] Processing Pizza Lovers Hunt Club...
2025-12-02 15:35:41,851 - INFO - Scraping Pizza Lovers Hunt Club (V1 ID: 712)...
2025-12-02 15:35:43,748 - INFO -   ⊘ Pizza Lovers Hunt Club: sendToDelivery not enabled, skipping
2025-12-02 15:35:43,749 - INFO - [130/156] Processing Pizza Maisonneuve...
2025-12-02 15:35:43,750 - INFO - Scraping Pizza Maisonneuve (V1 ID: 930)...
2025-12-02 15:35:45,573 - INFO -   ⊘ Pizza Maisonneuve: sendToDelivery not enabled, skipping
2025-12-02 15:35:45,575 - INFO - [131/156] Processing Pizzalicious...
2025-12-02 15:35:45,575 - INFO - Scraping Pizzalicious (V1 ID: 1074)...
2025-12-02 15:35:47,421 - INFO -   ⊘ Pizzalicious: sendToDelivery not enabled, skipping
2025-12-02 15:35:47,422 - INFO - [132/156] Processing PizzaRama...
2025-12-02 15:35:47,423 - INFO - Scraping PizzaRama (V1 ID: 953)...
2025-12-02 15:35:49,254 - INFO -   ⊘ PizzaRama: sendToDelivery not enabled, skipping
2025-12-02 15:35:49,256 - INFO - [133/156] Processing Poutinerie Québecurds Gatineau...
2025-12-02 15:35:49,257 - INFO - Scraping Poutinerie Québecurds Gatineau (V1 ID: 1046)...
2025-12-02 15:35:51,093 - INFO -   ⊘ Poutinerie Québecurds Gatineau: sendToDelivery not enabled, skipping
2025-12-02 15:35:51,094 - INFO - [134/156] Processing Poutinerie Quï¿½becurds Hull...
2025-12-02 15:35:51,094 - INFO - Scraping Poutinerie Quï¿½becurds Hull (V1 ID: 1032)...
2025-12-02 15:35:52,934 - INFO -   ⊘ Poutinerie Quï¿½becurds Hull: sendToDelivery not enabled, skipping
2025-12-02 15:35:52,935 - INFO - [135/156] Processing Prima Pizza...
2025-12-02 15:35:52,935 - INFO - Scraping Prima Pizza (V1 ID: 1069)...
2025-12-02 15:35:54,791 - INFO -   ⊘ Prima Pizza: sendToDelivery not enabled, skipping
2025-12-02 15:35:54,794 - INFO - [136/156] Processing Rangoli...
2025-12-02 15:35:54,794 - INFO - Scraping Rangoli (V1 ID: 701)...
2025-12-02 15:35:56,648 - INFO -   ⊘ Rangoli: sendToDelivery not enabled, skipping
2025-12-02 15:35:56,649 - INFO - [137/156] Processing Restaurant Chez Gerry...
2025-12-02 15:35:56,649 - INFO - Scraping Restaurant Chez Gerry (V1 ID: 228)...
2025-12-02 15:35:58,476 - INFO -   ⊘ Restaurant Chez Gerry: sendToDelivery not enabled, skipping
2025-12-02 15:35:58,478 - INFO - [138/156] Processing Restaurant Le Choix...
2025-12-02 15:35:58,478 - INFO - Scraping Restaurant Le Choix (V1 ID: 225)...
2025-12-02 15:36:00,315 - INFO -   ⊘ Restaurant Le Choix: sendToDelivery not enabled, skipping
2025-12-02 15:36:00,315 - INFO - [139/156] Processing Roulas Grecque et Pizza...
2025-12-02 15:36:00,316 - INFO - Scraping Roulas Grecque et Pizza (V1 ID: 173)...
2025-12-02 15:36:02,173 - INFO -   ⊘ Roulas Grecque et Pizza: sendToDelivery not enabled, skipping
2025-12-02 15:36:02,174 - INFO - [140/156] Processing Sachi Sushi...
2025-12-02 15:36:02,175 - INFO - Scraping Sachi Sushi (V1 ID: 542)...
2025-12-02 15:36:03,997 - INFO -   ⊘ Sachi Sushi: sendToDelivery not enabled, skipping
2025-12-02 15:36:03,999 - INFO - [141/156] Processing Sala Thai...
2025-12-02 15:36:04,000 - INFO - Scraping Sala Thai (V1 ID: 983)...
2025-12-02 15:36:05,843 - INFO -   ⊘ Sala Thai: sendToDelivery not enabled, skipping
2025-12-02 15:36:05,844 - INFO - [142/156] Processing Season's Pizza...
2025-12-02 15:36:05,845 - INFO - Scraping Season's Pizza (V1 ID: 199)...
2025-12-02 15:36:07,681 - INFO -   ⊘ Season's Pizza: sendToDelivery not enabled, skipping
2025-12-02 15:36:07,683 - INFO - [143/156] Processing Shaan Tandoori...
2025-12-02 15:36:07,684 - INFO - Scraping Shaan Tandoori (V1 ID: 415)...
2025-12-02 15:36:09,562 - INFO -   ⊘ Shaan Tandoori: sendToDelivery not enabled, skipping
2025-12-02 15:36:09,563 - INFO - [144/156] Processing Souvlaki Souvlaki...
2025-12-02 15:36:09,564 - INFO - Scraping Souvlaki Souvlaki (V1 ID: 1083)...
2025-12-02 15:36:11,445 - INFO -   ⊘ Souvlaki Souvlaki: sendToDelivery not enabled, skipping
2025-12-02 15:36:11,447 - INFO - [145/156] Processing Supreme Pizzeria...
2025-12-02 15:36:11,447 - INFO - Scraping Supreme Pizzeria (V1 ID: 947)...
2025-12-02 15:36:13,287 - INFO -   ⊘ Supreme Pizzeria: sendToDelivery not enabled, skipping
2025-12-02 15:36:13,289 - INFO - [146/156] Processing Supreme Pizzeria...
2025-12-02 15:36:13,289 - INFO - Scraping Supreme Pizzeria (V1 ID: 817)...
2025-12-02 15:36:15,161 - INFO -   ⊘ Supreme Pizzeria: sendToDelivery not enabled, skipping
2025-12-02 15:36:15,163 - INFO - [147/156] Processing Sushi Express Chambly...
2025-12-02 15:36:15,163 - INFO - Scraping Sushi Express Chambly (V1 ID: 511)...
2025-12-02 15:36:17,009 - INFO -   ⊘ Sushi Express Chambly: sendToDelivery not enabled, skipping
2025-12-02 15:36:17,011 - INFO - [148/156] Processing Sushi Fleury...
2025-12-02 15:36:17,011 - INFO - Scraping Sushi Fleury (V1 ID: 818)...
2025-12-02 15:36:18,856 - INFO -   ⊘ Sushi Fleury: sendToDelivery not enabled, skipping
2025-12-02 15:36:18,858 - INFO - [149/156] Processing Sushiyana...
2025-12-02 15:36:18,858 - INFO - Scraping Sushiyana (V1 ID: 1094)...
2025-12-02 15:36:20,750 - INFO -   ✓ Sushiyana: 3 emails, commission=15.0, rpd=0.0, 6 fee tiers
2025-12-02 15:36:20,752 - INFO - [150/156] Processing The Original Georgie's...
2025-12-02 15:36:20,752 - INFO - Scraping The Original Georgie's (V1 ID: 200)...
2025-12-02 15:36:22,589 - INFO -   ⊘ The Original Georgie's: sendToDelivery not enabled, skipping
2025-12-02 15:36:22,591 - INFO - [151/156] Processing Ting's Kitchen...
2025-12-02 15:36:22,591 - INFO - Scraping Ting's Kitchen (V1 ID: 694)...
2025-12-02 15:36:24,412 - INFO -   ⊘ Ting's Kitchen: sendToDelivery not enabled, skipping
2025-12-02 15:36:24,412 - INFO - [152/156] Processing Tony's Pizza...
2025-12-02 15:36:24,413 - INFO - Scraping Tony's Pizza (V1 ID: 275)...
2025-12-02 15:36:26,226 - INFO -   ⊘ Tony's Pizza: sendToDelivery not enabled, skipping
2025-12-02 15:36:26,227 - INFO - [153/156] Processing Vanier Pizza & Subs...
2025-12-02 15:36:26,227 - INFO - Scraping Vanier Pizza & Subs (V1 ID: 175)...
2025-12-02 15:36:28,060 - INFO -   ⊘ Vanier Pizza & Subs: sendToDelivery not enabled, skipping
2025-12-02 15:36:28,062 - INFO - [154/156] Processing Vieux Hull Pizza...
2025-12-02 15:36:28,062 - INFO - Scraping Vieux Hull Pizza (V1 ID: 1064)...
2025-12-02 15:36:29,913 - INFO -   ⊘ Vieux Hull Pizza: sendToDelivery not enabled, skipping
2025-12-02 15:36:29,914 - INFO - [155/156] Processing Xtreme Pizza...
2025-12-02 15:36:29,915 - INFO - Scraping Xtreme Pizza (V1 ID: 532)...
2025-12-02 15:36:31,763 - INFO -   ⊘ Xtreme Pizza: sendToDelivery not enabled, skipping
2025-12-02 15:36:31,763 - INFO - [156/156] Processing Yorgo's - Nepean...
2025-12-02 15:36:31,764 - INFO - Scraping Yorgo's - Nepean (V1 ID: 547)...
2025-12-02 15:36:33,592 - INFO -   ⊘ Yorgo's - Nepean: sendToDelivery not enabled, skipping
2025-12-02 15:36:33,729 - INFO - Browser stopped
2025-12-02 15:36:33,738 - INFO - Results saved to C:\Users\santi\Menu.ca\Legacy Database\Migration Strategy\Scrapers\Delivery and Schedule scraper\output\distance_fees_scraped_20251202_153146.json
2025-12-02 15:36:33,747 - INFO - Results saved to C:\Users\santi\Menu.ca\Legacy Database\Migration Strategy\Scrapers\Delivery and Schedule scraper\output\distance_fees_scraped.json
2025-12-02 15:36:33,748 - INFO - ============================================================
2025-12-02 15:36:33,749 - INFO - Scraping Summary:
2025-12-02 15:36:33,749 - INFO -   Total: 156
2025-12-02 15:36:33,749 - INFO -   Successful: 156
2025-12-02 15:36:33,750 - INFO -   Failed: 0
2025-12-02 15:36:33,750 - INFO -   Uses distance-based fees: 3
2025-12-02 15:36:33,751 - INFO - ============================================================
2025-12-02 15:36:34,384 - INFO - Database connection established
2025-12-02 15:36:38,684 - INFO -   Deleted 4 existing fee tiers for Centertown Donair & Pizza
2025-12-02 15:37:05,396 - INFO - Database connection closed
2025-12-02 15:37:05,396 - INFO - Database updates complete:
2025-12-02 15:37:05,396 - INFO -   - Flags updated: 152
2025-12-02 15:37:05,396 - INFO -   - Emails processed: 9
2025-12-02 15:37:05,397 - INFO -   - Company links created: 9
2025-12-02 15:37:05,397 - INFO -   - Fee tiers inserted: 16
2025-12-02 15:37:05,397 - INFO - Done!
