2026-01-16 11:39:55,937 | INFO     | ======================================================================
2026-01-16 11:39:55,937 | INFO     | V1 CRM Restaurant Contact Scraper
2026-01-16 11:39:55,937 | INFO     | Started: 2026-01-16T11:39:55.937809
2026-01-16 11:39:55,937 | INFO     | Dry Run: False
2026-01-16 11:39:55,938 | INFO     | Limit: None
2026-01-16 11:39:55,938 | INFO     | ======================================================================
2026-01-16 11:39:56,357 | INFO     | Found 165 V1-only restaurants to scrape
2026-01-16 11:39:56,830 | INFO     | Logging into V1 CRM...
2026-01-16 11:40:00,989 | INFO     | [OK] Login successful
2026-01-16 11:40:00,990 | INFO     | [1/165] Imilio's Pizzeria (V3:7, V1:89)
2026-01-16 11:40:02,101 | INFO     |   Scraped: phone=(613) 834-0222, email=None
2026-01-16 11:40:02,101 | INFO     |   Current: phone=(613) 834-0222, email=laham@imiliospizzeria.ca
2026-01-16 11:40:02,101 | INFO     |   [OK] No changes needed
2026-01-16 11:40:02,616 | INFO     | [2/165] Lucky Star Chinese Food (V3:8, V1:90)
2026-01-16 11:40:03,529 | INFO     |   Scraped: phone=(613) 830-1808, email=None
2026-01-16 11:40:03,529 | INFO     |   Current: phone=(613) 830-1808, email=noemail@noemail.com
2026-01-16 11:40:03,529 | INFO     |   [OK] No changes needed
2026-01-16 11:40:04,038 | INFO     | [3/165] Mama Rosa (V3:12, V1:94)
2026-01-16 11:40:04,970 | INFO     |   Scraped: phone=(613) 841-1001, email=menu@mamarosa.ca
2026-01-16 11:40:04,970 | INFO     |   Current: phone=(613) 841-1001, email=menu@mamarosa.ca
2026-01-16 11:40:04,970 | INFO     |   [OK] No changes needed
2026-01-16 11:40:05,483 | INFO     | [4/165] Papa Joe's Pizza - Downtown (V3:13, V1:95)
2026-01-16 11:40:06,402 | INFO     |   Scraped: phone=(613) 688-5555, email=Bartours1982@hotmail.com
2026-01-16 11:40:06,402 | INFO     |   Current: phone=(613) 688-5555, email=Bartours1982@hotmail.com
2026-01-16 11:40:06,402 | INFO     |   [OK] No changes needed
2026-01-16 11:40:06,915 | INFO     | [5/165] New Mee Fung Restaurant (V3:15, V1:101)
2026-01-16 11:40:07,865 | INFO     |   Scraped: phone=(613) 567-8228, email=vinh613@gmail.com
2026-01-16 11:40:07,865 | INFO     |   Current: phone=(613) 567-8228, email=noemail@noemail.ca
2026-01-16 11:40:07,866 | INFO     |   [EMAIL] Change: noemail@noemail.ca -> vinh613@gmail.com
2026-01-16 11:40:08,838 | INFO     | [6/165] House of Lasagna (V3:22, V1:117)
2026-01-16 11:40:09,758 | INFO     |   Scraped: phone=(613) 728-9700, email=HouseofLasagna@menu.ca
2026-01-16 11:40:09,759 | INFO     |   Current: phone=(613) 728-9700, email=HouseofLasagna@menu.ca
2026-01-16 11:40:09,759 | INFO     |   [OK] No changes needed
2026-01-16 11:40:10,266 | INFO     | [7/165] Eastview Pizza (V3:28, V1:124)
2026-01-16 11:40:11,183 | INFO     |   Scraped: phone=(613) 749-1555, email=menu@eastviewpizza.ca
2026-01-16 11:40:11,183 | INFO     |   Current: phone=(613) 749-1555, email=menu@eastviewpizza.ca
2026-01-16 11:40:11,184 | INFO     |   [OK] No changes needed
2026-01-16 11:40:11,685 | INFO     | [8/165] Milano (V3:31, V1:127)
2026-01-16 11:40:12,617 | INFO     |   Scraped: phone=613-747-4000, email=corporate@milanopizza.ca
2026-01-16 11:40:12,617 | INFO     |   Current: phone=(613) 747-4000, email=corporate@milanopizza.ca
2026-01-16 11:40:12,617 | INFO     |   [OK] No changes needed
2026-01-16 11:40:13,124 | INFO     | [9/165] Mozza Pizza Gatineau (V3:1011, V1:132)
2026-01-16 11:40:14,056 | INFO     |   Scraped: phone=(819) 643-6433, email=mozzapizza@live.ca
2026-01-16 11:40:14,056 | INFO     |   Current: phone=(819) 329-6923, email=mozzapizzagatineau@gmail.com
2026-01-16 11:40:14,056 | INFO     |   [PHONE] Change: (819) 329-6923 -> (819) 643-6433
2026-01-16 11:40:14,056 | INFO     |   [EMAIL] Change: mozzapizzagatineau@gmail.com -> mozzapizza@live.ca
2026-01-16 11:40:14,948 | INFO     | [10/165] Kiki Lebanese Pineview Pizza (V3:44, V1:142)
2026-01-16 11:40:15,897 | INFO     |   Scraped: phone=(613) 741-7662, email=fadinemr@hotmail.com
2026-01-16 11:40:15,897 | INFO     |   Current: phone=(613) 741-7662, email=fadinemr@hotmail.com
2026-01-16 11:40:15,898 | INFO     |   [OK] No changes needed
2026-01-16 11:40:16,399 | INFO     | [11/165] Bobbie's Pizza & Subs (V3:45, V1:143)
2026-01-16 11:40:17,361 | INFO     |   Scraped: phone=(613) 741-7000, email=nathaliezaher@hotmail.com
2026-01-16 11:40:17,361 | INFO     |   Current: phone=(613) 741-7000, email=nathaliezaher@hotmail.com
2026-01-16 11:40:17,362 | INFO     |   [OK] No changes needed
2026-01-16 11:40:17,871 | INFO     | [12/165] Mr Mozzarella - Nepean (V3:47, V1:145)
2026-01-16 11:40:19,419 | INFO     |   Scraped: phone=(613) 226-9000, email=Mrmozz.nepean@gmail.com
2026-01-16 11:40:19,420 | INFO     |   Current: phone=(613) 226-9000, email=Mrmozz.nepean@gmail.com
2026-01-16 11:40:19,420 | INFO     |   [OK] No changes needed
2026-01-16 11:40:19,928 | INFO     | [13/165] Merivale Pizza & Wings (V3:48, V1:146)
2026-01-16 11:40:20,870 | INFO     |   Scraped: phone=(613) 225-3297, email=menu@merivalepizzaandwings.com
2026-01-16 11:40:20,871 | INFO     |   Current: phone=(613) 225-3297, email=menu@merivalepizzaandwings.com
2026-01-16 11:40:20,871 | INFO     |   [OK] No changes needed
2026-01-16 11:40:21,386 | INFO     | [14/165] Milano (V3:55, V1:161)
2026-01-16 11:40:22,337 | INFO     |   Scraped: phone=(613) 729-9738, email=corporate@milanopizza.ca
2026-01-16 11:40:22,337 | INFO     |   Current: phone=(613) 729-9738, email=corporate@milanopizza.ca
2026-01-16 11:40:22,337 | INFO     |   [OK] No changes needed
2026-01-16 11:40:22,852 | INFO     | [15/165] Milano (V3:57, V1:164)
2026-01-16 11:40:23,783 | INFO     |   Scraped: phone=(613) 824-8787, email=corporate@milanopizza.ca
2026-01-16 11:40:23,784 | INFO     |   Current: phone=(613) 824-8787, email=corporate@milanopizza.ca
2026-01-16 11:40:23,784 | INFO     |   [OK] No changes needed
2026-01-16 11:40:24,294 | INFO     | [16/165] Milano (V3:59, V1:172)
2026-01-16 11:40:25,266 | INFO     |   Scraped: phone=(613) 834-7800, email=corporate@milanopizza.ca
2026-01-16 11:40:25,266 | INFO     |   Current: phone=(613) 834-7800, email=corporate@milanopizza.ca
2026-01-16 11:40:25,266 | INFO     |   [OK] No changes needed
2026-01-16 11:40:25,774 | INFO     | [17/165] Roulas Grecque et Pizza (V3:1016, V1:173)
2026-01-16 11:40:27,243 | INFO     |   Scraped: phone=(819) 246-5252, email=roulam@hotmail.ca
2026-01-16 11:40:27,243 | INFO     |   Current: phone=(819) 246-5252, email=roulam@hotmail.ca
2026-01-16 11:40:27,243 | INFO     |   [OK] No changes needed
2026-01-16 11:40:27,748 | INFO     | [18/165] Vanier Pizza & Subs (V3:62, V1:175)
2026-01-16 11:40:28,691 | INFO     |   Scraped: phone=(613) 742-4411, email=samir1boulos@hotmail.com
2026-01-16 11:40:28,692 | INFO     |   Current: phone=(613) 742-4411, email=samir1boulos@hotmail.com
2026-01-16 11:40:28,692 | INFO     |   [OK] No changes needed
2026-01-16 11:40:29,199 | INFO     | [19/165] Number One Chinese Take Out (V3:65, V1:179)
2026-01-16 11:40:30,144 | INFO     |   Scraped: phone=(613) 722-5995, email=johnliu.no1@gmail.com
2026-01-16 11:40:30,145 | INFO     |   Current: phone=(613) 722-5995, email=n@n.ca
2026-01-16 11:40:30,145 | INFO     |   [EMAIL] Change: n@n.ca -> johnliu.no1@gmail.com
2026-01-16 11:40:31,084 | INFO     | [20/165] Aylmer BBQ (V3:69, V1:183)
2026-01-16 11:40:32,022 | INFO     |   Scraped: phone=(819) 684-4372, email=marwabitar1@gmail.com
2026-01-16 11:40:32,022 | INFO     |   Current: phone=(819) 684-4372, email=marwabitar1@gmail.com
2026-01-16 11:40:32,022 | INFO     |   [OK] No changes needed
2026-01-16 11:40:32,534 | INFO     | [21/165] Papa Pizza - Hull (V3:70, V1:184)
2026-01-16 11:40:33,483 | INFO     |   Scraped: phone=(819) 777-1777, email=Rabih2015_01@hotmail.com
2026-01-16 11:40:33,483 | INFO     |   Current: phone=(819) 777-1777, email=Rabih2015_01@hotmail.com
2026-01-16 11:40:33,483 | INFO     |   [OK] No changes needed
2026-01-16 11:40:33,988 | INFO     | [22/165] Cathay Restaurants (V3:72, V1:187)
2026-01-16 11:40:34,948 | INFO     |   Scraped: phone=(613) 228-2228, email=tony74f@hotmail.com
2026-01-16 11:40:34,948 | INFO     |   Current: phone=(613) 228-2228, email=noemail@noemail.com
2026-01-16 11:40:34,949 | INFO     |   [EMAIL] Change: noemail@noemail.com -> tony74f@hotmail.com
2026-01-16 11:40:35,877 | INFO     | [23/165] Milano (V3:75, V1:190)
2026-01-16 11:40:36,803 | INFO     |   Scraped: phone=(613) 738-1555, email=corporate@milanopizza.ca
2026-01-16 11:40:36,803 | INFO     |   Current: phone=(613) 738-1555, email=corporate@milanopizza.ca
2026-01-16 11:40:36,803 | INFO     |   [OK] No changes needed
2026-01-16 11:40:37,311 | INFO     | [24/165] Lorenzo's Pizzeria - Vanier (V3:77, V1:192)
2026-01-16 11:40:38,240 | INFO     |   Scraped: phone=(613) 562-0848, email=menu@lorenzosottawa.ca
2026-01-16 11:40:38,241 | INFO     |   Current: phone=(613) 562-0848, email=menu@lorenzosottawa.ca
2026-01-16 11:40:38,241 | INFO     |   [OK] No changes needed
2026-01-16 11:40:38,744 | INFO     | [25/165] Season's Pizza (V3:83, V1:199)
2026-01-16 11:40:39,698 | INFO     |   Scraped: phone=(613) 237-8080, email=georges.labaki@hotmail.com
2026-01-16 11:40:39,698 | INFO     |   Current: phone=(613) 237-8080, email=georges.labaki@hotmail.com
2026-01-16 11:40:39,698 | INFO     |   [OK] No changes needed
2026-01-16 11:40:40,210 | INFO     | [26/165] The Original Georgie's (V3:84, V1:200)
2026-01-16 11:40:41,193 | INFO     |   Scraped: phone=(613) 729-5929, email=GeorgiesOnCarling@gmail.com
2026-01-16 11:40:41,193 | INFO     |   Current: phone=(613) 729-5929, email=GeorgiesOnCarling@gmail.com
2026-01-16 11:40:41,193 | INFO     |   [OK] No changes needed
2026-01-16 11:40:41,706 | INFO     | [27/165] Champa Thai Cuisine (V3:87, V1:203)
2026-01-16 11:40:42,653 | INFO     |   Scraped: phone=(613) 321-4122, email=menu@champathai.ca
2026-01-16 11:40:42,654 | INFO     |   Current: phone=(613) 321-4122, email=menu@champathai.ca
2026-01-16 11:40:42,654 | INFO     |   [OK] No changes needed
2026-01-16 11:40:43,158 | INFO     | [28/165] Milano (V3:88, V1:204)
2026-01-16 11:40:44,078 | INFO     |   Scraped: phone=(613) 283-3333, email=corporate@milanopizza.ca
2026-01-16 11:40:44,078 | INFO     |   Current: phone=(613) 283-3333, email=corporate@milanopizza.ca
2026-01-16 11:40:44,079 | INFO     |   [OK] No changes needed
2026-01-16 11:40:44,594 | INFO     | [29/165] Milano (V3:89, V1:205)
2026-01-16 11:40:46,035 | INFO     |   Scraped: phone=613-764-4442, email=milanocasselman10@gmail.com
2026-01-16 11:40:46,036 | INFO     |   Current: phone=(613) 764-4442, email=milanocasselman10@gmail.com
2026-01-16 11:40:46,036 | INFO     |   [OK] No changes needed
2026-01-16 11:40:46,544 | INFO     | [30/165] Milano (V3:90, V1:206)
2026-01-16 11:40:47,490 | INFO     |   Scraped: phone=(613) 487-2227, email=corporate@milanopizza.ca
2026-01-16 11:40:47,490 | INFO     |   Current: phone=(613) 487-2227, email=corporate@milanopizza.ca
2026-01-16 11:40:47,491 | INFO     |   [OK] No changes needed
2026-01-16 11:40:47,998 | INFO     | [31/165] Milano (V3:91, V1:207)
2026-01-16 11:40:48,936 | INFO     |   Scraped: phone=(613) 241-3334, email=corporate@milanopizza.ca
2026-01-16 11:40:48,936 | INFO     |   Current: phone=(613) 241-3334, email=corporate@milanopizza.ca
2026-01-16 11:40:48,937 | INFO     |   [OK] No changes needed
2026-01-16 11:40:49,445 | INFO     | [32/165] Milano (V3:92, V1:208)
2026-01-16 11:40:50,381 | INFO     |   Scraped: phone=(613) 521-6661, email=corporate@milanopizza.ca
2026-01-16 11:40:50,381 | INFO     |   Current: phone=(613) 521-6661, email=corporate@milanopizza.ca
2026-01-16 11:40:50,381 | INFO     |   [OK] No changes needed
2026-01-16 11:40:50,886 | INFO     | [33/165] Milano (V3:93, V1:209)
2026-01-16 11:40:51,807 | INFO     |   Scraped: phone=(613) 692-9292, email=corporate@milanopizza.ca
2026-01-16 11:40:51,808 | INFO     |   Current: phone=(613) 692-9292, email=corporate@milanopizza.ca
2026-01-16 11:40:51,808 | INFO     |   [OK] No changes needed
2026-01-16 11:40:52,315 | INFO     | [34/165] Milano (V3:95, V1:211)
2026-01-16 11:40:53,247 | INFO     |   Scraped: phone=(613) 843-8033, email=corporate@milanopizza.ca
2026-01-16 11:40:53,247 | INFO     |   Current: phone=(613) 843-8033, email=corporate@milanopizza.ca
2026-01-16 11:40:53,247 | INFO     |   [OK] No changes needed
2026-01-16 11:40:53,757 | INFO     | [35/165] Milano (V3:97, V1:213)
2026-01-16 11:40:54,691 | INFO     |   Scraped: phone=(613) 258-4050, email=corporate@milanopizza.ca
2026-01-16 11:40:54,691 | INFO     |   Current: phone=(613) 258-4050, email=corporate@milanopizza.ca
2026-01-16 11:40:54,692 | INFO     |   [OK] No changes needed
2026-01-16 11:40:55,195 | INFO     | [36/165] Lemongrass Thai Cuisine (V3:1010, V1:219)
2026-01-16 11:40:56,140 | INFO     |   Scraped: phone=(613) 233-5000, email=lemongrasselgin@gmail.com
2026-01-16 11:40:56,141 | INFO     |   Current: phone=613-277-2008, email=lemongrasselgin@gmail.com
2026-01-16 11:40:56,141 | INFO     |   [PHONE] Change: 613-277-2008 -> (613) 233-5000
2026-01-16 11:40:57,056 | INFO     | [37/165] Ginkgo Garden (V3:105, V1:224)
2026-01-16 11:40:58,045 | INFO     |   Scraped: phone=(613) 737-3198, email=menu@ginkgogarden.ca
2026-01-16 11:40:58,046 | INFO     |   Current: phone=(613) 737-3198, email=menu@ginkgogarden.ca
2026-01-16 11:40:58,046 | INFO     |   [OK] No changes needed
2026-01-16 11:40:58,558 | INFO     | [38/165] Restaurant Le Choix (V3:106, V1:225)
2026-01-16 11:40:59,496 | INFO     |   Scraped: phone=(819) 685-5555, email=Ziadkanaan2013@gmail.com
2026-01-16 11:40:59,496 | INFO     |   Current: phone=(819) 685-5555, email=Ziadkanaan2013@gmail.com
2026-01-16 11:40:59,497 | INFO     |   [OK] No changes needed
2026-01-16 11:41:00,007 | INFO     | [39/165] Restaurant Chez Gerry (V3:109, V1:228)
2026-01-16 11:41:00,931 | INFO     |   Scraped: phone=(819) 771-4444, email=restaurantchezgerry@gmail.com
2026-01-16 11:41:00,932 | INFO     |   Current: phone=(819) 771-4444, email=restaurantchezgerry@gmail.com
2026-01-16 11:41:00,932 | INFO     |   [OK] No changes needed
2026-01-16 11:41:01,448 | INFO     | [40/165] Papa Pizza Des Flandres (V3:1012, V1:231)
2026-01-16 11:41:02,397 | INFO     |   Scraped: phone=(819) 246-0000, email=osman_moudi@hotmail.com
2026-01-16 11:41:02,397 | INFO     |   Current: phone=(819) 664-1414, email=osman_moudi@hotmail.com
2026-01-16 11:41:02,398 | INFO     |   [PHONE] Change: (819) 664-1414 -> (819) 246-0000
2026-01-16 11:41:03,295 | INFO     | [41/165] Mano City Pizza (V3:118, V1:238)
2026-01-16 11:41:04,227 | INFO     |   Scraped: phone=(613) 692-7888, email=Zeintahan@hotmail.com
2026-01-16 11:41:04,227 | INFO     |   Current: phone=(613) 692-7888, email=Zeintahan@hotmail.com
2026-01-16 11:41:04,228 | INFO     |   [OK] No changes needed
2026-01-16 11:41:04,732 | INFO     | [42/165] Hung Mein (V3:119, V1:239)
2026-01-16 11:41:06,186 | INFO     |   Scraped: phone=(613) 828-7926, email=449111756@qq.com
2026-01-16 11:41:06,186 | INFO     |   Current: phone=(613) 828-7926, email=no@no.ca
2026-01-16 11:41:06,186 | INFO     |   [EMAIL] Change: no@no.ca -> 449111756@qq.com
2026-01-16 11:41:07,085 | INFO     | [43/165] Milano (V3:123, V1:245)
2026-01-16 11:41:08,005 | INFO     |   Scraped: phone=(613) 253-0777, email=corporate@milanopizza.ca
2026-01-16 11:41:08,006 | INFO     |   Current: phone=(613) 253-0777, email=corporate@milanopizza.ca
2026-01-16 11:41:08,006 | INFO     |   [OK] No changes needed
2026-01-16 11:41:08,519 | INFO     | [44/165] Carlo's Pizza (V3:124, V1:246)
2026-01-16 11:41:09,462 | INFO     |   Scraped: phone=(613) 722-6002, email=you.karkache@gmail.com
2026-01-16 11:41:09,462 | INFO     |   Current: phone=(613) 722-6002, email=you.karkache@gmail.com
2026-01-16 11:41:09,463 | INFO     |   [OK] No changes needed
2026-01-16 11:41:09,973 | INFO     | [45/165] Milano (V3:126, V1:248)
2026-01-16 11:41:10,907 | INFO     |   Scraped: phone=(613) 831-3355, email=corporate@milanopizza.ca
2026-01-16 11:41:10,908 | INFO     |   Current: phone=(613) 831-3355, email=corporate@milanopizza.ca
2026-01-16 11:41:10,908 | INFO     |   [OK] No changes needed
2026-01-16 11:41:11,412 | INFO     | [46/165] Centertown Donair & Pizza (V3:131, V1:255)
2026-01-16 11:41:12,379 | INFO     |   Scraped: phone=(613) 231-1000, email=scottd.budden@gmail.com
2026-01-16 11:41:12,380 | INFO     |   Current: phone=(613) 231-1000, email=scottd.budden@gmail.com
2026-01-16 11:41:12,380 | INFO     |   [OK] No changes needed
2026-01-16 11:41:12,892 | INFO     | [47/165] Riverside Pizzeria (V3:133, V1:257)
2026-01-16 11:41:13,835 | INFO     |   Scraped: phone=(613) 260-8555, email=riversidepizzathebest@gmail.com
2026-01-16 11:41:13,835 | INFO     |   Current: phone=(613) 260-8555, email=riversidepizzathebest@gmail.com
2026-01-16 11:41:13,835 | INFO     |   [OK] No changes needed
2026-01-16 11:41:14,339 | INFO     | [48/165] Pizza Bravo (V3:139, V1:264)
2026-01-16 11:41:15,324 | INFO     |   Scraped: phone=(819) 643-2911, email=crystal_geinoz@hotmail.com
2026-01-16 11:41:15,325 | INFO     |   Current: phone=(819) 643-2911, email=crystal_geinoz@hotmail.com
2026-01-16 11:41:15,325 | INFO     |   [OK] No changes needed
2026-01-16 11:41:15,838 | INFO     | [49/165] Tony's Pizza (V3:143, V1:275)
2026-01-16 11:41:16,761 | INFO     |   Scraped: phone=(613) 830-3276, email=pizzatony51@gmail.com
2026-01-16 11:41:16,761 | INFO     |   Current: phone=(613) 830-3276, email=pizzatony51@gmail.com
2026-01-16 11:41:16,761 | INFO     |   [OK] No changes needed
2026-01-16 11:41:17,266 | INFO     | [50/165] Hong Kong Chinese Food Takeout (V3:160, V1:294)
2026-01-16 11:41:18,199 | INFO     |   Scraped: phone=(613) 521-1230, email=hui3820@hotmail.com
2026-01-16 11:41:18,199 | INFO     |   Current: phone=(613) 521-1230, email=hui3820@hotmail.com
2026-01-16 11:41:18,199 | INFO     |   [OK] No changes needed
2026-01-16 11:41:18,708 | INFO     | [51/165] Lucky King Take Out (V3:174, V1:312)
2026-01-16 11:41:19,638 | INFO     |   Scraped: phone=(613) 564-9888, email=mikisitu9138@gmail.com
2026-01-16 11:41:19,638 | INFO     |   Current: phone=(613) 564-9888, email=noemail@noemail.ca
2026-01-16 11:41:19,638 | INFO     |   [EMAIL] Change: noemail@noemail.ca -> mikisitu9138@gmail.com
2026-01-16 11:41:20,537 | INFO     | [52/165] Indian Punjabi Clay Oven (V3:180, V1:318)
2026-01-16 11:41:21,504 | INFO     |   Scraped: phone=(613) 963-0625, email=indianpunjabiclayoven@gmail.com
2026-01-16 11:41:21,505 | INFO     |   Current: phone=(613) 963-0625, email=no@no.ca
2026-01-16 11:41:21,505 | INFO     |   [EMAIL] Change: no@no.ca -> indianpunjabiclayoven@gmail.com
2026-01-16 11:41:22,451 | INFO     | [53/165] Charm Thai Cuisine (V3:943, V1:323)
2026-01-16 11:41:23,374 | INFO     |   Scraped: phone=(613) 421-1777, email=charmthaicuisineottawa@gmail.com
2026-01-16 11:41:23,374 | INFO     |   Current: phone=(613) 421-1777, email=no@no.ca
2026-01-16 11:41:23,375 | INFO     |   [EMAIL] Change: no@no.ca -> charmthaicuisineottawa@gmail.com
2026-01-16 11:41:24,241 | INFO     | [54/165] Milano (V3:190, V1:328)
2026-01-16 11:41:25,186 | INFO     |   Scraped: phone=(613) 838-4334; (613) 838-3851, email=corporate@milanopizza.ca
2026-01-16 11:41:25,187 | INFO     |   Current: phone=(613) 838-4334, email=corporate@milanopizza.ca
2026-01-16 11:41:25,187 | INFO     |   [PHONE] Change: (613) 838-4334 -> (613) 838-4334; (613) 838-3851
2026-01-16 11:41:26,109 | INFO     | [55/165] Colonnade Pizza (V3:196, V1:334)
2026-01-16 11:41:27,060 | INFO     |   Scraped: phone=(613) 237-3179, email=None
2026-01-16 11:41:27,060 | INFO     |   Current: phone=(613) 237-3179, email=colonnadepizza@rogers.com
2026-01-16 11:41:27,060 | INFO     |   [OK] No changes needed
2026-01-16 11:41:27,571 | INFO     | [56/165] Pho Bo Ga King - Somerset (V3:199, V1:337)
2026-01-16 11:41:28,497 | INFO     |   Scraped: phone=(613) 237-3002, email=allannguyen79@hotmail.com
2026-01-16 11:41:28,497 | INFO     |   Current: phone=(613) 237-3002, email=allannguyen79@hotmail.com
2026-01-16 11:41:28,497 | INFO     |   [OK] No changes needed
2026-01-16 11:41:29,007 | INFO     | [57/165] Mont Liban Bakery & Shawarma (V3:205, V1:344)
2026-01-16 11:41:29,946 | INFO     |   Scraped: phone=(613) 288-1333, email=None
2026-01-16 11:41:29,947 | INFO     |   Current: phone=(613) 288-1333, email=None
2026-01-16 11:41:29,947 | INFO     |   [OK] No changes needed
2026-01-16 11:41:30,458 | INFO     | [58/165] Papa Pizza Maloney (V3:1013, V1:346)
2026-01-16 11:41:31,373 | INFO     |   Scraped: phone=(819) 643-0000, email=kaled.alkhatib11@gmail.com
2026-01-16 11:41:31,373 | INFO     |   Current: phone=(819) 568-1414, email=kaled.alkhatib11@gmail.com
2026-01-16 11:41:31,374 | INFO     |   [PHONE] Change: (819) 568-1414 -> (819) 643-0000
2026-01-16 11:41:32,278 | INFO     | [59/165] Erman Pizza (V3:211, V1:350)
2026-01-16 11:41:33,202 | INFO     |   Scraped: phone=(418) 832-4000, email=None
2026-01-16 11:41:33,203 | INFO     |   Current: phone=(418) 832-4000, email=None
2026-01-16 11:41:33,203 | INFO     |   [OK] No changes needed
2026-01-16 11:41:33,712 | INFO     | [60/165] La Famiglia on the Danforth (V3:984, V1:364)
2026-01-16 11:41:34,675 | INFO     |   Scraped: phone=(416) 551-5758, email=rozadalipaj@yahoo.com
2026-01-16 11:41:34,675 | INFO     |   Current: phone=(416) 551-5758, email=rozadalipaj@yahoo.com
2026-01-16 11:41:34,675 | INFO     |   [OK] No changes needed
2026-01-16 11:41:35,185 | INFO     | [61/165] New Mukut Restaurant Indian Cuisine (V3:234, V1:374)
2026-01-16 11:41:36,114 | INFO     |   Scraped: phone=(613) 841-2223, email=rezamusa18@gmail.com
2026-01-16 11:41:36,114 | INFO     |   Current: phone=(613) 841-2223, email=rezamusa18@gmail.com
2026-01-16 11:41:36,114 | INFO     |   [OK] No changes needed
2026-01-16 11:41:36,622 | INFO     | [62/165] Beneci Pizza (V3:241, V1:383)
2026-01-16 11:41:37,572 | INFO     |   Scraped: phone=(613) 739-7777, email=benecipizzeria@gmail.com
2026-01-16 11:41:37,573 | INFO     |   Current: phone=(613) 739-7777, email=benecipizzeria@gmail.com
2026-01-16 11:41:37,573 | INFO     |   [OK] No changes needed
2026-01-16 11:41:38,083 | INFO     | [63/165] Orchid Sushi (V3:245, V1:387)
2026-01-16 11:41:39,055 | INFO     |   Scraped: phone=(613) 695-5588, email=orchid_sushi@yahoo.ca
2026-01-16 11:41:39,055 | INFO     |   Current: phone=(613) 695-5588, email=orchid_sushi@yahoo.ca
2026-01-16 11:41:39,056 | INFO     |   [OK] No changes needed
2026-01-16 11:41:39,567 | INFO     | [64/165] Milano (V3:265, V1:411)
2026-01-16 11:41:40,469 | INFO     |   Scraped: phone=(613) 646-7200, email=corporate@milanopizza.ca
2026-01-16 11:41:40,469 | INFO     |   Current: phone=(613) 646-7200, email=corporate@milanopizza.ca
2026-01-16 11:41:40,469 | INFO     |   [OK] No changes needed
2026-01-16 11:41:40,976 | INFO     | [65/165] Lucky Fortune (V3:267, V1:413)
2026-01-16 11:41:41,916 | INFO     |   Scraped: phone=(613) 830-8811, email=elita0303@yahoo.com
2026-01-16 11:41:41,916 | INFO     |   Current: phone=(613) 830-8811, email=elita0303@yahoo.com
2026-01-16 11:41:41,917 | INFO     |   [OK] No changes needed
2026-01-16 11:41:42,427 | INFO     | [66/165] Shaan Tandoori (V3:269, V1:415)
2026-01-16 11:41:43,473 | INFO     |   Scraped: phone=(450) 678-9322, email=abdul.a.choudhury@gmail.com
2026-01-16 11:41:43,473 | INFO     |   Current: phone=(450) 678-9322, email=no@no.ca
2026-01-16 11:41:43,473 | INFO     |   [EMAIL] Change: no@no.ca -> abdul.a.choudhury@gmail.com
2026-01-16 11:41:44,415 | INFO     | [67/165] JN Pizza (V3:328, V1:489)
2026-01-16 11:41:45,342 | INFO     |   Scraped: phone=(613) 745-3377, email=vivo555@hotmail.com
2026-01-16 11:41:45,342 | INFO     |   Current: phone=(613) 745-3377, email=vivo555@hotmail.com
2026-01-16 11:41:45,342 | INFO     |   [OK] No changes needed
2026-01-16 11:41:45,852 | INFO     | [68/165] Sushi Express Chambly (V3:1017, V1:511)
2026-01-16 11:41:46,863 | INFO     |   Scraped: phone=(450) 670-7222, email=shen_yichao@hotmail.com
2026-01-16 11:41:46,863 | INFO     |   Current: phone=(450) 670-7222, email=shen_yichao@hotmail.com
2026-01-16 11:41:46,863 | INFO     |   [OK] No changes needed
2026-01-16 11:41:47,369 | INFO     | [69/165] Milano (V3:349, V1:512)
2026-01-16 11:41:48,595 | INFO     |   Scraped: phone=(613) 826-3333, email=corporate@milanopizza.ca
2026-01-16 11:41:48,596 | INFO     |   Current: phone=(613) 826-3333, email=corporate@milanopizza.ca
2026-01-16 11:41:48,596 | INFO     |   [OK] No changes needed
2026-01-16 11:41:49,105 | INFO     | [70/165] Milano (V3:350, V1:513)
2026-01-16 11:41:50,088 | INFO     |   Scraped: phone=(613) 774-2727, email=corporate@milanopizza.ca
2026-01-16 11:41:50,088 | INFO     |   Current: phone=(613) 774-2727, email=corporate@milanopizza.ca
2026-01-16 11:41:50,088 | INFO     |   [OK] No changes needed
2026-01-16 11:41:50,597 | INFO     | [71/165] Xtreme Pizza (V3:367, V1:532)
2026-01-16 11:41:51,533 | INFO     |   Scraped: phone=(613) 230-5555, email=mahde_ghandour@hotmail.com
2026-01-16 11:41:51,533 | INFO     |   Current: phone=(613) 230-5555, email=mahde_ghandour@hotmail.com
2026-01-16 11:41:51,533 | INFO     |   [OK] No changes needed
2026-01-16 11:41:52,035 | INFO     | [72/165] Sachi Sushi (V3:376, V1:542)
2026-01-16 11:41:53,000 | INFO     |   Scraped: phone=(514) 376-8867, email=sachisushi@yahoo.com
2026-01-16 11:41:53,000 | INFO     |   Current: phone=(514) 376-8867, email=sachisushi@yahoo.com
2026-01-16 11:41:53,000 | INFO     |   [OK] No changes needed
2026-01-16 11:41:53,507 | INFO     | [73/165] Yorgo's - Nepean (V3:985, V1:547)
2026-01-16 11:41:54,441 | INFO     |   Scraped: phone=(613) 820-8200, email=yorgosgreekfood@gmail.com
2026-01-16 11:41:54,441 | INFO     |   Current: phone=(613) 820-8200, email=yorgosgreekfood@gmail.com
2026-01-16 11:41:54,441 | INFO     |   [OK] No changes needed
2026-01-16 11:41:54,946 | INFO     | [74/165] Papa Joe's Fried Chicken - Downtown (V3:437, V1:612)
2026-01-16 11:41:55,932 | INFO     |   Scraped: phone=(613) 688-5555, email=Bartours1982@hotmail.com
2026-01-16 11:41:55,932 | INFO     |   Current: phone=(613) 688-5555, email=Bartours1982@hotmail.com
2026-01-16 11:41:55,933 | INFO     |   [OK] No changes needed
2026-01-16 11:41:56,445 | INFO     | [75/165] iCook Pho You (V3:479, V1:669)
2026-01-16 11:41:57,374 | INFO     |   Scraped: phone=(613) 596-0760, email=canadathai@yahoo.com
2026-01-16 11:41:57,374 | INFO     |   Current: phone=(613) 596-0760, email=canadathai@yahoo.com
2026-01-16 11:41:57,374 | INFO     |   [OK] No changes needed
2026-01-16 11:41:57,881 | INFO     | [76/165] Ting's Kitchen (V3:941, V1:694)
2026-01-16 11:41:58,834 | INFO     |   Scraped: phone=(613) 592-7888, email=Caiyang8602@gmail.com
2026-01-16 11:41:58,835 | INFO     |   Current: phone=(613) 592-7888, email=no@no.ca
2026-01-16 11:41:58,835 | INFO     |   [EMAIL] Change: no@no.ca -> Caiyang8602@gmail.com
2026-01-16 11:41:59,758 | INFO     | [77/165] Light of India (V3:491, V1:695)
2026-01-16 11:42:00,695 | INFO     |   Scraped: phone=(613) 563-4411, email=Barnali.deb@gmail.com
2026-01-16 11:42:00,695 | INFO     |   Current: phone=(613) 563-4411, email=no@no.ca
2026-01-16 11:42:00,695 | INFO     |   [EMAIL] Change: no@no.ca -> Barnali.deb@gmail.com
2026-01-16 11:42:01,582 | INFO     | [78/165] Rangoli (V3:497, V1:701)
2026-01-16 11:42:02,535 | INFO     |   Scraped: phone=(613) 834-4549, email=charanjit65@hotmail.com
2026-01-16 11:42:02,535 | INFO     |   Current: phone=(613) 834-4549, email=charanjit65@hotmail.com
2026-01-16 11:42:02,536 | INFO     |   [OK] No changes needed
2026-01-16 11:42:03,050 | INFO     | [79/165] Papa Pizza Val-Des-Monts (V3:1014, V1:703)
2026-01-16 11:42:04,010 | INFO     |   Scraped: phone=(819) 671-7111, email=hima.ca@hotmail.com
2026-01-16 11:42:04,010 | INFO     |   Current: phone=(819) 671-7111, email=hima.ca@hotmail.com
2026-01-16 11:42:04,011 | INFO     |   [OK] No changes needed
2026-01-16 11:42:04,514 | INFO     | [80/165] New Hong Kong (V3:502, V1:707)
2026-01-16 11:42:05,454 | INFO     |   Scraped: phone=(613) 723-8808, email=jtam048@uottawa.ca
2026-01-16 11:42:05,454 | INFO     |   Current: phone=(613) 723-8808, email=jtam048@uottawa.ca
2026-01-16 11:42:05,454 | INFO     |   [OK] No changes needed
2026-01-16 11:42:05,970 | INFO     | [81/165] Pizza Lovers Hunt Club (V3:507, V1:712)
2026-01-16 11:42:06,910 | INFO     |   Scraped: phone=(613) 680-8959, email=sarwarhazara@hotmail.com
2026-01-16 11:42:06,910 | INFO     |   Current: phone=(613) 680-8959, email=sarwarhazara@hotmail.com
2026-01-16 11:42:06,910 | INFO     |   [OK] No changes needed
2026-01-16 11:42:07,420 | INFO     | [82/165] Egg Roll Factory (V3:511, V1:716)
2026-01-16 11:42:08,341 | INFO     |   Scraped: phone=(613) 226-3888, email=shi00063@algonquinlive.com
2026-01-16 11:42:08,342 | INFO     |   Current: phone=(613) 226-3888, email=noemail@noemail.ca
2026-01-16 11:42:08,342 | INFO     |   [EMAIL] Change: noemail@noemail.ca -> shi00063@algonquinlive.com
2026-01-16 11:42:09,231 | INFO     | [83/165] Napolis (V3:515, V1:721)
2026-01-16 11:42:10,203 | INFO     |   Scraped: phone=(613) 728-1973, email=ray_napolis@hotmail.com
2026-01-16 11:42:10,204 | INFO     |   Current: phone=(613) 728-1973, email=ray_napolis@hotmail.com
2026-01-16 11:42:10,204 | INFO     |   [OK] No changes needed
2026-01-16 11:42:10,714 | INFO     | [84/165] HaNoi Pho (V3:519, V1:727)
2026-01-16 11:42:11,662 | INFO     |   Scraped: phone=(613) 590-1000, email=camvan73@gmail.com
2026-01-16 11:42:11,662 | INFO     |   Current: phone=(613) 590-1000, email=camvan73@gmail.com
2026-01-16 11:42:11,662 | INFO     |   [OK] No changes needed
2026-01-16 11:42:12,178 | INFO     | [85/165] Palermo Pizzeria (V3:521, V1:729)
2026-01-16 11:42:13,130 | INFO     |   Scraped: phone=(613) 277-7774, email=eljammalali073@gmail.com
2026-01-16 11:42:13,131 | INFO     |   Current: phone=(613) 277-7774, email=eljammalali073@gmail.com
2026-01-16 11:42:13,131 | INFO     |   [OK] No changes needed
2026-01-16 11:42:13,645 | INFO     | [86/165] Papa Grecque des Flandres (V3:540, V1:758)
2026-01-16 11:42:14,590 | INFO     |   Scraped: phone=(819) 246-3888, email=osman_moudi@hotmail.com
2026-01-16 11:42:14,591 | INFO     |   Current: phone=(819) 246-3888, email=osman_moudi@hotmail.com
2026-01-16 11:42:14,591 | INFO     |   [OK] No changes needed
2026-01-16 11:42:15,106 | INFO     | [87/165] Aahar The Taste of India (V3:561, V1:781)
2026-01-16 11:42:16,022 | INFO     |   Scraped: phone=(613) 422-6644, email=rupinder.pal@hotmail.com
2026-01-16 11:42:16,022 | INFO     |   Current: phone=(613) 422-6644, email=rupinder.pal@hotmail.com
2026-01-16 11:42:16,022 | INFO     |   [OK] No changes needed
2026-01-16 11:42:16,530 | INFO     | [88/165] Pizza des Hautes Plaines (V3:562, V1:782)
2026-01-16 11:42:17,441 | INFO     |   Scraped: phone=(819) 772-9999, email=pizzadhp@hotmail.com
2026-01-16 11:42:17,441 | INFO     |   Current: phone=(819) 772-9999, email=pizzadhp@hotmail.com
2026-01-16 11:42:17,441 | INFO     |   [OK] No changes needed
2026-01-16 11:42:17,947 | INFO     | [89/165] Milano (V3:565, V1:785)
2026-01-16 11:42:18,876 | INFO     |   Scraped: phone=(613) 822-6757, email=corporate@milanopizza.ca
2026-01-16 11:42:18,876 | INFO     |   Current: phone=(613) 822-6757, email=corporate@milanopizza.ca
2026-01-16 11:42:18,876 | INFO     |   [OK] No changes needed
2026-01-16 11:42:19,387 | INFO     | [90/165] Milano (V3:569, V1:789)
2026-01-16 11:42:20,307 | INFO     |   Scraped: phone=(613) 829-5777, email=corporate@milanopizza.ca
2026-01-16 11:42:20,307 | INFO     |   Current: phone=(613) 829-5777, email=corporate@milanopizza.ca
2026-01-16 11:42:20,307 | INFO     |   [OK] No changes needed
2026-01-16 11:42:20,810 | INFO     | [91/165] Crispy's (V3:584, V1:805)
2026-01-16 11:42:21,724 | INFO     |   Scraped: phone=(613) 695-7575, email=m.lezzeik@gmail.com
2026-01-16 11:42:21,724 | INFO     |   Current: phone=(613) 695-7575, email=m.lezzeik@gmail.com
2026-01-16 11:42:21,724 | INFO     |   [OK] No changes needed
2026-01-16 11:42:22,232 | INFO     | [92/165] Milano (V3:586, V1:807)
2026-01-16 11:42:23,155 | INFO     |   Scraped: phone=(613) 623-2233, email=corporate@milanopizza.ca
2026-01-16 11:42:23,156 | INFO     |   Current: phone=(613) 623-2233, email=corporate@milanopizza.ca
2026-01-16 11:42:23,156 | INFO     |   [OK] No changes needed
2026-01-16 11:42:23,665 | INFO     | [93/165] Milano (V3:593, V1:815)
2026-01-16 11:42:24,636 | INFO     |   Scraped: phone=(613) 582-3800, email=corporate@milanopizza.ca
2026-01-16 11:42:24,637 | INFO     |   Current: phone=(613) 582-3800, email=corporate@milanopizza.ca
2026-01-16 11:42:24,637 | INFO     |   [OK] No changes needed
2026-01-16 11:42:25,140 | INFO     | [94/165] Supreme Pizzeria (V3:595, V1:817)
2026-01-16 11:42:26,076 | INFO     |   Scraped: phone=(613) 741-7171, email=supremepizzadonald@gmail.com
2026-01-16 11:42:26,077 | INFO     |   Current: phone=(613) 741-7171, email=supremepizzadonald@gmail.com
2026-01-16 11:42:26,077 | INFO     |   [OK] No changes needed
2026-01-16 11:42:26,581 | INFO     | [95/165] Sushi Fleury (V3:596, V1:818)
2026-01-16 11:42:27,541 | INFO     |   Scraped: phone=(514) 382-7953, email=vutranmanhtuan@gmail.com
2026-01-16 11:42:27,541 | INFO     |   Current: phone=(514) 382-7953, email=vutranmanhtuan@gmail.com
2026-01-16 11:42:27,541 | INFO     |   [OK] No changes needed
2026-01-16 11:42:28,048 | INFO     | [96/165] Milano (V3:601, V1:824)
2026-01-16 11:42:28,976 | INFO     |   Scraped: phone=(613) 836-9966, email=corporate@milanopizza.ca
2026-01-16 11:42:28,976 | INFO     |   Current: phone=(613) 836-9966, email=corporate@milanopizza.ca
2026-01-16 11:42:28,976 | INFO     |   [OK] No changes needed
2026-01-16 11:42:29,479 | INFO     | [97/165] Papa Pizza Cantley (V3:602, V1:825)
2026-01-16 11:42:30,405 | INFO     |   Scraped: phone=(819) 607-1717, email=nicof1995@hotmail.com
2026-01-16 11:42:30,405 | INFO     |   Current: phone=(819) 607-1717, email=nicof1995@hotmail.com
2026-01-16 11:42:30,405 | INFO     |   [OK] No changes needed
2026-01-16 11:42:30,914 | INFO     | [98/165] Aroy Thai (V3:607, V1:830)
2026-01-16 11:42:31,860 | INFO     |   Scraped: phone=(613) 823-2224, email=happy_pat29@hotmail.com
2026-01-16 11:42:31,860 | INFO     |   Current: phone=(613) 823-2224, email=happy_pat29@hotmail.com
2026-01-16 11:42:31,860 | INFO     |   [OK] No changes needed
2026-01-16 11:42:32,374 | INFO     | [99/165] Marina Pizza des Flandres  (V3:614, V1:838)
2026-01-16 11:42:33,293 | INFO     |   Scraped: phone=(819)-561-3377, email=osman_moudi@hotmail.com
2026-01-16 11:42:33,293 | INFO     |   Current: phone=(819) 561-3377, email=osman_moudi@hotmail.com
2026-01-16 11:42:33,294 | INFO     |   [OK] No changes needed
2026-01-16 11:42:33,797 | INFO     | [100/165] Papa Grecque Maloney  (V3:616, V1:840)
2026-01-16 11:42:34,755 | INFO     |   Scraped: phone=(819) 663-0000, email=osman_moudi@hotmail.com
2026-01-16 11:42:34,755 | INFO     |   Current: phone=(819) 663-0000, email=osman_moudi@hotmail.com
2026-01-16 11:42:34,756 | INFO     |   [OK] No changes needed
2026-01-16 11:42:35,259 | INFO     | [101/165] Milano (V3:624, V1:850)
2026-01-16 11:42:36,178 | INFO     |   Scraped: phone=(613) 679-2929, email=corporate@milanopizza.ca
2026-01-16 11:42:36,179 | INFO     |   Current: phone=(613) 679-2929, email=corporate@milanopizza.ca
2026-01-16 11:42:36,179 | INFO     |   [OK] No changes needed
2026-01-16 11:42:36,692 | INFO     | [102/165] Asia Garden Ottawa (V3:630, V1:856)
2026-01-16 11:42:37,608 | INFO     |   Scraped: phone=(613) 224-7343, email=asiagardenottawa@gmail.com
2026-01-16 11:42:37,608 | INFO     |   Current: phone=(613) 224-7343, email=asiagardenottawa@gmail.com
2026-01-16 11:42:37,608 | INFO     |   [OK] No changes needed
2026-01-16 11:42:38,114 | INFO     | [103/165] Joes Family Pizzeria (V3:636, V1:863)
2026-01-16 11:42:39,034 | INFO     |   Scraped: phone=(613) 732-9900, email=joesfamilypizzeria@live.ca
2026-01-16 11:42:39,034 | INFO     |   Current: phone=(613) 732-9900, email=joesfamilypizzeria@live.ca
2026-01-16 11:42:39,035 | INFO     |   [OK] No changes needed
2026-01-16 11:42:39,550 | INFO     | [104/165] Digby's Restaurant (V3:638, V1:865)
2026-01-16 11:42:40,468 | INFO     |   Scraped: phone=(613) 599-9800, email=almotayam20@hotmail.com
2026-01-16 11:42:40,468 | INFO     |   Current: phone=(613) 599-9800, email=almotayam20@hotmail.com
2026-01-16 11:42:40,469 | INFO     |   [OK] No changes needed
2026-01-16 11:42:40,973 | INFO     | [105/165] China Moon (V3:641, V1:869)
2026-01-16 11:42:41,911 | INFO     |   Scraped: phone=(819) 663-7710, email=416100842@qq.com
2026-01-16 11:42:41,912 | INFO     |   Current: phone=(819) 663-7710, email=416100842@qq.com
2026-01-16 11:42:41,912 | INFO     |   [OK] No changes needed
2026-01-16 11:42:42,425 | INFO     | [106/165] Mozza Pizza Hull (V3:644, V1:872)
2026-01-16 11:42:43,361 | INFO     |   Scraped: phone=(819) 777-6699, email=mozzapizza@live.ca
2026-01-16 11:42:43,361 | INFO     |   Current: phone=(819) 777-6699, email=mozzapizza@live.ca
2026-01-16 11:42:43,361 | INFO     |   [OK] No changes needed
2026-01-16 11:42:43,866 | INFO     | [107/165] JC Royal Thai Cuisine (V3:646, V1:874)
2026-01-16 11:42:44,800 | INFO     |   Scraped: phone=(519) 260-2607, email=johnnyv@sentex.ca
2026-01-16 11:42:44,801 | INFO     |   Current: phone=(519) 260-2607, email=johnnyv@sentex.ca
2026-01-16 11:42:44,801 | INFO     |   [OK] No changes needed
2026-01-16 11:42:45,305 | INFO     | [108/165] Milano (V3:651, V1:879)
2026-01-16 11:42:46,239 | INFO     |   Scraped: phone=(613) 727-0900, email=corporate@milanopizza.ca
2026-01-16 11:42:46,239 | INFO     |   Current: phone=(613) 727-0900, email=corporate@milanopizza.ca
2026-01-16 11:42:46,240 | INFO     |   [OK] No changes needed
2026-01-16 11:42:46,742 | INFO     | [109/165] Milano (V3:660, V1:889)
2026-01-16 11:42:47,679 | INFO     |   Scraped: phone=(613) 264-8883, email=corporate@milanopizza.ca
2026-01-16 11:42:47,679 | INFO     |   Current: phone=(613) 264-8883, email=corporate@milanopizza.ca
2026-01-16 11:42:47,679 | INFO     |   [OK] No changes needed
2026-01-16 11:42:48,187 | INFO     | [110/165] Milano (V3:680, V1:913)
2026-01-16 11:42:49,126 | INFO     |   Scraped: phone=(819) 246-5000, email=corporate@milanopizza.ca
2026-01-16 11:42:49,126 | INFO     |   Current: phone=(819) 246-5000, email=corporate@milanopizza.ca
2026-01-16 11:42:49,126 | INFO     |   [OK] No changes needed
2026-01-16 11:42:49,638 | INFO     | [111/165] Oka's Hull (V3:681, V1:914)
2026-01-16 11:42:50,573 | INFO     |   Scraped: phone=(819) 205-5959, email=mhamad.ko@live.com
2026-01-16 11:42:50,573 | INFO     |   Current: phone=(819) 205-5959, email=mhamad.ko@live.com
2026-01-16 11:42:50,574 | INFO     |   [OK] No changes needed
2026-01-16 11:42:51,076 | INFO     | [112/165] Pizza Maisonneuve (V3:696, V1:930)
2026-01-16 11:42:52,004 | INFO     |   Scraped: phone=(819) 777-7732, email=Rabih2015_01@hotmail.com
2026-01-16 11:42:52,004 | INFO     |   Current: phone=(819) 777-7732, email=Rabih2015_01@hotmail.com
2026-01-16 11:42:52,004 | INFO     |   [OK] No changes needed
2026-01-16 11:42:52,517 | INFO     | [113/165] Milano (V3:701, V1:937)
2026-01-16 11:42:53,463 | INFO     |   Scraped: phone=(613) 643-2222, email=selmonum@gmail.com
2026-01-16 11:42:53,463 | INFO     |   Current: phone=(613) 643-2222, email=selmonum@gmail.com
2026-01-16 11:42:53,464 | INFO     |   [OK] No changes needed
2026-01-16 11:42:53,971 | INFO     | [114/165] Supreme Pizzeria (V3:711, V1:947)
2026-01-16 11:42:54,887 | INFO     |   Scraped: phone=(819) 682-4749, email=joeayoub67@outlook.com
2026-01-16 11:42:54,887 | INFO     |   Current: phone=(819) 682-4749, email=joeayoub67@outlook.com
2026-01-16 11:42:54,887 | INFO     |   [OK] No changes needed
2026-01-16 11:42:55,391 | INFO     | [115/165] Patate Lou Lou (V3:712, V1:948)
2026-01-16 11:42:56,310 | INFO     |   Scraped: phone=(819) 682-4603, email=patateloulou@hotmail.ca
2026-01-16 11:42:56,310 | INFO     |   Current: phone=(819) 682-4603, email=patateloulou@hotmail.ca
2026-01-16 11:42:56,310 | INFO     |   [OK] No changes needed
2026-01-16 11:42:56,815 | INFO     | [116/165] Ogilvie Pizza (V3:714, V1:951)
2026-01-16 11:42:57,743 | INFO     |   Scraped: phone=(613) 747-2444, email=hani_soueid613@live.com
2026-01-16 11:42:57,743 | INFO     |   Current: phone=(613) 747-2444, email=hani_soueid613@live.com
2026-01-16 11:42:57,744 | INFO     |   [OK] No changes needed
2026-01-16 11:42:58,249 | INFO     | [117/165] La Poutinerie Ogilvie (V3:715, V1:952)
2026-01-16 11:42:59,178 | INFO     |   Scraped: phone=(613) 366-3588, email=nathaliezaher@hotmail.com
2026-01-16 11:42:59,178 | INFO     |   Current: phone=(613) 366-3588, email=nathaliezaher@hotmail.com
2026-01-16 11:42:59,178 | INFO     |   [OK] No changes needed
2026-01-16 11:42:59,692 | INFO     | [118/165] PizzaRama (V3:716, V1:953)
2026-01-16 11:43:00,601 | INFO     |   Scraped: phone=(819) 663-3223, email=None
2026-01-16 11:43:00,601 | INFO     |   Current: phone=(819) 663-3223, email=kaled.alkhatib11@gmail.com
2026-01-16 11:43:00,601 | INFO     |   [OK] No changes needed
2026-01-16 11:43:01,109 | INFO     | [119/165] La Maison Pho (V3:721, V1:959)
2026-01-16 11:43:02,030 | INFO     |   Scraped: phone=(819) 682-8494, email=minhkhuu03@gmail.com
2026-01-16 11:43:02,030 | INFO     |   Current: phone=(819) 682-8494, email=minhkhuu03@gmail.com
2026-01-16 11:43:02,030 | INFO     |   [OK] No changes needed
2026-01-16 11:43:02,537 | INFO     | [120/165] Pizza Joanna (V3:726, V1:964)
2026-01-16 11:43:03,463 | INFO     |   Scraped: phone=(819) 643-1222, email=danykanaan@hotmail.com
2026-01-16 11:43:03,463 | INFO     |   Current: phone=(819) 643-1222, email=danykanaan@hotmail.com
2026-01-16 11:43:03,463 | INFO     |   [OK] No changes needed
2026-01-16 11:43:03,978 | INFO     | [121/165] La Maison du Burger (V3:727, V1:965)
2026-01-16 11:43:04,906 | INFO     |   Scraped: phone=(819) 776-1600, email=Rabih2015_01@hotmail.com
2026-01-16 11:43:04,906 | INFO     |   Current: phone=(819) 776-1600, email=Rabih2015_01@hotmail.com
2026-01-16 11:43:04,906 | INFO     |   [OK] No changes needed
2026-01-16 11:43:05,415 | INFO     | [122/165] Friendly Restaurant and Pizzeria (V3:730, V1:968)
2026-01-16 11:43:06,363 | INFO     |   Scraped: phone=(613) 446-2867, email=info@friendlypizza.ca
2026-01-16 11:43:06,363 | INFO     |   Current: phone=(613) 446-2867, email=info@friendlypizza.ca
2026-01-16 11:43:06,364 | INFO     |   [OK] No changes needed
2026-01-16 11:43:06,875 | INFO     | [123/165] Amicci Pizza (V3:735, V1:973)
2026-01-16 11:43:07,816 | INFO     |   Scraped: phone=(819) 775-3355, email=michelkanaan@live.com
2026-01-16 11:43:07,817 | INFO     |   Current: phone=(819) 775-3355, email=michelkanaan@live.com
2026-01-16 11:43:07,817 | INFO     |   [OK] No changes needed
2026-01-16 11:43:08,329 | INFO     | [124/165] Greber Pizza et Shawarma (V3:736, V1:974)
2026-01-16 11:43:09,246 | INFO     |   Scraped: phone=(819) 771-3333, email=francoiskharrat@gmail.com
2026-01-16 11:43:09,246 | INFO     |   Current: phone=(819) 771-3333, email=francoiskharrat@gmail.com
2026-01-16 11:43:09,246 | INFO     |   [OK] No changes needed
2026-01-16 11:43:09,752 | INFO     | [125/165] Sala Thai (V3:745, V1:983)
2026-01-16 11:43:10,674 | INFO     |   Scraped: phone=(613) 521-1102, email=None
2026-01-16 11:43:10,674 | INFO     |   Current: phone=(613) 521-1102, email=cnakhle80@gmail.com
2026-01-16 11:43:10,675 | INFO     |   [OK] No changes needed
2026-01-16 11:43:11,178 | INFO     | [126/165] Milano (V3:749, V1:987)
2026-01-16 11:43:12,111 | INFO     |   Scraped: phone=(613) 269-9393, email=None
2026-01-16 11:43:12,111 | INFO     |   Current: phone=(613) 269-9393, email=milanomerrickville@hotmail.com
2026-01-16 11:43:12,112 | INFO     |   [OK] No changes needed
2026-01-16 11:43:12,614 | INFO     | [127/165] Milano (V3:751, V1:989)
2026-01-16 11:43:13,534 | INFO     |   Scraped: phone=(819) 772-0001, email=corporate@milanopizza.ca
2026-01-16 11:43:13,534 | INFO     |   Current: phone=(819) 772-0001, email=corporate@milanopizza.ca
2026-01-16 11:43:13,534 | INFO     |   [OK] No changes needed
2026-01-16 11:43:14,047 | INFO     | [128/165] Little Gyros Greek Grill (V3:756, V1:998)
2026-01-16 11:43:14,979 | INFO     |   Scraped: phone=(519) 648-4976, email=info@littlegyrosgreek.ca
2026-01-16 11:43:14,980 | INFO     |   Current: phone=(519) 648-4976, email=info@littlegyrosgreek.ca
2026-01-16 11:43:14,980 | INFO     |   [OK] No changes needed
2026-01-16 11:43:15,495 | INFO     | [129/165] All Out Burger Bank St. (V3:924, V1:1013)
2026-01-16 11:43:16,429 | INFO     |   Scraped: phone=(613) 733-4444, email=None
2026-01-16 11:43:16,429 | INFO     |   Current: phone=(613) 733-4444, email=george@menu.ca
2026-01-16 11:43:16,430 | INFO     |   [OK] No changes needed
2026-01-16 11:43:16,935 | INFO     | [130/165] Colonnade Pizza (V3:783, V1:1025)
2026-01-16 11:43:17,926 | INFO     |   Scraped: phone=(613) 737-1107, email=Pulkit@colonnadepizzas.com
2026-01-16 11:43:17,926 | INFO     |   Current: phone=(613) 737-1107, email=Pulkit@colonnadepizzas.com
2026-01-16 11:43:17,926 | INFO     |   [OK] No changes needed
2026-01-16 11:43:18,434 | INFO     | [131/165] Colonnade Pizza (V3:784, V1:1027)
2026-01-16 11:43:19,381 | INFO     |   Scraped: phone=(613) 729-7000, email=None
2026-01-16 11:43:19,381 | INFO     |   Current: phone=(613) 729-7000, email=colonnadecarling@gmail.com
2026-01-16 11:43:19,382 | INFO     |   [OK] No changes needed
2026-01-16 11:43:19,887 | INFO     | [132/165] Colonnade Pizza (V3:785, V1:1028)
2026-01-16 11:43:20,815 | INFO     |   Scraped: phone=(613) 825-8100, email=None
2026-01-16 11:43:20,815 | INFO     |   Current: phone=(613) 825-8100, email=maamoun@araji.com
2026-01-16 11:43:20,815 | INFO     |   [OK] No changes needed
2026-01-16 11:43:21,330 | INFO     | [133/165] Poutinerie Quï¿½becurds Hull (V3:789, V1:1032)
2026-01-16 11:43:22,263 | INFO     |   Scraped: phone=(819) 815-1345, email=None
2026-01-16 11:43:22,263 | INFO     |   Current: phone=(819) 815-1345, email=None
2026-01-16 11:43:22,263 | INFO     |   [OK] No changes needed
2026-01-16 11:43:22,774 | INFO     | [134/165] Nachos Loco Hull (V3:790, V1:1033)
2026-01-16 11:43:23,696 | INFO     |   Scraped: phone=(819) 815-1345, email=None
2026-01-16 11:43:23,696 | INFO     |   Current: phone=(819) 815-1345, email=None
2026-01-16 11:43:23,696 | INFO     |   [OK] No changes needed
2026-01-16 11:43:24,199 | INFO     | [135/165] Dumpling Bowl (V3:792, V1:1035)
2026-01-16 11:43:25,166 | INFO     |   Scraped: phone=(613) 680-8867, email=xibaoqin@yahoo.ca
2026-01-16 11:43:25,166 | INFO     |   Current: phone=(613) 680-8867, email=xibaoqin@yahoo.ca
2026-01-16 11:43:25,166 | INFO     |   [OK] No changes needed
2026-01-16 11:43:25,674 | INFO     | [136/165] All Out Burger Gladstone (V3:948, V1:1038)
2026-01-16 11:43:26,608 | INFO     |   Scraped: phone=(613) 233-1000, email=None
2026-01-16 11:43:26,608 | INFO     |   Current: phone=(613) 233-1000, email=george@menu.ca
2026-01-16 11:43:26,608 | INFO     |   [OK] No changes needed
2026-01-16 11:43:27,124 | INFO     | [137/165] Papa Pizza Chem. de Masson (V3:795, V1:1039)
2026-01-16 11:43:28,046 | INFO     |   Scraped: phone=(819) 281-4004, email=None
2026-01-16 11:43:28,046 | INFO     |   Current: phone=(819) 281-4004, email=khairullahfaizi@gmail.com
2026-01-16 11:43:28,046 | INFO     |   [OK] No changes needed
2026-01-16 11:43:28,551 | INFO     | [138/165] Papa Burger (V3:797, V1:1041)
2026-01-16 11:43:29,505 | INFO     |   Scraped: phone=(819) 246-0000, email=None
2026-01-16 11:43:29,505 | INFO     |   Current: phone=(819) 246-0000, email=osman_moudi@hotmail.com
2026-01-16 11:43:29,505 | INFO     |   [OK] No changes needed
2026-01-16 11:43:30,018 | INFO     | [139/165] Kabylie Pizza (V3:798, V1:1042)
2026-01-16 11:43:30,945 | INFO     |   Scraped: phone=(819) 246-1010, email=mohandkacimi@yahoo.com
2026-01-16 11:43:30,945 | INFO     |   Current: phone=(819) 246-1010, email=mohandkacimi@yahoo.com
2026-01-16 11:43:30,945 | INFO     |   [OK] No changes needed
2026-01-16 11:43:31,454 | INFO     | [140/165] Nachos Loco Gatineau (V3:801, V1:1045)
2026-01-16 11:43:32,409 | INFO     |   Scraped: phone=(819) 815-9990, email=None
2026-01-16 11:43:32,409 | INFO     |   Current: phone=(819) 815-9990, email=None
2026-01-16 11:43:32,409 | INFO     |   [OK] No changes needed
2026-01-16 11:43:32,924 | INFO     | [141/165] Poutinerie Québecurds Gatineau (V3:1015, V1:1046)
2026-01-16 11:43:33,850 | INFO     |   Scraped: phone=(819) 246-5000, email=None
2026-01-16 11:43:33,850 | INFO     |   Current: phone=(819) 246-5000, email=support@menu.ca
2026-01-16 11:43:33,850 | INFO     |   [OK] No changes needed
2026-01-16 11:43:34,354 | INFO     | [142/165] Crispy's Bank Street (V3:806, V1:1050)
2026-01-16 11:43:35,293 | INFO     |   Scraped: phone=(613) 731-3535, email=m.lezzeik@gmail.com
2026-01-16 11:43:35,293 | INFO     |   Current: phone=(613) 731-3535, email=m.lezzeik@gmail.com
2026-01-16 11:43:35,293 | INFO     |   [OK] No changes needed
2026-01-16 11:43:35,805 | INFO     | [143/165] Oh My Grill (V3:807, V1:1051)
2026-01-16 11:43:36,732 | INFO     |   Scraped: phone=(613) 562-4545, email=None
2026-01-16 11:43:36,732 | INFO     |   Current: phone=(613) 562-4545, email=aaltawil94@gmail.com
2026-01-16 11:43:36,732 | INFO     |   [OK] No changes needed
2026-01-16 11:43:37,242 | INFO     | [144/165] Papa Grecque Cantley (V3:810, V1:1054)
2026-01-16 11:43:38,171 | INFO     |   Scraped: phone=(819) 607-1717, email=None
2026-01-16 11:43:38,171 | INFO     |   Current: phone=(819) 607-1717, email=nicof1995@hotmail.com
2026-01-16 11:43:38,171 | INFO     |   [OK] No changes needed
2026-01-16 11:43:38,676 | INFO     | [145/165] Golden Center Pizza (V3:815, V1:1059)
2026-01-16 11:43:39,605 | INFO     |   Scraped: phone=(613) 789-2020, email=None
2026-01-16 11:43:39,605 | INFO     |   Current: phone=(613) 789-2020, email=goldencenterpizza@gmail.com
2026-01-16 11:43:39,605 | INFO     |   [OK] No changes needed
2026-01-16 11:43:40,108 | INFO     | [146/165] Dï¿½panneur Gï¿½nï¿½reux (V3:816, V1:1060)
2026-01-16 11:43:41,053 | INFO     |   Scraped: phone=(819) 643-5555, email=None
2026-01-16 11:43:41,054 | INFO     |   Current: phone=(819) 643-5555, email=josephnicolas@live.ca
2026-01-16 11:43:41,054 | INFO     |   [OK] No changes needed
2026-01-16 11:43:41,563 | INFO     | [147/165] Milano (V3:818, V1:1062)
2026-01-16 11:43:42,494 | INFO     |   Scraped: phone=(613) 446-1291, email=dharmeshkathireeya143@gmail.com
2026-01-16 11:43:42,494 | INFO     |   Current: phone=(613) 446-1291, email=dharmeshkathireeya143@gmail.com
2026-01-16 11:43:42,494 | INFO     |   [OK] No changes needed
2026-01-16 11:43:42,999 | INFO     | [148/165] Milano (V3:819, V1:1063)
2026-01-16 11:43:43,936 | INFO     |   Scraped: phone=(613) 489-1444, email=corporate@milanopizza.ca
2026-01-16 11:43:43,936 | INFO     |   Current: phone=(613) 489-1444, email=corporate@milanopizza.ca
2026-01-16 11:43:43,937 | INFO     |   [OK] No changes needed
2026-01-16 11:43:44,452 | INFO     | [149/165] Vieux Hull Pizza (V3:820, V1:1064)
2026-01-16 11:43:45,908 | INFO     |   Scraped: phone=(819) 777-7736, email=None
2026-01-16 11:43:45,908 | INFO     |   Current: phone=(819) 777-7736, email=None
2026-01-16 11:43:45,908 | INFO     |   [OK] No changes needed
2026-01-16 11:43:46,421 | INFO     | [150/165] Milano (V3:821, V1:1065)
2026-01-16 11:43:47,354 | INFO     |   Scraped: phone=(613) 445-3131, email=None
2026-01-16 11:43:47,355 | INFO     |   Current: phone=(613) 445-3131, email=None
2026-01-16 11:43:47,355 | INFO     |   [OK] No changes needed
2026-01-16 11:43:47,858 | INFO     | [151/165] Papa Burger Maloney (V3:822, V1:1066)
2026-01-16 11:43:48,790 | INFO     |   Scraped: phone=(819) 643-3377, email=None
2026-01-16 11:43:48,790 | INFO     |   Current: phone=(819) 643-3377, email=osman_moudi@hotmail.com
2026-01-16 11:43:48,790 | INFO     |   [OK] No changes needed
2026-01-16 11:43:49,300 | INFO     | [152/165] Prima Pizza (V3:824, V1:1069)
2026-01-16 11:43:50,215 | INFO     |   Scraped: phone=(613) 596-0006, email=pankitpvp@gmail.com
2026-01-16 11:43:50,215 | INFO     |   Current: phone=(613) 596-0006, email=pankitpvp@gmail.com
2026-01-16 11:43:50,216 | INFO     |   [OK] No changes needed
2026-01-16 11:43:50,725 | INFO     | [153/165] All Out Burger Montreal Rd (V3:949, V1:1071)
2026-01-16 11:43:51,678 | INFO     |   Scraped: phone=(613) 745-5555, email=None
2026-01-16 11:43:51,678 | INFO     |   Current: phone=(613) 745-5555, email=mahde_ghandour@hotmail.com
2026-01-16 11:43:51,679 | INFO     |   [OK] No changes needed
2026-01-16 11:43:52,179 | INFO     | [154/165] Pizzalicious (V3:829, V1:1074)
2026-01-16 11:43:53,116 | INFO     |   Scraped: phone=(613) 728-5858, email=None
2026-01-16 11:43:53,116 | INFO     |   Current: phone=(613) 728-5858, email=vvpatel2196@gmail.com
2026-01-16 11:43:53,116 | INFO     |   [OK] No changes needed
2026-01-16 11:43:53,622 | INFO     | [155/165] All Out Burger (V3:833, V1:1080)
2026-01-16 11:43:54,531 | INFO     |   Scraped: phone=(613) 443-9111, email=None
2026-01-16 11:43:54,532 | INFO     |   Current: phone=(613) 443-9111, email=mahde_ghandour@hotmail.com
2026-01-16 11:43:54,532 | INFO     |   [OK] No changes needed
2026-01-16 11:43:55,045 | INFO     | [156/165] Milano (V3:835, V1:1082)
2026-01-16 11:43:55,976 | INFO     |   Scraped: phone=(613) 260-7474, email=None
2026-01-16 11:43:55,977 | INFO     |   Current: phone=(613) 260-7474, email=bankstreetmilano@gmail.com
2026-01-16 11:43:55,977 | INFO     |   [OK] No changes needed
2026-01-16 11:43:56,488 | INFO     | [157/165] Souvlaki Souvlaki (V3:836, V1:1083)
2026-01-16 11:43:57,407 | INFO     |   Scraped: phone=(613) 526-3456, email=None
2026-01-16 11:43:57,407 | INFO     |   Current: phone=(613) 526-3456, email=bankstreetmilano@gmail.com
2026-01-16 11:43:57,407 | INFO     |   [OK] No changes needed
2026-01-16 11:43:57,912 | INFO     | [158/165] Milano (V3:837, V1:1084)
2026-01-16 11:43:58,847 | INFO     |   Scraped: phone=(343) 546-0222, email=corporate@milanopizza.ca
2026-01-16 11:43:58,847 | INFO     |   Current: phone=(343) 546-0222, email=corporate@milanopizza.ca
2026-01-16 11:43:58,847 | INFO     |   [OK] No changes needed
2026-01-16 11:43:59,351 | INFO     | [159/165] Milano (V3:840, V1:1087)
2026-01-16 11:44:00,326 | INFO     |   Scraped: phone=(613) 224-7700, email=None
2026-01-16 11:44:00,326 | INFO     |   Current: phone=(613) 224-7700, email=None
2026-01-16 11:44:00,327 | INFO     |   [OK] No changes needed
2026-01-16 11:44:00,837 | INFO     | [160/165] All Out Burger (V3:841, V1:1088)
2026-01-16 11:44:01,784 | INFO     |   Scraped: phone=(613) 825-8283, email=None
2026-01-16 11:44:01,785 | INFO     |   Current: phone=(613) 825-8283, email=mahde_ghandour@hotmail.com
2026-01-16 11:44:01,785 | INFO     |   [OK] No changes needed
2026-01-16 11:44:02,290 | INFO     | [161/165] Milano (V3:842, V1:1089)
2026-01-16 11:44:03,224 | INFO     |   Scraped: phone=(613) 925-3330, email=MilanoPrescott@gmail.com
2026-01-16 11:44:03,224 | INFO     |   Current: phone=(613) 925-3330, email=MilanoPrescott@gmail.com
2026-01-16 11:44:03,224 | INFO     |   [OK] No changes needed
2026-01-16 11:44:03,735 | INFO     | [162/165] Mykonos Greek Grill (V3:845, V1:1092)
2026-01-16 11:44:04,652 | INFO     |   Scraped: phone=(613) 489-1444, email=mykonosgreekgrill@gmail.com
2026-01-16 11:44:04,652 | INFO     |   Current: phone=(613) 489-1444, email=mykonosgreekgrill@gmail.com
2026-01-16 11:44:04,652 | INFO     |   [OK] No changes needed
2026-01-16 11:44:05,160 | INFO     | [163/165] Mykonos Greek Grill (V3:846, V1:1093)
2026-01-16 11:44:06,102 | INFO     |   Scraped: phone=(613) 258-4050, email=None
2026-01-16 11:44:06,103 | INFO     |   Current: phone=(613) 258-4050, email=mitulkakani1996@gmail.com
2026-01-16 11:44:06,103 | INFO     |   [OK] No changes needed
2026-01-16 11:44:06,615 | INFO     | [164/165] Sushiyana (V3:847, V1:1094)
2026-01-16 11:44:07,545 | INFO     |   Scraped: phone=(819) 955-7777, email=sushiyanagatineau@gmail.com
2026-01-16 11:44:07,545 | INFO     |   Current: phone=(819) 955-7777, email=sushiyanagatineau@gmail.com
2026-01-16 11:44:07,545 | INFO     |   [OK] No changes needed
2026-01-16 11:44:08,050 | INFO     | [165/165] Econo Pizza (V3:1009, V1:1095)
2026-01-16 11:44:08,981 | INFO     |   Scraped: phone=(819) 643-6433, email=None
2026-01-16 11:44:08,981 | INFO     |   Current: phone=(819) 643-6433, email=menu@mozzapizzagatineau.com
2026-01-16 11:44:08,982 | INFO     |   [OK] No changes needed
2026-01-16 11:44:09,584 | INFO     | 
2026-01-16 11:44:09,584 | INFO     | ======================================================================
2026-01-16 11:44:09,585 | INFO     | SCRAPING COMPLETE
2026-01-16 11:44:09,585 | INFO     | ======================================================================
2026-01-16 11:44:09,585 | INFO     | Total restaurants:  165
2026-01-16 11:44:09,585 | INFO     | Successfully scraped: 165
2026-01-16 11:44:09,586 | INFO     | Phone updates:      5
2026-01-16 11:44:09,586 | INFO     | Email updates:      12
2026-01-16 11:44:09,586 | INFO     | No changes needed:  149
2026-01-16 11:44:09,586 | INFO     | Errors:             0
2026-01-16 11:44:09,586 | INFO     | ======================================================================
