
> menu-scraper@1.0.0 scrape
> ts-node src/cli.ts econo-pizza


🍔 Scraping: Econo Pizza
🔗 URL: https://econopizza.ca/?p=menu&lang=fr
📦 Version: v1
👁️  Headless: true

[V1-Simple] Navigating to https://econopizza.ca/?p=menu&lang=fr
[V1-Simple] Extracting dish names from DOM...
[V1-Simple] Found 50 dishes on page

[V1-Simple] Sample dishes:
  1. Fromage ($10)
  2. Pepperoni et Fromage ($10)
  3. Toute Garnie - Pepperoni Champignons Poivrons Vert ($10)
  4. Bacon et Olives ($10)
  5. Poulet BBQ ($10)
  6. Tomatoes Oignons et Olives ($10)
  7. Jambon Bacon et Piments Forts ($10)
  8. Pop Curds (1/2lb) ($11.99)
  9. Poutine ($11.99)
  10. Poutine Italienne ($14.99)
  ... and 40 more

[V1-Simple] [1/50] Fromage
[V1-Simple]   ✓ 1 groups, 4 options
[V1-Simple] [2/50] Pepperoni et Fromage
[V1-Simple]   ✓ 1 groups, 4 options
[V1-Simple] [3/50] Toute Garnie - Pepperoni Champignons Poivrons Vert
[V1-Simple]   ✓ 1 groups, 4 options
[V1-Simple] [4/50] Bacon et Olives
[V1-Simple]   ✓ 1 groups, 4 options
[V1-Simple] [5/50] Poulet BBQ
[V1-Simple]   ✓ 1 groups, 4 options
[V1-Simple] [6/50] Tomatoes Oignons et Olives
[V1-Simple]   ✓ 1 groups, 4 options
[V1-Simple] [7/50] Jambon Bacon et Piments Forts
[V1-Simple]   ✓ 1 groups, 4 options
[V1-Simple] [8/50] Pop Curds (1/2lb)
[V1-Simple]   ✓ 0 groups, 0 options
[V1-Simple] [9/50] Poutine
[V1-Simple]   ✓ 0 groups, 0 options
[V1-Simple] [10/50] Poutine Italienne
[V1-Simple]   ✓ 0 groups, 0 options
[V1-Simple] [11/50] Poutine Poulet Buffalo
[V1-Simple]   ✓ 0 groups, 0 options
[V1-Simple] [12/50] Petite frite
[V1-Simple]   ✓ 0 groups, 0 options
[V1-Simple] [13/50] Grande frite
[V1-Simple]   ✓ 0 groups, 0 options
[V1-Simple] [14/50] Frite familiale
[V1-Simple]   ✓ 0 groups, 0 options
[V1-Simple] [15/50] Rondelles d’oignons
[V1-Simple]   ✓ 0 groups, 0 options
[V1-Simple] [16/50] Zucchinis
[V1-Simple]   ✓ 0 groups, 0 options
[V1-Simple] [17/50] Poppers Jalapeno (4)
[V1-Simple]   ✓ 0 groups, 0 options
[V1-Simple] [18/50] Bâtonnets de fromage
[V1-Simple]   ✓ 0 groups, 0 options
[V1-Simple] [19/50] Nachos
[V1-Simple]   ✓ 0 groups, 0 options
[V1-Simple] [20/50] Cheesy Bread
[V1-Simple]   ✓ 0 groups, 0 options
[V1-Simple] [21/50] Burger au poulet
[V1-Simple]   ✓ 0 groups, 0 options
[V1-Simple] [22/50] Trempettes
[V1-Simple]   ✓ 0 groups, 0 options
[V1-Simple] [23/50] Pogo
[V1-Simple]   ✓ 0 groups, 0 options
[V1-Simple] [24/50] Salade César
[V1-Simple]   ✓ 0 groups, 0 options
[V1-Simple] [25/50] Salade Grecque
[V1-Simple]   ✓ 0 groups, 0 options
[V1-Simple] [26/50] César Wrap
[V1-Simple]   ✓ 0 groups, 0 options
[V1-Simple] [27/50] Club Wrap
[V1-Simple]   ✓ 0 groups, 0 options
[V1-Simple] [28/50] Grecque Feta Wrap
[V1-Simple]   ✓ 0 groups, 0 options
[V1-Simple] [29/50] Gros Shawarama au Poulet 10”
[V1-Simple]   ✓ 0 groups, 0 options
[V1-Simple] [30/50] Lasagne
[V1-Simple]   ✓ 0 groups, 0 options
[V1-Simple] [31/50] Ailes de poulet
[V1-Simple]   ✓ 1 groups, 3 options
[V1-Simple] [32/50] 5 Doigts de Poulet
[V1-Simple]   ✓ 1 groups, 1 options
[V1-Simple] [33/50] Steak
[V1-Simple]   ✓ 0 groups, 0 options
[V1-Simple] [34/50] Pepperoni
[V1-Simple]   ✓ 0 groups, 0 options
[V1-Simple] [35/50] Poulet
[V1-Simple]   ✓ 0 groups, 0 options
[V1-Simple] [36/50] Jambon
[V1-Simple]   ✓ 0 groups, 0 options
[V1-Simple] [37/50] Bacon
[V1-Simple]   ✓ 0 groups, 0 options
[V1-Simple] [38/50] Gâteau au Fromage
[V1-Simple]   ✓ 0 groups, 0 options
[V1-Simple] [39/50] Brownies
[V1-Simple]   ✓ 0 groups, 0 options
[V1-Simple] [40/50] Pepsi
[V1-Simple]   ✓ 0 groups, 0 options
[V1-Simple] [41/50] Pepsi Diète
[V1-Simple]   ✓ 0 groups, 0 options
[V1-Simple] [42/50] 7 Up
[V1-Simple]   ✓ 0 groups, 0 options
[V1-Simple] [43/50] Ginger Ale
[V1-Simple]   ✓ 0 groups, 0 options
[V1-Simple] [44/50] Mountain Dew
[V1-Simple]   ✓ 0 groups, 0 options
[V1-Simple] [45/50] Brisk
[V1-Simple]   ✓ 0 groups, 0 options
[V1-Simple] [46/50] Dr. Pepper
[V1-Simple]   ✓ 0 groups, 0 options
[V1-Simple] [47/50] Crush Orange
[V1-Simple]   ✓ 0 groups, 0 options
[V1-Simple] [48/50] Crush Cream Soda
[V1-Simple]   ✓ 0 groups, 0 options
[V1-Simple] [49/50] Gatorade Bleu
[V1-Simple]   ✓ 0 groups, 0 options
[V1-Simple] [50/50] Eau Eska
[V1-Simple]   ✓ 0 groups, 0 options

[V1-Simple] Complete: 50/50 dishes

[V1-Simple] Results saved to: /Users/brianlapp/Documents/GitHub/Migration-Strategy/menu-scraper/output/econo-pizza/econo-pizza-2025-11-17T17-47-16-251Z.json

=== V1 SIMPLE SCRAPE SUMMARY ===
Total dishes:   50
Scraped:        50
Errors:         0
Total Groups:   9
Total Options:  32
Success rate:   100.0%

✅ Done!
📁 Output: ./output/econo-pizza/
📸 Screenshots: ./screenshots/econo-pizza/

