
> menu-scraper@1.0.0 scrape
> ts-node src/cli.ts joes-family-pizzeria


🍔 Scraping: Joes Family Pizzeria
🔗 URL: https://joesfamilypizzeria.ca?p=menu
📦 Version: v1
👁️  Headless: true

[V1-Simple] Navigating to https://joesfamilypizzeria.ca?p=menu
[V1-Simple] Extracting dish names from DOM...
[V1-Simple] Found 89 dishes on page

[V1-Simple] Sample dishes:
  1. Spotlight Special Large Pizza ($29.99)
  2. The People's Pie ($24.99)
  3. One Pizza Kit ($9.99)
  4. 6 Pack Special ($8.99)
  5. Nachos ($17.99)
  6. Large Bag of our House Made Nacho Chips (200g) ($4.99)
  7. Fries ($5.99)
  8. Poutine ($9.99)
  9. Buffalo Popcorn Chicken Poutine ($11.99)
  10. Dilly Poutine ($11.99)
  ... and 79 more

[V1-Simple] [1/89] Spotlight Special Large Pizza
[V1-Simple]   ✓ 0 groups, 0 options
[V1-Simple] [2/89] The People's Pie
[V1-Simple]   ✓ 0 groups, 0 options
[V1-Simple] [3/89] One Pizza Kit
[V1-Simple]   ✓ 0 groups, 0 options
[V1-Simple] [4/89] 6 Pack Special
[V1-Simple]   ✓ 0 groups, 0 options
[V1-Simple] [5/89] Nachos
[V1-Simple]   ✓ 0 groups, 0 options [2 sizes]
[V1-Simple] [6/89] Large Bag of our House Made Nacho Chips (200g)
[V1-Simple]   ✓ 0 groups, 0 options
[V1-Simple] [7/89] Fries
[V1-Simple]   ✓ 0 groups, 0 options [4 sizes]
[V1-Simple] [8/89] Poutine
[V1-Simple]   ✓ 0 groups, 0 options [4 sizes]
[V1-Simple] [9/89] Buffalo Popcorn Chicken Poutine
[V1-Simple]   ✓ 0 groups, 0 options [4 sizes]
[V1-Simple] [10/89] Dilly Poutine
[V1-Simple]   ✓ 0 groups, 0 options [4 sizes]
[V1-Simple] [11/89] Chili Cheese Fries
[V1-Simple]   ✓ 0 groups, 0 options [4 sizes]
[V1-Simple] [12/89] Butter Chicken Poutine
[V1-Simple]   ✓ 0 groups, 0 options [4 sizes]
[V1-Simple] [13/89] East Coast Donair Poutine
[V1-Simple]   ✓ 0 groups, 0 options [4 sizes]
[V1-Simple] [14/89] Cup and Char Pepperoni with Hot Honey Poutine
[V1-Simple]   ✓ 0 groups, 0 options [4 sizes]
[V1-Simple] [15/89] Ultimate Bacon Poutine
[V1-Simple]   ✓ 0 groups, 0 options [4 sizes]
[V1-Simple] [16/89] BBQ Bacon Cheese Burger Poutine
[V1-Simple]   ✓ 0 groups, 0 options [4 sizes]
[V1-Simple] [17/89] Fish & Chips
[V1-Simple]   ✓ 0 groups, 0 options [2 sizes]
[V1-Simple] [18/89] Fried Dill Pickle Spears
[V1-Simple]   ✓ 0 groups, 0 options
[V1-Simple] [19/89] Toasted Sesame Bread Twists
[V1-Simple]   ✓ 0 groups, 0 options
[V1-Simple] [20/89] Mac and Cheese Bites
[V1-Simple]   ✓ 0 groups, 0 options
[V1-Simple] [21/89] Roasted Garlic Wontons
[V1-Simple]   ✓ 0 groups, 0 options
[V1-Simple] [22/89] Garlic Parmesan Bites
[V1-Simple]   ✓ 0 groups, 0 options
[V1-Simple] [23/89] 3 Cheese Garlic Fingers
[V1-Simple]   ✓ 0 groups, 0 options
[V1-Simple] [24/89] Mozzarella Sticks
[V1-Simple]   ✓ 0 groups, 0 options
[V1-Simple] [25/89] Perogies
[V1-Simple]   ✓ 0 groups, 0 options
[V1-Simple] [26/89] Jalapeno Poppers
[V1-Simple]   ✓ 0 groups, 0 options
[V1-Simple] [27/89] House made dipping sauce sampler
[V1-Simple]   ✓ 0 groups, 0 options
[V1-Simple] [28/89] House made BOOM BOOM Sauce (scratch made)
[V1-Simple]   ✓ 0 groups, 0 options [2 sizes]
[V1-Simple] [29/89] House made roasted garlic everything sauce
[V1-Simple]   ✓ 0 groups, 0 options [2 sizes]
[V1-Simple] [30/89] House made Fiesta cheddar
[V1-Simple]   ✓ 0 groups, 0 options [2 sizes]
[V1-Simple] [31/89] House made creamy Backyard BBQ
[V1-Simple]   ✓ 0 groups, 0 options [2 sizes]
[V1-Simple] [32/89] House made Dilly Dip
[V1-Simple]   ✓ 0 groups, 0 options [2 sizes]
[V1-Simple] [33/89] House made Marinara
[V1-Simple]   ✓ 0 groups, 0 options [2 sizes]
[V1-Simple] [34/89] Ranch
[V1-Simple]   ✓ 0 groups, 0 options [2 sizes]
[V1-Simple] [35/89] Donair Sauce
[V1-Simple]   ✓ 0 groups, 0 options [2 sizes]
[V1-Simple] [36/89] BBQ Sauce
[V1-Simple]   ✓ 0 groups, 0 options [2 sizes]
[V1-Simple] [37/89] Hot Sauce
[V1-Simple]   ✓ 0 groups, 0 options [2 sizes]
[V1-Simple] [38/89] Mild Sauce
[V1-Simple]   ✓ 0 groups, 0 options [2 sizes]
[V1-Simple] [39/89] Medium Sauce
[V1-Simple]   ✓ 0 groups, 0 options [2 sizes]
[V1-Simple] [40/89] Honey Garlic
[V1-Simple]   ✓ 0 groups, 0 options [2 sizes]
[V1-Simple] [41/89] Sweet Chili Thai
[V1-Simple]   ✓ 0 groups, 0 options [2 sizes]
[V1-Simple] [42/89] Caesar Sauce
[V1-Simple]   ✓ 0 groups, 0 options [2 sizes]
[V1-Simple] [43/89] Plum Sauce
[V1-Simple]   ✓ 0 groups, 0 options [2 sizes]
[V1-Simple] [44/89] Sour Cream
[V1-Simple]   ✓ 0 groups, 0 options [2 sizes]
[V1-Simple] [45/89] Nacho Cheese Sauce
[V1-Simple]   ✓ 0 groups, 0 options [2 sizes]
[V1-Simple] [46/89] Blue Cheese
[V1-Simple]   ✓ 0 groups, 0 options [2 sizes]
[V1-Simple] [47/89] Gravy
[V1-Simple]   ✓ 0 groups, 0 options [2 sizes]
[V1-Simple] [48/89] 8oz Glass Spice Shaker
[V1-Simple]   ✓ 0 groups, 0 options
[V1-Simple] [49/89] Caesar Salad
[V1-Simple]   ✓ 0 groups, 0 options [2 sizes]
[V1-Simple] [50/89] 1 Pound of Wings
[V1-Simple]   ✓ 0 groups, 0 options
[V1-Simple] [51/89] Popcorn Chicken (20 pcs) with Fries and Pop
[V1-Simple]   ✓ 0 groups, 0 options
[V1-Simple] [52/89] Kids Popcorn Chicken (10 pcs)
[V1-Simple]   ✓ 0 groups, 0 options
[V1-Simple] [53/89] 3 Pieces Meal with Fries and Drink
[V1-Simple]   ✓ 0 groups, 0 options
[V1-Simple] [54/89] Leg & Wing Deal
[V1-Simple]   ✓ 0 groups, 0 options
[V1-Simple] [55/89] Cup & Char Pepperoni Pizza
[V1-Simple]   ✓ 0 groups, 0 options [4 sizes]
[V1-Simple] [56/89] Pepperoni Lovers Pizza
[V1-Simple]   ✓ 0 groups, 0 options [4 sizes]
[V1-Simple] [57/89] Whitewater Pie
[V1-Simple]   ✓ 0 groups, 0 options [4 sizes]
[V1-Simple] [58/89] Plain Pizza
[V1-Simple]   ✓ 0 groups, 0 options [4 sizes]
[V1-Simple] [59/89] 1 Topping Pizza
[V1-Simple]   ✓ 0 groups, 0 options [4 sizes]
[V1-Simple] [60/89] 3 Toppings Pizza
[V1-Simple]   ✓ 0 groups, 0 options [4 sizes]
[V1-Simple] [61/89] Chicken Bruschetta Pizza
[V1-Simple]   ✓ 0 groups, 0 options [4 sizes]
[V1-Simple] [62/89] The Carnivore
[V1-Simple]   ✓ 0 groups, 0 options [4 sizes]
[V1-Simple] [63/89] Combo Pizza
[V1-Simple]   ✓ 0 groups, 0 options [4 sizes]
[V1-Simple] [64/89] Canadian
[V1-Simple]   ✓ 0 groups, 0 options [4 sizes]
[V1-Simple] [65/89] Deluxe
[V1-Simple]   ✓ 0 groups, 0 options [4 sizes]
[V1-Simple] [66/89] Hawaiian
[V1-Simple]   ✓ 0 groups, 0 options [4 sizes]
[V1-Simple] [67/89] Vegetarian
[V1-Simple]   ✓ 0 groups, 0 options [4 sizes]
[V1-Simple] [68/89] Rita
[V1-Simple]   ✓ 0 groups, 0 options [4 sizes]
[V1-Simple] [69/89] Sweet & Spicy
[V1-Simple]   ✓ 0 groups, 0 options [4 sizes]
[V1-Simple] [70/89] Meat Lovers
[V1-Simple]   ✓ 0 groups, 0 options [4 sizes]
[V1-Simple] [71/89] Big Joe Mufferaw
[V1-Simple]   ✓ 0 groups, 0 options [4 sizes]
[V1-Simple] [72/89] Cindy's BBQ Chicken
[V1-Simple]   ✓ 0 groups, 0 options [4 sizes]
[V1-Simple] [73/89] Calzone
[V1-Simple]   ✓ 0 groups, 0 options
[V1-Simple] [74/89] Chocolate and Hazelnut Cookie
[V1-Simple]   ✓ 0 groups, 0 options
[V1-Simple] [75/89] Sour Gummy Candies
[V1-Simple]   ✓ 0 groups, 0 options
[V1-Simple] [76/89] Grape Crush
[V1-Simple]   ✓ 0 groups, 0 options
[V1-Simple] [77/89] Crush Cream Soda
[V1-Simple]   ✓ 0 groups, 0 options
[V1-Simple] [78/89] Iced Tea
[V1-Simple]   ✓ 0 groups, 0 options
[V1-Simple] [79/89] Pepsi Max
[V1-Simple]   ✓ 0 groups, 0 options
[V1-Simple] [80/89] Pepsi
[V1-Simple]   ✓ 0 groups, 0 options
[V1-Simple] [81/89] Diet Pepsi
[V1-Simple]   ✓ 0 groups, 0 options
[V1-Simple] [82/89] Mountain Dew
[V1-Simple]   ✓ 0 groups, 0 options
[V1-Simple] [83/89] Schweppes Ginger Ale
[V1-Simple]   ✓ 0 groups, 0 options
[V1-Simple] [84/89] Mug Root Beer
[V1-Simple]   ✓ 0 groups, 0 options
[V1-Simple] [85/89] 7Up
[V1-Simple]   ✓ 0 groups, 0 options
[V1-Simple] [86/89] Dr. Pepper
[V1-Simple]   ✓ 0 groups, 0 options
[V1-Simple] [87/89] Orange Crush
[V1-Simple]   ✓ 0 groups, 0 options
[V1-Simple] [88/89] Water
[V1-Simple]   ✓ 0 groups, 0 options
[V1-Simple] [89/89] 6 Pack of Cans
[V1-Simple]   ✓ 0 groups, 0 options

[V1-Simple] Complete: 89/89 dishes

[V1-Simple] Results saved to: /Users/brianlapp/Documents/GitHub/Migration-Strategy/menu-scraper/output/joes-family-pizzeria/joes-family-pizzeria-2025-11-18T19-23-30-865Z.json

=== V1 SIMPLE SCRAPE SUMMARY ===
Total dishes:   89
Scraped:        89
Errors:         0
Total Groups:   0
Total Options:  0
Success rate:   100.0%

✅ Done!
📁 Output: ./output/joes-family-pizzeria/
📸 Screenshots: ./screenshots/joes-family-pizzeria/

