
> menu-scraper@1.0.0 scrape
> ts-node src/cli.ts orchid-sushi


🍔 Scraping: Orchid Sushi
🔗 URL: https://orchidsushiottawa.menu.ca/?p=menu
📦 Version: v1
👁️  Headless: true

[V1-Simple] Navigating to https://orchidsushiottawa.menu.ca/?p=menu
[V1-Simple] Extracting dish names from DOM...
[V1-Simple] Found 137 dishes on page

[V1-Simple] Sample dishes:
  1. Nigiri and Sashimi Mix (chef's choice 12pcs) ($24.95)
  2. Sashimi Lover (14pcs) ($27.95)
  3. Sakana (all Fish Sashimi 18pcs) ($39.95)
  4. Deluxe Sashimi (42 pcs) ($79.95)
  5. Party Time (Chef's Choice 65 pcs) ($119.95)
  6. Combo 1 (12 pcs) ($16.95)
  7. Combo 2 (15 pcs) ($17.95)
  8. Combo 3  (16 pcs) ($19.95)
  9. Combo 4 (20 pcs) ($23.95)
  10. 12 Pieces ($16.95)
  ... and 127 more

[V1-Simple] [1/137] Nigiri and Sashimi Mix (chef's choice 12pcs)
[V1-Simple]   ✓ 0 groups, 0 options
[V1-Simple] [2/137] Sashimi Lover (14pcs)
[V1-Simple]   ✓ 0 groups, 0 options
[V1-Simple] [3/137] Sakana (all Fish Sashimi 18pcs)
[V1-Simple]   ✓ 0 groups, 0 options
[V1-Simple] [4/137] Deluxe Sashimi (42 pcs)
[V1-Simple]   ✓ 0 groups, 0 options
[V1-Simple] [5/137] Party Time (Chef's Choice 65 pcs)
[V1-Simple]   ✓ 0 groups, 0 options
[V1-Simple] [6/137] Combo 1 (12 pcs)
[V1-Simple]   ✓ 1 groups, 11 options
[V1-Simple] [7/137] Combo 2 (15 pcs)
[V1-Simple]   ✓ 1 groups, 11 options
[V1-Simple] [8/137] Combo 3  (16 pcs)
[V1-Simple]   ✓ 1 groups, 11 options
[V1-Simple] [9/137] Combo 4 (20 pcs)
[V1-Simple]   ✓ 1 groups, 11 options
[V1-Simple] [10/137] 12 Pieces
[V1-Simple]   ✓ 0 groups, 0 options
[V1-Simple] [11/137] 14 Pieces
[V1-Simple]   ✓ 0 groups, 0 options
[V1-Simple] [12/137] 16 Pieces
[V1-Simple]   ✓ 0 groups, 0 options
[V1-Simple] [13/137] 20 Pieces
[V1-Simple]   ✓ 0 groups, 0 options
[V1-Simple] [14/137] 30 Pieces
[V1-Simple]   ✓ 0 groups, 0 options
[V1-Simple] [15/137] 50 Pieces
[V1-Simple]   ✓ 0 groups, 0 options
[V1-Simple] [16/137] 70 Pieces
[V1-Simple]   ✓ 0 groups, 0 options
[V1-Simple] [17/137] Ahi Tuna Poke
[V1-Simple]   ✓ 0 groups, 0 options
[V1-Simple] [18/137] Salmon Poke
[V1-Simple]   ✓ 0 groups, 0 options
[V1-Simple] [19/137] Tuna & Salmon Poke
[V1-Simple]   ✓ 0 groups, 0 options
[V1-Simple] [20/137] Crispy Chicken Poke
[V1-Simple]   ✓ 0 groups, 0 options
[V1-Simple] [21/137] Shrimp Tempura Poke
[V1-Simple]   ✓ 0 groups, 0 options
[V1-Simple] [22/137] Vege Poke
[V1-Simple]   ✓ 0 groups, 0 options
[V1-Simple] [23/137] 39. Ebi Maki
[V1-Simple]   ✓ 0 groups, 0 options
[V1-Simple] [24/137] 40. California Maki
[V1-Simple]   ✓ 0 groups, 0 options
[V1-Simple] [25/137] 41. Nizakama
[V1-Simple]   ✓ 0 groups, 0 options
[V1-Simple] [26/137] 42. Firehouse Maki
[V1-Simple]   ✓ 0 groups, 0 options
[V1-Simple] [27/137] 43. Ottawa Maki
[V1-Simple]   ✓ 0 groups, 0 options
[V1-Simple] [28/137] 44. Philadelphia Maki
[V1-Simple]   ✓ 0 groups, 0 options
[V1-Simple] [29/137] 45. Paradise Maki
[V1-Simple]   ✓ 0 groups, 0 options
[V1-Simple] [30/137] 46a. Unagi Maki
[V1-Simple]   ✓ 0 groups, 0 options
[V1-Simple] [31/137] 46b. Albacore Maki
[V1-Simple]   ✓ 0 groups, 0 options
[V1-Simple] [32/137] 46c. Tai Maki
[V1-Simple]   ✓ 0 groups, 0 options
[V1-Simple] [33/137] 47. Boston Futomaki
[V1-Simple]   ✓ 0 groups, 0 options
[V1-Simple] [34/137] 48. California Futomaki
[V1-Simple]   ✓ 0 groups, 0 options
[V1-Simple] [35/137] 49. Veggie Futomaki
[V1-Simple]   ✓ 0 groups, 0 options
[V1-Simple] [36/137] 50. Kamikaze Futomaki
[V1-Simple]   ✓ 0 groups, 0 options
[V1-Simple] [37/137] 51. Dynamite Futomaki
[V1-Simple]   ✓ 0 groups, 0 options
[V1-Simple] [38/137] 52. Rainbow Futomaki
[V1-Simple]   ✓ 0 groups, 0 options
[V1-Simple] [39/137] 53. Unagi Futomaki
[V1-Simple]   ✓ 0 groups, 0 options
[V1-Simple] [40/137] 54. Spider Futomaki
[V1-Simple]   ✓ 0 groups, 0 options
[V1-Simple] [41/137] 55. Spicy Crab Futomaki
[V1-Simple]   ✓ 0 groups, 0 options
[V1-Simple] [42/137] 56. Spicy Hotate Futomaki
[V1-Simple]   ✓ 0 groups, 0 options
[V1-Simple] [43/137] 57. Spicy Shrimp Futomaki
[V1-Simple]   ✓ 0 groups, 0 options
[V1-Simple] [44/137] 58. Alaska Futomaki
[V1-Simple]   ✓ 0 groups, 0 options
[V1-Simple] [45/137] 59. Sunshine Futomaki
[V1-Simple]   ✓ 0 groups, 0 options
[V1-Simple] [46/137] 60. Chicken Roll
[V1-Simple]   ✓ 0 groups, 0 options
[V1-Simple] [47/137] 61. Blueberry Futomaki
[V1-Simple]   ✓ 0 groups, 0 options
[V1-Simple] [48/137] 62. Atlantis
[V1-Simple]   ✓ 0 groups, 0 options
[V1-Simple] [49/137] 63. Red Dragon
[V1-Simple]   ✓ 0 groups, 0 options
[V1-Simple] [50/137] 64. Full Moon
[V1-Simple]   ✓ 0 groups, 0 options
[V1-Simple] [51/137] 65. Red Tokyo
[V1-Simple]   ✓ 0 groups, 0 options
[V1-Simple] [52/137] 66. Bikini
[V1-Simple]   ✓ 0 groups, 0 options
[V1-Simple] [53/137] 67. Dragon Eye
[V1-Simple]   ✓ 0 groups, 0 options
[V1-Simple] [54/137] 68. Lobster
[V1-Simple]   ✓ 0 groups, 0 options
[V1-Simple] [55/137] 69. Red Orchid
[V1-Simple]   ✓ 0 groups, 0 options
[V1-Simple] [56/137] Pizza Sushi
[V1-Simple]   ✓ 0 groups, 0 options
[V1-Simple] [57/137] Orchid Sashimi
[V1-Simple]   ✓ 0 groups, 0 options
[V1-Simple] [58/137] Chef's Famous Rolls
[V1-Simple]   ✓ 0 groups, 0 options
[V1-Simple] [59/137] Volcano
[V1-Simple]   ✓ 0 groups, 0 options
[V1-Simple] [60/137] Red Tuna
[V1-Simple]   ✓ 0 groups, 0 options
[V1-Simple] [61/137] Prawn Tempura
[V1-Simple]   ✓ 0 groups, 0 options
[V1-Simple] [62/137] All Sorted Vege Tempura
[V1-Simple]   ✓ 0 groups, 0 options
[V1-Simple] [63/137] Prawn and Vege Tempura
[V1-Simple]   ✓ 0 groups, 0 options
[V1-Simple] [64/137] Edamame
[V1-Simple]   ✓ 0 groups, 0 options
[V1-Simple] [65/137] Sauces
[V1-Simple]   ✓ 0 groups, 0 options
[V1-Simple] [66/137] Miso Soup
[V1-Simple]   ✓ 0 groups, 0 options
[V1-Simple] [67/137] Tom Yum Soup
[V1-Simple]   ✓ 0 groups, 0 options
[V1-Simple] [68/137] Tataki Salad
[V1-Simple]   ✓ 0 groups, 0 options
[V1-Simple] [69/137] Seafood Salad
[V1-Simple]   ✓ 0 groups, 0 options
[V1-Simple] [70/137] Octopus Salad
[V1-Simple]   ✓ 0 groups, 0 options
[V1-Simple] [71/137] Green Salad
[V1-Simple]   ✓ 0 groups, 0 options
[V1-Simple] [72/137] Wakame Salad
[V1-Simple]   ✓ 0 groups, 0 options
[V1-Simple] [73/137] Salmon Salad Roll
[V1-Simple]   ✓ 0 groups, 0 options
[V1-Simple] [74/137] Tuna Salad Roll
[V1-Simple]   ✓ 0 groups, 0 options
[V1-Simple] [75/137] Lobster Salad Roll
[V1-Simple]   ✓ 0 groups, 0 options
[V1-Simple] [76/137] Shrimp Salad Roll
[V1-Simple]   ✓ 0 groups, 0 options
[V1-Simple] [77/137] Vegetarian Salad Roll
[V1-Simple]   ✓ 0 groups, 0 options
[V1-Simple] [78/137] Lobster Tartar
[V1-Simple]   ✓ 0 groups, 0 options
[V1-Simple] [79/137] Red Tuna Tartar
[V1-Simple]   ✓ 0 groups, 0 options
[V1-Simple] [80/137] Salmon Tartar
[V1-Simple]   ✓ 0 groups, 0 options
[V1-Simple] [81/137] Crab Tartar
[V1-Simple]   ✓ 0 groups, 0 options
[V1-Simple] [82/137] Shrimp Tartar
[V1-Simple]   ✓ 0 groups, 0 options
[V1-Simple] [83/137] 1. Sake Salmon
[V1-Simple]   ✓ 0 groups, 0 options
[V1-Simple] [84/137] 2. Maguro
[V1-Simple]   ✓ 0 groups, 0 options
[V1-Simple] [85/137] 3. Hamachi
[V1-Simple]   ✓ 0 groups, 0 options
[V1-Simple] [86/137] 4. Albacore
[V1-Simple]   ✓ 0 groups, 0 options
[V1-Simple] [87/137] 5. Tai
[V1-Simple]   ✓ 0 groups, 0 options
[V1-Simple] [88/137] 6. Kunsei Sake
[V1-Simple]   ✓ 0 groups, 0 options
[V1-Simple] [89/137] 7. Escolar with Oil Fish
[V1-Simple]   ✓ 0 groups, 0 options
[V1-Simple] [90/137] 8. Ebi
[V1-Simple]   ✓ 0 groups, 0 options
[V1-Simple] [91/137] 9. Unagi
[V1-Simple]   ✓ 0 groups, 0 options
[V1-Simple] [92/137] 10. Tako
[V1-Simple]   ✓ 0 groups, 0 options
[V1-Simple] [93/137] 11. Ika
[V1-Simple]   ✓ 0 groups, 0 options
[V1-Simple] [94/137] 12. Hotate
[V1-Simple]   ✓ 0 groups, 0 options
[V1-Simple] [95/137] 13. Tamago
[V1-Simple]   ✓ 0 groups, 0 options
[V1-Simple] [96/137] 14. Kani-Kama
[V1-Simple]   ✓ 0 groups, 0 options
[V1-Simple] [97/137] 15. Inari
[V1-Simple]   ✓ 0 groups, 0 options
[V1-Simple] [98/137] 16. Hokegai
[V1-Simple]   ✓ 0 groups, 0 options
[V1-Simple] [99/137] 17. Ikura
[V1-Simple]   ✓ 0 groups, 0 options
[V1-Simple] [100/137] 18. Tobiko
[V1-Simple]   ✓ 0 groups, 0 options
[V1-Simple] [101/137] 19. Masago
[V1-Simple]   ✓ 0 groups, 0 options
[V1-Simple] [102/137] 20. Sunrise
[V1-Simple]   ✓ 0 groups, 0 options
[V1-Simple] [103/137] 21. Spicy Sake
[V1-Simple]   ✓ 0 groups, 0 options
[V1-Simple] [104/137] 22a. Spicy Maguro
[V1-Simple]   ✓ 0 groups, 0 options
[V1-Simple] [105/137] 22b. Spicy Albacore
[V1-Simple]   ✓ 0 groups, 0 options
[V1-Simple] [106/137] 23. Spicy Crab
[V1-Simple]   ✓ 0 groups, 0 options
[V1-Simple] [107/137] 24. Spicy Shrimp
[V1-Simple]   ✓ 0 groups, 0 options
[V1-Simple] [108/137] 25. Spicy Hotate
[V1-Simple]   ✓ 0 groups, 0 options
[V1-Simple] [109/137] 26a. Spicy Tako
[V1-Simple]   ✓ 0 groups, 0 options
[V1-Simple] [110/137] 26b. Spicy Escolar
[V1-Simple]   ✓ 0 groups, 0 options
[V1-Simple] [111/137] 26c. Spicy Tai
[V1-Simple]   ✓ 0 groups, 0 options
[V1-Simple] [112/137] 27. Avocado Hosomaki
[V1-Simple]   ✓ 0 groups, 0 options
[V1-Simple] [113/137] 28. Cucumber Hosomaki
[V1-Simple]   ✓ 0 groups, 0 options
[V1-Simple] [114/137] 29. Oshinko Hosomaki
[V1-Simple]   ✓ 0 groups, 0 options
[V1-Simple] [115/137] 30. Tofu Hosomaki
[V1-Simple]   ✓ 0 groups, 0 options
[V1-Simple] [116/137] 31. Tamago Hosomaki
[V1-Simple]   ✓ 0 groups, 0 options
[V1-Simple] [117/137] 32. Kanikama Hosomaki
[V1-Simple]   ✓ 0 groups, 0 options
[V1-Simple] [118/137] 33a. Sake Hosomaki
[V1-Simple]   ✓ 0 groups, 0 options
[V1-Simple] [119/137] 33b. Kunsei Hosomaki
[V1-Simple]   ✓ 0 groups, 0 options
[V1-Simple] [120/137] 34a. Tekka Hosomaki
[V1-Simple]   ✓ 0 groups, 0 options
[V1-Simple] [121/137] 34b. Escolar Hosomaki
[V1-Simple]   ✓ 0 groups, 0 options
[V1-Simple] [122/137] 34c. Albacore Hosomaki
[V1-Simple]   ✓ 0 groups, 0 options
[V1-Simple] [123/137] 35a. Hamachi Hosomaki
[V1-Simple]   ✓ 0 groups, 0 options
[V1-Simple] [124/137] 35b. Tai Hosomaki
[V1-Simple]   ✓ 0 groups, 0 options
[V1-Simple] [125/137] 36. Spicy Salmon
[V1-Simple]   ✓ 0 groups, 0 options
[V1-Simple] [126/137] 37a. Spicy Tuna
[V1-Simple]   ✓ 0 groups, 0 options
[V1-Simple] [127/137] 37b. Spicy Escolar
[V1-Simple]   ✓ 0 groups, 0 options
[V1-Simple] [128/137] 38a. Spicy Hamachi
[V1-Simple]   ✓ 0 groups, 0 options
[V1-Simple] [129/137] 38b. Spicy Albacore
[V1-Simple]   ✓ 0 groups, 0 options
[V1-Simple] [130/137] 38c. Spicy Tai
[V1-Simple]   ✓ 0 groups, 0 options
[V1-Simple] [131/137] Perrier
[V1-Simple]   ✓ 0 groups, 0 options
[V1-Simple] [132/137] Coke
[V1-Simple]   ✓ 0 groups, 0 options
[V1-Simple] [133/137] Diet Coke
[V1-Simple]   ✓ 0 groups, 0 options
[V1-Simple] [134/137] Pepsi
[V1-Simple]   ✓ 0 groups, 0 options
[V1-Simple] [135/137] Diet Pepsi
[V1-Simple]   ✓ 0 groups, 0 options
[V1-Simple] [136/137] Ginger Ale
[V1-Simple]   ✓ 0 groups, 0 options
[V1-Simple] [137/137] Iced Tea
[V1-Simple]   ✓ 0 groups, 0 options

[V1-Simple] Complete: 137/137 dishes

[V1-Simple] Results saved to: /Users/brianlapp/Documents/GitHub/Migration-Strategy/menu-scraper/output/orchid-sushi/orchid-sushi-2025-11-17T17-39-58-698Z.json

=== V1 SIMPLE SCRAPE SUMMARY ===
Total dishes:   137
Scraped:        137
Errors:         0
Total Groups:   4
Total Options:  44
Success rate:   100.0%

✅ Done!
📁 Output: ./output/orchid-sushi/
📸 Screenshots: ./screenshots/orchid-sushi/

