
> menu-scraper@1.0.0 scrape
> ts-node src/cli.ts prima-pizza


🍔 Scraping: Prima Pizza
🔗 URL: https://primapizza.ca?p=menu
📦 Version: v1
👁️  Headless: true

[V1-Simple] Navigating to https://primapizza.ca?p=menu
[V1-Simple] Closed modal detected - clicking View Menu
[V1-Simple] Extracting dish names from DOM...
[V1-Simple] Found 96 dishes on page

[V1-Simple] Sample dishes:
  1. Small Pizza 3 Toppings ($11)
  2. XL Pepperoni Pizza ($24)
  3. Mega Meal ($59.99)
  4. Tiny Bites ($51.99)
  5. Pizza and Wing Combo Deal ($37.99)
  6. Plain Pizza ($16)
  7. Pepperoni Pizza ($17)
  8. Combination Pizza ($17)
  9. All Canadian Pizza ($17)
  10. Tropical Pizza ($17)
  ... and 86 more

[V1-Simple] [1/96] Small Pizza 3 Toppings
[V1-Simple]   ✓ 0 groups, 0 options
[V1-Simple] [2/96] XL Pepperoni Pizza
[V1-Simple]   ✓ 10 groups, 10 options
[V1-Simple] [3/96] Mega Meal
[V1-Simple]   ✓ 10 groups, 10 options
[V1-Simple] [4/96] Tiny Bites
[V1-Simple]   ✓ 10 groups, 20 options
[V1-Simple] [5/96] Pizza and Wing Combo Deal
[V1-Simple]   ✓ 10 groups, 20 options
[V1-Simple] [6/96] Plain Pizza
[V1-Simple]   ✓ 10 groups, 10 options [4 sizes]
[V1-Simple] [7/96] Pepperoni Pizza
[V1-Simple]   ✓ 10 groups, 10 options [4 sizes]
[V1-Simple] [8/96] Combination Pizza
[V1-Simple]   ✓ 10 groups, 10 options [4 sizes]
[V1-Simple] [9/96] All Canadian Pizza
[V1-Simple]   ✓ 10 groups, 10 options [4 sizes]
[V1-Simple] [10/96] Tropical Pizza
[V1-Simple]   ✓ 10 groups, 10 options [4 sizes]
[V1-Simple] [11/96] Hawaiian Pizza
[V1-Simple]   ✓ 10 groups, 10 options [4 sizes]
[V1-Simple] [12/96] Meat Lovers Pizza
[V1-Simple]   ✓ 10 groups, 10 options [4 sizes]
[V1-Simple] [13/96] Prima Special
[V1-Simple]   ✓ 10 groups, 10 options [4 sizes]
[V1-Simple] [14/96] BBQ Chicken Pizza
[V1-Simple]   ✓ 10 groups, 10 options [4 sizes]
[V1-Simple] [15/96] BBQ Chicken Bacon Pizza
[V1-Simple]   ✓ 10 groups, 10 options [4 sizes]
[V1-Simple] [16/96] Hot BBQ Chicken Pizza
[V1-Simple]   ✓ 10 groups, 10 options [4 sizes]
[V1-Simple] [17/96] Mega-Meat Pizza
[V1-Simple]   ✓ 10 groups, 10 options [4 sizes]
[V1-Simple] [18/96] BC Deluxe Pizza
[V1-Simple]   ✗ Error: page.waitForTimeout: Target page, context or browser has been closed
[V1-Simple] Fatal error: page.goto: Target page, context or browser has been closed
    at V1SimpleScraper.scrapeMenu (/Users/brianlapp/Documents/GitHub/Migration-Strategy/menu-scraper/src/scrapers/v1-scraper.ts:160:25)
    at async scrapeV1RestaurantSimple (/Users/brianlapp/Documents/GitHub/Migration-Strategy/menu-scraper/src/scrapers/v1-scraper.ts:794:20)
    at async scrapeRestaurant (/Users/brianlapp/Documents/GitHub/Migration-Strategy/menu-scraper/src/cli.ts:117:14)
    at async main (/Users/brianlapp/Documents/GitHub/Migration-Strategy/menu-scraper/src/cli.ts:92:3)

[V1-Simple] Results saved to: /Users/brianlapp/Documents/GitHub/Migration-Strategy/menu-scraper/output/prima-pizza/prima-pizza-2025-11-18T19-25-30-725Z.json

=== V1 SIMPLE SCRAPE SUMMARY ===
Total dishes:   96
Scraped:        17
Errors:         1
Total Groups:   160
Total Options:  180
Success rate:   17.7%

✅ Done!
📁 Output: ./output/prima-pizza/
📸 Screenshots: ./screenshots/prima-pizza/

