
> menu-scraper@1.0.0 scrape
> ts-node src/cli.ts prima-pizza


🍔 Scraping: Prima Pizza
🔗 URL: https://primapizza.ca?p=menu
📦 Version: v1
👁️  Headless: true

[V1-Simple] Navigating to https://primapizza.ca?p=menu
[V1-Simple] Closed modal detected - clicking View Menu
[V1-Simple] Extracting dish names from DOM...
[V1-Simple] Found 96 dishes on page

[V1-Simple] Sample dishes:
  1. Small Pizza 3 Toppings ($11)
  2. XL Pepperoni Pizza ($24)
  3. Mega Meal ($59.99)
  4. Tiny Bites ($51.99)
  5. Pizza and Wing Combo Deal ($37.99)
  6. Plain Pizza ($16)
  7. Pepperoni Pizza ($17)
  8. Combination Pizza ($17)
  9. All Canadian Pizza ($17)
  10. Tropical Pizza ($17)
  ... and 86 more

[V1-Simple] [1/96] Small Pizza 3 Toppings
[V1-Simple]   ✓ 0 groups, 0 options
[V1-Simple] [2/96] XL Pepperoni Pizza
[V1-Simple]   ✓ 10 groups, 10 options
[V1-Simple] [3/96] Mega Meal
[V1-Simple]   ✓ 10 groups, 10 options
[V1-Simple] [4/96] Tiny Bites
[V1-Simple]   ✓ 10 groups, 20 options
[V1-Simple] [5/96] Pizza and Wing Combo Deal
[V1-Simple]   ✓ 10 groups, 20 options
[V1-Simple] [6/96] Plain Pizza
[V1-Simple]   ✓ 10 groups, 10 options [4 sizes]
[V1-Simple] [7/96] Pepperoni Pizza
[V1-Simple]   ✓ 10 groups, 10 options [4 sizes]
[V1-Simple] [8/96] Combination Pizza
[V1-Simple]   ✓ 10 groups, 10 options [4 sizes]
[V1-Simple] [9/96] All Canadian Pizza
[V1-Simple]   ✓ 10 groups, 10 options [4 sizes]
[V1-Simple] [10/96] Tropical Pizza
[V1-Simple]   ✓ 10 groups, 10 options [4 sizes]
[V1-Simple] [11/96] Hawaiian Pizza
[V1-Simple]   ✓ 10 groups, 10 options [4 sizes]
[V1-Simple] [12/96] Meat Lovers Pizza
[V1-Simple]   ✓ 10 groups, 10 options [4 sizes]
[V1-Simple] [13/96] Prima Special
[V1-Simple]   ✓ 10 groups, 10 options [4 sizes]
[V1-Simple] [14/96] BBQ Chicken Pizza
[V1-Simple]   ✓ 10 groups, 10 options [4 sizes]
[V1-Simple] [15/96] BBQ Chicken Bacon Pizza
[V1-Simple]   ✓ 10 groups, 10 options [4 sizes]
[V1-Simple] [16/96] Hot BBQ Chicken Pizza
[V1-Simple]   ✓ 10 groups, 10 options [4 sizes]
[V1-Simple] [17/96] Mega-Meat Pizza
[V1-Simple]   ✓ 10 groups, 10 options [4 sizes]
[V1-Simple] [18/96] BC Deluxe Pizza
[V1-Simple]   ✓ 10 groups, 10 options [4 sizes]
[V1-Simple] [19/96] Vegitarian Pizza
[V1-Simple]   ✓ 10 groups, 10 options [4 sizes]
[V1-Simple] [20/96] Mediterranean Pizza
[V1-Simple]   ✓ 10 groups, 10 options [4 sizes]
[V1-Simple] [21/96] Spicy Beef Pizza
[V1-Simple]   ✓ 10 groups, 10 options [4 sizes]
[V1-Simple] [22/96] Sweet and Salty Pizza
[V1-Simple]   ✓ 10 groups, 10 options [4 sizes]
[V1-Simple] [23/96] Tomato and Feta Pizza
[V1-Simple]   ✓ 10 groups, 10 options [4 sizes]
[V1-Simple] [24/96] Greek Pizza
[V1-Simple]   ✓ 10 groups, 10 options [4 sizes]
[V1-Simple] [25/96] Philly Steak Pizza
[V1-Simple]   ✓ 10 groups, 10 options [4 sizes]
[V1-Simple] [26/96] Donair Pizza
[V1-Simple]   ✓ 10 groups, 10 options [4 sizes]
[V1-Simple] [27/96] The Work's Pizza
[V1-Simple]   ✓ 10 groups, 10 options [4 sizes]
[V1-Simple] [28/96] Tandoori Paneer Pizza
[V1-Simple]   ✓ 10 groups, 10 options [4 sizes]
[V1-Simple] [29/96] Shahi Paneer Pizza
[V1-Simple]   ✓ 10 groups, 10 options [4 sizes]
[V1-Simple] [30/96] Chicken Wings
[V1-Simple]   ✓ 10 groups, 110 options [3 sizes]
[V1-Simple] [31/96] French Fries
[V1-Simple]   ✓ 0 groups, 0 options [2 sizes]
[V1-Simple] [32/96] Sweet Potato Fries
[V1-Simple]   ✓ 0 groups, 0 options [2 sizes]
[V1-Simple] [33/96] Piri Piri Fries
[V1-Simple]   ✓ 0 groups, 0 options [2 sizes]
[V1-Simple] [34/96] Onion Rings
[V1-Simple]   ✓ 0 groups, 0 options [2 sizes]
[V1-Simple] [35/96] Garlic Bread (3pcs)
[V1-Simple]   ✓ 0 groups, 0 options
[V1-Simple] [36/96] Garlic Bread with Cheese (3pcs)
[V1-Simple]   ✓ 0 groups, 0 options
[V1-Simple] [37/96] Garlic Bread with Cheese and Bacon (3pcs)
[V1-Simple]   ✓ 0 groups, 0 options
[V1-Simple] [38/96] Mozzarella Sticks (6pcs)
[V1-Simple]   ✓ 0 groups, 0 options [3 sizes]
[V1-Simple] [39/96] Zucchini Sticks (8pcs)
[V1-Simple]   ✓ 0 groups, 0 options [3 sizes]
[V1-Simple] [40/96] Jalapeno Poppers (6pcs)
[V1-Simple]   ✓ 0 groups, 0 options [3 sizes]
[V1-Simple] [41/96] Poutine with Gravy
[V1-Simple]   ✓ 0 groups, 0 options
[V1-Simple] [42/96] Bacon Poutine
[V1-Simple]   ✓ 0 groups, 0 options
[V1-Simple] [43/96] Appetizer Platter
[V1-Simple]   ✓ 0 groups, 0 options
[V1-Simple] [44/96] Dips
[V1-Simple]   ✓ 0 groups, 0 options [11 sizes]
[V1-Simple] [45/96] Chicken Fingers
[V1-Simple]   ✓ 10 groups, 110 options [2 sizes]
[V1-Simple] [46/96] Chicken Fingers COMBO
[V1-Simple]   ✓ 10 groups, 50 options [2 sizes]
[V1-Simple] [47/96] Hamburger
[V1-Simple]   ✓ 10 groups, 80 options
[V1-Simple] [48/96] Hamburger COMBO
[V1-Simple]   ✓ 10 groups, 80 options
[V1-Simple] [49/96] Double Ham Burger
[V1-Simple]   ✓ 10 groups, 80 options
[V1-Simple] [50/96] Double Ham Burger COMBO
[V1-Simple]   ✓ 10 groups, 80 options
[V1-Simple] [51/96] Cheeseburger
[V1-Simple]   ✓ 10 groups, 80 options
[V1-Simple] [52/96] Cheeseburger COMBO
[V1-Simple]   ✓ 10 groups, 80 options
[V1-Simple] [53/96] Bacon Cheeseburger
[V1-Simple]   ✓ 10 groups, 80 options
[V1-Simple] [54/96] Bacon Cheeseburger COMBO
[V1-Simple]   ✓ 10 groups, 80 options
[V1-Simple] [55/96] Chicken Burger
[V1-Simple]   ✓ 10 groups, 80 options
[V1-Simple] [56/96] Chicken Burger COMBO
[V1-Simple]   ✓ 10 groups, 125 options
[V1-Simple] [57/96] Veggie Burger
[V1-Simple]   ✓ 10 groups, 80 options
[V1-Simple] [58/96] Veggie Burger COMBO
[V1-Simple]   ✓ 10 groups, 80 options
[V1-Simple] [59/96] Aloo Tiki Burger
[V1-Simple]   ✓ 10 groups, 80 options
[V1-Simple] [60/96] Aloo Tiki Burger COMBO
[V1-Simple]   ✓ 10 groups, 80 options
[V1-Simple] [61/96] Beyond Meat Burger
[V1-Simple]   ✓ 10 groups, 80 options
[V1-Simple] [62/96] Beyond Meat Burger COMBO
[V1-Simple]   ✓ 10 groups, 80 options
[V1-Simple] [63/96] Pepperoni Pizza Sub
[V1-Simple]   ✓ 10 groups, 20 options
[V1-Simple] [64/96] Pepperoni Pizza Sub COMBO
[V1-Simple]   ✓ 10 groups, 20 options
[V1-Simple] [65/96] Club Sub
[V1-Simple]   ✓ 10 groups, 20 options
[V1-Simple] [66/96] Club Sub COMBO
[V1-Simple]   ✓ 10 groups, 20 options
[V1-Simple] [67/96] Crispy Chicken Sub
[V1-Simple]   ✓ 10 groups, 20 options
[V1-Simple] [68/96] Crispy Chicken Sub COMBO
[V1-Simple]   ✓ 10 groups, 20 options
[V1-Simple] [69/96] Veggie Sub
[V1-Simple]   ✓ 10 groups, 20 options
[V1-Simple] [70/96] Veggie Sub COMBO
[V1-Simple]   ✓ 10 groups, 20 options
[V1-Simple] [71/96] Aloo Tiki Sub
[V1-Simple]   ✓ 10 groups, 20 options
[V1-Simple] [72/96] Aloo Tiki Sub COMBO
[V1-Simple]   ✓ 10 groups, 20 options
[V1-Simple] [73/96] Philly Steak Sub
[V1-Simple]   ✓ 10 groups, 20 options
[V1-Simple] [74/96] Philly Steak Sub COMBO
[V1-Simple]   ✓ 10 groups, 20 options
[V1-Simple] [75/96] Turkey Sub
[V1-Simple]   ✓ 10 groups, 20 options
[V1-Simple] [76/96] Turkey Sub COMBO
[V1-Simple]   ✓ 10 groups, 20 options
[V1-Simple] [77/96] Ham Sub
[V1-Simple]   ✓ 10 groups, 20 options
[V1-Simple] [78/96] Ham Sub COMBO
[V1-Simple]   ✓ 10 groups, 20 options
[V1-Simple] [79/96] Turkey and Ham Sub
[V1-Simple]   ✓ 10 groups, 20 options
[V1-Simple] [80/96] Turkey and Ham Sub COMBO
[V1-Simple]   ✓ 10 groups, 20 options
[V1-Simple] [81/96] Meatball Marinara Sub
[V1-Simple]   ✓ 10 groups, 20 options
[V1-Simple] [82/96] Meatball Marinara Sub COMBO
[V1-Simple]   ✓ 10 groups, 20 options
[V1-Simple] [83/96] Greek Salad
[V1-Simple]   ✓ 0 groups, 0 options
[V1-Simple] [84/96] Greek Salad with Chicken
[V1-Simple]   ✓ 0 groups, 0 options
[V1-Simple] [85/96] Caesar Salad
[V1-Simple]   ✓ 0 groups, 0 options
[V1-Simple] [86/96] Chicken Caesar Salad
[V1-Simple]   ✓ 0 groups, 0 options
[V1-Simple] [87/96] House Salad
[V1-Simple]   ✓ 0 groups, 0 options
[V1-Simple] [88/96] New York Cheesecake
[V1-Simple]   ✓ 0 groups, 0 options [2 sizes]
[V1-Simple] [89/96] Black Forest Cake
[V1-Simple]   ✓ 0 groups, 0 options
[V1-Simple] [90/96] Decadent Chocolate Truffle Cake
[V1-Simple]   ✓ 0 groups, 0 options
[V1-Simple] [91/96] Milk Shake
[V1-Simple]   ✓ 0 groups, 0 options [4 sizes]
[V1-Simple] [92/96] Juice (355ml)
[V1-Simple]   ✓ 0 groups, 0 options [3 sizes]
[V1-Simple] [93/96] Powerade (710ml)
[V1-Simple]   ✓ 0 groups, 0 options [2 sizes]
[V1-Simple] [94/96] Monster (473ml)
[V1-Simple]   ✓ 0 groups, 0 options
[V1-Simple] [95/96] Bottled Soft Drinks (500ml)
[V1-Simple]   ✓ 0 groups, 0 options [7 sizes]
[V1-Simple] [96/96] Nestea (500ml)
[V1-Simple]   ✓ 0 groups, 0 options

[V1-Simple] Complete: 96/96 dishes

[V1-Simple] Results saved to: /Users/brianlapp/Documents/GitHub/Migration-Strategy/menu-scraper/output/prima-pizza/prima-pizza-2025-11-18T20-00-54-515Z.json

=== V1 SIMPLE SCRAPE SUMMARY ===
Total dishes:   96
Scraped:        96
Errors:         0
Total Groups:   670
Total Options:  2295
Success rate:   100.0%

✅ Done!
📁 Output: ./output/prima-pizza/
📸 Screenshots: ./screenshots/prima-pizza/

