
> menu-scraper@1.0.0 scrape
> ts-node src/cli.ts riverside-pizzeria


🍔 Scraping: Riverside Pizzeria
🔗 URL: https://riversidepizzeriaottawa.ca/?p=menu
📦 Version: v1
👁️  Headless: true

[V1-Simple] Navigating to https://riversidepizzeriaottawa.ca/?p=menu
[V1-Simple] Extracting dish names from DOM...
[V1-Simple] Found 89 dishes on page

[V1-Simple] Sample dishes:
  1. Melina’s Famous Calzones ($15.95)
  2. 30 Wings Special ($32.95)
  3. Riverside Special ($14.95)
  4. Canadian ($14.95)
  5. Vegetarian ($14.95)
  6. Greek ($14.95)
  7. Meat Lovers ($14.95)
  8. Santina ($14.95)
  9. Aloha ($14.95)
  10. Hawaiian Island ($14.95)
  ... and 79 more

[V1-Simple] [1/89] Melina’s Famous Calzones
[V1-Simple]   ✓ 0 groups, 0 options
[V1-Simple] [2/89] 30 Wings Special
[V1-Simple]   ✓ 0 groups, 0 options
[V1-Simple] [3/89] Riverside Special
[V1-Simple]   ✓ 0 groups, 0 options [4 sizes]
[V1-Simple] [4/89] Canadian
[V1-Simple]   ✓ 0 groups, 0 options [4 sizes]
[V1-Simple] [5/89] Vegetarian
[V1-Simple]   ✓ 0 groups, 0 options [4 sizes]
[V1-Simple] [6/89] Greek
[V1-Simple]   ✓ 0 groups, 0 options [4 sizes]
[V1-Simple] [7/89] Meat Lovers
[V1-Simple]   ✓ 0 groups, 0 options [4 sizes]
[V1-Simple] [8/89] Santina
[V1-Simple]   ✓ 0 groups, 0 options [4 sizes]
[V1-Simple] [9/89] Aloha
[V1-Simple]   ✓ 0 groups, 0 options [4 sizes]
[V1-Simple] [10/89] Hawaiian Island
[V1-Simple]   ✓ 0 groups, 0 options [4 sizes]
[V1-Simple] [11/89] Parmesan Chicken Pizza
[V1-Simple]   ✓ 0 groups, 0 options [4 sizes]
[V1-Simple] [12/89] Steak and Veggie
[V1-Simple]   ✓ 0 groups, 0 options [4 sizes]
[V1-Simple] [13/89] Tango Special
[V1-Simple]   ✓ 0 groups, 0 options [4 sizes]
[V1-Simple] [14/89] Combination with Olives
[V1-Simple]   ✓ 0 groups, 0 options [4 sizes]
[V1-Simple] [15/89] Deluxe
[V1-Simple]   ✓ 0 groups, 0 options [4 sizes]
[V1-Simple] [16/89] BBQ Chicken
[V1-Simple]   ✓ 0 groups, 0 options [4 sizes]
[V1-Simple] [17/89] Pepperoni Lovers
[V1-Simple]   ✓ 0 groups, 0 options [4 sizes]
[V1-Simple] [18/89] Double Trouble
[V1-Simple]   ✓ 0 groups, 0 options [4 sizes]
[V1-Simple] [19/89] Poutine Pizza
[V1-Simple]   ✓ 0 groups, 0 options [4 sizes]
[V1-Simple] [20/89] Prosciutto White Pizza
[V1-Simple]   ✓ 0 groups, 0 options [4 sizes]
[V1-Simple] [21/89] Godfather
[V1-Simple]   ✓ 0 groups, 0 options [4 sizes]
[V1-Simple] [22/89] La Margherita
[V1-Simple]   ✓ 0 groups, 0 options [4 sizes]
[V1-Simple] [23/89] Garlic Lovers Pizza
[V1-Simple]   ✓ 0 groups, 0 options [4 sizes]
[V1-Simple] [24/89] Dani Boy Special
[V1-Simple]   ✓ 0 groups, 0 options [4 sizes]
[V1-Simple] [25/89] New Yorker Pizza
[V1-Simple]   ✓ 0 groups, 0 options [4 sizes]
[V1-Simple] [26/89] Nacho Pizza
