
> menu-scraper@1.0.0 scrape
> ts-node src/cli.ts riverside-pizzeria


🍔 Scraping: Riverside Pizzeria
🔗 URL: https://riversidepizzeria.menu.ca/?p=menu
📦 Version: v1
👁️  Headless: true

[V1-Simple] Navigating to https://riversidepizzeria.menu.ca/?p=menu
[V1-Simple] Fatal error: page.goto: net::ERR_NAME_NOT_RESOLVED at https://riversidepizzeria.menu.ca/?p=menu
Call log:
  - navigating to "https://riversidepizzeria.menu.ca/?p=menu", waiting until "domcontentloaded"

    at V1SimpleScraper.scrapeMenu (/Users/brianlapp/Documents/GitHub/Migration-Strategy/menu-scraper/src/scrapers/v1-scraper.ts:69:23)
    at scrapeV1RestaurantSimple (/Users/brianlapp/Documents/GitHub/Migration-Strategy/menu-scraper/src/scrapers/v1-scraper.ts:809:34)
    at async scrapeRestaurant (/Users/brianlapp/Documents/GitHub/Migration-Strategy/menu-scraper/src/cli.ts:117:14)
    at async main (/Users/brianlapp/Documents/GitHub/Migration-Strategy/menu-scraper/src/cli.ts:92:3) {
  name: 'Error'
}

[V1-Simple] Results saved to: /Users/brianlapp/Documents/GitHub/Migration-Strategy/menu-scraper/output/riverside-pizzeria/riverside-pizzeria-2025-11-18T19-38-05-441Z.json

=== V1 SIMPLE SCRAPE SUMMARY ===
Total dishes:   0
Scraped:        0
Errors:         0
Total Groups:   0
Total Options:  0
Success rate:   NaN%

✅ Done!
📁 Output: ./output/riverside-pizzeria/
📸 Screenshots: ./screenshots/riverside-pizzeria/

