
> menu-scraper@1.0.0 scrape
> ts-node src/cli.ts riverside-pizzeria


🍔 Scraping: Riverside Pizzeria
🔗 URL: https://riversidepizzeriaottawa.ca/?p=menu
📦 Version: v1
👁️  Headless: true

[V1-Simple] Navigating to https://riversidepizzeriaottawa.ca/?p=menu
[V1-Simple] Removing overlay: #oc
[V1-Simple] Extracting dish names from DOM...
[V1-Simple] Found 89 dishes on page

[V1-Simple] Sample dishes:
  1. Melina’s Famous Calzones ($15.95)
  2. 30 Wings Special ($32.95)
  3. Riverside Special ($14.95)
  4. Canadian ($14.95)
  5. Vegetarian ($14.95)
  6. Greek ($14.95)
  7. Meat Lovers ($14.95)
  8. Santina ($14.95)
  9. Aloha ($14.95)
  10. Hawaiian Island ($14.95)
  ... and 79 more

[V1-Simple] [1/89] Melina’s Famous Calzones
[V1-Simple]   ✓ 1 groups, 30 options
[V1-Simple] [2/89] 30 Wings Special
[V1-Simple]   ✗ Error: locator.click: Timeout 30000ms exceeded.
Call log:
  - waiting for locator('#m_56931')
    - locator resolved to <a href="#" id="m_56931">…</a>
  - attempting click action
    2 × waiting for element to be visible, enabled and stable
      - element is visible, enabled and stable
      - scrolling into view if needed
      - done scrolling
      - <div id="oc"></div> intercepts pointer events
    - retrying click action
    - waiting 20ms
    2 × waiting for element to be visible, enabled and stable
      - element is visible, enabled and stable
      - scrolling into view if needed
      - done scrolling
      - <div id="oc"></div> intercepts pointer events
    - retrying click action
      - waiting 100ms
    58 × waiting for element to be visible, enabled and stable
       - element is visible, enabled and stable
       - scrolling into view if needed
       - done scrolling
       - <div id="oc"></div> intercepts pointer events
     - retrying click action
       - waiting 500ms

[V1-Simple] [3/89] Riverside Special
[V1-Simple]   ✗ Error: locator.click: Timeout 30000ms exceeded.
Call log:
  - waiting for locator('#m_25332_0')
    - locator resolved to <a href="#" id="m_25332_0">…</a>
  - attempting click action
    2 × waiting for element to be visible, enabled and stable
      - element is visible, enabled and stable
      - scrolling into view if needed
      - done scrolling
      - <div id="oc"></div> intercepts pointer events
    - retrying click action
    - waiting 20ms
    2 × waiting for element to be visible, enabled and stable
      - element is visible, enabled and stable
      - scrolling into view if needed
      - done scrolling
      - <div id="oc"></div> intercepts pointer events
    - retrying click action
      - waiting 100ms
    57 × waiting for element to be visible, enabled and stable
       - element is visible, enabled and stable
       - scrolling into view if needed
       - done scrolling
       - <div id="oc"></div> intercepts pointer events
     - retrying click action
       - waiting 500ms

[V1-Simple] [4/89] Canadian
[V1-Simple]   ✗ Error: locator.click: Timeout 30000ms exceeded.
Call log:
  - waiting for locator('#m_25333_0')
    - locator resolved to <a href="#" id="m_25333_0">…</a>
  - attempting click action
    2 × waiting for element to be visible, enabled and stable
      - element is visible, enabled and stable
      - scrolling into view if needed
      - done scrolling
      - <div id="oc"></div> intercepts pointer events
    - retrying click action
    - waiting 20ms
    2 × waiting for element to be visible, enabled and stable
      - element is visible, enabled and stable
      - scrolling into view if needed
      - done scrolling
      - <div id="oc"></div> intercepts pointer events
    - retrying click action
      - waiting 100ms
    57 × waiting for element to be visible, enabled and stable
       - element is visible, enabled and stable
       - scrolling into view if needed
       - done scrolling
       - <div id="oc"></div> intercepts pointer events
     - retrying click action
       - waiting 500ms

[V1-Simple] [5/89] Vegetarian
[V1-Simple]   ✗ Error: locator.click: Timeout 30000ms exceeded.
Call log:
  - waiting for locator('#m_25335_0')
    - locator resolved to <a href="#" id="m_25335_0">…</a>
  - attempting click action
    2 × waiting for element to be visible, enabled and stable
      - element is visible, enabled and stable
      - scrolling into view if needed
      - done scrolling
      - <div id="oc"></div> intercepts pointer events
    - retrying click action
    - waiting 20ms
    2 × waiting for element to be visible, enabled and stable
      - element is visible, enabled and stable
      - scrolling into view if needed
      - done scrolling
      - <div id="oc"></div> intercepts pointer events
    - retrying click action
      - waiting 100ms
    58 × waiting for element to be visible, enabled and stable
       - element is visible, enabled and stable
       - scrolling into view if needed
       - done scrolling
       - <div id="oc"></div> intercepts pointer events
     - retrying click action
       - waiting 500ms

[V1-Simple] [6/89] Greek
[V1-Simple]   ✗ Error: locator.click: Timeout 30000ms exceeded.
Call log:
  - waiting for locator('#m_25336_0')
    - locator resolved to <a href="#" id="m_25336_0">…</a>
  - attempting click action
    2 × waiting for element to be visible, enabled and stable
      - element is visible, enabled and stable
      - scrolling into view if needed
      - done scrolling
      - <div id="oc"></div> intercepts pointer events
    - retrying click action
    - waiting 20ms
    2 × waiting for element to be visible, enabled and stable
      - element is visible, enabled and stable
      - scrolling into view if needed
      - done scrolling
      - <div id="oc"></div> intercepts pointer events
    - retrying click action
      - waiting 100ms
    58 × waiting for element to be visible, enabled and stable
       - element is visible, enabled and stable
       - scrolling into view if needed
       - done scrolling
       - <div id="oc"></div> intercepts pointer events
     - retrying click action
       - waiting 500ms

[V1-Simple] [7/89] Meat Lovers
[V1-Simple]   ✗ Error: locator.click: Timeout 30000ms exceeded.
Call log:
  - waiting for locator('#m_25337_0')
    - locator resolved to <a href="#" id="m_25337_0">…</a>
  - attempting click action
    2 × waiting for element to be visible, enabled and stable
      - element is visible, enabled and stable
      - scrolling into view if needed
      - done scrolling
      - <div id="oc"></div> intercepts pointer events
    - retrying click action
    - waiting 20ms
    2 × waiting for element to be visible, enabled and stable
      - element is visible, enabled and stable
      - scrolling into view if needed
      - done scrolling
      - <div id="oc"></div> intercepts pointer events
    - retrying click action
      - waiting 100ms
    57 × waiting for element to be visible, enabled and stable
       - element is visible, enabled and stable
       - scrolling into view if needed
       - done scrolling
       - <div id="oc"></div> intercepts pointer events
     - retrying click action
       - waiting 500ms

[V1-Simple] [8/89] Santina
[V1-Simple]   ✗ Error: locator.click: Timeout 30000ms exceeded.
Call log:
  - waiting for locator('#m_25338_0')
    - locator resolved to <a href="#" id="m_25338_0">…</a>
  - attempting click action
    2 × waiting for element to be visible, enabled and stable
      - element is visible, enabled and stable
      - scrolling into view if needed
      - done scrolling
      - <div id="oc"></div> intercepts pointer events
    - retrying click action
    - waiting 20ms
    2 × waiting for element to be visible, enabled and stable
      - element is visible, enabled and stable
      - scrolling into view if needed
      - done scrolling
      - <div id="oc"></div> intercepts pointer events
    - retrying click action
      - waiting 100ms
    58 × waiting for element to be visible, enabled and stable
       - element is visible, enabled and stable
       - scrolling into view if needed
       - done scrolling
       - <div id="oc"></div> intercepts pointer events
     - retrying click action
       - waiting 500ms

[V1-Simple] [9/89] Aloha
[V1-Simple]   ✗ Error: locator.click: Timeout 30000ms exceeded.
Call log:
  - waiting for locator('#m_25339_0')
    - locator resolved to <a href="#" id="m_25339_0">…</a>
  - attempting click action
    2 × waiting for element to be visible, enabled and stable
      - element is visible, enabled and stable
      - scrolling into view if needed
      - done scrolling
      - <div id="oc"></div> intercepts pointer events
    - retrying click action
    - waiting 20ms
    2 × waiting for element to be visible, enabled and stable
      - element is visible, enabled and stable
      - scrolling into view if needed
      - done scrolling
      - <div id="oc"></div> intercepts pointer events
    - retrying click action
      - waiting 100ms
    58 × waiting for element to be visible, enabled and stable
       - element is visible, enabled and stable
       - scrolling into view if needed
       - done scrolling
       - <div id="oc"></div> intercepts pointer events
     - retrying click action
       - waiting 500ms

[V1-Simple] [10/89] Hawaiian Island
[V1-Simple]   ✗ Error: locator.click: Timeout 30000ms exceeded.
Call log:
  - waiting for locator('#m_25340_0')
    - locator resolved to <a href="#" id="m_25340_0">…</a>
  - attempting click action
    2 × waiting for element to be visible, enabled and stable
      - element is visible, enabled and stable
      - scrolling into view if needed
      - done scrolling
      - <div id="oc"></div> intercepts pointer events
    - retrying click action
    - waiting 20ms
    2 × waiting for element to be visible, enabled and stable
      - element is visible, enabled and stable
      - scrolling into view if needed
      - done scrolling
      - <div id="oc"></div> intercepts pointer events
    - retrying click action
      - waiting 100ms
    58 × waiting for element to be visible, enabled and stable
       - element is visible, enabled and stable
       - scrolling into view if needed
       - done scrolling
       - <div id="oc"></div> intercepts pointer events
     - retrying click action
       - waiting 500ms

[V1-Simple] [11/89] Parmesan Chicken Pizza
[V1-Simple]   ✗ Error: locator.click: Timeout 30000ms exceeded.
Call log:
  - waiting for locator('#m_25341_0')
    - locator resolved to <a href="#" id="m_25341_0">…</a>
  - attempting click action
    2 × waiting for element to be visible, enabled and stable
      - element is visible, enabled and stable
      - scrolling into view if needed
      - done scrolling
      - <div id="oc"></div> intercepts pointer events
    - retrying click action
    - waiting 20ms
    2 × waiting for element to be visible, enabled and stable
      - element is visible, enabled and stable
      - scrolling into view if needed
      - done scrolling
      - <div id="oc"></div> intercepts pointer events
    - retrying click action
      - waiting 100ms
    58 × waiting for element to be visible, enabled and stable
       - element is visible, enabled and stable
       - scrolling into view if needed
       - done scrolling
       - <div id="oc"></div> intercepts pointer events
     - retrying click action
       - waiting 500ms

[V1-Simple] [12/89] Steak and Veggie
[V1-Simple]   ✓ 1 groups, 35 options
[V1-Simple] [13/89] Tango Special
[V1-Simple]   ✗ Error: locator.click: Timeout 30000ms exceeded.
Call log:
  - waiting for locator('#m_25343_0')
    - locator resolved to <a href="#" id="m_25343_0">…</a>
  - attempting click action
    2 × waiting for element to be visible, enabled and stable
      - element is visible, enabled and stable
      - scrolling into view if needed
      - done scrolling
      - <div id="oc"></div> intercepts pointer events
    - retrying click action
    - waiting 20ms
    2 × waiting for element to be visible, enabled and stable
      - element is visible, enabled and stable
      - scrolling into view if needed
      - done scrolling
      - <div id="oc"></div> intercepts pointer events
    - retrying click action
      - waiting 100ms
    58 × waiting for element to be visible, enabled and stable
       - element is visible, enabled and stable
       - scrolling into view if needed
       - done scrolling
       - <div id="oc"></div> intercepts pointer events
     - retrying click action
       - waiting 500ms

[V1-Simple] [14/89] Combination with Olives
[V1-Simple]   ✗ Error: locator.click: Timeout 30000ms exceeded.
Call log:
  - waiting for locator('#m_25344_0')
    - locator resolved to <a href="#" id="m_25344_0">…</a>
  - attempting click action
    2 × waiting for element to be visible, enabled and stable
      - element is visible, enabled and stable
      - scrolling into view if needed
      - done scrolling
      - <div id="oc"></div> intercepts pointer events
    - retrying click action
    - waiting 20ms
    2 × waiting for element to be visible, enabled and stable
      - element is visible, enabled and stable
      - scrolling into view if needed
      - done scrolling
      - <div id="oc"></div> intercepts pointer events
    - retrying click action
      - waiting 100ms
    58 × waiting for element to be visible, enabled and stable
       - element is visible, enabled and stable
       - scrolling into view if needed
       - done scrolling
       - <div id="oc"></div> intercepts pointer events
     - retrying click action
       - waiting 500ms

[V1-Simple] [15/89] Deluxe
[V1-Simple]   ✗ Error: locator.click: Timeout 30000ms exceeded.
Call log:
  - waiting for locator('#m_25345_0')
    - locator resolved to <a href="#" id="m_25345_0">…</a>
  - attempting click action
    2 × waiting for element to be visible, enabled and stable
      - element is visible, enabled and stable
      - scrolling into view if needed
      - done scrolling
      - <div id="oc"></div> intercepts pointer events
    - retrying click action
    - waiting 20ms
    2 × waiting for element to be visible, enabled and stable
      - element is visible, enabled and stable
      - scrolling into view if needed
      - done scrolling
      - <div id="oc"></div> intercepts pointer events
    - retrying click action
      - waiting 100ms
    58 × waiting for element to be visible, enabled and stable
       - element is visible, enabled and stable
       - scrolling into view if needed
       - done scrolling
       - <div id="oc"></div> intercepts pointer events
     - retrying click action
       - waiting 500ms

[V1-Simple] [16/89] BBQ Chicken
[V1-Simple]   ✗ Error: locator.click: Timeout 30000ms exceeded.
Call log:
  - waiting for locator('#m_25346_0')
    - locator resolved to <a href="#" id="m_25346_0">…</a>
  - attempting click action
    2 × waiting for element to be visible, enabled and stable
      - element is visible, enabled and stable
      - scrolling into view if needed
      - done scrolling
      - <div id="oc"></div> intercepts pointer events
    - retrying click action
    - waiting 20ms
    2 × waiting for element to be visible, enabled and stable
      - element is visible, enabled and stable
      - scrolling into view if needed
      - done scrolling
      - <div id="oc"></div> intercepts pointer events
    - retrying click action
      - waiting 100ms
    58 × waiting for element to be visible, enabled and stable
       - element is visible, enabled and stable
       - scrolling into view if needed
       - done scrolling
       - <div id="oc"></div> intercepts pointer events
     - retrying click action
       - waiting 500ms

[V1-Simple] [17/89] Pepperoni Lovers
[V1-Simple]   ✗ Error: locator.click: Timeout 30000ms exceeded.
Call log:
  - waiting for locator('#m_25350_0')
    - locator resolved to <a href="#" id="m_25350_0">…</a>
  - attempting click action
    2 × waiting for element to be visible, enabled and stable
      - element is visible, enabled and stable
      - scrolling into view if needed
      - done scrolling
      - <div id="oc"></div> intercepts pointer events
    - retrying click action
    - waiting 20ms
    2 × waiting for element to be visible, enabled and stable
      - element is visible, enabled and stable
      - scrolling into view if needed
      - done scrolling
      - <div id="oc"></div> intercepts pointer events
    - retrying click action
      - waiting 100ms
    58 × waiting for element to be visible, enabled and stable
       - element is visible, enabled and stable
       - scrolling into view if needed
       - done scrolling
       - <div id="oc"></div> intercepts pointer events
     - retrying click action
       - waiting 500ms

[V1-Simple] [18/89] Double Trouble
[V1-Simple]   ✗ Error: locator.click: Timeout 30000ms exceeded.
Call log:
  - waiting for locator('#m_25351_0')
    - locator resolved to <a href="#" id="m_25351_0">…</a>
  - attempting click action
    2 × waiting for element to be visible, enabled and stable
      - element is visible, enabled and stable
      - scrolling into view if needed
      - done scrolling
      - <div id="oc"></div> intercepts pointer events
    - retrying click action
    - waiting 20ms
    2 × waiting for element to be visible, enabled and stable
      - element is visible, enabled and stable
      - scrolling into view if needed
      - done scrolling
      - <div id="oc"></div> intercepts pointer events
    - retrying click action
      - waiting 100ms
    58 × waiting for element to be visible, enabled and stable
       - element is visible, enabled and stable
       - scrolling into view if needed
       - done scrolling
       - <div id="oc"></div> intercepts pointer events
     - retrying click action
       - waiting 500ms

[V1-Simple] [19/89] Poutine Pizza
[V1-Simple]   ✓ 1 groups, 35 options
[V1-Simple] [20/89] Prosciutto White Pizza
[V1-Simple]   ✗ Error: locator.click: Timeout 30000ms exceeded.
Call log:
  - waiting for locator('#m_29698_0')
    - locator resolved to <a href="#" id="m_29698_0">…</a>
  - attempting click action
    2 × waiting for element to be visible, enabled and stable
      - element is visible, enabled and stable
      - scrolling into view if needed
      - done scrolling
      - <div id="oc"></div> intercepts pointer events
    - retrying click action
    - waiting 20ms
    2 × waiting for element to be visible, enabled and stable
      - element is visible, enabled and stable
      - scrolling into view if needed
      - done scrolling
      - <div id="oc"></div> intercepts pointer events
    - retrying click action
      - waiting 100ms
    58 × waiting for element to be visible, enabled and stable
       - element is visible, enabled and stable
       - scrolling into view if needed
       - done scrolling
       - <div id="oc"></div> intercepts pointer events
     - retrying click action
       - waiting 500ms

[V1-Simple] [21/89] Godfather
[V1-Simple]   ✗ Error: locator.click: Timeout 30000ms exceeded.
Call log:
  - waiting for locator('#m_25348_0')
    - locator resolved to <a href="#" id="m_25348_0">…</a>
  - attempting click action
    2 × waiting for element to be visible, enabled and stable
      - element is visible, enabled and stable
      - scrolling into view if needed
      - done scrolling
      - <div id="oc"></div> intercepts pointer events
    - retrying click action
    - waiting 20ms
    2 × waiting for element to be visible, enabled and stable
      - element is visible, enabled and stable
      - scrolling into view if needed
      - done scrolling
      - <div id="oc"></div> intercepts pointer events
    - retrying click action
      - waiting 100ms
    58 × waiting for element to be visible, enabled and stable
       - element is visible, enabled and stable
       - scrolling into view if needed
       - done scrolling
       - <div id="oc"></div> intercepts pointer events
     - retrying click action
       - waiting 500ms

[V1-Simple] [22/89] La Margherita
[V1-Simple]   ✗ Error: locator.click: Timeout 30000ms exceeded.
Call log:
  - waiting for locator('#m_29701_0')
    - locator resolved to <a href="#" id="m_29701_0">…</a>
  - attempting click action
    2 × waiting for element to be visible, enabled and stable
      - element is visible, enabled and stable
      - scrolling into view if needed
      - done scrolling
      - <div id="oc"></div> intercepts pointer events
    - retrying click action
    - waiting 20ms
    2 × waiting for element to be visible, enabled and stable
      - element is visible, enabled and stable
      - scrolling into view if needed
      - done scrolling
      - <div id="oc"></div> intercepts pointer events
    - retrying click action
      - waiting 100ms
    57 × waiting for element to be visible, enabled and stable
       - element is visible, enabled and stable
       - scrolling into view if needed
       - done scrolling
       - <div id="oc"></div> intercepts pointer events
     - retrying click action
       - waiting 500ms

[V1-Simple] [23/89] Garlic Lovers Pizza
[V1-Simple]   ✗ Error: locator.click: Timeout 30000ms exceeded.
Call log:
  - waiting for locator('#m_90122_0')
    - locator resolved to <a href="#" id="m_90122_0">…</a>
  - attempting click action
    2 × waiting for element to be visible, enabled and stable
      - element is visible, enabled and stable
      - scrolling into view if needed
      - done scrolling
      - <div id="oc"></div> intercepts pointer events
    - retrying click action
    - waiting 20ms
    2 × waiting for element to be visible, enabled and stable
      - element is visible, enabled and stable
      - scrolling into view if needed
      - done scrolling
      - <div id="oc"></div> intercepts pointer events
    - retrying click action
      - waiting 100ms
    58 × waiting for element to be visible, enabled and stable
       - element is visible, enabled and stable
       - scrolling into view if needed
       - done scrolling
       - <div id="oc"></div> intercepts pointer events
     - retrying click action
       - waiting 500ms

[V1-Simple] [24/89] Dani Boy Special
[V1-Simple]   ✗ Error: locator.click: Timeout 30000ms exceeded.
Call log:
  - waiting for locator('#m_56936_0')
    - locator resolved to <a href="#" id="m_56936_0">…</a>
  - attempting click action
    2 × waiting for element to be visible, enabled and stable
      - element is visible, enabled and stable
      - scrolling into view if needed
      - done scrolling
      - <div id="oc"></div> intercepts pointer events
    - retrying click action
    - waiting 20ms
    2 × waiting for element to be visible, enabled and stable
      - element is visible, enabled and stable
      - scrolling into view if needed
      - done scrolling
      - <div id="oc"></div> intercepts pointer events
    - retrying click action
      - waiting 100ms
    58 × waiting for element to be visible, enabled and stable
       - element is visible, enabled and stable
       - scrolling into view if needed
       - done scrolling
       - <div id="oc"></div> intercepts pointer events
     - retrying click action
       - waiting 500ms

[V1-Simple] [25/89] New Yorker Pizza
[V1-Simple]   ✗ Error: locator.click: Timeout 30000ms exceeded.
Call log:
  - waiting for locator('#m_25349_0')
    - locator resolved to <a href="#" id="m_25349_0">…</a>
  - attempting click action
    2 × waiting for element to be visible, enabled and stable
      - element is visible, enabled and stable
      - scrolling into view if needed
      - done scrolling
      - <div id="oc"></div> intercepts pointer events
    - retrying click action
    - waiting 20ms
    2 × waiting for element to be visible, enabled and stable
      - element is visible, enabled and stable
      - scrolling into view if needed
      - done scrolling
      - <div id="oc"></div> intercepts pointer events
    - retrying click action
      - waiting 100ms
    57 × waiting for element to be visible, enabled and stable
       - element is visible, enabled and stable
       - scrolling into view if needed
       - done scrolling
       - <div id="oc"></div> intercepts pointer events
     - retrying click action
       - waiting 500ms

[V1-Simple] [26/89] Nacho Pizza
[V1-Simple]   ✗ Error: locator.click: Timeout 30000ms exceeded.
Call log:
  - waiting for locator('#m_56941_0')
    - locator resolved to <a href="#" id="m_56941_0">…</a>
  - attempting click action
    2 × waiting for element to be visible, enabled and stable
      - element is visible, enabled and stable
      - scrolling into view if needed
      - done scrolling
      - <div id="oc"></div> intercepts pointer events
    - retrying click action
    - waiting 20ms
    2 × waiting for element to be visible, enabled and stable
      - element is visible, enabled and stable
      - scrolling into view if needed
      - done scrolling
      - <div id="oc"></div> intercepts pointer events
    - retrying click action
      - waiting 100ms
    58 × waiting for element to be visible, enabled and stable
       - element is visible, enabled and stable
       - scrolling into view if needed
       - done scrolling
       - <div id="oc"></div> intercepts pointer events
     - retrying click action
       - waiting 500ms

[V1-Simple] [27/89] Woww Pizza
[V1-Simple]   ✗ Error: locator.click: Timeout 30000ms exceeded.
Call log:
  - waiting for locator('#m_96380_0')
    - locator resolved to <a href="#" id="m_96380_0">…</a>
  - attempting click action
    2 × waiting for element to be visible, enabled and stable
      - element is visible, enabled and stable
      - scrolling into view if needed
      - done scrolling
      - <div id="oc"></div> intercepts pointer events
    - retrying click action
    - waiting 20ms
    2 × waiting for element to be visible, enabled and stable
      - element is visible, enabled and stable
      - scrolling into view if needed
      - done scrolling
      - <div id="oc"></div> intercepts pointer events
    - retrying click action
      - waiting 100ms
    58 × waiting for element to be visible, enabled and stable
       - element is visible, enabled and stable
       - scrolling into view if needed
       - done scrolling
       - <div id="oc"></div> intercepts pointer events
     - retrying click action
       - waiting 500ms

[V1-Simple] [28/89] Soprano Pizza
[V1-Simple]   ✗ Error: locator.click: Timeout 30000ms exceeded.
Call log:
  - waiting for locator('#m_96381_0')
    - locator resolved to <a href="#" id="m_96381_0">…</a>
  - attempting click action
    2 × waiting for element to be visible, enabled and stable
      - element is visible, enabled and stable
      - scrolling into view if needed
      - done scrolling
      - <div id="oc"></div> intercepts pointer events
    - retrying click action
    - waiting 20ms
    2 × waiting for element to be visible, enabled and stable
      - element is visible, enabled and stable
      - scrolling into view if needed
      - done scrolling
      - <div id="oc"></div> intercepts pointer events
    - retrying click action
      - waiting 100ms
    58 × waiting for element to be visible, enabled and stable
       - element is visible, enabled and stable
       - scrolling into view if needed
       - done scrolling
       - <div id="oc"></div> intercepts pointer events
     - retrying click action
       - waiting 500ms

[V1-Simple] [29/89] Butter Chicken Pizza
[V1-Simple]   ✗ Error: locator.click: Timeout 30000ms exceeded.
Call log:
  - waiting for locator('#m_110941_0')
    - locator resolved to <a href="#" id="m_110941_0">…</a>
  - attempting click action
    2 × waiting for element to be visible, enabled and stable
      - element is visible, enabled and stable
      - scrolling into view if needed
      - done scrolling
      - <div id="oc"></div> intercepts pointer events
    - retrying click action
    - waiting 20ms
    2 × waiting for element to be visible, enabled and stable
      - element is visible, enabled and stable
      - scrolling into view if needed
      - done scrolling
      - <div id="oc"></div> intercepts pointer events
    - retrying click action
      - waiting 100ms
    58 × waiting for element to be visible, enabled and stable
       - element is visible, enabled and stable
       - scrolling into view if needed
       - done scrolling
       - <div id="oc"></div> intercepts pointer events
     - retrying click action
       - waiting 500ms

[V1-Simple] [30/89] Plain
[V1-Simple]   ✗ Error: locator.click: Timeout 30000ms exceeded.
Call log:
  - waiting for locator('#m_25353_0')
    - locator resolved to <a href="#" id="m_25353_0">…</a>
  - attempting click action
    2 × waiting for element to be visible, enabled and stable
      - element is visible, enabled and stable
      - scrolling into view if needed
      - done scrolling
      - <div id="oc"></div> intercepts pointer events
    - retrying click action
    - waiting 20ms
    2 × waiting for element to be visible, enabled and stable
      - element is visible, enabled and stable
      - scrolling into view if needed
      - done scrolling
      - <div id="oc"></div> intercepts pointer events
    - retrying click action
      - waiting 100ms
    58 × waiting for element to be visible, enabled and stable
       - element is visible, enabled and stable
       - scrolling into view if needed
       - done scrolling
       - <div id="oc"></div> intercepts pointer events
     - retrying click action
       - waiting 500ms

[V1-Simple] [31/89] One Topping
[V1-Simple]   ✗ Error: locator.click: Timeout 30000ms exceeded.
Call log:
  - waiting for locator('#m_25354_0')
    - locator resolved to <a href="#" id="m_25354_0">…</a>
  - attempting click action
    2 × waiting for element to be visible, enabled and stable
      - element is visible, enabled and stable
      - scrolling into view if needed
      - done scrolling
      - <div id="oc"></div> intercepts pointer events
    - retrying click action
    - waiting 20ms
    2 × waiting for element to be visible, enabled and stable
      - element is visible, enabled and stable
      - scrolling into view if needed
      - done scrolling
      - <div id="oc"></div> intercepts pointer events
    - retrying click action
      - waiting 100ms
    58 × waiting for element to be visible, enabled and stable
       - element is visible, enabled and stable
       - scrolling into view if needed
       - done scrolling
       - <div id="oc"></div> intercepts pointer events
     - retrying click action
       - waiting 500ms

[V1-Simple] [32/89] Two Toppings
[V1-Simple]   ✗ Error: locator.click: Timeout 30000ms exceeded.
Call log:
  - waiting for locator('#m_25355_0')
    - locator resolved to <a href="#" id="m_25355_0">…</a>
  - attempting click action
    2 × waiting for element to be visible, enabled and stable
      - element is visible, enabled and stable
      - scrolling into view if needed
      - done scrolling
      - <div id="oc"></div> intercepts pointer events
    - retrying click action
    - waiting 20ms
    2 × waiting for element to be visible, enabled and stable
      - element is visible, enabled and stable
      - scrolling into view if needed
      - done scrolling
      - <div id="oc"></div> intercepts pointer events
    - retrying click action
      - waiting 100ms
    58 × waiting for element to be visible, enabled and stable
       - element is visible, enabled and stable
       - scrolling into view if needed
       - done scrolling
       - <div id="oc"></div> intercepts pointer events
     - retrying click action
       - waiting 500ms

[V1-Simple] [33/89] Three Toppings
[V1-Simple]   ✗ Error: locator.click: Timeout 30000ms exceeded.
Call log:
  - waiting for locator('#m_25356_0')
    - locator resolved to <a href="#" id="m_25356_0">…</a>
  - attempting click action
    2 × waiting for element to be visible, enabled and stable
      - element is visible, enabled and stable
      - scrolling into view if needed
      - done scrolling
      - <div id="oc"></div> intercepts pointer events
    - retrying click action
    - waiting 20ms
    2 × waiting for element to be visible, enabled and stable
      - element is visible, enabled and stable
      - scrolling into view if needed
      - done scrolling
      - <div id="oc"></div> intercepts pointer events
    - retrying click action
      - waiting 100ms
    58 × waiting for element to be visible, enabled and stable
       - element is visible, enabled and stable
       - scrolling into view if needed
       - done scrolling
       - <div id="oc"></div> intercepts pointer events
     - retrying click action
       - waiting 500ms

[V1-Simple] [34/89] Big D’S Favourites
[V1-Simple]   ✗ Error: locator.click: Timeout 30000ms exceeded.
Call log:
  - waiting for locator('#m_29270_0')
    - locator resolved to <a href="#" id="m_29270_0">…</a>
  - attempting click action
    2 × waiting for element to be visible, enabled and stable
      - element is visible, enabled and stable
      - scrolling into view if needed
      - done scrolling
      - <div id="oc"></div> intercepts pointer events
    - retrying click action
    - waiting 20ms
    2 × waiting for element to be visible, enabled and stable
      - element is visible, enabled and stable
      - scrolling into view if needed
      - done scrolling
      - <div id="oc"></div> intercepts pointer events
    - retrying click action
      - waiting 100ms
    57 × waiting for element to be visible, enabled and stable
       - element is visible, enabled and stable
       - scrolling into view if needed
       - done scrolling
       - <div id="oc"></div> intercepts pointer events
     - retrying click action
       - waiting 500ms
    - waiting for element to be visible, enabled and stable
    - element is visible, enabled and stable
    - scrolling into view if needed

[V1-Simple] [35/89] Cheese Steak
 stable
       - scrolling into view if needed
       - done scrolling
       - <div id="oc"></div> intercepts pointer events
     - retrying click action
       - waiting 500ms

[V1-Simple] [38/89] Chicken Parmesan Sub
[V1-Simple]   ✗ Error: locator.click: Timeout 30000ms exceeded.
Call log:
  - waiting for locator('#m_86927_0')
    - locator resolved to <a href="#" id="m_86927_0">…</a>
  - attempting click action
    2 × waiting for element to be visible, enabled and stable
      - element is visible, enabled and stable
      - scrolling into view if needed
      - done scrolling
      - <div id="oc"></div> intercepts pointer events
    - retrying click action
    - waiting 20ms
    2 × waiting for element to be visible, enabled and stable
      - element is visible, enabled and stable
      - scrolling into view if needed
      - done scrolling
      - <div id="oc"></div> intercepts pointer events
    - retrying click action
      - waiting 100ms
    58 × waiting for element to be visible, enabled and stable
       - element is visible, enabled and stable
       - scrolling into view if needed
       - done scrolling
       - <div id="oc"></div> intercepts pointer events
     - retrying click action
       - waiting 500ms

[V1-Simple] [39/89] Pizza Sub
[V1-Simple]   ✗ Error: locator.click: Timeout 30000ms exceeded.
Call log:
  - waiting for locator('#m_25364_0')
    - locator resolved to <a href="#" id="m_25364_0">…</a>
  - attempting click action
    2 × waiting for element to be visible, enabled and stable
      - element is visible, enabled and stable
      - scrolling into view if needed
      - done scrolling
      - <div id="oc"></div> intercepts pointer events
    - retrying click action
    - waiting 20ms
    2 × waiting for element to be visible, enabled and stable
      - element is visible, enabled and stable
      - scrolling into view if needed
      - done scrolling
      - <div id="oc"></div> intercepts pointer events
    - retrying click action
      - waiting 100ms
    58 × waiting for element to be visible, enabled and stable
       - element is visible, enabled and stable
       - scrolling into view if needed
       - done scrolling
       - <div id="oc"></div> intercepts pointer events
     - retrying click action
       - waiting 500ms

[V1-Simple] [40/89] Greek Sub
