2026-01-22 13:40:46,120 - INFO - Logging to: C:\Users\santi\Menu.ca\Legacy Database\Migration Strategy\Scrapers\Commission rates\V2\logs\v2_commission_scraper_20260122_134046.log
2026-01-22 13:40:46,120 - INFO - ============================================================
2026-01-22 13:40:46,121 - INFO - V2 Commission Rates Scraper
2026-01-22 13:40:46,121 - INFO - ============================================================
2026-01-22 13:40:46,442 - DEBUG - Database connected
2026-01-22 13:40:46,442 - INFO - Processing 20 V2 restaurants
2026-01-22 13:40:46,445 - INFO - ------------------------------------------------------------
2026-01-22 13:40:46,912 - INFO - Logging in to V2 CRM...
2026-01-22 13:40:46,912 - INFO - Navigating to V2 CRM: https://aggregator-admin.menu.ca/index.php/auth/index
2026-01-22 13:40:49,951 - DEBUG - Filled email field
2026-01-22 13:40:49,958 - DEBUG - Filled password field
2026-01-22 13:40:50,398 - DEBUG - Clicked submit button
2026-01-22 13:40:53,315 - WARNING - Login status unclear. Current URL: https://aggregator-admin.menu.ca/index.php/welcome/index
2026-01-22 13:40:53,315 - INFO - Login successful. Starting scrape...
2026-01-22 13:40:53,315 - INFO - ------------------------------------------------------------
2026-01-22 13:40:53,316 - INFO - [1/20] Pho Dau Bo Restaurant - Kitchener (V3 ID: 147, V2 ID: 1171)
2026-01-22 13:40:53,316 - DEBUG - Navigating to: https://aggregator-admin.menu.ca/index.php/restaurants/edit/1171/configs
2026-01-22 13:40:55,085 - DEBUG - Commission enabled: Yes (V2 ID 1171)
2026-01-22 13:40:55,086 - DEBUG - Commission base: net (V2 ID 1171)
2026-01-22 13:40:55,086 - DEBUG - Scraped commission for V2 ID 1171: enabled=True, rate=10.0%, base=net
2026-01-22 13:40:55,165 - INFO - Updated commission for restaurant 147: enabled=True, rate=10.0%, base=net
2026-01-22 13:40:55,670 - INFO - [2/20] Sushi Presse (V3 ID: 1020, V2 ID: 1285)
2026-01-22 13:40:55,670 - DEBUG - Navigating to: https://aggregator-admin.menu.ca/index.php/restaurants/edit/1285/configs
2026-01-22 13:40:57,423 - DEBUG - Commission enabled: Yes (V2 ID 1285)
2026-01-22 13:40:57,423 - DEBUG - Commission base: net (V2 ID 1285)
2026-01-22 13:40:57,423 - DEBUG - Scraped commission for V2 ID 1285: enabled=True, rate=4.0%, base=net
2026-01-22 13:40:57,501 - INFO - Updated commission for restaurant 1020: enabled=True, rate=4.0%, base=net
2026-01-22 13:40:58,003 - INFO - [3/20] Kirkwood Pizza (V3 ID: 950, V2 ID: 1637)
2026-01-22 13:40:58,003 - DEBUG - Navigating to: https://aggregator-admin.menu.ca/index.php/restaurants/edit/1637/configs
2026-01-22 13:40:59,747 - DEBUG - Commission enabled: Yes (V2 ID 1637)
2026-01-22 13:40:59,747 - DEBUG - Commission base: net (V2 ID 1637)
2026-01-22 13:40:59,747 - DEBUG - Scraped commission for V2 ID 1637: enabled=True, rate=10.0%, base=net
2026-01-22 13:40:59,822 - INFO - Updated commission for restaurant 950: enabled=True, rate=10.0%, base=net
2026-01-22 13:41:00,327 - INFO - [4/20] River Pizza (V3 ID: 952, V2 ID: 1639)
2026-01-22 13:41:00,328 - DEBUG - Navigating to: https://aggregator-admin.menu.ca/index.php/restaurants/edit/1639/configs
2026-01-22 13:41:02,065 - DEBUG - Commission enabled: Yes (V2 ID 1639)
2026-01-22 13:41:02,066 - DEBUG - Commission base: net (V2 ID 1639)
2026-01-22 13:41:02,066 - DEBUG - Scraped commission for V2 ID 1639: enabled=True, rate=10.0%, base=net
2026-01-22 13:41:02,139 - INFO - Updated commission for restaurant 952: enabled=True, rate=10.0%, base=net
2026-01-22 13:41:02,645 - INFO - [5/20] Wandee Thai (V3 ID: 954, V2 ID: 1641)
2026-01-22 13:41:02,645 - DEBUG - Navigating to: https://aggregator-admin.menu.ca/index.php/restaurants/edit/1641/configs
2026-01-22 13:41:04,390 - DEBUG - Commission enabled: No (V2 ID 1641)
2026-01-22 13:41:04,390 - DEBUG - Commission base inferred: net (V2 ID 1641)
2026-01-22 13:41:04,390 - DEBUG - Scraped commission for V2 ID 1641: enabled=False, rate=0.0%, base=net
2026-01-22 13:41:04,467 - INFO - Updated commission for restaurant 954: enabled=False, rate=0.0%, base=net
2026-01-22 13:41:04,972 - INFO - [6/20] La Nawab (V3 ID: 825, V2 ID: 1642)
2026-01-22 13:41:04,973 - DEBUG - Navigating to: https://aggregator-admin.menu.ca/index.php/restaurants/edit/1642/configs
2026-01-22 13:41:06,719 - DEBUG - Commission enabled: Yes (V2 ID 1642)
2026-01-22 13:41:06,720 - DEBUG - Commission base: net (V2 ID 1642)
2026-01-22 13:41:06,720 - DEBUG - Scraped commission for V2 ID 1642: enabled=True, rate=10.0%, base=net
2026-01-22 13:41:06,796 - INFO - Updated commission for restaurant 825: enabled=True, rate=10.0%, base=net
2026-01-22 13:41:07,299 - INFO - [7/20] Cosenza (V3 ID: 957, V2 ID: 1654)
2026-01-22 13:41:07,299 - DEBUG - Navigating to: https://aggregator-admin.menu.ca/index.php/restaurants/edit/1654/configs
2026-01-22 13:41:09,034 - DEBUG - Commission enabled: Yes (V2 ID 1654)
2026-01-22 13:41:09,034 - DEBUG - Commission base: net (V2 ID 1654)
2026-01-22 13:41:09,034 - DEBUG - Scraped commission for V2 ID 1654: enabled=True, rate=10.0%, base=net
2026-01-22 13:41:09,123 - INFO - Updated commission for restaurant 957: enabled=True, rate=10.0%, base=net
2026-01-22 13:41:09,626 - INFO - [8/20] Cuisine Bombay Indienne (V3 ID: 960, V2 ID: 1657)
2026-01-22 13:41:09,626 - DEBUG - Navigating to: https://aggregator-admin.menu.ca/index.php/restaurants/edit/1657/configs
2026-01-22 13:41:11,369 - DEBUG - Commission enabled: Yes (V2 ID 1657)
2026-01-22 13:41:11,370 - DEBUG - Commission base: net (V2 ID 1657)
2026-01-22 13:41:11,370 - DEBUG - Scraped commission for V2 ID 1657: enabled=True, rate=10.0%, base=net
2026-01-22 13:41:11,443 - INFO - Updated commission for restaurant 960: enabled=True, rate=10.0%, base=net
2026-01-22 13:41:11,950 - INFO - [9/20] Chicco Shawarma Cantley (V3 ID: 961, V2 ID: 1658)
2026-01-22 13:41:11,951 - DEBUG - Navigating to: https://aggregator-admin.menu.ca/index.php/restaurants/edit/1658/configs
2026-01-22 13:41:13,693 - DEBUG - Commission enabled: Yes (V2 ID 1658)
2026-01-22 13:41:13,694 - DEBUG - Commission base: net (V2 ID 1658)
2026-01-22 13:41:13,694 - DEBUG - Scraped commission for V2 ID 1658: enabled=True, rate=10.0%, base=net
2026-01-22 13:41:13,768 - INFO - Updated commission for restaurant 961: enabled=True, rate=10.0%, base=net
2026-01-22 13:41:14,273 - INFO - [10/20] Chicco Pizza Shawarma Anger (V3 ID: 963, V2 ID: 1660)
2026-01-22 13:41:14,274 - DEBUG - Navigating to: https://aggregator-admin.menu.ca/index.php/restaurants/edit/1660/configs
2026-01-22 13:41:16,018 - DEBUG - Commission enabled: Yes (V2 ID 1660)
2026-01-22 13:41:16,019 - DEBUG - Commission base: net (V2 ID 1660)
2026-01-22 13:41:16,019 - DEBUG - Scraped commission for V2 ID 1660: enabled=True, rate=10.0%, base=net
2026-01-22 13:41:16,091 - INFO - Updated commission for restaurant 963: enabled=True, rate=10.0%, base=net
2026-01-22 13:41:16,607 - INFO - [11/20] Chicco Pizza Maloney (V3 ID: 964, V2 ID: 1661)
2026-01-22 13:41:16,608 - DEBUG - Navigating to: https://aggregator-admin.menu.ca/index.php/restaurants/edit/1661/configs
2026-01-22 13:41:18,367 - DEBUG - Commission enabled: Yes (V2 ID 1661)
2026-01-22 13:41:18,367 - DEBUG - Commission base: net (V2 ID 1661)
2026-01-22 13:41:18,367 - DEBUG - Scraped commission for V2 ID 1661: enabled=True, rate=10.0%, base=net
2026-01-22 13:41:18,456 - INFO - Updated commission for restaurant 964: enabled=True, rate=10.0%, base=net
2026-01-22 13:41:18,958 - INFO - [12/20] Chicco Shawarma Maloney (V3 ID: 965, V2 ID: 1662)
2026-01-22 13:41:18,959 - DEBUG - Navigating to: https://aggregator-admin.menu.ca/index.php/restaurants/edit/1662/configs
2026-01-22 13:41:20,708 - DEBUG - Commission enabled: Yes (V2 ID 1662)
2026-01-22 13:41:20,709 - DEBUG - Commission base: net (V2 ID 1662)
2026-01-22 13:41:20,709 - DEBUG - Scraped commission for V2 ID 1662: enabled=True, rate=10.0%, base=net
2026-01-22 13:41:20,782 - INFO - Updated commission for restaurant 965: enabled=True, rate=10.0%, base=net
2026-01-22 13:41:21,288 - INFO - [13/20] Chicco Pizza de l'Hopital (V3 ID: 966, V2 ID: 1663)
2026-01-22 13:41:21,289 - DEBUG - Navigating to: https://aggregator-admin.menu.ca/index.php/restaurants/edit/1663/configs
2026-01-22 13:41:23,024 - DEBUG - Commission enabled: Yes (V2 ID 1663)
2026-01-22 13:41:23,025 - DEBUG - Commission base: net (V2 ID 1663)
2026-01-22 13:41:23,025 - DEBUG - Scraped commission for V2 ID 1663: enabled=True, rate=10.0%, base=net
2026-01-22 13:41:23,097 - INFO - Updated commission for restaurant 966: enabled=True, rate=10.0%, base=net
2026-01-22 13:41:23,600 - INFO - [14/20] Chicco Pizza St-Louis (V3 ID: 967, V2 ID: 1664)
2026-01-22 13:41:23,601 - DEBUG - Navigating to: https://aggregator-admin.menu.ca/index.php/restaurants/edit/1664/configs
2026-01-22 13:41:25,336 - DEBUG - Commission enabled: Yes (V2 ID 1664)
2026-01-22 13:41:25,337 - DEBUG - Commission base: net (V2 ID 1664)
2026-01-22 13:41:25,337 - DEBUG - Scraped commission for V2 ID 1664: enabled=True, rate=10.0%, base=net
2026-01-22 13:41:25,410 - INFO - Updated commission for restaurant 967: enabled=True, rate=10.0%, base=net
2026-01-22 13:41:25,916 - INFO - [15/20] Little Gyros Greek Grill (V3 ID: 971, V2 ID: 1668)
2026-01-22 13:41:25,916 - DEBUG - Navigating to: https://aggregator-admin.menu.ca/index.php/restaurants/edit/1668/configs
2026-01-22 13:41:27,680 - DEBUG - Commission enabled: No (V2 ID 1668)
2026-01-22 13:41:27,681 - DEBUG - Commission base inferred: net (V2 ID 1668)
2026-01-22 13:41:27,681 - DEBUG - Scraped commission for V2 ID 1668: enabled=False, rate=0.0%, base=net
2026-01-22 13:41:27,758 - INFO - Updated commission for restaurant 971: enabled=False, rate=0.0%, base=net
2026-01-22 13:41:28,258 - INFO - [16/20] Capital Bites (V3 ID: 973, V2 ID: 1670)
2026-01-22 13:41:28,259 - DEBUG - Navigating to: https://aggregator-admin.menu.ca/index.php/restaurants/edit/1670/configs
2026-01-22 13:41:29,999 - DEBUG - Commission enabled: Yes (V2 ID 1670)
2026-01-22 13:41:30,000 - DEBUG - Commission base: net (V2 ID 1670)
2026-01-22 13:41:30,000 - DEBUG - Scraped commission for V2 ID 1670: enabled=True, rate=10.0%, base=net
2026-01-22 13:41:30,078 - INFO - Updated commission for restaurant 973: enabled=True, rate=10.0%, base=net
2026-01-22 13:41:30,592 - INFO - [17/20] Pachino Pizza (V3 ID: 974, V2 ID: 1671)
2026-01-22 13:41:30,592 - DEBUG - Navigating to: https://aggregator-admin.menu.ca/index.php/restaurants/edit/1671/configs
2026-01-22 13:41:32,328 - DEBUG - Commission enabled: Yes (V2 ID 1671)
2026-01-22 13:41:32,329 - DEBUG - Commission base: net (V2 ID 1671)
2026-01-22 13:41:32,329 - DEBUG - Scraped commission for V2 ID 1671: enabled=True, rate=10.0%, base=net
2026-01-22 13:41:32,401 - INFO - Updated commission for restaurant 974: enabled=True, rate=10.0%, base=net
2026-01-22 13:41:32,910 - INFO - [18/20] Pizza Marie (V3 ID: 976, V2 ID: 1673)
2026-01-22 13:41:32,910 - DEBUG - Navigating to: https://aggregator-admin.menu.ca/index.php/restaurants/edit/1673/configs
2026-01-22 13:41:34,659 - DEBUG - Commission enabled: Yes (V2 ID 1673)
2026-01-22 13:41:34,660 - DEBUG - Commission base: net (V2 ID 1673)
2026-01-22 13:41:34,660 - DEBUG - Scraped commission for V2 ID 1673: enabled=True, rate=10.0%, base=net
2026-01-22 13:41:34,734 - INFO - Updated commission for restaurant 976: enabled=True, rate=10.0%, base=net
2026-01-22 13:41:35,248 - INFO - [19/20] Capri Pizza (V3 ID: 977, V2 ID: 1674)
2026-01-22 13:41:35,248 - DEBUG - Navigating to: https://aggregator-admin.menu.ca/index.php/restaurants/edit/1674/configs
2026-01-22 13:41:36,991 - DEBUG - Commission enabled: Yes (V2 ID 1674)
2026-01-22 13:41:36,991 - DEBUG - Commission base: net (V2 ID 1674)
2026-01-22 13:41:36,991 - DEBUG - Scraped commission for V2 ID 1674: enabled=True, rate=10.0%, base=net
2026-01-22 13:41:37,065 - INFO - Updated commission for restaurant 977: enabled=True, rate=10.0%, base=net
2026-01-22 13:41:37,570 - INFO - [20/20] Al-s Drive In (V3 ID: 981, V2 ID: 1678)
2026-01-22 13:41:37,570 - DEBUG - Navigating to: https://aggregator-admin.menu.ca/index.php/restaurants/edit/1678/configs
2026-01-22 13:41:39,310 - DEBUG - Commission enabled: Yes (V2 ID 1678)
2026-01-22 13:41:39,311 - DEBUG - Commission base: net (V2 ID 1678)
2026-01-22 13:41:39,311 - DEBUG - Scraped commission for V2 ID 1678: enabled=True, rate=10.0%, base=net
2026-01-22 13:41:39,381 - INFO - Updated commission for restaurant 981: enabled=True, rate=10.0%, base=net
2026-01-22 13:41:39,925 - INFO - ============================================================
2026-01-22 13:41:39,925 - INFO - SCRAPE COMPLETE
2026-01-22 13:41:39,926 - INFO - ============================================================
2026-01-22 13:41:39,927 - INFO - Total V2 restaurants: 20
2026-01-22 13:41:39,927 - INFO - Processed: 20
2026-01-22 13:41:39,927 - INFO - Successfully scraped: 20
2026-01-22 13:41:39,927 - INFO - Updated: 20
2026-01-22 13:41:39,927 - INFO - Skipped (no change): 0
2026-01-22 13:41:39,927 - INFO - Errors: 0
2026-01-22 13:41:39,928 - DEBUG - Database connection closed
